train: 5704 images, 483 identities
epoch 0 [    0/2852] lr: 3.00e-07 loss: 8.3047 loss_classifier: 0.6987 loss_box_reg: 0.0139 loss_reid: 6.8906 loss_objectness: 0.6864 loss_rpn_box_reg: 0.0151
epoch 0 [  100/2852] lr: 1.53e-05 loss: 18.1772 loss_classifier: 0.6887 loss_box_reg: 0.0305 loss_reid: 16.7346 loss_objectness: 0.6851 loss_rpn_box_reg: 0.0383
epoch 0 [  200/2852] lr: 3.03e-05 loss: 17.8961 loss_classifier: 0.6761 loss_box_reg: 0.0340 loss_reid: 16.4645 loss_objectness: 0.6842 loss_rpn_box_reg: 0.0373
epoch 0 [  300/2852] lr: 4.53e-05 loss: 17.5478 loss_classifier: 0.6602 loss_box_reg: 0.0356 loss_reid: 16.1313 loss_objectness: 0.6833 loss_rpn_box_reg: 0.0373
epoch 0 [  400/2852] lr: 6.02e-05 loss: 17.2208 loss_classifier: 0.6418 loss_box_reg: 0.0367 loss_reid: 15.8232 loss_objectness: 0.6818 loss_rpn_box_reg: 0.0372
epoch 0 [  500/2852] lr: 7.52e-05 loss: 16.8743 loss_classifier: 0.6217 loss_box_reg: 0.0378 loss_reid: 15.4973 loss_objectness: 0.6803 loss_rpn_box_reg: 0.0373
epoch 0 [  600/2852] lr: 9.02e-05 loss: 16.5395 loss_classifier: 0.5972 loss_box_reg: 0.0384 loss_reid: 15.1899 loss_objectness: 0.6781 loss_rpn_box_reg: 0.0359
epoch 0 [  700/2852] lr: 1.05e-04 loss: 16.3668 loss_classifier: 0.5713 loss_box_reg: 0.0379 loss_reid: 15.0459 loss_objectness: 0.6758 loss_rpn_box_reg: 0.0359
epoch 0 [  800/2852] lr: 1.20e-04 loss: 16.0991 loss_classifier: 0.5415 loss_box_reg: 0.0378 loss_reid: 14.8118 loss_objectness: 0.6727 loss_rpn_box_reg: 0.0352
epoch 0 [  900/2852] lr: 1.35e-04 loss: 15.8770 loss_classifier: 0.5084 loss_box_reg: 0.0376 loss_reid: 14.6273 loss_objectness: 0.6689 loss_rpn_box_reg: 0.0348
epoch 0 [ 1000/2852] lr: 1.50e-04 loss: 15.6841 loss_classifier: 0.4786 loss_box_reg: 0.0380 loss_reid: 14.4690 loss_objectness: 0.6642 loss_rpn_box_reg: 0.0343
epoch 0 [ 1100/2852] lr: 1.50e-04 loss: 15.4452 loss_classifier: 0.4498 loss_box_reg: 0.0384 loss_reid: 14.2649 loss_objectness: 0.6584 loss_rpn_box_reg: 0.0338
epoch 0 [ 1200/2852] lr: 1.50e-04 loss: 15.2703 loss_classifier: 0.4231 loss_box_reg: 0.0386 loss_reid: 14.1236 loss_objectness: 0.6512 loss_rpn_box_reg: 0.0338
epoch 0 [ 1300/2852] lr: 1.50e-04 loss: 15.1252 loss_classifier: 0.3991 loss_box_reg: 0.0389 loss_reid: 14.0111 loss_objectness: 0.6422 loss_rpn_box_reg: 0.0339
epoch 0 [ 1400/2852] lr: 1.50e-04 loss: 14.9899 loss_classifier: 0.3787 loss_box_reg: 0.0397 loss_reid: 13.9055 loss_objectness: 0.6319 loss_rpn_box_reg: 0.0341
epoch 0 [ 1500/2852] lr: 1.50e-04 loss: 14.8202 loss_classifier: 0.3607 loss_box_reg: 0.0404 loss_reid: 13.7660 loss_objectness: 0.6194 loss_rpn_box_reg: 0.0338
epoch 0 [ 1600/2852] lr: 1.50e-04 loss: 14.6874 loss_classifier: 0.3452 loss_box_reg: 0.0417 loss_reid: 13.6609 loss_objectness: 0.6058 loss_rpn_box_reg: 0.0338
epoch 0 [ 1700/2852] lr: 1.50e-04 loss: 14.5299 loss_classifier: 0.3307 loss_box_reg: 0.0423 loss_reid: 13.5319 loss_objectness: 0.5912 loss_rpn_box_reg: 0.0339
epoch 0 [ 1800/2852] lr: 1.50e-04 loss: 14.3909 loss_classifier: 0.3181 loss_box_reg: 0.0434 loss_reid: 13.4196 loss_objectness: 0.5759 loss_rpn_box_reg: 0.0338
epoch 0 [ 1900/2852] lr: 1.50e-04 loss: 14.2315 loss_classifier: 0.3068 loss_box_reg: 0.0447 loss_reid: 13.2859 loss_objectness: 0.5601 loss_rpn_box_reg: 0.0341
epoch 0 [ 2000/2852] lr: 1.50e-04 loss: 14.0762 loss_classifier: 0.2964 loss_box_reg: 0.0454 loss_reid: 13.1562 loss_objectness: 0.5443 loss_rpn_box_reg: 0.0339
epoch 0 [ 2100/2852] lr: 1.50e-04 loss: 13.9161 loss_classifier: 0.2870 loss_box_reg: 0.0462 loss_reid: 13.0197 loss_objectness: 0.5292 loss_rpn_box_reg: 0.0339
epoch 0 [ 2200/2852] lr: 1.50e-04 loss: 13.7743 loss_classifier: 0.2784 loss_box_reg: 0.0472 loss_reid: 12.8998 loss_objectness: 0.5150 loss_rpn_box_reg: 0.0339
epoch 0 [ 2300/2852] lr: 1.50e-04 loss: 13.6301 loss_classifier: 0.2709 loss_box_reg: 0.0484 loss_reid: 12.7755 loss_objectness: 0.5017 loss_rpn_box_reg: 0.0337
epoch 0 [ 2400/2852] lr: 1.50e-04 loss: 13.4897 loss_classifier: 0.2637 loss_box_reg: 0.0492 loss_reid: 12.6536 loss_objectness: 0.4894 loss_rpn_box_reg: 0.0337
epoch 0 [ 2500/2852] lr: 1.50e-04 loss: 13.3517 loss_classifier: 0.2574 loss_box_reg: 0.0503 loss_reid: 12.5320 loss_objectness: 0.4782 loss_rpn_box_reg: 0.0338
epoch 0 [ 2600/2852] lr: 1.50e-04 loss: 13.2398 loss_classifier: 0.2516 loss_box_reg: 0.0514 loss_reid: 12.4358 loss_objectness: 0.4674 loss_rpn_box_reg: 0.0337
epoch 0 [ 2700/2852] lr: 1.50e-04 loss: 13.1406 loss_classifier: 0.2463 loss_box_reg: 0.0524 loss_reid: 12.3515 loss_objectness: 0.4569 loss_rpn_box_reg: 0.0335
epoch 0 [ 2800/2852] lr: 1.50e-04 loss: 13.0115 loss_classifier: 0.2413 loss_box_reg: 0.0534 loss_reid: 12.2362 loss_objectness: 0.4473 loss_rpn_box_reg: 0.0334
epoch 0 done in 28.9 min
epoch 1 [    0/2852] lr: 1.50e-04 loss: 10.6686 loss_classifier: 0.2190 loss_box_reg: 0.1788 loss_reid: 10.0245 loss_objectness: 0.2199 loss_rpn_box_reg: 0.0264
epoch 1 [  100/2852] lr: 1.50e-04 loss: 8.8799 loss_classifier: 0.1078 loss_box_reg: 0.0816 loss_reid: 8.4613 loss_objectness: 0.1951 loss_rpn_box_reg: 0.0342
epoch 1 [  200/2852] lr: 1.50e-04 loss: 9.1218 loss_classifier: 0.1081 loss_box_reg: 0.0837 loss_reid: 8.7085 loss_objectness: 0.1876 loss_rpn_box_reg: 0.0339
epoch 1 [  300/2852] lr: 1.50e-04 loss: 9.1078 loss_classifier: 0.1065 loss_box_reg: 0.0827 loss_reid: 8.6976 loss_objectness: 0.1858 loss_rpn_box_reg: 0.0352
epoch 1 [  400/2852] lr: 1.50e-04 loss: 9.0573 loss_classifier: 0.1075 loss_box_reg: 0.0849 loss_reid: 8.6494 loss_objectness: 0.1819 loss_rpn_box_reg: 0.0337
epoch 1 [  500/2852] lr: 1.50e-04 loss: 9.0671 loss_classifier: 0.1076 loss_box_reg: 0.0857 loss_reid: 8.6618 loss_objectness: 0.1792 loss_rpn_box_reg: 0.0329
epoch 1 [  600/2852] lr: 1.50e-04 loss: 9.0297 loss_classifier: 0.1075 loss_box_reg: 0.0859 loss_reid: 8.6245 loss_objectness: 0.1791 loss_rpn_box_reg: 0.0327
epoch 1 [  700/2852] lr: 1.50e-04 loss: 8.9621 loss_classifier: 0.1061 loss_box_reg: 0.0854 loss_reid: 8.5620 loss_objectness: 0.1766 loss_rpn_box_reg: 0.0320
epoch 1 [  800/2852] lr: 1.50e-04 loss: 8.8792 loss_classifier: 0.1056 loss_box_reg: 0.0853 loss_reid: 8.4812 loss_objectness: 0.1755 loss_rpn_box_reg: 0.0315
epoch 1 [  900/2852] lr: 1.50e-04 loss: 8.8320 loss_classifier: 0.1058 loss_box_reg: 0.0860 loss_reid: 8.4333 loss_objectness: 0.1754 loss_rpn_box_reg: 0.0316
epoch 1 [ 1000/2852] lr: 1.50e-04 loss: 8.8159 loss_classifier: 0.1055 loss_box_reg: 0.0859 loss_reid: 8.4193 loss_objectness: 0.1737 loss_rpn_box_reg: 0.0315
epoch 1 [ 1100/2852] lr: 1.50e-04 loss: 8.8029 loss_classifier: 0.1052 loss_box_reg: 0.0863 loss_reid: 8.4070 loss_objectness: 0.1729 loss_rpn_box_reg: 0.0315
epoch 1 [ 1200/2852] lr: 1.50e-04 loss: 8.7720 loss_classifier: 0.1058 loss_box_reg: 0.0872 loss_reid: 8.3759 loss_objectness: 0.1716 loss_rpn_box_reg: 0.0315
epoch 1 [ 1300/2852] lr: 1.50e-04 loss: 8.7646 loss_classifier: 0.1057 loss_box_reg: 0.0875 loss_reid: 8.3691 loss_objectness: 0.1710 loss_rpn_box_reg: 0.0313
epoch 1 [ 1400/2852] lr: 1.50e-04 loss: 8.6902 loss_classifier: 0.1053 loss_box_reg: 0.0872 loss_reid: 8.2969 loss_objectness: 0.1697 loss_rpn_box_reg: 0.0312
epoch 1 [ 1500/2852] lr: 1.50e-04 loss: 8.6825 loss_classifier: 0.1059 loss_box_reg: 0.0883 loss_reid: 8.2884 loss_objectness: 0.1689 loss_rpn_box_reg: 0.0310
epoch 1 [ 1600/2852] lr: 1.50e-04 loss: 8.6825 loss_classifier: 0.1066 loss_box_reg: 0.0893 loss_reid: 8.2868 loss_objectness: 0.1685 loss_rpn_box_reg: 0.0313
epoch 1 [ 1700/2852] lr: 1.50e-04 loss: 8.6290 loss_classifier: 0.1068 loss_box_reg: 0.0900 loss_reid: 8.2337 loss_objectness: 0.1672 loss_rpn_box_reg: 0.0313
epoch 1 [ 1800/2852] lr: 1.50e-04 loss: 8.5749 loss_classifier: 0.1069 loss_box_reg: 0.0906 loss_reid: 8.1799 loss_objectness: 0.1664 loss_rpn_box_reg: 0.0311
epoch 1 [ 1900/2852] lr: 1.50e-04 loss: 8.5488 loss_classifier: 0.1070 loss_box_reg: 0.0910 loss_reid: 8.1540 loss_objectness: 0.1657 loss_rpn_box_reg: 0.0311
epoch 1 [ 2000/2852] lr: 1.50e-04 loss: 8.5008 loss_classifier: 0.1069 loss_box_reg: 0.0912 loss_reid: 8.1069 loss_objectness: 0.1649 loss_rpn_box_reg: 0.0310
epoch 1 [ 2100/2852] lr: 1.50e-04 loss: 8.4609 loss_classifier: 0.1075 loss_box_reg: 0.0921 loss_reid: 8.0659 loss_objectness: 0.1643 loss_rpn_box_reg: 0.0311
epoch 1 [ 2200/2852] lr: 1.50e-04 loss: 8.4244 loss_classifier: 0.1077 loss_box_reg: 0.0926 loss_reid: 8.0287 loss_objectness: 0.1642 loss_rpn_box_reg: 0.0312
epoch 1 [ 2300/2852] lr: 1.50e-04 loss: 8.4073 loss_classifier: 0.1077 loss_box_reg: 0.0930 loss_reid: 8.0124 loss_objectness: 0.1629 loss_rpn_box_reg: 0.0312
epoch 1 [ 2400/2852] lr: 1.50e-04 loss: 8.3987 loss_classifier: 0.1078 loss_box_reg: 0.0936 loss_reid: 8.0036 loss_objectness: 0.1624 loss_rpn_box_reg: 0.0313
epoch 1 [ 2500/2852] lr: 1.50e-04 loss: 8.3630 loss_classifier: 0.1079 loss_box_reg: 0.0939 loss_reid: 7.9680 loss_objectness: 0.1617 loss_rpn_box_reg: 0.0315
epoch 1 [ 2600/2852] lr: 1.50e-04 loss: 8.3374 loss_classifier: 0.1081 loss_box_reg: 0.0943 loss_reid: 7.9420 loss_objectness: 0.1612 loss_rpn_box_reg: 0.0318
epoch 1 [ 2700/2852] lr: 1.50e-04 loss: 8.2924 loss_classifier: 0.1081 loss_box_reg: 0.0947 loss_reid: 7.8978 loss_objectness: 0.1602 loss_rpn_box_reg: 0.0317
epoch 1 [ 2800/2852] lr: 1.50e-04 loss: 8.2539 loss_classifier: 0.1084 loss_box_reg: 0.0954 loss_reid: 7.8590 loss_objectness: 0.1596 loss_rpn_box_reg: 0.0315
epoch 1 done in 29.4 min
epoch 2 [    0/2852] lr: 1.50e-04 loss: 5.9578 loss_classifier: 0.0761 loss_box_reg: 0.0831 loss_reid: 5.7193 loss_objectness: 0.0729 loss_rpn_box_reg: 0.0065
epoch 2 [  100/2852] lr: 1.50e-04 loss: 7.0844 loss_classifier: 0.1009 loss_box_reg: 0.0933 loss_reid: 6.7346 loss_objectness: 0.1301 loss_rpn_box_reg: 0.0255
epoch 2 [  200/2852] lr: 1.50e-04 loss: 7.0684 loss_classifier: 0.1063 loss_box_reg: 0.1008 loss_reid: 6.6985 loss_objectness: 0.1356 loss_rpn_box_reg: 0.0273
epoch 2 [  300/2852] lr: 1.50e-04 loss: 6.9393 loss_classifier: 0.1063 loss_box_reg: 0.1012 loss_reid: 6.5689 loss_objectness: 0.1343 loss_rpn_box_reg: 0.0286
epoch 2 [  400/2852] lr: 1.50e-04 loss: 6.9845 loss_classifier: 0.1075 loss_box_reg: 0.1032 loss_reid: 6.6092 loss_objectness: 0.1346 loss_rpn_box_reg: 0.0300
epoch 2 [  500/2852] lr: 1.50e-04 loss: 6.9657 loss_classifier: 0.1092 loss_box_reg: 0.1052 loss_reid: 6.5867 loss_objectness: 0.1347 loss_rpn_box_reg: 0.0299
epoch 2 [  600/2852] lr: 1.50e-04 loss: 7.0605 loss_classifier: 0.1091 loss_box_reg: 0.1052 loss_reid: 6.6820 loss_objectness: 0.1334 loss_rpn_box_reg: 0.0308
epoch 2 [  700/2852] lr: 1.50e-04 loss: 7.0327 loss_classifier: 0.1085 loss_box_reg: 0.1043 loss_reid: 6.6572 loss_objectness: 0.1319 loss_rpn_box_reg: 0.0308
epoch 2 [  800/2852] lr: 1.50e-04 loss: 7.0322 loss_classifier: 0.1078 loss_box_reg: 0.1037 loss_reid: 6.6584 loss_objectness: 0.1312 loss_rpn_box_reg: 0.0312
epoch 2 [  900/2852] lr: 1.50e-04 loss: 7.0245 loss_classifier: 0.1073 loss_box_reg: 0.1038 loss_reid: 6.6527 loss_objectness: 0.1299 loss_rpn_box_reg: 0.0309
epoch 2 [ 1000/2852] lr: 1.50e-04 loss: 6.9997 loss_classifier: 0.1072 loss_box_reg: 0.1040 loss_reid: 6.6276 loss_objectness: 0.1301 loss_rpn_box_reg: 0.0310
epoch 2 [ 1100/2852] lr: 1.50e-04 loss: 6.9595 loss_classifier: 0.1074 loss_box_reg: 0.1042 loss_reid: 6.5868 loss_objectness: 0.1303 loss_rpn_box_reg: 0.0310
epoch 2 [ 1200/2852] lr: 1.50e-04 loss: 6.9198 loss_classifier: 0.1075 loss_box_reg: 0.1046 loss_reid: 6.5471 loss_objectness: 0.1300 loss_rpn_box_reg: 0.0307
epoch 2 [ 1300/2852] lr: 1.50e-04 loss: 6.8929 loss_classifier: 0.1074 loss_box_reg: 0.1044 loss_reid: 6.5211 loss_objectness: 0.1293 loss_rpn_box_reg: 0.0306
epoch 2 [ 1400/2852] lr: 1.50e-04 loss: 6.8516 loss_classifier: 0.1077 loss_box_reg: 0.1047 loss_reid: 6.4793 loss_objectness: 0.1294 loss_rpn_box_reg: 0.0305
epoch 2 [ 1500/2852] lr: 1.50e-04 loss: 6.8412 loss_classifier: 0.1077 loss_box_reg: 0.1050 loss_reid: 6.4683 loss_objectness: 0.1291 loss_rpn_box_reg: 0.0309
epoch 2 [ 1600/2852] lr: 1.50e-04 loss: 6.8082 loss_classifier: 0.1076 loss_box_reg: 0.1049 loss_reid: 6.4361 loss_objectness: 0.1287 loss_rpn_box_reg: 0.0309
epoch 2 [ 1700/2852] lr: 1.50e-04 loss: 6.7711 loss_classifier: 0.1075 loss_box_reg: 0.1049 loss_reid: 6.3994 loss_objectness: 0.1284 loss_rpn_box_reg: 0.0309
epoch 2 [ 1800/2852] lr: 1.50e-04 loss: 6.7402 loss_classifier: 0.1072 loss_box_reg: 0.1046 loss_reid: 6.3697 loss_objectness: 0.1280 loss_rpn_box_reg: 0.0309
epoch 2 [ 1900/2852] lr: 1.50e-04 loss: 6.7379 loss_classifier: 0.1075 loss_box_reg: 0.1052 loss_reid: 6.3670 loss_objectness: 0.1274 loss_rpn_box_reg: 0.0308
epoch 2 [ 2000/2852] lr: 1.50e-04 loss: 6.7205 loss_classifier: 0.1079 loss_box_reg: 0.1057 loss_reid: 6.3491 loss_objectness: 0.1271 loss_rpn_box_reg: 0.0309
epoch 2 [ 2100/2852] lr: 1.50e-04 loss: 6.7168 loss_classifier: 0.1079 loss_box_reg: 0.1059 loss_reid: 6.3456 loss_objectness: 0.1267 loss_rpn_box_reg: 0.0308
epoch 2 [ 2200/2852] lr: 1.50e-04 loss: 6.7031 loss_classifier: 0.1082 loss_box_reg: 0.1064 loss_reid: 6.3309 loss_objectness: 0.1266 loss_rpn_box_reg: 0.0310
epoch 2 [ 2300/2852] lr: 1.50e-04 loss: 6.6942 loss_classifier: 0.1082 loss_box_reg: 0.1068 loss_reid: 6.3220 loss_objectness: 0.1261 loss_rpn_box_reg: 0.0311
epoch 2 [ 2400/2852] lr: 1.50e-04 loss: 6.6667 loss_classifier: 0.1085 loss_box_reg: 0.1073 loss_reid: 6.2940 loss_objectness: 0.1258 loss_rpn_box_reg: 0.0310
epoch 2 [ 2500/2852] lr: 1.50e-04 loss: 6.6468 loss_classifier: 0.1084 loss_box_reg: 0.1076 loss_reid: 6.2748 loss_objectness: 0.1252 loss_rpn_box_reg: 0.0309
epoch 2 [ 2600/2852] lr: 1.50e-04 loss: 6.6278 loss_classifier: 0.1085 loss_box_reg: 0.1080 loss_reid: 6.2555 loss_objectness: 0.1248 loss_rpn_box_reg: 0.0309
epoch 2 [ 2700/2852] lr: 1.50e-04 loss: 6.6222 loss_classifier: 0.1085 loss_box_reg: 0.1082 loss_reid: 6.2503 loss_objectness: 0.1243 loss_rpn_box_reg: 0.0309
epoch 2 [ 2800/2852] lr: 1.50e-04 loss: 6.5922 loss_classifier: 0.1083 loss_box_reg: 0.1082 loss_reid: 6.2212 loss_objectness: 0.1237 loss_rpn_box_reg: 0.0307
epoch 2 done in 29.4 min
epoch 3 [    0/2852] lr: 1.50e-04 loss: 4.6055 loss_classifier: 0.1110 loss_box_reg: 0.1178 loss_reid: 4.2320 loss_objectness: 0.1239 loss_rpn_box_reg: 0.0209
epoch 3 [  100/2852] lr: 1.50e-04 loss: 5.9014 loss_classifier: 0.1088 loss_box_reg: 0.1143 loss_reid: 5.5384 loss_objectness: 0.1081 loss_rpn_box_reg: 0.0318
epoch 3 [  200/2852] lr: 1.50e-04 loss: 5.7896 loss_classifier: 0.1080 loss_box_reg: 0.1129 loss_reid: 5.4303 loss_objectness: 0.1078 loss_rpn_box_reg: 0.0305
epoch 3 [  300/2852] lr: 1.50e-04 loss: 5.8859 loss_classifier: 0.1106 loss_box_reg: 0.1164 loss_reid: 5.5190 loss_objectness: 0.1091 loss_rpn_box_reg: 0.0308
epoch 3 [  400/2852] lr: 1.50e-04 loss: 5.9231 loss_classifier: 0.1083 loss_box_reg: 0.1145 loss_reid: 5.5645 loss_objectness: 0.1064 loss_rpn_box_reg: 0.0294
epoch 3 [  500/2852] lr: 1.50e-04 loss: 5.8640 loss_classifier: 0.1071 loss_box_reg: 0.1125 loss_reid: 5.5093 loss_objectness: 0.1061 loss_rpn_box_reg: 0.0290
epoch 3 [  600/2852] lr: 1.50e-04 loss: 5.8949 loss_classifier: 0.1068 loss_box_reg: 0.1116 loss_reid: 5.5401 loss_objectness: 0.1067 loss_rpn_box_reg: 0.0297
epoch 3 [  700/2852] lr: 1.50e-04 loss: 5.8273 loss_classifier: 0.1069 loss_box_reg: 0.1119 loss_reid: 5.4717 loss_objectness: 0.1072 loss_rpn_box_reg: 0.0297
epoch 3 [  800/2852] lr: 1.50e-04 loss: 5.7820 loss_classifier: 0.1065 loss_box_reg: 0.1118 loss_reid: 5.4280 loss_objectness: 0.1064 loss_rpn_box_reg: 0.0293
epoch 3 [  900/2852] lr: 1.50e-04 loss: 5.7683 loss_classifier: 0.1066 loss_box_reg: 0.1123 loss_reid: 5.4140 loss_objectness: 0.1058 loss_rpn_box_reg: 0.0296
epoch 3 [ 1000/2852] lr: 1.50e-04 loss: 5.7699 loss_classifier: 0.1076 loss_box_reg: 0.1139 loss_reid: 5.4113 loss_objectness: 0.1068 loss_rpn_box_reg: 0.0303
epoch 3 [ 1100/2852] lr: 1.50e-04 loss: 5.7365 loss_classifier: 0.1075 loss_box_reg: 0.1141 loss_reid: 5.3792 loss_objectness: 0.1059 loss_rpn_box_reg: 0.0299
epoch 3 [ 1200/2852] lr: 1.50e-04 loss: 5.7335 loss_classifier: 0.1076 loss_box_reg: 0.1148 loss_reid: 5.3754 loss_objectness: 0.1059 loss_rpn_box_reg: 0.0298
epoch 3 [ 1300/2852] lr: 1.50e-04 loss: 5.7370 loss_classifier: 0.1075 loss_box_reg: 0.1149 loss_reid: 5.3789 loss_objectness: 0.1058 loss_rpn_box_reg: 0.0299
epoch 3 [ 1400/2852] lr: 1.50e-04 loss: 5.7262 loss_classifier: 0.1072 loss_box_reg: 0.1149 loss_reid: 5.3679 loss_objectness: 0.1059 loss_rpn_box_reg: 0.0303
epoch 3 [ 1500/2852] lr: 1.50e-04 loss: 5.6960 loss_classifier: 0.1073 loss_box_reg: 0.1157 loss_reid: 5.3376 loss_objectness: 0.1052 loss_rpn_box_reg: 0.0302
epoch 3 [ 1600/2852] lr: 1.50e-04 loss: 5.6871 loss_classifier: 0.1073 loss_box_reg: 0.1160 loss_reid: 5.3284 loss_objectness: 0.1050 loss_rpn_box_reg: 0.0304
epoch 3 [ 1700/2852] lr: 1.50e-04 loss: 5.6739 loss_classifier: 0.1074 loss_box_reg: 0.1163 loss_reid: 5.3152 loss_objectness: 0.1046 loss_rpn_box_reg: 0.0305
epoch 3 [ 1800/2852] lr: 1.50e-04 loss: 5.6625 loss_classifier: 0.1074 loss_box_reg: 0.1167 loss_reid: 5.3039 loss_objectness: 0.1039 loss_rpn_box_reg: 0.0305
epoch 3 [ 1900/2852] lr: 1.50e-04 loss: 5.6489 loss_classifier: 0.1071 loss_box_reg: 0.1167 loss_reid: 5.2916 loss_objectness: 0.1032 loss_rpn_box_reg: 0.0303
epoch 3 [ 2000/2852] lr: 1.50e-04 loss: 5.6333 loss_classifier: 0.1072 loss_box_reg: 0.1172 loss_reid: 5.2757 loss_objectness: 0.1029 loss_rpn_box_reg: 0.0302
epoch 3 [ 2100/2852] lr: 1.50e-04 loss: 5.6319 loss_classifier: 0.1075 loss_box_reg: 0.1177 loss_reid: 5.2737 loss_objectness: 0.1027 loss_rpn_box_reg: 0.0302
epoch 3 [ 2200/2852] lr: 1.50e-04 loss: 5.6092 loss_classifier: 0.1076 loss_box_reg: 0.1177 loss_reid: 5.2509 loss_objectness: 0.1027 loss_rpn_box_reg: 0.0303
epoch 3 [ 2300/2852] lr: 1.50e-04 loss: 5.5957 loss_classifier: 0.1076 loss_box_reg: 0.1178 loss_reid: 5.2381 loss_objectness: 0.1021 loss_rpn_box_reg: 0.0302
epoch 3 [ 2400/2852] lr: 1.50e-04 loss: 5.5862 loss_classifier: 0.1075 loss_box_reg: 0.1179 loss_reid: 5.2291 loss_objectness: 0.1016 loss_rpn_box_reg: 0.0301
epoch 3 [ 2500/2852] lr: 1.50e-04 loss: 5.5748 loss_classifier: 0.1075 loss_box_reg: 0.1182 loss_reid: 5.2179 loss_objectness: 0.1011 loss_rpn_box_reg: 0.0300
epoch 3 [ 2600/2852] lr: 1.50e-04 loss: 5.5573 loss_classifier: 0.1076 loss_box_reg: 0.1185 loss_reid: 5.2006 loss_objectness: 0.1008 loss_rpn_box_reg: 0.0298
epoch 3 [ 2700/2852] lr: 1.50e-04 loss: 5.5436 loss_classifier: 0.1076 loss_box_reg: 0.1186 loss_reid: 5.1875 loss_objectness: 0.1002 loss_rpn_box_reg: 0.0296
epoch 3 [ 2800/2852] lr: 1.50e-04 loss: 5.5162 loss_classifier: 0.1076 loss_box_reg: 0.1190 loss_reid: 5.1601 loss_objectness: 0.1000 loss_rpn_box_reg: 0.0296
epoch 3 done in 29.6 min
epoch 4 [    0/2852] lr: 1.50e-04 loss: 2.8457 loss_classifier: 0.1657 loss_box_reg: 0.1533 loss_reid: 2.4149 loss_objectness: 0.0891 loss_rpn_box_reg: 0.0227
epoch 4 [  100/2852] lr: 1.50e-04 loss: 4.6067 loss_classifier: 0.1022 loss_box_reg: 0.1147 loss_reid: 4.2791 loss_objectness: 0.0861 loss_rpn_box_reg: 0.0245
epoch 4 [  200/2852] lr: 1.50e-04 loss: 4.7651 loss_classifier: 0.1047 loss_box_reg: 0.1188 loss_reid: 4.4254 loss_objectness: 0.0872 loss_rpn_box_reg: 0.0290
epoch 4 [  300/2852] lr: 1.50e-04 loss: 4.8327 loss_classifier: 0.1081 loss_box_reg: 0.1240 loss_reid: 4.4829 loss_objectness: 0.0873 loss_rpn_box_reg: 0.0304
epoch 4 [  400/2852] lr: 1.50e-04 loss: 4.7940 loss_classifier: 0.1087 loss_box_reg: 0.1255 loss_reid: 4.4432 loss_objectness: 0.0866 loss_rpn_box_reg: 0.0300
epoch 4 [  500/2852] lr: 1.50e-04 loss: 4.8030 loss_classifier: 0.1090 loss_box_reg: 0.1262 loss_reid: 4.4520 loss_objectness: 0.0856 loss_rpn_box_reg: 0.0303
epoch 4 [  600/2852] lr: 1.50e-04 loss: 4.8260 loss_classifier: 0.1090 loss_box_reg: 0.1261 loss_reid: 4.4752 loss_objectness: 0.0858 loss_rpn_box_reg: 0.0300
epoch 4 [  700/2852] lr: 1.50e-04 loss: 4.7823 loss_classifier: 0.1077 loss_box_reg: 0.1251 loss_reid: 4.4356 loss_objectness: 0.0846 loss_rpn_box_reg: 0.0292
epoch 4 [  800/2852] lr: 1.50e-04 loss: 4.7661 loss_classifier: 0.1067 loss_box_reg: 0.1240 loss_reid: 4.4230 loss_objectness: 0.0834 loss_rpn_box_reg: 0.0291
epoch 4 [  900/2852] lr: 1.50e-04 loss: 4.7379 loss_classifier: 0.1066 loss_box_reg: 0.1240 loss_reid: 4.3954 loss_objectness: 0.0828 loss_rpn_box_reg: 0.0291
epoch 4 [ 1000/2852] lr: 1.50e-04 loss: 4.7560 loss_classifier: 0.1067 loss_box_reg: 0.1246 loss_reid: 4.4131 loss_objectness: 0.0824 loss_rpn_box_reg: 0.0291
epoch 4 [ 1100/2852] lr: 1.50e-04 loss: 4.7561 loss_classifier: 0.1071 loss_box_reg: 0.1251 loss_reid: 4.4127 loss_objectness: 0.0822 loss_rpn_box_reg: 0.0290
epoch 4 [ 1200/2852] lr: 1.50e-04 loss: 4.7934 loss_classifier: 0.1069 loss_box_reg: 0.1250 loss_reid: 4.4506 loss_objectness: 0.0819 loss_rpn_box_reg: 0.0290
epoch 4 [ 1300/2852] lr: 1.50e-04 loss: 4.7968 loss_classifier: 0.1066 loss_box_reg: 0.1248 loss_reid: 4.4551 loss_objectness: 0.0816 loss_rpn_box_reg: 0.0287
epoch 4 [ 1400/2852] lr: 1.50e-04 loss: 4.7699 loss_classifier: 0.1075 loss_box_reg: 0.1264 loss_reid: 4.4255 loss_objectness: 0.0818 loss_rpn_box_reg: 0.0287
epoch 4 [ 1500/2852] lr: 1.50e-04 loss: 4.7866 loss_classifier: 0.1080 loss_box_reg: 0.1274 loss_reid: 4.4407 loss_objectness: 0.0816 loss_rpn_box_reg: 0.0288
epoch 4 [ 1600/2852] lr: 1.50e-04 loss: 4.7695 loss_classifier: 0.1083 loss_box_reg: 0.1282 loss_reid: 4.4235 loss_objectness: 0.0810 loss_rpn_box_reg: 0.0285
epoch 4 [ 1700/2852] lr: 1.50e-04 loss: 4.7886 loss_classifier: 0.1085 loss_box_reg: 0.1289 loss_reid: 4.4417 loss_objectness: 0.0810 loss_rpn_box_reg: 0.0284
epoch 4 [ 1800/2852] lr: 1.50e-04 loss: 4.7791 loss_classifier: 0.1087 loss_box_reg: 0.1291 loss_reid: 4.4316 loss_objectness: 0.0811 loss_rpn_box_reg: 0.0286
epoch 4 [ 1900/2852] lr: 1.50e-04 loss: 4.7562 loss_classifier: 0.1089 loss_box_reg: 0.1298 loss_reid: 4.4087 loss_objectness: 0.0804 loss_rpn_box_reg: 0.0284
epoch 4 [ 2000/2852] lr: 1.50e-04 loss: 4.7459 loss_classifier: 0.1091 loss_box_reg: 0.1303 loss_reid: 4.3978 loss_objectness: 0.0802 loss_rpn_box_reg: 0.0285
epoch 4 [ 2100/2852] lr: 1.50e-04 loss: 4.7353 loss_classifier: 0.1093 loss_box_reg: 0.1307 loss_reid: 4.3866 loss_objectness: 0.0802 loss_rpn_box_reg: 0.0285
epoch 4 [ 2200/2852] lr: 1.50e-04 loss: 4.7271 loss_classifier: 0.1095 loss_box_reg: 0.1313 loss_reid: 4.3780 loss_objectness: 0.0798 loss_rpn_box_reg: 0.0285
epoch 4 [ 2300/2852] lr: 1.50e-04 loss: 4.7011 loss_classifier: 0.1097 loss_box_reg: 0.1318 loss_reid: 4.3517 loss_objectness: 0.0796 loss_rpn_box_reg: 0.0283
epoch 4 [ 2400/2852] lr: 1.50e-04 loss: 4.6960 loss_classifier: 0.1099 loss_box_reg: 0.1322 loss_reid: 4.3460 loss_objectness: 0.0793 loss_rpn_box_reg: 0.0286
epoch 4 [ 2500/2852] lr: 1.50e-04 loss: 4.6878 loss_classifier: 0.1098 loss_box_reg: 0.1322 loss_reid: 4.3382 loss_objectness: 0.0789 loss_rpn_box_reg: 0.0286
epoch 4 [ 2600/2852] lr: 1.50e-04 loss: 4.6930 loss_classifier: 0.1099 loss_box_reg: 0.1323 loss_reid: 4.3436 loss_objectness: 0.0787 loss_rpn_box_reg: 0.0286
epoch 4 [ 2700/2852] lr: 1.50e-04 loss: 4.7058 loss_classifier: 0.1100 loss_box_reg: 0.1327 loss_reid: 4.3560 loss_objectness: 0.0786 loss_rpn_box_reg: 0.0285
epoch 4 [ 2800/2852] lr: 1.50e-04 loss: 4.7129 loss_classifier: 0.1099 loss_box_reg: 0.1329 loss_reid: 4.3632 loss_objectness: 0.0784 loss_rpn_box_reg: 0.0285
epoch 4 done in 29.6 min
epoch 5 [    0/2852] lr: 1.50e-04 loss: 2.2280 loss_classifier: 0.1506 loss_box_reg: 0.1969 loss_reid: 1.6878 loss_objectness: 0.1301 loss_rpn_box_reg: 0.0626
epoch 5 [  100/2852] lr: 1.50e-04 loss: 4.3638 loss_classifier: 0.1133 loss_box_reg: 0.1448 loss_reid: 4.0104 loss_objectness: 0.0668 loss_rpn_box_reg: 0.0285
epoch 5 [  200/2852] lr: 1.50e-04 loss: 4.4159 loss_classifier: 0.1157 loss_box_reg: 0.1498 loss_reid: 4.0502 loss_objectness: 0.0714 loss_rpn_box_reg: 0.0289
epoch 5 [  300/2852] lr: 1.50e-04 loss: 4.2979 loss_classifier: 0.1151 loss_box_reg: 0.1489 loss_reid: 3.9352 loss_objectness: 0.0701 loss_rpn_box_reg: 0.0285
epoch 5 [  400/2852] lr: 1.50e-04 loss: 4.3145 loss_classifier: 0.1159 loss_box_reg: 0.1504 loss_reid: 3.9481 loss_objectness: 0.0711 loss_rpn_box_reg: 0.0290
epoch 5 [  500/2852] lr: 1.50e-04 loss: 4.3204 loss_classifier: 0.1156 loss_box_reg: 0.1499 loss_reid: 3.9535 loss_objectness: 0.0713 loss_rpn_box_reg: 0.0301
epoch 5 [  600/2852] lr: 1.50e-04 loss: 4.3169 loss_classifier: 0.1151 loss_box_reg: 0.1486 loss_reid: 3.9532 loss_objectness: 0.0705 loss_rpn_box_reg: 0.0295
epoch 5 [  700/2852] lr: 1.50e-04 loss: 4.2773 loss_classifier: 0.1148 loss_box_reg: 0.1482 loss_reid: 3.9143 loss_objectness: 0.0707 loss_rpn_box_reg: 0.0293
epoch 5 [  800/2852] lr: 1.50e-04 loss: 4.2894 loss_classifier: 0.1155 loss_box_reg: 0.1486 loss_reid: 3.9256 loss_objectness: 0.0706 loss_rpn_box_reg: 0.0290
epoch 5 [  900/2852] lr: 1.50e-04 loss: 4.3020 loss_classifier: 0.1153 loss_box_reg: 0.1486 loss_reid: 3.9388 loss_objectness: 0.0706 loss_rpn_box_reg: 0.0288
epoch 5 [ 1000/2852] lr: 1.50e-04 loss: 4.2907 loss_classifier: 0.1154 loss_box_reg: 0.1488 loss_reid: 3.9275 loss_objectness: 0.0703 loss_rpn_box_reg: 0.0287
epoch 5 [ 1100/2852] lr: 1.50e-04 loss: 4.2816 loss_classifier: 0.1156 loss_box_reg: 0.1493 loss_reid: 3.9182 loss_objectness: 0.0698 loss_rpn_box_reg: 0.0288
epoch 5 [ 1200/2852] lr: 1.50e-04 loss: 4.2631 loss_classifier: 0.1151 loss_box_reg: 0.1491 loss_reid: 3.9008 loss_objectness: 0.0694 loss_rpn_box_reg: 0.0287
epoch 5 [ 1300/2852] lr: 1.50e-04 loss: 4.2617 loss_classifier: 0.1150 loss_box_reg: 0.1492 loss_reid: 3.8999 loss_objectness: 0.0691 loss_rpn_box_reg: 0.0285
epoch 5 [ 1400/2852] lr: 1.50e-04 loss: 4.2913 loss_classifier: 0.1148 loss_box_reg: 0.1495 loss_reid: 3.9298 loss_objectness: 0.0687 loss_rpn_box_reg: 0.0285
epoch 5 [ 1500/2852] lr: 1.50e-04 loss: 4.2918 loss_classifier: 0.1142 loss_box_reg: 0.1485 loss_reid: 3.9332 loss_objectness: 0.0680 loss_rpn_box_reg: 0.0279
epoch 5 [ 1600/2852] lr: 1.50e-04 loss: 4.2846 loss_classifier: 0.1136 loss_box_reg: 0.1480 loss_reid: 3.9277 loss_objectness: 0.0675 loss_rpn_box_reg: 0.0278
epoch 5 [ 1700/2852] lr: 1.50e-04 loss: 4.2913 loss_classifier: 0.1134 loss_box_reg: 0.1481 loss_reid: 3.9346 loss_objectness: 0.0674 loss_rpn_box_reg: 0.0278
epoch 5 [ 1800/2852] lr: 1.50e-04 loss: 4.2726 loss_classifier: 0.1131 loss_box_reg: 0.1477 loss_reid: 3.9168 loss_objectness: 0.0673 loss_rpn_box_reg: 0.0278
epoch 5 [ 1900/2852] lr: 1.50e-04 loss: 4.2731 loss_classifier: 0.1132 loss_box_reg: 0.1480 loss_reid: 3.9173 loss_objectness: 0.0667 loss_rpn_box_reg: 0.0279
epoch 5 [ 2000/2852] lr: 1.50e-04 loss: 4.2641 loss_classifier: 0.1136 loss_box_reg: 0.1491 loss_reid: 3.9071 loss_objectness: 0.0665 loss_rpn_box_reg: 0.0279
epoch 5 [ 2100/2852] lr: 1.50e-04 loss: 4.2632 loss_classifier: 0.1135 loss_box_reg: 0.1493 loss_reid: 3.9060 loss_objectness: 0.0663 loss_rpn_box_reg: 0.0280
epoch 5 [ 2200/2852] lr: 1.50e-04 loss: 4.2631 loss_classifier: 0.1134 loss_box_reg: 0.1493 loss_reid: 3.9062 loss_objectness: 0.0663 loss_rpn_box_reg: 0.0279
epoch 5 [ 2300/2852] lr: 1.50e-04 loss: 4.2652 loss_classifier: 0.1131 loss_box_reg: 0.1490 loss_reid: 3.9090 loss_objectness: 0.0662 loss_rpn_box_reg: 0.0278
epoch 5 [ 2400/2852] lr: 1.50e-04 loss: 4.2534 loss_classifier: 0.1126 loss_box_reg: 0.1487 loss_reid: 3.8983 loss_objectness: 0.0660 loss_rpn_box_reg: 0.0278
epoch 5 [ 2500/2852] lr: 1.50e-04 loss: 4.2504 loss_classifier: 0.1125 loss_box_reg: 0.1488 loss_reid: 3.8956 loss_objectness: 0.0658 loss_rpn_box_reg: 0.0277
epoch 5 [ 2600/2852] lr: 1.50e-04 loss: 4.2449 loss_classifier: 0.1125 loss_box_reg: 0.1489 loss_reid: 3.8901 loss_objectness: 0.0657 loss_rpn_box_reg: 0.0277
epoch 5 [ 2700/2852] lr: 1.50e-04 loss: 4.2363 loss_classifier: 0.1124 loss_box_reg: 0.1489 loss_reid: 3.8816 loss_objectness: 0.0657 loss_rpn_box_reg: 0.0277
epoch 5 [ 2800/2852] lr: 1.50e-04 loss: 4.2224 loss_classifier: 0.1125 loss_box_reg: 0.1495 loss_reid: 3.8671 loss_objectness: 0.0657 loss_rpn_box_reg: 0.0277
epoch 5 done in 29.9 min
epoch 6 [    0/2852] lr: 1.50e-04 loss: 1.7833 loss_classifier: 0.1289 loss_box_reg: 0.2291 loss_reid: 1.3835 loss_objectness: 0.0236 loss_rpn_box_reg: 0.0182
epoch 6 [  100/2852] lr: 1.50e-04 loss: 3.7012 loss_classifier: 0.1166 loss_box_reg: 0.1600 loss_reid: 3.3340 loss_objectness: 0.0626 loss_rpn_box_reg: 0.0280
epoch 6 [  200/2852] lr: 1.50e-04 loss: 3.8060 loss_classifier: 0.1172 loss_box_reg: 0.1585 loss_reid: 3.4364 loss_objectness: 0.0639 loss_rpn_box_reg: 0.0300
epoch 6 [  300/2852] lr: 1.50e-04 loss: 3.9045 loss_classifier: 0.1183 loss_box_reg: 0.1622 loss_reid: 3.5290 loss_objectness: 0.0653 loss_rpn_box_reg: 0.0297
epoch 6 [  400/2852] lr: 1.50e-04 loss: 3.9632 loss_classifier: 0.1182 loss_box_reg: 0.1627 loss_reid: 3.5882 loss_objectness: 0.0648 loss_rpn_box_reg: 0.0293
epoch 6 [  500/2852] lr: 1.50e-04 loss: 3.8382 loss_classifier: 0.1168 loss_box_reg: 0.1618 loss_reid: 3.4670 loss_objectness: 0.0636 loss_rpn_box_reg: 0.0290
epoch 6 [  600/2852] lr: 1.50e-04 loss: 3.8194 loss_classifier: 0.1155 loss_box_reg: 0.1599 loss_reid: 3.4514 loss_objectness: 0.0639 loss_rpn_box_reg: 0.0288
epoch 6 [  700/2852] lr: 1.50e-04 loss: 3.8230 loss_classifier: 0.1158 loss_box_reg: 0.1607 loss_reid: 3.4536 loss_objectness: 0.0638 loss_rpn_box_reg: 0.0291
epoch 6 [  800/2852] lr: 1.50e-04 loss: 3.8130 loss_classifier: 0.1150 loss_box_reg: 0.1599 loss_reid: 3.4468 loss_objectness: 0.0631 loss_rpn_box_reg: 0.0283
epoch 6 [  900/2852] lr: 1.50e-04 loss: 3.8036 loss_classifier: 0.1154 loss_box_reg: 0.1606 loss_reid: 3.4360 loss_objectness: 0.0630 loss_rpn_box_reg: 0.0286
epoch 6 [ 1000/2852] lr: 1.50e-04 loss: 3.7929 loss_classifier: 0.1152 loss_box_reg: 0.1609 loss_reid: 3.4256 loss_objectness: 0.0627 loss_rpn_box_reg: 0.0284
epoch 6 [ 1100/2852] lr: 1.50e-04 loss: 3.7979 loss_classifier: 0.1144 loss_box_reg: 0.1602 loss_reid: 3.4326 loss_objectness: 0.0625 loss_rpn_box_reg: 0.0282
epoch 6 [ 1200/2852] lr: 1.50e-04 loss: 3.7910 loss_classifier: 0.1144 loss_box_reg: 0.1604 loss_reid: 3.4262 loss_objectness: 0.0619 loss_rpn_box_reg: 0.0281
epoch 6 [ 1300/2852] lr: 1.50e-04 loss: 3.7864 loss_classifier: 0.1148 loss_box_reg: 0.1611 loss_reid: 3.4212 loss_objectness: 0.0616 loss_rpn_box_reg: 0.0278
epoch 6 [ 1400/2852] lr: 1.50e-04 loss: 3.8088 loss_classifier: 0.1148 loss_box_reg: 0.1616 loss_reid: 3.4433 loss_objectness: 0.0615 loss_rpn_box_reg: 0.0276
epoch 6 [ 1500/2852] lr: 1.50e-04 loss: 3.8012 loss_classifier: 0.1144 loss_box_reg: 0.1611 loss_reid: 3.4367 loss_objectness: 0.0613 loss_rpn_box_reg: 0.0277
epoch 6 [ 1600/2852] lr: 1.50e-04 loss: 3.8002 loss_classifier: 0.1144 loss_box_reg: 0.1614 loss_reid: 3.4354 loss_objectness: 0.0614 loss_rpn_box_reg: 0.0277
epoch 6 [ 1700/2852] lr: 1.50e-04 loss: 3.7902 loss_classifier: 0.1146 loss_box_reg: 0.1617 loss_reid: 3.4250 loss_objectness: 0.0614 loss_rpn_box_reg: 0.0274
epoch 6 [ 1800/2852] lr: 1.50e-04 loss: 3.8179 loss_classifier: 0.1146 loss_box_reg: 0.1618 loss_reid: 3.4529 loss_objectness: 0.0613 loss_rpn_box_reg: 0.0273
epoch 6 [ 1900/2852] lr: 1.50e-04 loss: 3.8195 loss_classifier: 0.1147 loss_box_reg: 0.1622 loss_reid: 3.4543 loss_objectness: 0.0611 loss_rpn_box_reg: 0.0272
epoch 6 [ 2000/2852] lr: 1.50e-04 loss: 3.8185 loss_classifier: 0.1147 loss_box_reg: 0.1621 loss_reid: 3.4536 loss_objectness: 0.0610 loss_rpn_box_reg: 0.0271
epoch 6 [ 2100/2852] lr: 1.50e-04 loss: 3.8370 loss_classifier: 0.1150 loss_box_reg: 0.1626 loss_reid: 3.4716 loss_objectness: 0.0608 loss_rpn_box_reg: 0.0270
epoch 6 [ 2200/2852] lr: 1.50e-04 loss: 3.8315 loss_classifier: 0.1152 loss_box_reg: 0.1628 loss_reid: 3.4658 loss_objectness: 0.0606 loss_rpn_box_reg: 0.0270
epoch 6 [ 2300/2852] lr: 1.50e-04 loss: 3.8207 loss_classifier: 0.1156 loss_box_reg: 0.1633 loss_reid: 3.4547 loss_objectness: 0.0603 loss_rpn_box_reg: 0.0268
epoch 6 [ 2400/2852] lr: 1.50e-04 loss: 3.8342 loss_classifier: 0.1157 loss_box_reg: 0.1634 loss_reid: 3.4677 loss_objectness: 0.0604 loss_rpn_box_reg: 0.0269
epoch 6 [ 2500/2852] lr: 1.50e-04 loss: 3.8441 loss_classifier: 0.1158 loss_box_reg: 0.1640 loss_reid: 3.4774 loss_objectness: 0.0601 loss_rpn_box_reg: 0.0269
epoch 6 [ 2600/2852] lr: 1.50e-04 loss: 3.8527 loss_classifier: 0.1159 loss_box_reg: 0.1640 loss_reid: 3.4859 loss_objectness: 0.0599 loss_rpn_box_reg: 0.0270
epoch 6 [ 2700/2852] lr: 1.50e-04 loss: 3.8481 loss_classifier: 0.1160 loss_box_reg: 0.1644 loss_reid: 3.4805 loss_objectness: 0.0601 loss_rpn_box_reg: 0.0270
epoch 6 [ 2800/2852] lr: 1.50e-04 loss: 3.8463 loss_classifier: 0.1161 loss_box_reg: 0.1646 loss_reid: 3.4785 loss_objectness: 0.0599 loss_rpn_box_reg: 0.0271
epoch 6 done in 29.6 min
epoch 7 [    0/2852] lr: 1.50e-04 loss: 4.4890 loss_classifier: 0.0511 loss_box_reg: 0.0700 loss_reid: 4.3474 loss_objectness: 0.0177 loss_rpn_box_reg: 0.0028
epoch 7 [  100/2852] lr: 1.50e-04 loss: 3.7036 loss_classifier: 0.1234 loss_box_reg: 0.1774 loss_reid: 3.3191 loss_objectness: 0.0573 loss_rpn_box_reg: 0.0264
epoch 7 [  200/2852] lr: 1.50e-04 loss: 3.7322 loss_classifier: 0.1179 loss_box_reg: 0.1703 loss_reid: 3.3631 loss_objectness: 0.0564 loss_rpn_box_reg: 0.0246
epoch 7 [  300/2852] lr: 1.50e-04 loss: 3.7453 loss_classifier: 0.1191 loss_box_reg: 0.1718 loss_reid: 3.3736 loss_objectness: 0.0565 loss_rpn_box_reg: 0.0243
epoch 7 [  400/2852] lr: 1.50e-04 loss: 3.6622 loss_classifier: 0.1218 loss_box_reg: 0.1759 loss_reid: 3.2819 loss_objectness: 0.0570 loss_rpn_box_reg: 0.0256
epoch 7 [  500/2852] lr: 1.50e-04 loss: 3.7288 loss_classifier: 0.1220 loss_box_reg: 0.1764 loss_reid: 3.3475 loss_objectness: 0.0570 loss_rpn_box_reg: 0.0259
epoch 7 [  600/2852] lr: 1.50e-04 loss: 3.6549 loss_classifier: 0.1208 loss_box_reg: 0.1757 loss_reid: 3.2760 loss_objectness: 0.0562 loss_rpn_box_reg: 0.0262
epoch 7 [  700/2852] lr: 1.50e-04 loss: 3.5895 loss_classifier: 0.1210 loss_box_reg: 0.1759 loss_reid: 3.2110 loss_objectness: 0.0559 loss_rpn_box_reg: 0.0258
epoch 7 [  800/2852] lr: 1.50e-04 loss: 3.5816 loss_classifier: 0.1208 loss_box_reg: 0.1760 loss_reid: 3.2022 loss_objectness: 0.0566 loss_rpn_box_reg: 0.0259
epoch 7 [  900/2852] lr: 1.50e-04 loss: 3.5808 loss_classifier: 0.1210 loss_box_reg: 0.1759 loss_reid: 3.2023 loss_objectness: 0.0559 loss_rpn_box_reg: 0.0258
epoch 7 [ 1000/2852] lr: 1.50e-04 loss: 3.5840 loss_classifier: 0.1206 loss_box_reg: 0.1756 loss_reid: 3.2062 loss_objectness: 0.0561 loss_rpn_box_reg: 0.0257
epoch 7 [ 1100/2852] lr: 1.50e-04 loss: 3.5798 loss_classifier: 0.1211 loss_box_reg: 0.1762 loss_reid: 3.2007 loss_objectness: 0.0561 loss_rpn_box_reg: 0.0256
epoch 7 [ 1200/2852] lr: 1.50e-04 loss: 3.5922 loss_classifier: 0.1206 loss_box_reg: 0.1757 loss_reid: 3.2145 loss_objectness: 0.0558 loss_rpn_box_reg: 0.0256
epoch 7 [ 1300/2852] lr: 1.50e-04 loss: 3.5835 loss_classifier: 0.1202 loss_box_reg: 0.1756 loss_reid: 3.2065 loss_objectness: 0.0555 loss_rpn_box_reg: 0.0257
epoch 7 [ 1400/2852] lr: 1.50e-04 loss: 3.5671 loss_classifier: 0.1197 loss_box_reg: 0.1750 loss_reid: 3.1916 loss_objectness: 0.0552 loss_rpn_box_reg: 0.0255
epoch 7 [ 1500/2852] lr: 1.50e-04 loss: 3.5620 loss_classifier: 0.1194 loss_box_reg: 0.1755 loss_reid: 3.1868 loss_objectness: 0.0548 loss_rpn_box_reg: 0.0256
epoch 7 [ 1600/2852] lr: 1.50e-04 loss: 3.5489 loss_classifier: 0.1190 loss_box_reg: 0.1751 loss_reid: 3.1744 loss_objectness: 0.0548 loss_rpn_box_reg: 0.0255
epoch 7 [ 1700/2852] lr: 1.50e-04 loss: 3.5506 loss_classifier: 0.1191 loss_box_reg: 0.1753 loss_reid: 3.1764 loss_objectness: 0.0544 loss_rpn_box_reg: 0.0254
epoch 7 [ 1800/2852] lr: 1.50e-04 loss: 3.5641 loss_classifier: 0.1190 loss_box_reg: 0.1754 loss_reid: 3.1898 loss_objectness: 0.0543 loss_rpn_box_reg: 0.0256
epoch 7 [ 1900/2852] lr: 1.50e-04 loss: 3.5822 loss_classifier: 0.1193 loss_box_reg: 0.1761 loss_reid: 3.2066 loss_objectness: 0.0545 loss_rpn_box_reg: 0.0257
epoch 7 [ 2000/2852] lr: 1.50e-04 loss: 3.5951 loss_classifier: 0.1195 loss_box_reg: 0.1763 loss_reid: 3.2190 loss_objectness: 0.0544 loss_rpn_box_reg: 0.0258
epoch 7 [ 2100/2852] lr: 1.50e-04 loss: 3.6047 loss_classifier: 0.1192 loss_box_reg: 0.1759 loss_reid: 3.2292 loss_objectness: 0.0546 loss_rpn_box_reg: 0.0257
epoch 7 [ 2200/2852] lr: 1.50e-04 loss: 3.5951 loss_classifier: 0.1192 loss_box_reg: 0.1758 loss_reid: 3.2200 loss_objectness: 0.0545 loss_rpn_box_reg: 0.0256
epoch 7 [ 2300/2852] lr: 1.50e-04 loss: 3.5731 loss_classifier: 0.1195 loss_box_reg: 0.1765 loss_reid: 3.1967 loss_objectness: 0.0548 loss_rpn_box_reg: 0.0257
epoch 7 [ 2400/2852] lr: 1.50e-04 loss: 3.5654 loss_classifier: 0.1193 loss_box_reg: 0.1764 loss_reid: 3.1896 loss_objectness: 0.0545 loss_rpn_box_reg: 0.0256
epoch 7 [ 2500/2852] lr: 1.50e-04 loss: 3.5726 loss_classifier: 0.1191 loss_box_reg: 0.1762 loss_reid: 3.1975 loss_objectness: 0.0544 loss_rpn_box_reg: 0.0254
epoch 7 [ 2600/2852] lr: 1.50e-04 loss: 3.5626 loss_classifier: 0.1189 loss_box_reg: 0.1760 loss_reid: 3.1880 loss_objectness: 0.0543 loss_rpn_box_reg: 0.0253
epoch 7 [ 2700/2852] lr: 1.50e-04 loss: 3.5593 loss_classifier: 0.1193 loss_box_reg: 0.1763 loss_reid: 3.1841 loss_objectness: 0.0543 loss_rpn_box_reg: 0.0254
epoch 7 [ 2800/2852] lr: 1.50e-04 loss: 3.5703 loss_classifier: 0.1196 loss_box_reg: 0.1766 loss_reid: 3.1942 loss_objectness: 0.0544 loss_rpn_box_reg: 0.0255
epoch 7 done in 29.3 min
epoch 8 [    0/2852] lr: 1.50e-04 loss: 0.6018 loss_classifier: 0.0719 loss_box_reg: 0.0937 loss_reid: 0.4045 loss_objectness: 0.0263 loss_rpn_box_reg: 0.0055
epoch 8 [  100/2852] lr: 1.50e-04 loss: 3.1978 loss_classifier: 0.1132 loss_box_reg: 0.1640 loss_reid: 2.8553 loss_objectness: 0.0454 loss_rpn_box_reg: 0.0200
epoch 8 [  200/2852] lr: 1.50e-04 loss: 3.1944 loss_classifier: 0.1196 loss_box_reg: 0.1753 loss_reid: 2.8282 loss_objectness: 0.0471 loss_rpn_box_reg: 0.0241
epoch 8 [  300/2852] lr: 1.50e-04 loss: 3.3180 loss_classifier: 0.1165 loss_box_reg: 0.1729 loss_reid: 2.9561 loss_objectness: 0.0484 loss_rpn_box_reg: 0.0242
epoch 8 [  400/2852] lr: 1.50e-04 loss: 3.2631 loss_classifier: 0.1182 loss_box_reg: 0.1751 loss_reid: 2.8958 loss_objectness: 0.0498 loss_rpn_box_reg: 0.0243
epoch 8 [  500/2852] lr: 1.50e-04 loss: 3.2417 loss_classifier: 0.1190 loss_box_reg: 0.1784 loss_reid: 2.8709 loss_objectness: 0.0492 loss_rpn_box_reg: 0.0241
epoch 8 [  600/2852] lr: 1.50e-04 loss: 3.1903 loss_classifier: 0.1194 loss_box_reg: 0.1799 loss_reid: 2.8173 loss_objectness: 0.0495 loss_rpn_box_reg: 0.0242
epoch 8 [  700/2852] lr: 1.50e-04 loss: 3.2301 loss_classifier: 0.1191 loss_box_reg: 0.1796 loss_reid: 2.8573 loss_objectness: 0.0497 loss_rpn_box_reg: 0.0245
epoch 8 [  800/2852] lr: 1.50e-04 loss: 3.2625 loss_classifier: 0.1188 loss_box_reg: 0.1788 loss_reid: 2.8905 loss_objectness: 0.0501 loss_rpn_box_reg: 0.0242
epoch 8 [  900/2852] lr: 1.50e-04 loss: 3.3099 loss_classifier: 0.1193 loss_box_reg: 0.1796 loss_reid: 2.9358 loss_objectness: 0.0507 loss_rpn_box_reg: 0.0244
epoch 8 [ 1000/2852] lr: 1.50e-04 loss: 3.3231 loss_classifier: 0.1195 loss_box_reg: 0.1798 loss_reid: 2.9485 loss_objectness: 0.0509 loss_rpn_box_reg: 0.0244
epoch 8 [ 1100/2852] lr: 1.50e-04 loss: 3.3520 loss_classifier: 0.1192 loss_box_reg: 0.1794 loss_reid: 2.9773 loss_objectness: 0.0511 loss_rpn_box_reg: 0.0249
epoch 8 [ 1200/2852] lr: 1.50e-04 loss: 3.3474 loss_classifier: 0.1190 loss_box_reg: 0.1792 loss_reid: 2.9729 loss_objectness: 0.0516 loss_rpn_box_reg: 0.0248
epoch 8 [ 1300/2852] lr: 1.50e-04 loss: 3.3609 loss_classifier: 0.1195 loss_box_reg: 0.1803 loss_reid: 2.9840 loss_objectness: 0.0519 loss_rpn_box_reg: 0.0252
epoch 8 [ 1400/2852] lr: 1.50e-04 loss: 3.3323 loss_classifier: 0.1202 loss_box_reg: 0.1813 loss_reid: 2.9539 loss_objectness: 0.0518 loss_rpn_box_reg: 0.0251
epoch 8 [ 1500/2852] lr: 1.50e-04 loss: 3.3187 loss_classifier: 0.1203 loss_box_reg: 0.1814 loss_reid: 2.9396 loss_objectness: 0.0520 loss_rpn_box_reg: 0.0254
epoch 8 [ 1600/2852] lr: 1.50e-04 loss: 3.2964 loss_classifier: 0.1197 loss_box_reg: 0.1804 loss_reid: 2.9190 loss_objectness: 0.0522 loss_rpn_box_reg: 0.0252
epoch 8 [ 1700/2852] lr: 1.50e-04 loss: 3.2995 loss_classifier: 0.1199 loss_box_reg: 0.1805 loss_reid: 2.9215 loss_objectness: 0.0523 loss_rpn_box_reg: 0.0253
epoch 8 [ 1800/2852] lr: 1.50e-04 loss: 3.2838 loss_classifier: 0.1199 loss_box_reg: 0.1804 loss_reid: 2.9056 loss_objectness: 0.0524 loss_rpn_box_reg: 0.0254
epoch 8 [ 1900/2852] lr: 1.50e-04 loss: 3.2853 loss_classifier: 0.1199 loss_box_reg: 0.1805 loss_reid: 2.9072 loss_objectness: 0.0523 loss_rpn_box_reg: 0.0253
epoch 8 [ 2000/2852] lr: 1.50e-04 loss: 3.2730 loss_classifier: 0.1198 loss_box_reg: 0.1801 loss_reid: 2.8958 loss_objectness: 0.0521 loss_rpn_box_reg: 0.0251
epoch 8 [ 2100/2852] lr: 1.50e-04 loss: 3.2628 loss_classifier: 0.1198 loss_box_reg: 0.1802 loss_reid: 2.8852 loss_objectness: 0.0523 loss_rpn_box_reg: 0.0252
epoch 8 [ 2200/2852] lr: 1.50e-04 loss: 3.2600 loss_classifier: 0.1197 loss_box_reg: 0.1801 loss_reid: 2.8825 loss_objectness: 0.0524 loss_rpn_box_reg: 0.0253
epoch 8 [ 2300/2852] lr: 1.50e-04 loss: 3.2545 loss_classifier: 0.1199 loss_box_reg: 0.1804 loss_reid: 2.8769 loss_objectness: 0.0522 loss_rpn_box_reg: 0.0252
epoch 8 [ 2400/2852] lr: 1.50e-04 loss: 3.2562 loss_classifier: 0.1199 loss_box_reg: 0.1807 loss_reid: 2.8781 loss_objectness: 0.0523 loss_rpn_box_reg: 0.0252
epoch 8 [ 2500/2852] lr: 1.50e-04 loss: 3.2563 loss_classifier: 0.1200 loss_box_reg: 0.1809 loss_reid: 2.8776 loss_objectness: 0.0525 loss_rpn_box_reg: 0.0253
epoch 8 [ 2600/2852] lr: 1.50e-04 loss: 3.2539 loss_classifier: 0.1200 loss_box_reg: 0.1809 loss_reid: 2.8754 loss_objectness: 0.0522 loss_rpn_box_reg: 0.0253
epoch 8 [ 2700/2852] lr: 1.50e-04 loss: 3.2485 loss_classifier: 0.1203 loss_box_reg: 0.1814 loss_reid: 2.8692 loss_objectness: 0.0522 loss_rpn_box_reg: 0.0253
epoch 8 [ 2800/2852] lr: 1.50e-04 loss: 3.2357 loss_classifier: 0.1203 loss_box_reg: 0.1814 loss_reid: 2.8566 loss_objectness: 0.0521 loss_rpn_box_reg: 0.0253
epoch 8 done in 29.8 min
epoch 9 [    0/2852] lr: 1.50e-04 loss: 4.8120 loss_classifier: 0.1828 loss_box_reg: 0.2303 loss_reid: 4.3583 loss_objectness: 0.0276 loss_rpn_box_reg: 0.0129
epoch 9 [  100/2852] lr: 1.50e-04 loss: 3.2124 loss_classifier: 0.1147 loss_box_reg: 0.1794 loss_reid: 2.8446 loss_objectness: 0.0503 loss_rpn_box_reg: 0.0234
epoch 9 [  200/2852] lr: 1.50e-04 loss: 2.9789 loss_classifier: 0.1207 loss_box_reg: 0.1872 loss_reid: 2.5980 loss_objectness: 0.0488 loss_rpn_box_reg: 0.0242
epoch 9 [  300/2852] lr: 1.50e-04 loss: 3.0304 loss_classifier: 0.1219 loss_box_reg: 0.1882 loss_reid: 2.6465 loss_objectness: 0.0499 loss_rpn_box_reg: 0.0239
epoch 9 [  400/2852] lr: 1.50e-04 loss: 3.0673 loss_classifier: 0.1232 loss_box_reg: 0.1900 loss_reid: 2.6787 loss_objectness: 0.0513 loss_rpn_box_reg: 0.0241
epoch 9 [  500/2852] lr: 1.50e-04 loss: 3.0391 loss_classifier: 0.1234 loss_box_reg: 0.1896 loss_reid: 2.6519 loss_objectness: 0.0502 loss_rpn_box_reg: 0.0240
epoch 9 [  600/2852] lr: 1.50e-04 loss: 3.0209 loss_classifier: 0.1238 loss_box_reg: 0.1904 loss_reid: 2.6333 loss_objectness: 0.0493 loss_rpn_box_reg: 0.0240
epoch 9 [  700/2852] lr: 1.50e-04 loss: 3.0320 loss_classifier: 0.1241 loss_box_reg: 0.1910 loss_reid: 2.6440 loss_objectness: 0.0488 loss_rpn_box_reg: 0.0242
epoch 9 [  800/2852] lr: 1.50e-04 loss: 3.0370 loss_classifier: 0.1241 loss_box_reg: 0.1905 loss_reid: 2.6495 loss_objectness: 0.0487 loss_rpn_box_reg: 0.0243
epoch 9 [  900/2852] lr: 1.50e-04 loss: 3.0513 loss_classifier: 0.1240 loss_box_reg: 0.1902 loss_reid: 2.6645 loss_objectness: 0.0485 loss_rpn_box_reg: 0.0240
epoch 9 [ 1000/2852] lr: 1.50e-04 loss: 3.0438 loss_classifier: 0.1240 loss_box_reg: 0.1903 loss_reid: 2.6571 loss_objectness: 0.0484 loss_rpn_box_reg: 0.0241
epoch 9 [ 1100/2852] lr: 1.50e-04 loss: 3.0076 loss_classifier: 0.1242 loss_box_reg: 0.1904 loss_reid: 2.6201 loss_objectness: 0.0491 loss_rpn_box_reg: 0.0239
epoch 9 [ 1200/2852] lr: 1.50e-04 loss: 3.0158 loss_classifier: 0.1246 loss_box_reg: 0.1914 loss_reid: 2.6264 loss_objectness: 0.0492 loss_rpn_box_reg: 0.0243
epoch 9 [ 1300/2852] lr: 1.50e-04 loss: 2.9934 loss_classifier: 0.1246 loss_box_reg: 0.1911 loss_reid: 2.6046 loss_objectness: 0.0489 loss_rpn_box_reg: 0.0242
epoch 9 [ 1400/2852] lr: 1.50e-04 loss: 2.9887 loss_classifier: 0.1251 loss_box_reg: 0.1918 loss_reid: 2.5987 loss_objectness: 0.0488 loss_rpn_box_reg: 0.0242
epoch 9 [ 1500/2852] lr: 1.50e-04 loss: 2.9723 loss_classifier: 0.1248 loss_box_reg: 0.1912 loss_reid: 2.5835 loss_objectness: 0.0487 loss_rpn_box_reg: 0.0242
epoch 9 [ 1600/2852] lr: 1.50e-04 loss: 2.9536 loss_classifier: 0.1248 loss_box_reg: 0.1907 loss_reid: 2.5654 loss_objectness: 0.0487 loss_rpn_box_reg: 0.0240
epoch 9 [ 1700/2852] lr: 1.50e-04 loss: 2.9643 loss_classifier: 0.1243 loss_box_reg: 0.1898 loss_reid: 2.5779 loss_objectness: 0.0485 loss_rpn_box_reg: 0.0239
epoch 9 [ 1800/2852] lr: 1.50e-04 loss: 2.9500 loss_classifier: 0.1237 loss_box_reg: 0.1888 loss_reid: 2.5651 loss_objectness: 0.0484 loss_rpn_box_reg: 0.0239
epoch 9 [ 1900/2852] lr: 1.50e-04 loss: 2.9454 loss_classifier: 0.1238 loss_box_reg: 0.1889 loss_reid: 2.5600 loss_objectness: 0.0488 loss_rpn_box_reg: 0.0240
epoch 9 [ 2000/2852] lr: 1.50e-04 loss: 2.9618 loss_classifier: 0.1234 loss_box_reg: 0.1883 loss_reid: 2.5773 loss_objectness: 0.0489 loss_rpn_box_reg: 0.0240
epoch 9 [ 2100/2852] lr: 1.50e-04 loss: 2.9620 loss_classifier: 0.1237 loss_box_reg: 0.1889 loss_reid: 2.5766 loss_objectness: 0.0489 loss_rpn_box_reg: 0.0239
epoch 9 [ 2200/2852] lr: 1.50e-04 loss: 2.9668 loss_classifier: 0.1239 loss_box_reg: 0.1893 loss_reid: 2.5807 loss_objectness: 0.0490 loss_rpn_box_reg: 0.0239
epoch 9 [ 2300/2852] lr: 1.50e-04 loss: 2.9722 loss_classifier: 0.1239 loss_box_reg: 0.1898 loss_reid: 2.5857 loss_objectness: 0.0489 loss_rpn_box_reg: 0.0239
epoch 9 [ 2400/2852] lr: 1.50e-04 loss: 2.9752 loss_classifier: 0.1242 loss_box_reg: 0.1902 loss_reid: 2.5878 loss_objectness: 0.0490 loss_rpn_box_reg: 0.0240
epoch 9 [ 2500/2852] lr: 1.50e-04 loss: 2.9841 loss_classifier: 0.1246 loss_box_reg: 0.1906 loss_reid: 2.5957 loss_objectness: 0.0491 loss_rpn_box_reg: 0.0242
epoch 9 [ 2600/2852] lr: 1.50e-04 loss: 2.9806 loss_classifier: 0.1245 loss_box_reg: 0.1906 loss_reid: 2.5923 loss_objectness: 0.0490 loss_rpn_box_reg: 0.0242
epoch 9 [ 2700/2852] lr: 1.50e-04 loss: 2.9765 loss_classifier: 0.1242 loss_box_reg: 0.1901 loss_reid: 2.5890 loss_objectness: 0.0490 loss_rpn_box_reg: 0.0242
epoch 9 [ 2800/2852] lr: 1.50e-04 loss: 2.9896 loss_classifier: 0.1242 loss_box_reg: 0.1899 loss_reid: 2.6023 loss_objectness: 0.0489 loss_rpn_box_reg: 0.0242
epoch 9 done in 30.3 min
epoch 10 [    0/2852] lr: 1.50e-05 loss: 2.1835 loss_classifier: 0.0785 loss_box_reg: 0.1044 loss_reid: 1.9693 loss_objectness: 0.0212 loss_rpn_box_reg: 0.0101
epoch 10 [  100/2852] lr: 1.50e-05 loss: 2.7480 loss_classifier: 0.1241 loss_box_reg: 0.1907 loss_reid: 2.3591 loss_objectness: 0.0516 loss_rpn_box_reg: 0.0225
epoch 10 [  200/2852] lr: 1.50e-05 loss: 2.6915 loss_classifier: 0.1245 loss_box_reg: 0.1924 loss_reid: 2.3024 loss_objectness: 0.0497 loss_rpn_box_reg: 0.0225
epoch 10 [  300/2852] lr: 1.50e-05 loss: 2.6762 loss_classifier: 0.1251 loss_box_reg: 0.1951 loss_reid: 2.2830 loss_objectness: 0.0502 loss_rpn_box_reg: 0.0228
epoch 10 [  400/2852] lr: 1.50e-05 loss: 2.6085 loss_classifier: 0.1240 loss_box_reg: 0.1931 loss_reid: 2.2202 loss_objectness: 0.0487 loss_rpn_box_reg: 0.0224
epoch 10 [  500/2852] lr: 1.50e-05 loss: 2.5278 loss_classifier: 0.1239 loss_box_reg: 0.1933 loss_reid: 2.1405 loss_objectness: 0.0478 loss_rpn_box_reg: 0.0224
epoch 10 [  600/2852] lr: 1.50e-05 loss: 2.5769 loss_classifier: 0.1242 loss_box_reg: 0.1945 loss_reid: 2.1884 loss_objectness: 0.0473 loss_rpn_box_reg: 0.0225
epoch 10 [  700/2852] lr: 1.50e-05 loss: 2.5891 loss_classifier: 0.1231 loss_box_reg: 0.1936 loss_reid: 2.2033 loss_objectness: 0.0464 loss_rpn_box_reg: 0.0226
epoch 10 [  800/2852] lr: 1.50e-05 loss: 2.5575 loss_classifier: 0.1224 loss_box_reg: 0.1932 loss_reid: 2.1727 loss_objectness: 0.0465 loss_rpn_box_reg: 0.0226
epoch 10 [  900/2852] lr: 1.50e-05 loss: 2.5622 loss_classifier: 0.1220 loss_box_reg: 0.1934 loss_reid: 2.1770 loss_objectness: 0.0469 loss_rpn_box_reg: 0.0229
epoch 10 [ 1000/2852] lr: 1.50e-05 loss: 2.5458 loss_classifier: 0.1228 loss_box_reg: 0.1938 loss_reid: 2.1583 loss_objectness: 0.0475 loss_rpn_box_reg: 0.0234
epoch 10 [ 1100/2852] lr: 1.50e-05 loss: 2.5169 loss_classifier: 0.1227 loss_box_reg: 0.1943 loss_reid: 2.1287 loss_objectness: 0.0475 loss_rpn_box_reg: 0.0237
epoch 10 [ 1200/2852] lr: 1.50e-05 loss: 2.5041 loss_classifier: 0.1215 loss_box_reg: 0.1928 loss_reid: 2.1197 loss_objectness: 0.0468 loss_rpn_box_reg: 0.0233
epoch 10 [ 1300/2852] lr: 1.50e-05 loss: 2.4800 loss_classifier: 0.1219 loss_box_reg: 0.1932 loss_reid: 2.0941 loss_objectness: 0.0474 loss_rpn_box_reg: 0.0234
epoch 10 [ 1400/2852] lr: 1.50e-05 loss: 2.4883 loss_classifier: 0.1217 loss_box_reg: 0.1933 loss_reid: 2.1023 loss_objectness: 0.0475 loss_rpn_box_reg: 0.0235
epoch 10 [ 1500/2852] lr: 1.50e-05 loss: 2.4594 loss_classifier: 0.1216 loss_box_reg: 0.1937 loss_reid: 2.0737 loss_objectness: 0.0471 loss_rpn_box_reg: 0.0234
epoch 10 [ 1600/2852] lr: 1.50e-05 loss: 2.4362 loss_classifier: 0.1219 loss_box_reg: 0.1942 loss_reid: 2.0495 loss_objectness: 0.0473 loss_rpn_box_reg: 0.0234
epoch 10 [ 1700/2852] lr: 1.50e-05 loss: 2.4212 loss_classifier: 0.1223 loss_box_reg: 0.1948 loss_reid: 2.0330 loss_objectness: 0.0474 loss_rpn_box_reg: 0.0237
epoch 10 [ 1800/2852] lr: 1.50e-05 loss: 2.4131 loss_classifier: 0.1219 loss_box_reg: 0.1944 loss_reid: 2.0258 loss_objectness: 0.0472 loss_rpn_box_reg: 0.0238
epoch 10 [ 1900/2852] lr: 1.50e-05 loss: 2.4067 loss_classifier: 0.1218 loss_box_reg: 0.1943 loss_reid: 2.0200 loss_objectness: 0.0469 loss_rpn_box_reg: 0.0237
epoch 10 [ 2000/2852] lr: 1.50e-05 loss: 2.3887 loss_classifier: 0.1222 loss_box_reg: 0.1950 loss_reid: 2.0008 loss_objectness: 0.0469 loss_rpn_box_reg: 0.0238
epoch 10 [ 2100/2852] lr: 1.50e-05 loss: 2.3888 loss_classifier: 0.1222 loss_box_reg: 0.1950 loss_reid: 2.0010 loss_objectness: 0.0469 loss_rpn_box_reg: 0.0238
epoch 10 [ 2200/2852] lr: 1.50e-05 loss: 2.3763 loss_classifier: 0.1226 loss_box_reg: 0.1955 loss_reid: 1.9875 loss_objectness: 0.0469 loss_rpn_box_reg: 0.0239
epoch 10 [ 2300/2852] lr: 1.50e-05 loss: 2.3721 loss_classifier: 0.1223 loss_box_reg: 0.1955 loss_reid: 1.9836 loss_objectness: 0.0469 loss_rpn_box_reg: 0.0239
epoch 10 [ 2400/2852] lr: 1.50e-05 loss: 2.3697 loss_classifier: 0.1220 loss_box_reg: 0.1954 loss_reid: 1.9814 loss_objectness: 0.0469 loss_rpn_box_reg: 0.0239
epoch 10 [ 2500/2852] lr: 1.50e-05 loss: 2.3689 loss_classifier: 0.1220 loss_box_reg: 0.1954 loss_reid: 1.9809 loss_objectness: 0.0467 loss_rpn_box_reg: 0.0239
epoch 10 [ 2600/2852] lr: 1.50e-05 loss: 2.3517 loss_classifier: 0.1217 loss_box_reg: 0.1952 loss_reid: 1.9646 loss_objectness: 0.0465 loss_rpn_box_reg: 0.0237
epoch 10 [ 2700/2852] lr: 1.50e-05 loss: 2.3563 loss_classifier: 0.1217 loss_box_reg: 0.1952 loss_reid: 1.9695 loss_objectness: 0.0463 loss_rpn_box_reg: 0.0237
epoch 10 [ 2800/2852] lr: 1.50e-05 loss: 2.3595 loss_classifier: 0.1217 loss_box_reg: 0.1953 loss_reid: 1.9725 loss_objectness: 0.0462 loss_rpn_box_reg: 0.0237
epoch 10 done in 31.2 min
epoch 11 [    0/2852] lr: 1.50e-05 loss: 1.2088 loss_classifier: 0.0758 loss_box_reg: 0.1230 loss_reid: 0.9964 loss_objectness: 0.0089 loss_rpn_box_reg: 0.0047
epoch 11 [  100/2852] lr: 1.50e-05 loss: 2.2277 loss_classifier: 0.1218 loss_box_reg: 0.1974 loss_reid: 1.8392 loss_objectness: 0.0476 loss_rpn_box_reg: 0.0218
epoch 11 [  200/2852] lr: 1.50e-05 loss: 2.3509 loss_classifier: 0.1192 loss_box_reg: 0.1966 loss_reid: 1.9658 loss_objectness: 0.0462 loss_rpn_box_reg: 0.0231
epoch 11 [  300/2852] lr: 1.50e-05 loss: 2.3161 loss_classifier: 0.1197 loss_box_reg: 0.1969 loss_reid: 1.9310 loss_objectness: 0.0453 loss_rpn_box_reg: 0.0232
epoch 11 [  400/2852] lr: 1.50e-05 loss: 2.2777 loss_classifier: 0.1214 loss_box_reg: 0.1992 loss_reid: 1.8861 loss_objectness: 0.0463 loss_rpn_box_reg: 0.0246
epoch 11 [  500/2852] lr: 1.50e-05 loss: 2.2609 loss_classifier: 0.1219 loss_box_reg: 0.1996 loss_reid: 1.8693 loss_objectness: 0.0457 loss_rpn_box_reg: 0.0244
epoch 11 [  600/2852] lr: 1.50e-05 loss: 2.2106 loss_classifier: 0.1220 loss_box_reg: 0.1993 loss_reid: 1.8196 loss_objectness: 0.0454 loss_rpn_box_reg: 0.0242
epoch 11 [  700/2852] lr: 1.50e-05 loss: 2.1720 loss_classifier: 0.1212 loss_box_reg: 0.1983 loss_reid: 1.7832 loss_objectness: 0.0451 loss_rpn_box_reg: 0.0242
epoch 11 [  800/2852] lr: 1.50e-05 loss: 2.1850 loss_classifier: 0.1212 loss_box_reg: 0.1980 loss_reid: 1.7968 loss_objectness: 0.0451 loss_rpn_box_reg: 0.0239
epoch 11 [  900/2852] lr: 1.50e-05 loss: 2.1852 loss_classifier: 0.1220 loss_box_reg: 0.1987 loss_reid: 1.7954 loss_objectness: 0.0452 loss_rpn_box_reg: 0.0238
epoch 11 [ 1000/2852] lr: 1.50e-05 loss: 2.1685 loss_classifier: 0.1219 loss_box_reg: 0.1988 loss_reid: 1.7778 loss_objectness: 0.0457 loss_rpn_box_reg: 0.0243
epoch 11 [ 1100/2852] lr: 1.50e-05 loss: 2.1651 loss_classifier: 0.1218 loss_box_reg: 0.1984 loss_reid: 1.7747 loss_objectness: 0.0461 loss_rpn_box_reg: 0.0242
epoch 11 [ 1200/2852] lr: 1.50e-05 loss: 2.1752 loss_classifier: 0.1219 loss_box_reg: 0.1982 loss_reid: 1.7849 loss_objectness: 0.0460 loss_rpn_box_reg: 0.0241
epoch 11 [ 1300/2852] lr: 1.50e-05 loss: 2.1645 loss_classifier: 0.1215 loss_box_reg: 0.1982 loss_reid: 1.7747 loss_objectness: 0.0460 loss_rpn_box_reg: 0.0241
epoch 11 [ 1400/2852] lr: 1.50e-05 loss: 2.1569 loss_classifier: 0.1213 loss_box_reg: 0.1979 loss_reid: 1.7677 loss_objectness: 0.0459 loss_rpn_box_reg: 0.0241
epoch 11 [ 1500/2852] lr: 1.50e-05 loss: 2.1595 loss_classifier: 0.1218 loss_box_reg: 0.1981 loss_reid: 1.7699 loss_objectness: 0.0458 loss_rpn_box_reg: 0.0240
epoch 11 [ 1600/2852] lr: 1.50e-05 loss: 2.1576 loss_classifier: 0.1220 loss_box_reg: 0.1984 loss_reid: 1.7674 loss_objectness: 0.0458 loss_rpn_box_reg: 0.0239
epoch 11 [ 1700/2852] lr: 1.50e-05 loss: 2.1468 loss_classifier: 0.1216 loss_box_reg: 0.1977 loss_reid: 1.7579 loss_objectness: 0.0457 loss_rpn_box_reg: 0.0239
epoch 11 [ 1800/2852] lr: 1.50e-05 loss: 2.1384 loss_classifier: 0.1215 loss_box_reg: 0.1972 loss_reid: 1.7497 loss_objectness: 0.0459 loss_rpn_box_reg: 0.0241
epoch 11 [ 1900/2852] lr: 1.50e-05 loss: 2.1355 loss_classifier: 0.1211 loss_box_reg: 0.1964 loss_reid: 1.7482 loss_objectness: 0.0459 loss_rpn_box_reg: 0.0239
epoch 11 [ 2000/2852] lr: 1.50e-05 loss: 2.1371 loss_classifier: 0.1211 loss_box_reg: 0.1964 loss_reid: 1.7499 loss_objectness: 0.0457 loss_rpn_box_reg: 0.0240
epoch 11 [ 2100/2852] lr: 1.50e-05 loss: 2.1355 loss_classifier: 0.1208 loss_box_reg: 0.1958 loss_reid: 1.7493 loss_objectness: 0.0458 loss_rpn_box_reg: 0.0239
epoch 11 [ 2200/2852] lr: 1.50e-05 loss: 2.1316 loss_classifier: 0.1208 loss_box_reg: 0.1956 loss_reid: 1.7454 loss_objectness: 0.0459 loss_rpn_box_reg: 0.0240
epoch 11 [ 2300/2852] lr: 1.50e-05 loss: 2.1384 loss_classifier: 0.1206 loss_box_reg: 0.1951 loss_reid: 1.7532 loss_objectness: 0.0456 loss_rpn_box_reg: 0.0239
epoch 11 [ 2400/2852] lr: 1.50e-05 loss: 2.1368 loss_classifier: 0.1206 loss_box_reg: 0.1948 loss_reid: 1.7523 loss_objectness: 0.0454 loss_rpn_box_reg: 0.0238
epoch 11 [ 2500/2852] lr: 1.50e-05 loss: 2.1338 loss_classifier: 0.1203 loss_box_reg: 0.1945 loss_reid: 1.7500 loss_objectness: 0.0451 loss_rpn_box_reg: 0.0238
epoch 11 [ 2600/2852] lr: 1.50e-05 loss: 2.1239 loss_classifier: 0.1205 loss_box_reg: 0.1947 loss_reid: 1.7397 loss_objectness: 0.0451 loss_rpn_box_reg: 0.0239
epoch 11 [ 2700/2852] lr: 1.50e-05 loss: 2.1310 loss_classifier: 0.1201 loss_box_reg: 0.1941 loss_reid: 1.7480 loss_objectness: 0.0450 loss_rpn_box_reg: 0.0238
epoch 11 [ 2800/2852] lr: 1.50e-05 loss: 2.1216 loss_classifier: 0.1201 loss_box_reg: 0.1943 loss_reid: 1.7384 loss_objectness: 0.0449 loss_rpn_box_reg: 0.0238
epoch 11 done in 30.6 min
epoch 12 [    0/2852] lr: 1.50e-05 loss: 2.9913 loss_classifier: 0.0968 loss_box_reg: 0.1694 loss_reid: 2.6772 loss_objectness: 0.0382 loss_rpn_box_reg: 0.0098
epoch 12 [  100/2852] lr: 1.50e-05 loss: 2.0330 loss_classifier: 0.1233 loss_box_reg: 0.1997 loss_reid: 1.6476 loss_objectness: 0.0402 loss_rpn_box_reg: 0.0222
epoch 12 [  200/2852] lr: 1.50e-05 loss: 1.9539 loss_classifier: 0.1229 loss_box_reg: 0.1999 loss_reid: 1.5638 loss_objectness: 0.0440 loss_rpn_box_reg: 0.0232
epoch 12 [  300/2852] lr: 1.50e-05 loss: 1.9201 loss_classifier: 0.1195 loss_box_reg: 0.1940 loss_reid: 1.5408 loss_objectness: 0.0429 loss_rpn_box_reg: 0.0229
epoch 12 [  400/2852] lr: 1.50e-05 loss: 1.9394 loss_classifier: 0.1207 loss_box_reg: 0.1971 loss_reid: 1.5547 loss_objectness: 0.0432 loss_rpn_box_reg: 0.0237
epoch 12 [  500/2852] lr: 1.50e-05 loss: 1.9679 loss_classifier: 0.1206 loss_box_reg: 0.1973 loss_reid: 1.5823 loss_objectness: 0.0439 loss_rpn_box_reg: 0.0238
epoch 12 [  600/2852] lr: 1.50e-05 loss: 1.9904 loss_classifier: 0.1202 loss_box_reg: 0.1968 loss_reid: 1.6068 loss_objectness: 0.0433 loss_rpn_box_reg: 0.0233
epoch 12 [  700/2852] lr: 1.50e-05 loss: 1.9892 loss_classifier: 0.1199 loss_box_reg: 0.1961 loss_reid: 1.6061 loss_objectness: 0.0435 loss_rpn_box_reg: 0.0236
epoch 12 [  800/2852] lr: 1.50e-05 loss: 1.9760 loss_classifier: 0.1204 loss_box_reg: 0.1961 loss_reid: 1.5919 loss_objectness: 0.0439 loss_rpn_box_reg: 0.0236
epoch 12 [  900/2852] lr: 1.50e-05 loss: 1.9759 loss_classifier: 0.1205 loss_box_reg: 0.1969 loss_reid: 1.5908 loss_objectness: 0.0443 loss_rpn_box_reg: 0.0234
epoch 12 [ 1000/2852] lr: 1.50e-05 loss: 1.9812 loss_classifier: 0.1203 loss_box_reg: 0.1963 loss_reid: 1.5971 loss_objectness: 0.0441 loss_rpn_box_reg: 0.0234
epoch 12 [ 1100/2852] lr: 1.50e-05 loss: 1.9752 loss_classifier: 0.1200 loss_box_reg: 0.1957 loss_reid: 1.5922 loss_objectness: 0.0439 loss_rpn_box_reg: 0.0234
epoch 12 [ 1200/2852] lr: 1.50e-05 loss: 1.9873 loss_classifier: 0.1199 loss_box_reg: 0.1958 loss_reid: 1.6042 loss_objectness: 0.0441 loss_rpn_box_reg: 0.0234
epoch 12 [ 1300/2852] lr: 1.50e-05 loss: 1.9693 loss_classifier: 0.1194 loss_box_reg: 0.1949 loss_reid: 1.5879 loss_objectness: 0.0439 loss_rpn_box_reg: 0.0232
epoch 12 [ 1400/2852] lr: 1.50e-05 loss: 1.9838 loss_classifier: 0.1193 loss_box_reg: 0.1949 loss_reid: 1.6027 loss_objectness: 0.0438 loss_rpn_box_reg: 0.0232
epoch 12 [ 1500/2852] lr: 1.50e-05 loss: 1.9890 loss_classifier: 0.1188 loss_box_reg: 0.1945 loss_reid: 1.6086 loss_objectness: 0.0438 loss_rpn_box_reg: 0.0232
epoch 12 [ 1600/2852] lr: 1.50e-05 loss: 1.9988 loss_classifier: 0.1185 loss_box_reg: 0.1939 loss_reid: 1.6193 loss_objectness: 0.0439 loss_rpn_box_reg: 0.0232
epoch 12 [ 1700/2852] lr: 1.50e-05 loss: 1.9985 loss_classifier: 0.1188 loss_box_reg: 0.1942 loss_reid: 1.6186 loss_objectness: 0.0437 loss_rpn_box_reg: 0.0231
epoch 12 [ 1800/2852] lr: 1.50e-05 loss: 1.9873 loss_classifier: 0.1187 loss_box_reg: 0.1941 loss_reid: 1.6077 loss_objectness: 0.0436 loss_rpn_box_reg: 0.0232
epoch 12 [ 1900/2852] lr: 1.50e-05 loss: 1.9894 loss_classifier: 0.1188 loss_box_reg: 0.1942 loss_reid: 1.6095 loss_objectness: 0.0436 loss_rpn_box_reg: 0.0232
epoch 12 [ 2000/2852] lr: 1.50e-05 loss: 1.9845 loss_classifier: 0.1192 loss_box_reg: 0.1950 loss_reid: 1.6034 loss_objectness: 0.0437 loss_rpn_box_reg: 0.0233
epoch 12 [ 2100/2852] lr: 1.50e-05 loss: 1.9859 loss_classifier: 0.1194 loss_box_reg: 0.1954 loss_reid: 1.6040 loss_objectness: 0.0437 loss_rpn_box_reg: 0.0233
epoch 12 [ 2200/2852] lr: 1.50e-05 loss: 1.9872 loss_classifier: 0.1195 loss_box_reg: 0.1954 loss_reid: 1.6047 loss_objectness: 0.0441 loss_rpn_box_reg: 0.0235
epoch 12 [ 2300/2852] lr: 1.50e-05 loss: 1.9888 loss_classifier: 0.1194 loss_box_reg: 0.1952 loss_reid: 1.6067 loss_objectness: 0.0440 loss_rpn_box_reg: 0.0235
epoch 12 [ 2400/2852] lr: 1.50e-05 loss: 1.9987 loss_classifier: 0.1199 loss_box_reg: 0.1957 loss_reid: 1.6153 loss_objectness: 0.0441 loss_rpn_box_reg: 0.0236
epoch 12 [ 2500/2852] lr: 1.50e-05 loss: 1.9968 loss_classifier: 0.1197 loss_box_reg: 0.1954 loss_reid: 1.6136 loss_objectness: 0.0444 loss_rpn_box_reg: 0.0236
epoch 12 [ 2600/2852] lr: 1.50e-05 loss: 1.9954 loss_classifier: 0.1199 loss_box_reg: 0.1957 loss_reid: 1.6119 loss_objectness: 0.0443 loss_rpn_box_reg: 0.0236
epoch 12 [ 2700/2852] lr: 1.50e-05 loss: 1.9955 loss_classifier: 0.1200 loss_box_reg: 0.1957 loss_reid: 1.6119 loss_objectness: 0.0443 loss_rpn_box_reg: 0.0237
epoch 12 [ 2800/2852] lr: 1.50e-05 loss: 1.9994 loss_classifier: 0.1202 loss_box_reg: 0.1959 loss_reid: 1.6151 loss_objectness: 0.0444 loss_rpn_box_reg: 0.0237
epoch 12 done in 30.4 min
epoch 13 [    0/2852] lr: 1.50e-05 loss: 0.7598 loss_classifier: 0.1350 loss_box_reg: 0.2144 loss_reid: 0.3297 loss_objectness: 0.0531 loss_rpn_box_reg: 0.0276
epoch 13 [  100/2852] lr: 1.50e-05 loss: 1.9429 loss_classifier: 0.1227 loss_box_reg: 0.2065 loss_reid: 1.5473 loss_objectness: 0.0453 loss_rpn_box_reg: 0.0211
epoch 13 [  200/2852] lr: 1.50e-05 loss: 1.8197 loss_classifier: 0.1236 loss_box_reg: 0.2066 loss_reid: 1.4210 loss_objectness: 0.0455 loss_rpn_box_reg: 0.0230
epoch 13 [  300/2852] lr: 1.50e-05 loss: 1.8914 loss_classifier: 0.1268 loss_box_reg: 0.2074 loss_reid: 1.4836 loss_objectness: 0.0478 loss_rpn_box_reg: 0.0258
epoch 13 [  400/2852] lr: 1.50e-05 loss: 1.9152 loss_classifier: 0.1250 loss_box_reg: 0.2035 loss_reid: 1.5146 loss_objectness: 0.0473 loss_rpn_box_reg: 0.0247
epoch 13 [  500/2852] lr: 1.50e-05 loss: 1.9654 loss_classifier: 0.1249 loss_box_reg: 0.2034 loss_reid: 1.5654 loss_objectness: 0.0471 loss_rpn_box_reg: 0.0245
epoch 13 [  600/2852] lr: 1.50e-05 loss: 1.9675 loss_classifier: 0.1242 loss_box_reg: 0.2028 loss_reid: 1.5699 loss_objectness: 0.0464 loss_rpn_box_reg: 0.0242
epoch 13 [  700/2852] lr: 1.50e-05 loss: 1.9746 loss_classifier: 0.1244 loss_box_reg: 0.2034 loss_reid: 1.5778 loss_objectness: 0.0452 loss_rpn_box_reg: 0.0239
epoch 13 [  800/2852] lr: 1.50e-05 loss: 1.9800 loss_classifier: 0.1240 loss_box_reg: 0.2035 loss_reid: 1.5827 loss_objectness: 0.0459 loss_rpn_box_reg: 0.0240
epoch 13 [  900/2852] lr: 1.50e-05 loss: 1.9274 loss_classifier: 0.1231 loss_box_reg: 0.2016 loss_reid: 1.5334 loss_objectness: 0.0457 loss_rpn_box_reg: 0.0237
epoch 13 [ 1000/2852] lr: 1.50e-05 loss: 1.9121 loss_classifier: 0.1229 loss_box_reg: 0.2014 loss_reid: 1.5180 loss_objectness: 0.0461 loss_rpn_box_reg: 0.0237
epoch 13 [ 1100/2852] lr: 1.50e-05 loss: 1.9125 loss_classifier: 0.1225 loss_box_reg: 0.2001 loss_reid: 1.5204 loss_objectness: 0.0458 loss_rpn_box_reg: 0.0237
epoch 13 [ 1200/2852] lr: 1.50e-05 loss: 1.9140 loss_classifier: 0.1217 loss_box_reg: 0.1991 loss_reid: 1.5241 loss_objectness: 0.0456 loss_rpn_box_reg: 0.0236
epoch 13 [ 1300/2852] lr: 1.50e-05 loss: 1.9137 loss_classifier: 0.1219 loss_box_reg: 0.1991 loss_reid: 1.5239 loss_objectness: 0.0454 loss_rpn_box_reg: 0.0235
epoch 13 [ 1400/2852] lr: 1.50e-05 loss: 1.9163 loss_classifier: 0.1224 loss_box_reg: 0.1998 loss_reid: 1.5247 loss_objectness: 0.0458 loss_rpn_box_reg: 0.0237
epoch 13 [ 1500/2852] lr: 1.50e-05 loss: 1.9144 loss_classifier: 0.1214 loss_box_reg: 0.1981 loss_reid: 1.5260 loss_objectness: 0.0453 loss_rpn_box_reg: 0.0235
epoch 13 [ 1600/2852] lr: 1.50e-05 loss: 1.9165 loss_classifier: 0.1208 loss_box_reg: 0.1969 loss_reid: 1.5306 loss_objectness: 0.0450 loss_rpn_box_reg: 0.0233
epoch 13 [ 1700/2852] lr: 1.50e-05 loss: 1.9118 loss_classifier: 0.1203 loss_box_reg: 0.1961 loss_reid: 1.5272 loss_objectness: 0.0447 loss_rpn_box_reg: 0.0233
epoch 13 [ 1800/2852] lr: 1.50e-05 loss: 1.9197 loss_classifier: 0.1200 loss_box_reg: 0.1956 loss_reid: 1.5364 loss_objectness: 0.0445 loss_rpn_box_reg: 0.0233
epoch 13 [ 1900/2852] lr: 1.50e-05 loss: 1.9244 loss_classifier: 0.1197 loss_box_reg: 0.1953 loss_reid: 1.5415 loss_objectness: 0.0446 loss_rpn_box_reg: 0.0233
epoch 13 [ 2000/2852] lr: 1.50e-05 loss: 1.9284 loss_classifier: 0.1193 loss_box_reg: 0.1951 loss_reid: 1.5466 loss_objectness: 0.0443 loss_rpn_box_reg: 0.0232
epoch 13 [ 2100/2852] lr: 1.50e-05 loss: 1.9284 loss_classifier: 0.1190 loss_box_reg: 0.1946 loss_reid: 1.5473 loss_objectness: 0.0443 loss_rpn_box_reg: 0.0232
epoch 13 [ 2200/2852] lr: 1.50e-05 loss: 1.9349 loss_classifier: 0.1188 loss_box_reg: 0.1942 loss_reid: 1.5544 loss_objectness: 0.0444 loss_rpn_box_reg: 0.0232
epoch 13 [ 2300/2852] lr: 1.50e-05 loss: 1.9384 loss_classifier: 0.1185 loss_box_reg: 0.1938 loss_reid: 1.5587 loss_objectness: 0.0443 loss_rpn_box_reg: 0.0231
epoch 13 [ 2400/2852] lr: 1.50e-05 loss: 1.9355 loss_classifier: 0.1184 loss_box_reg: 0.1936 loss_reid: 1.5561 loss_objectness: 0.0442 loss_rpn_box_reg: 0.0232
epoch 13 [ 2500/2852] lr: 1.50e-05 loss: 1.9368 loss_classifier: 0.1185 loss_box_reg: 0.1937 loss_reid: 1.5572 loss_objectness: 0.0443 loss_rpn_box_reg: 0.0232
epoch 13 [ 2600/2852] lr: 1.50e-05 loss: 1.9362 loss_classifier: 0.1184 loss_box_reg: 0.1934 loss_reid: 1.5571 loss_objectness: 0.0442 loss_rpn_box_reg: 0.0231
epoch 13 [ 2700/2852] lr: 1.50e-05 loss: 1.9274 loss_classifier: 0.1184 loss_box_reg: 0.1935 loss_reid: 1.5482 loss_objectness: 0.0441 loss_rpn_box_reg: 0.0231
epoch 13 [ 2800/2852] lr: 1.50e-05 loss: 1.9164 loss_classifier: 0.1186 loss_box_reg: 0.1942 loss_reid: 1.5364 loss_objectness: 0.0441 loss_rpn_box_reg: 0.0231
epoch 13 done in 29.9 min
epoch 14 [    0/2852] lr: 1.50e-06 loss: 1.1446 loss_classifier: 0.1182 loss_box_reg: 0.2180 loss_reid: 0.7490 loss_objectness: 0.0285 loss_rpn_box_reg: 0.0308
epoch 14 [  100/2852] lr: 1.50e-06 loss: 1.9708 loss_classifier: 0.1209 loss_box_reg: 0.1956 loss_reid: 1.5897 loss_objectness: 0.0407 loss_rpn_box_reg: 0.0239
epoch 14 [  200/2852] lr: 1.50e-06 loss: 1.9270 loss_classifier: 0.1225 loss_box_reg: 0.1986 loss_reid: 1.5394 loss_objectness: 0.0430 loss_rpn_box_reg: 0.0235
epoch 14 [  300/2852] lr: 1.50e-06 loss: 1.8703 loss_classifier: 0.1212 loss_box_reg: 0.1986 loss_reid: 1.4849 loss_objectness: 0.0415 loss_rpn_box_reg: 0.0240
epoch 14 [  400/2852] lr: 1.50e-06 loss: 1.8157 loss_classifier: 0.1205 loss_box_reg: 0.1979 loss_reid: 1.4328 loss_objectness: 0.0408 loss_rpn_box_reg: 0.0236
epoch 14 [  500/2852] lr: 1.50e-06 loss: 1.8356 loss_classifier: 0.1206 loss_box_reg: 0.1979 loss_reid: 1.4536 loss_objectness: 0.0402 loss_rpn_box_reg: 0.0233
epoch 14 [  600/2852] lr: 1.50e-06 loss: 1.8026 loss_classifier: 0.1197 loss_box_reg: 0.1964 loss_reid: 1.4225 loss_objectness: 0.0408 loss_rpn_box_reg: 0.0233
epoch 14 [  700/2852] lr: 1.50e-06 loss: 1.7868 loss_classifier: 0.1202 loss_box_reg: 0.1973 loss_reid: 1.4049 loss_objectness: 0.0410 loss_rpn_box_reg: 0.0235
epoch 14 [  800/2852] lr: 1.50e-06 loss: 1.7947 loss_classifier: 0.1191 loss_box_reg: 0.1962 loss_reid: 1.4154 loss_objectness: 0.0408 loss_rpn_box_reg: 0.0232
epoch 14 [  900/2852] lr: 1.50e-06 loss: 1.7840 loss_classifier: 0.1186 loss_box_reg: 0.1960 loss_reid: 1.4048 loss_objectness: 0.0414 loss_rpn_box_reg: 0.0232
epoch 14 [ 1000/2852] lr: 1.50e-06 loss: 1.8273 loss_classifier: 0.1182 loss_box_reg: 0.1958 loss_reid: 1.4479 loss_objectness: 0.0422 loss_rpn_box_reg: 0.0233
epoch 14 [ 1100/2852] lr: 1.50e-06 loss: 1.8331 loss_classifier: 0.1184 loss_box_reg: 0.1960 loss_reid: 1.4530 loss_objectness: 0.0423 loss_rpn_box_reg: 0.0234
epoch 14 [ 1200/2852] lr: 1.50e-06 loss: 1.8426 loss_classifier: 0.1186 loss_box_reg: 0.1961 loss_reid: 1.4619 loss_objectness: 0.0425 loss_rpn_box_reg: 0.0236
epoch 14 [ 1300/2852] lr: 1.50e-06 loss: 1.8463 loss_classifier: 0.1186 loss_box_reg: 0.1961 loss_reid: 1.4659 loss_objectness: 0.0422 loss_rpn_box_reg: 0.0234
epoch 14 [ 1400/2852] lr: 1.50e-06 loss: 1.8655 loss_classifier: 0.1191 loss_box_reg: 0.1966 loss_reid: 1.4837 loss_objectness: 0.0424 loss_rpn_box_reg: 0.0237
epoch 14 [ 1500/2852] lr: 1.50e-06 loss: 1.8658 loss_classifier: 0.1188 loss_box_reg: 0.1956 loss_reid: 1.4851 loss_objectness: 0.0426 loss_rpn_box_reg: 0.0237
epoch 14 [ 1600/2852] lr: 1.50e-06 loss: 1.8578 loss_classifier: 0.1190 loss_box_reg: 0.1959 loss_reid: 1.4765 loss_objectness: 0.0427 loss_rpn_box_reg: 0.0237
epoch 14 [ 1700/2852] lr: 1.50e-06 loss: 1.8634 loss_classifier: 0.1191 loss_box_reg: 0.1960 loss_reid: 1.4820 loss_objectness: 0.0427 loss_rpn_box_reg: 0.0236
epoch 14 [ 1800/2852] lr: 1.50e-06 loss: 1.8642 loss_classifier: 0.1190 loss_box_reg: 0.1962 loss_reid: 1.4827 loss_objectness: 0.0427 loss_rpn_box_reg: 0.0236
epoch 14 [ 1900/2852] lr: 1.50e-06 loss: 1.8746 loss_classifier: 0.1189 loss_box_reg: 0.1957 loss_reid: 1.4940 loss_objectness: 0.0426 loss_rpn_box_reg: 0.0234
epoch 14 [ 2000/2852] lr: 1.50e-06 loss: 1.8603 loss_classifier: 0.1185 loss_box_reg: 0.1954 loss_reid: 1.4803 loss_objectness: 0.0427 loss_rpn_box_reg: 0.0234
epoch 14 [ 2100/2852] lr: 1.50e-06 loss: 1.8697 loss_classifier: 0.1184 loss_box_reg: 0.1952 loss_reid: 1.4899 loss_objectness: 0.0427 loss_rpn_box_reg: 0.0234
epoch 14 [ 2200/2852] lr: 1.50e-06 loss: 1.8674 loss_classifier: 0.1185 loss_box_reg: 0.1956 loss_reid: 1.4872 loss_objectness: 0.0427 loss_rpn_box_reg: 0.0235
epoch 14 [ 2300/2852] lr: 1.50e-06 loss: 1.8646 loss_classifier: 0.1186 loss_box_reg: 0.1953 loss_reid: 1.4842 loss_objectness: 0.0429 loss_rpn_box_reg: 0.0235
epoch 14 [ 2400/2852] lr: 1.50e-06 loss: 1.8676 loss_classifier: 0.1183 loss_box_reg: 0.1946 loss_reid: 1.4882 loss_objectness: 0.0430 loss_rpn_box_reg: 0.0234
epoch 14 [ 2500/2852] lr: 1.50e-06 loss: 1.8708 loss_classifier: 0.1187 loss_box_reg: 0.1950 loss_reid: 1.4903 loss_objectness: 0.0433 loss_rpn_box_reg: 0.0235
epoch 14 [ 2600/2852] lr: 1.50e-06 loss: 1.8664 loss_classifier: 0.1186 loss_box_reg: 0.1950 loss_reid: 1.4861 loss_objectness: 0.0432 loss_rpn_box_reg: 0.0235
epoch 14 [ 2700/2852] lr: 1.50e-06 loss: 1.8586 loss_classifier: 0.1189 loss_box_reg: 0.1952 loss_reid: 1.4779 loss_objectness: 0.0431 loss_rpn_box_reg: 0.0235
epoch 14 [ 2800/2852] lr: 1.50e-06 loss: 1.8674 loss_classifier: 0.1189 loss_box_reg: 0.1951 loss_reid: 1.4867 loss_objectness: 0.0433 loss_rpn_box_reg: 0.0234
epoch 14 done in 30.3 min
epoch 15 [    0/2852] lr: 1.50e-06 loss: 0.4363 loss_classifier: 0.0841 loss_box_reg: 0.1249 loss_reid: 0.1943 loss_objectness: 0.0218 loss_rpn_box_reg: 0.0113
epoch 15 [  100/2852] lr: 1.50e-06 loss: 1.8921 loss_classifier: 0.1192 loss_box_reg: 0.1931 loss_reid: 1.5120 loss_objectness: 0.0467 loss_rpn_box_reg: 0.0212
epoch 15 [  200/2852] lr: 1.50e-06 loss: 1.8060 loss_classifier: 0.1183 loss_box_reg: 0.1942 loss_reid: 1.4270 loss_objectness: 0.0438 loss_rpn_box_reg: 0.0227
epoch 15 [  300/2852] lr: 1.50e-06 loss: 1.7736 loss_classifier: 0.1211 loss_box_reg: 0.1970 loss_reid: 1.3880 loss_objectness: 0.0447 loss_rpn_box_reg: 0.0228
epoch 15 [  400/2852] lr: 1.50e-06 loss: 1.7491 loss_classifier: 0.1197 loss_box_reg: 0.1959 loss_reid: 1.3658 loss_objectness: 0.0447 loss_rpn_box_reg: 0.0230
epoch 15 [  500/2852] lr: 1.50e-06 loss: 1.7466 loss_classifier: 0.1188 loss_box_reg: 0.1940 loss_reid: 1.3658 loss_objectness: 0.0445 loss_rpn_box_reg: 0.0235
epoch 15 [  600/2852] lr: 1.50e-06 loss: 1.7849 loss_classifier: 0.1188 loss_box_reg: 0.1932 loss_reid: 1.4064 loss_objectness: 0.0434 loss_rpn_box_reg: 0.0231
epoch 15 [  700/2852] lr: 1.50e-06 loss: 1.7970 loss_classifier: 0.1187 loss_box_reg: 0.1935 loss_reid: 1.4192 loss_objectness: 0.0426 loss_rpn_box_reg: 0.0230
epoch 15 [  800/2852] lr: 1.50e-06 loss: 1.8251 loss_classifier: 0.1187 loss_box_reg: 0.1932 loss_reid: 1.4483 loss_objectness: 0.0422 loss_rpn_box_reg: 0.0228
epoch 15 [  900/2852] lr: 1.50e-06 loss: 1.8285 loss_classifier: 0.1179 loss_box_reg: 0.1919 loss_reid: 1.4537 loss_objectness: 0.0422 loss_rpn_box_reg: 0.0227
epoch 15 [ 1000/2852] lr: 1.50e-06 loss: 1.8225 loss_classifier: 0.1189 loss_box_reg: 0.1939 loss_reid: 1.4447 loss_objectness: 0.0422 loss_rpn_box_reg: 0.0227
epoch 15 [ 1100/2852] lr: 1.50e-06 loss: 1.8289 loss_classifier: 0.1189 loss_box_reg: 0.1945 loss_reid: 1.4509 loss_objectness: 0.0420 loss_rpn_box_reg: 0.0226
epoch 15 [ 1200/2852] lr: 1.50e-06 loss: 1.8070 loss_classifier: 0.1183 loss_box_reg: 0.1939 loss_reid: 1.4298 loss_objectness: 0.0423 loss_rpn_box_reg: 0.0226
epoch 15 [ 1300/2852] lr: 1.50e-06 loss: 1.8095 loss_classifier: 0.1179 loss_box_reg: 0.1937 loss_reid: 1.4329 loss_objectness: 0.0422 loss_rpn_box_reg: 0.0228
epoch 15 [ 1400/2852] lr: 1.50e-06 loss: 1.8046 loss_classifier: 0.1174 loss_box_reg: 0.1932 loss_reid: 1.4290 loss_objectness: 0.0422 loss_rpn_box_reg: 0.0228
epoch 15 [ 1500/2852] lr: 1.50e-06 loss: 1.8164 loss_classifier: 0.1175 loss_box_reg: 0.1931 loss_reid: 1.4408 loss_objectness: 0.0421 loss_rpn_box_reg: 0.0229
epoch 15 [ 1600/2852] lr: 1.50e-06 loss: 1.8251 loss_classifier: 0.1175 loss_box_reg: 0.1933 loss_reid: 1.4493 loss_objectness: 0.0421 loss_rpn_box_reg: 0.0229
epoch 15 [ 1700/2852] lr: 1.50e-06 loss: 1.8138 loss_classifier: 0.1172 loss_box_reg: 0.1926 loss_reid: 1.4389 loss_objectness: 0.0423 loss_rpn_box_reg: 0.0230
epoch 15 [ 1800/2852] lr: 1.50e-06 loss: 1.8088 loss_classifier: 0.1171 loss_box_reg: 0.1923 loss_reid: 1.4343 loss_objectness: 0.0422 loss_rpn_box_reg: 0.0229
epoch 15 [ 1900/2852] lr: 1.50e-06 loss: 1.8143 loss_classifier: 0.1177 loss_box_reg: 0.1935 loss_reid: 1.4376 loss_objectness: 0.0426 loss_rpn_box_reg: 0.0230
epoch 15 [ 2000/2852] lr: 1.50e-06 loss: 1.8083 loss_classifier: 0.1178 loss_box_reg: 0.1939 loss_reid: 1.4307 loss_objectness: 0.0427 loss_rpn_box_reg: 0.0232
epoch 15 [ 2100/2852] lr: 1.50e-06 loss: 1.8230 loss_classifier: 0.1178 loss_box_reg: 0.1939 loss_reid: 1.4454 loss_objectness: 0.0428 loss_rpn_box_reg: 0.0230
epoch 15 [ 2200/2852] lr: 1.50e-06 loss: 1.8199 loss_classifier: 0.1179 loss_box_reg: 0.1940 loss_reid: 1.4423 loss_objectness: 0.0428 loss_rpn_box_reg: 0.0229
epoch 15 [ 2300/2852] lr: 1.50e-06 loss: 1.8264 loss_classifier: 0.1179 loss_box_reg: 0.1942 loss_reid: 1.4483 loss_objectness: 0.0431 loss_rpn_box_reg: 0.0230
epoch 15 [ 2400/2852] lr: 1.50e-06 loss: 1.8339 loss_classifier: 0.1179 loss_box_reg: 0.1942 loss_reid: 1.4557 loss_objectness: 0.0432 loss_rpn_box_reg: 0.0230
epoch 15 [ 2500/2852] lr: 1.50e-06 loss: 1.8286 loss_classifier: 0.1177 loss_box_reg: 0.1941 loss_reid: 1.4507 loss_objectness: 0.0431 loss_rpn_box_reg: 0.0229
epoch 15 [ 2600/2852] lr: 1.50e-06 loss: 1.8300 loss_classifier: 0.1177 loss_box_reg: 0.1942 loss_reid: 1.4522 loss_objectness: 0.0431 loss_rpn_box_reg: 0.0229
epoch 15 [ 2700/2852] lr: 1.50e-06 loss: 1.8287 loss_classifier: 0.1176 loss_box_reg: 0.1941 loss_reid: 1.4512 loss_objectness: 0.0429 loss_rpn_box_reg: 0.0228
epoch 15 [ 2800/2852] lr: 1.50e-06 loss: 1.8252 loss_classifier: 0.1179 loss_box_reg: 0.1946 loss_reid: 1.4469 loss_objectness: 0.0430 loss_rpn_box_reg: 0.0228
epoch 15 done in 30.4 min
search ranking:
  mAP = 20.70%
  top- 1 = 57.07%
