train: 5704 images, 483 identities
epoch 0 [    0/2852] lr: 3.00e-06 loss: 8.3091 loss_classifier: 0.7156 loss_box_reg: 0.0200 loss_reid: 6.8906 loss_objectness: 0.6779 loss_rpn_box_reg: 0.0049
epoch 0 [  100/2852] lr: 1.53e-04 loss: 18.6103 loss_classifier: 0.6382 loss_box_reg: 0.0115 loss_reid: 17.2784 loss_objectness: 0.6755 loss_rpn_box_reg: 0.0067
epoch 0 [  200/2852] lr: 3.03e-04 loss: 18.1386 loss_classifier: 0.5085 loss_box_reg: 0.0153 loss_reid: 16.9404 loss_objectness: 0.6673 loss_rpn_box_reg: 0.0070
epoch 0 [  300/2852] lr: 4.53e-04 loss: 17.7189 loss_classifier: 0.3970 loss_box_reg: 0.0193 loss_reid: 16.6414 loss_objectness: 0.6542 loss_rpn_box_reg: 0.0071
epoch 0 [  400/2852] lr: 6.02e-04 loss: 17.3159 loss_classifier: 0.3211 loss_box_reg: 0.0219 loss_reid: 16.3314 loss_objectness: 0.6345 loss_rpn_box_reg: 0.0071
epoch 0 [  500/2852] lr: 7.52e-04 loss: 17.0732 loss_classifier: 0.2731 loss_box_reg: 0.0242 loss_reid: 16.1623 loss_objectness: 0.6064 loss_rpn_box_reg: 0.0072
epoch 0 [  600/2852] lr: 9.02e-04 loss: 16.7857 loss_classifier: 0.2392 loss_box_reg: 0.0252 loss_reid: 15.9477 loss_objectness: 0.5666 loss_rpn_box_reg: 0.0070
epoch 0 [  700/2852] lr: 1.05e-03 loss: 16.7628 loss_classifier: 0.2152 loss_box_reg: 0.0264 loss_reid: 15.9953 loss_objectness: 0.5190 loss_rpn_box_reg: 0.0070
epoch 0 [  800/2852] lr: 1.20e-03 loss: 16.7556 loss_classifier: 0.1970 loss_box_reg: 0.0274 loss_reid: 16.0531 loss_objectness: 0.4713 loss_rpn_box_reg: 0.0070
epoch 0 [  900/2852] lr: 1.35e-03 loss: 16.7987 loss_classifier: 0.1829 loss_box_reg: 0.0284 loss_reid: 16.1519 loss_objectness: 0.4285 loss_rpn_box_reg: 0.0070
epoch 0 [ 1000/2852] lr: 1.50e-03 loss: 16.8522 loss_classifier: 0.1717 loss_box_reg: 0.0294 loss_reid: 16.2524 loss_objectness: 0.3919 loss_rpn_box_reg: 0.0069
epoch 0 [ 1100/2852] lr: 1.50e-03 loss: 16.8525 loss_classifier: 0.1621 loss_box_reg: 0.0298 loss_reid: 16.2930 loss_objectness: 0.3608 loss_rpn_box_reg: 0.0068
epoch 0 [ 1200/2852] lr: 1.50e-03 loss: 16.9464 loss_classifier: 0.1543 loss_box_reg: 0.0303 loss_reid: 16.4202 loss_objectness: 0.3348 loss_rpn_box_reg: 0.0069
epoch 0 [ 1300/2852] lr: 1.50e-03 loss: 16.9857 loss_classifier: 0.1476 loss_box_reg: 0.0309 loss_reid: 16.4879 loss_objectness: 0.3124 loss_rpn_box_reg: 0.0068
epoch 0 [ 1400/2852] lr: 1.50e-03 loss: 17.0107 loss_classifier: 0.1423 loss_box_reg: 0.0318 loss_reid: 16.5368 loss_objectness: 0.2931 loss_rpn_box_reg: 0.0068
epoch 0 [ 1500/2852] lr: 1.50e-03 loss: 16.9862 loss_classifier: 0.1375 loss_box_reg: 0.0324 loss_reid: 16.5335 loss_objectness: 0.2760 loss_rpn_box_reg: 0.0067
epoch 0 [ 1600/2852] lr: 1.50e-03 loss: 17.0230 loss_classifier: 0.1333 loss_box_reg: 0.0331 loss_reid: 16.5888 loss_objectness: 0.2611 loss_rpn_box_reg: 0.0067
epoch 0 [ 1700/2852] lr: 1.50e-03 loss: 17.0395 loss_classifier: 0.1293 loss_box_reg: 0.0337 loss_reid: 16.6220 loss_objectness: 0.2478 loss_rpn_box_reg: 0.0067
epoch 0 [ 1800/2852] lr: 1.50e-03 loss: 17.0729 loss_classifier: 0.1261 loss_box_reg: 0.0345 loss_reid: 16.6694 loss_objectness: 0.2361 loss_rpn_box_reg: 0.0067
epoch 0 [ 1900/2852] lr: 1.50e-03 loss: 17.1233 loss_classifier: 0.1232 loss_box_reg: 0.0353 loss_reid: 16.7324 loss_objectness: 0.2256 loss_rpn_box_reg: 0.0067
epoch 0 [ 2000/2852] lr: 1.50e-03 loss: 17.1163 loss_classifier: 0.1204 loss_box_reg: 0.0358 loss_reid: 16.7375 loss_objectness: 0.2159 loss_rpn_box_reg: 0.0067
epoch 0 [ 2100/2852] lr: 1.50e-03 loss: 17.1100 loss_classifier: 0.1180 loss_box_reg: 0.0364 loss_reid: 16.7418 loss_objectness: 0.2072 loss_rpn_box_reg: 0.0066
epoch 0 [ 2200/2852] lr: 1.50e-03 loss: 17.1069 loss_classifier: 0.1159 loss_box_reg: 0.0371 loss_reid: 16.7481 loss_objectness: 0.1992 loss_rpn_box_reg: 0.0066
epoch 0 [ 2300/2852] lr: 1.50e-03 loss: 17.0942 loss_classifier: 0.1142 loss_box_reg: 0.0379 loss_reid: 16.7437 loss_objectness: 0.1918 loss_rpn_box_reg: 0.0066
epoch 0 [ 2400/2852] lr: 1.50e-03 loss: 17.1132 loss_classifier: 0.1124 loss_box_reg: 0.0385 loss_reid: 16.7707 loss_objectness: 0.1851 loss_rpn_box_reg: 0.0065
epoch 0 [ 2500/2852] lr: 1.50e-03 loss: 17.1114 loss_classifier: 0.1111 loss_box_reg: 0.0394 loss_reid: 16.7755 loss_objectness: 0.1789 loss_rpn_box_reg: 0.0065
epoch 0 [ 2600/2852] lr: 1.50e-03 loss: 17.1177 loss_classifier: 0.1098 loss_box_reg: 0.0402 loss_reid: 16.7880 loss_objectness: 0.1732 loss_rpn_box_reg: 0.0065
epoch 0 [ 2700/2852] lr: 1.50e-03 loss: 17.1036 loss_classifier: 0.1085 loss_box_reg: 0.0409 loss_reid: 16.7800 loss_objectness: 0.1678 loss_rpn_box_reg: 0.0064
epoch 0 [ 2800/2852] lr: 1.50e-03 loss: 17.0977 loss_classifier: 0.1073 loss_box_reg: 0.0416 loss_reid: 16.7795 loss_objectness: 0.1628 loss_rpn_box_reg: 0.0064
epoch 0 done in 11.0 min
epoch 1 [    0/2852] lr: 1.50e-03 loss: 20.8344 loss_classifier: 0.1114 loss_box_reg: 0.0939 loss_reid: 20.5871 loss_objectness: 0.0332 loss_rpn_box_reg: 0.0089
epoch 1 [  100/2852] lr: 1.50e-03 loss: 16.3851 loss_classifier: 0.0758 loss_box_reg: 0.0612 loss_reid: 16.2152 loss_objectness: 0.0272 loss_rpn_box_reg: 0.0057
epoch 1 [  200/2852] lr: 1.50e-03 loss: 16.6039 loss_classifier: 0.0749 loss_box_reg: 0.0596 loss_reid: 16.4377 loss_objectness: 0.0263 loss_rpn_box_reg: 0.0055
epoch 1 [  300/2852] lr: 1.50e-03 loss: 16.6289 loss_classifier: 0.0759 loss_box_reg: 0.0607 loss_reid: 16.4603 loss_objectness: 0.0265 loss_rpn_box_reg: 0.0056
epoch 1 [  400/2852] lr: 1.50e-03 loss: 16.5994 loss_classifier: 0.0761 loss_box_reg: 0.0613 loss_reid: 16.4309 loss_objectness: 0.0255 loss_rpn_box_reg: 0.0055
epoch 1 [  500/2852] lr: 1.50e-03 loss: 16.6266 loss_classifier: 0.0773 loss_box_reg: 0.0624 loss_reid: 16.4560 loss_objectness: 0.0254 loss_rpn_box_reg: 0.0055
epoch 1 [  600/2852] lr: 1.50e-03 loss: 16.7769 loss_classifier: 0.0778 loss_box_reg: 0.0630 loss_reid: 16.6055 loss_objectness: 0.0252 loss_rpn_box_reg: 0.0055
epoch 1 [  700/2852] lr: 1.50e-03 loss: 16.7720 loss_classifier: 0.0771 loss_box_reg: 0.0626 loss_reid: 16.6020 loss_objectness: 0.0249 loss_rpn_box_reg: 0.0054
epoch 1 [  800/2852] lr: 1.50e-03 loss: 16.7480 loss_classifier: 0.0773 loss_box_reg: 0.0629 loss_reid: 16.5780 loss_objectness: 0.0245 loss_rpn_box_reg: 0.0054
epoch 1 [  900/2852] lr: 1.50e-03 loss: 16.7350 loss_classifier: 0.0779 loss_box_reg: 0.0637 loss_reid: 16.5635 loss_objectness: 0.0244 loss_rpn_box_reg: 0.0054
epoch 1 [ 1000/2852] lr: 1.50e-03 loss: 16.7071 loss_classifier: 0.0783 loss_box_reg: 0.0642 loss_reid: 16.5350 loss_objectness: 0.0241 loss_rpn_box_reg: 0.0054
epoch 1 [ 1100/2852] lr: 1.50e-03 loss: 16.6883 loss_classifier: 0.0788 loss_box_reg: 0.0649 loss_reid: 16.5152 loss_objectness: 0.0239 loss_rpn_box_reg: 0.0054
epoch 1 [ 1200/2852] lr: 1.50e-03 loss: 16.6072 loss_classifier: 0.0790 loss_box_reg: 0.0654 loss_reid: 16.4338 loss_objectness: 0.0236 loss_rpn_box_reg: 0.0054
epoch 1 [ 1300/2852] lr: 1.50e-03 loss: 16.6056 loss_classifier: 0.0796 loss_box_reg: 0.0661 loss_reid: 16.4311 loss_objectness: 0.0234 loss_rpn_box_reg: 0.0054
epoch 1 [ 1400/2852] lr: 1.50e-03 loss: 16.6194 loss_classifier: 0.0798 loss_box_reg: 0.0666 loss_reid: 16.4446 loss_objectness: 0.0230 loss_rpn_box_reg: 0.0054
epoch 1 [ 1500/2852] lr: 1.50e-03 loss: 16.6430 loss_classifier: 0.0805 loss_box_reg: 0.0675 loss_reid: 16.4669 loss_objectness: 0.0227 loss_rpn_box_reg: 0.0054
epoch 1 [ 1600/2852] lr: 1.50e-03 loss: 16.6240 loss_classifier: 0.0813 loss_box_reg: 0.0688 loss_reid: 16.4460 loss_objectness: 0.0225 loss_rpn_box_reg: 0.0054
epoch 1 [ 1700/2852] lr: 1.50e-03 loss: 16.5792 loss_classifier: 0.0814 loss_box_reg: 0.0691 loss_reid: 16.4011 loss_objectness: 0.0222 loss_rpn_box_reg: 0.0053
epoch 1 [ 1800/2852] lr: 1.50e-03 loss: 16.5522 loss_classifier: 0.0817 loss_box_reg: 0.0696 loss_reid: 16.3736 loss_objectness: 0.0220 loss_rpn_box_reg: 0.0053
epoch 1 [ 1900/2852] lr: 1.50e-03 loss: 16.5108 loss_classifier: 0.0818 loss_box_reg: 0.0699 loss_reid: 16.3322 loss_objectness: 0.0217 loss_rpn_box_reg: 0.0053
epoch 1 [ 2000/2852] lr: 1.50e-03 loss: 16.4623 loss_classifier: 0.0819 loss_box_reg: 0.0702 loss_reid: 16.2835 loss_objectness: 0.0215 loss_rpn_box_reg: 0.0053
epoch 1 [ 2100/2852] lr: 1.50e-03 loss: 16.4317 loss_classifier: 0.0823 loss_box_reg: 0.0708 loss_reid: 16.2521 loss_objectness: 0.0212 loss_rpn_box_reg: 0.0053
epoch 1 [ 2200/2852] lr: 1.50e-03 loss: 16.4095 loss_classifier: 0.0830 loss_box_reg: 0.0718 loss_reid: 16.2284 loss_objectness: 0.0211 loss_rpn_box_reg: 0.0053
epoch 1 [ 2300/2852] lr: 1.50e-03 loss: 16.3645 loss_classifier: 0.0830 loss_box_reg: 0.0720 loss_reid: 16.1834 loss_objectness: 0.0209 loss_rpn_box_reg: 0.0052
epoch 1 [ 2400/2852] lr: 1.50e-03 loss: 16.3405 loss_classifier: 0.0835 loss_box_reg: 0.0728 loss_reid: 16.1583 loss_objectness: 0.0207 loss_rpn_box_reg: 0.0052
epoch 1 [ 2500/2852] lr: 1.50e-03 loss: 16.2939 loss_classifier: 0.0840 loss_box_reg: 0.0735 loss_reid: 16.1107 loss_objectness: 0.0206 loss_rpn_box_reg: 0.0052
epoch 1 [ 2600/2852] lr: 1.50e-03 loss: 16.2621 loss_classifier: 0.0845 loss_box_reg: 0.0742 loss_reid: 16.0778 loss_objectness: 0.0204 loss_rpn_box_reg: 0.0052
epoch 1 [ 2700/2852] lr: 1.50e-03 loss: 16.2225 loss_classifier: 0.0846 loss_box_reg: 0.0746 loss_reid: 16.0380 loss_objectness: 0.0202 loss_rpn_box_reg: 0.0052
epoch 1 [ 2800/2852] lr: 1.50e-03 loss: 16.1806 loss_classifier: 0.0848 loss_box_reg: 0.0752 loss_reid: 15.9954 loss_objectness: 0.0200 loss_rpn_box_reg: 0.0052
epoch 1 done in 11.4 min
epoch 2 [    0/2852] lr: 1.50e-03 loss: 12.5268 loss_classifier: 0.0505 loss_box_reg: 0.0308 loss_reid: 12.4366 loss_objectness: 0.0077 loss_rpn_box_reg: 0.0012
epoch 2 [  100/2852] lr: 1.50e-03 loss: 14.5538 loss_classifier: 0.0882 loss_box_reg: 0.0870 loss_reid: 14.3588 loss_objectness: 0.0155 loss_rpn_box_reg: 0.0043
epoch 2 [  200/2852] lr: 1.50e-03 loss: 14.7633 loss_classifier: 0.0912 loss_box_reg: 0.0907 loss_reid: 14.5616 loss_objectness: 0.0154 loss_rpn_box_reg: 0.0044
epoch 2 [  300/2852] lr: 1.50e-03 loss: 14.5817 loss_classifier: 0.0919 loss_box_reg: 0.0918 loss_reid: 14.3790 loss_objectness: 0.0147 loss_rpn_box_reg: 0.0043
epoch 2 [  400/2852] lr: 1.50e-03 loss: 14.4152 loss_classifier: 0.0938 loss_box_reg: 0.0935 loss_reid: 14.2087 loss_objectness: 0.0149 loss_rpn_box_reg: 0.0044
epoch 2 [  500/2852] lr: 1.50e-03 loss: 14.2958 loss_classifier: 0.0956 loss_box_reg: 0.0963 loss_reid: 14.0849 loss_objectness: 0.0145 loss_rpn_box_reg: 0.0044
epoch 2 [  600/2852] lr: 1.50e-03 loss: 14.2749 loss_classifier: 0.0956 loss_box_reg: 0.0962 loss_reid: 14.0643 loss_objectness: 0.0145 loss_rpn_box_reg: 0.0044
epoch 2 [  700/2852] lr: 1.50e-03 loss: 14.1397 loss_classifier: 0.0949 loss_box_reg: 0.0954 loss_reid: 13.9308 loss_objectness: 0.0143 loss_rpn_box_reg: 0.0043
epoch 2 [  800/2852] lr: 1.50e-03 loss: 14.1033 loss_classifier: 0.0957 loss_box_reg: 0.0967 loss_reid: 13.8925 loss_objectness: 0.0141 loss_rpn_box_reg: 0.0043
epoch 2 [  900/2852] lr: 1.50e-03 loss: 14.0259 loss_classifier: 0.0958 loss_box_reg: 0.0972 loss_reid: 13.8149 loss_objectness: 0.0138 loss_rpn_box_reg: 0.0042
epoch 2 [ 1000/2852] lr: 1.50e-03 loss: 13.8511 loss_classifier: 0.0966 loss_box_reg: 0.0981 loss_reid: 13.6384 loss_objectness: 0.0138 loss_rpn_box_reg: 0.0042
epoch 2 [ 1100/2852] lr: 1.50e-03 loss: 13.7440 loss_classifier: 0.0974 loss_box_reg: 0.0994 loss_reid: 13.5292 loss_objectness: 0.0137 loss_rpn_box_reg: 0.0042
epoch 2 [ 1200/2852] lr: 1.50e-03 loss: 13.6616 loss_classifier: 0.0982 loss_box_reg: 0.1008 loss_reid: 13.4450 loss_objectness: 0.0135 loss_rpn_box_reg: 0.0042
epoch 2 [ 1300/2852] lr: 1.50e-03 loss: 13.5781 loss_classifier: 0.0978 loss_box_reg: 0.1008 loss_reid: 13.3619 loss_objectness: 0.0133 loss_rpn_box_reg: 0.0042
epoch 2 [ 1400/2852] lr: 1.50e-03 loss: 13.4761 loss_classifier: 0.0981 loss_box_reg: 0.1013 loss_reid: 13.2593 loss_objectness: 0.0132 loss_rpn_box_reg: 0.0042
epoch 2 [ 1500/2852] lr: 1.50e-03 loss: 13.3295 loss_classifier: 0.0980 loss_box_reg: 0.1013 loss_reid: 13.1128 loss_objectness: 0.0132 loss_rpn_box_reg: 0.0042
epoch 2 [ 1600/2852] lr: 1.50e-03 loss: 13.2175 loss_classifier: 0.0983 loss_box_reg: 0.1023 loss_reid: 12.9997 loss_objectness: 0.0130 loss_rpn_box_reg: 0.0042
epoch 2 [ 1700/2852] lr: 1.50e-03 loss: 13.0895 loss_classifier: 0.0987 loss_box_reg: 0.1029 loss_reid: 12.8708 loss_objectness: 0.0129 loss_rpn_box_reg: 0.0042
epoch 2 [ 1800/2852] lr: 1.50e-03 loss: 12.9751 loss_classifier: 0.0987 loss_box_reg: 0.1032 loss_reid: 12.7561 loss_objectness: 0.0128 loss_rpn_box_reg: 0.0042
epoch 2 [ 1900/2852] lr: 1.50e-03 loss: 12.8658 loss_classifier: 0.0990 loss_box_reg: 0.1039 loss_reid: 12.6459 loss_objectness: 0.0128 loss_rpn_box_reg: 0.0042
epoch 2 [ 2000/2852] lr: 1.50e-03 loss: 12.7512 loss_classifier: 0.0994 loss_box_reg: 0.1044 loss_reid: 12.5305 loss_objectness: 0.0128 loss_rpn_box_reg: 0.0042
epoch 2 [ 2100/2852] lr: 1.50e-03 loss: 12.6400 loss_classifier: 0.0996 loss_box_reg: 0.1049 loss_reid: 12.4186 loss_objectness: 0.0127 loss_rpn_box_reg: 0.0042
epoch 2 [ 2200/2852] lr: 1.50e-03 loss: 12.5133 loss_classifier: 0.0997 loss_box_reg: 0.1053 loss_reid: 12.2914 loss_objectness: 0.0126 loss_rpn_box_reg: 0.0042
epoch 2 [ 2300/2852] lr: 1.50e-03 loss: 12.3901 loss_classifier: 0.0998 loss_box_reg: 0.1057 loss_reid: 12.1678 loss_objectness: 0.0126 loss_rpn_box_reg: 0.0042
epoch 2 [ 2400/2852] lr: 1.50e-03 loss: 12.2485 loss_classifier: 0.0998 loss_box_reg: 0.1061 loss_reid: 12.0260 loss_objectness: 0.0124 loss_rpn_box_reg: 0.0042
epoch 2 [ 2500/2852] lr: 1.50e-03 loss: 12.1292 loss_classifier: 0.0996 loss_box_reg: 0.1062 loss_reid: 11.9068 loss_objectness: 0.0123 loss_rpn_box_reg: 0.0041
epoch 2 [ 2600/2852] lr: 1.50e-03 loss: 12.0025 loss_classifier: 0.0998 loss_box_reg: 0.1068 loss_reid: 11.7795 loss_objectness: 0.0123 loss_rpn_box_reg: 0.0041
epoch 2 [ 2700/2852] lr: 1.50e-03 loss: 11.8949 loss_classifier: 0.1001 loss_box_reg: 0.1073 loss_reid: 11.6713 loss_objectness: 0.0121 loss_rpn_box_reg: 0.0041
epoch 2 [ 2800/2852] lr: 1.50e-03 loss: 11.7724 loss_classifier: 0.1000 loss_box_reg: 0.1077 loss_reid: 11.5486 loss_objectness: 0.0120 loss_rpn_box_reg: 0.0041
epoch 2 done in 11.3 min
epoch 3 [    0/2852] lr: 1.50e-03 loss: 9.1449 loss_classifier: 0.1290 loss_box_reg: 0.1426 loss_reid: 8.8598 loss_objectness: 0.0091 loss_rpn_box_reg: 0.0045
epoch 3 [  100/2852] lr: 1.50e-03 loss: 8.2954 loss_classifier: 0.0927 loss_box_reg: 0.1076 loss_reid: 8.0822 loss_objectness: 0.0092 loss_rpn_box_reg: 0.0035
epoch 3 [  200/2852] lr: 1.50e-03 loss: 8.1422 loss_classifier: 0.0934 loss_box_reg: 0.1081 loss_reid: 7.9282 loss_objectness: 0.0092 loss_rpn_box_reg: 0.0033
epoch 3 [  300/2852] lr: 1.50e-03 loss: 8.0455 loss_classifier: 0.0951 loss_box_reg: 0.1118 loss_reid: 7.8252 loss_objectness: 0.0098 loss_rpn_box_reg: 0.0036
epoch 3 [  400/2852] lr: 1.50e-03 loss: 7.9999 loss_classifier: 0.0946 loss_box_reg: 0.1113 loss_reid: 7.7811 loss_objectness: 0.0094 loss_rpn_box_reg: 0.0035
epoch 3 [  500/2852] lr: 1.50e-03 loss: 7.9246 loss_classifier: 0.0941 loss_box_reg: 0.1111 loss_reid: 7.7066 loss_objectness: 0.0093 loss_rpn_box_reg: 0.0034
epoch 3 [  600/2852] lr: 1.50e-03 loss: 7.9062 loss_classifier: 0.0952 loss_box_reg: 0.1123 loss_reid: 7.6861 loss_objectness: 0.0092 loss_rpn_box_reg: 0.0035
epoch 3 [  700/2852] lr: 1.50e-03 loss: 7.8581 loss_classifier: 0.0953 loss_box_reg: 0.1129 loss_reid: 7.6372 loss_objectness: 0.0092 loss_rpn_box_reg: 0.0035
epoch 3 [  800/2852] lr: 1.50e-03 loss: 7.7759 loss_classifier: 0.0951 loss_box_reg: 0.1125 loss_reid: 7.5558 loss_objectness: 0.0092 loss_rpn_box_reg: 0.0034
epoch 3 [  900/2852] lr: 1.50e-03 loss: 7.7696 loss_classifier: 0.0954 loss_box_reg: 0.1138 loss_reid: 7.5478 loss_objectness: 0.0092 loss_rpn_box_reg: 0.0034
epoch 3 [ 1000/2852] lr: 1.50e-03 loss: 7.7458 loss_classifier: 0.0966 loss_box_reg: 0.1158 loss_reid: 7.5207 loss_objectness: 0.0093 loss_rpn_box_reg: 0.0034
epoch 3 [ 1100/2852] lr: 1.50e-03 loss: 7.7000 loss_classifier: 0.0967 loss_box_reg: 0.1156 loss_reid: 7.4751 loss_objectness: 0.0092 loss_rpn_box_reg: 0.0034
epoch 3 [ 1200/2852] lr: 1.50e-03 loss: 7.6570 loss_classifier: 0.0972 loss_box_reg: 0.1163 loss_reid: 7.4308 loss_objectness: 0.0092 loss_rpn_box_reg: 0.0034
epoch 3 [ 1300/2852] lr: 1.50e-03 loss: 7.6404 loss_classifier: 0.0973 loss_box_reg: 0.1168 loss_reid: 7.4137 loss_objectness: 0.0092 loss_rpn_box_reg: 0.0034
epoch 3 [ 1400/2852] lr: 1.50e-03 loss: 7.6188 loss_classifier: 0.0975 loss_box_reg: 0.1174 loss_reid: 7.3915 loss_objectness: 0.0091 loss_rpn_box_reg: 0.0034
epoch 3 [ 1500/2852] lr: 1.50e-03 loss: 7.5873 loss_classifier: 0.0977 loss_box_reg: 0.1180 loss_reid: 7.3591 loss_objectness: 0.0091 loss_rpn_box_reg: 0.0034
epoch 3 [ 1600/2852] lr: 1.50e-03 loss: 7.5623 loss_classifier: 0.0976 loss_box_reg: 0.1183 loss_reid: 7.3340 loss_objectness: 0.0090 loss_rpn_box_reg: 0.0034
epoch 3 [ 1700/2852] lr: 1.50e-03 loss: 7.5376 loss_classifier: 0.0974 loss_box_reg: 0.1184 loss_reid: 7.3095 loss_objectness: 0.0090 loss_rpn_box_reg: 0.0034
epoch 3 [ 1800/2852] lr: 1.50e-03 loss: 7.5076 loss_classifier: 0.0972 loss_box_reg: 0.1186 loss_reid: 7.2796 loss_objectness: 0.0089 loss_rpn_box_reg: 0.0033
epoch 3 [ 1900/2852] lr: 1.50e-03 loss: 7.4921 loss_classifier: 0.0966 loss_box_reg: 0.1182 loss_reid: 7.2652 loss_objectness: 0.0088 loss_rpn_box_reg: 0.0033
epoch 3 [ 2000/2852] lr: 1.50e-03 loss: 7.4789 loss_classifier: 0.0966 loss_box_reg: 0.1184 loss_reid: 7.2517 loss_objectness: 0.0088 loss_rpn_box_reg: 0.0033
epoch 3 [ 2100/2852] lr: 1.50e-03 loss: 7.4612 loss_classifier: 0.0970 loss_box_reg: 0.1192 loss_reid: 7.2328 loss_objectness: 0.0088 loss_rpn_box_reg: 0.0033
epoch 3 [ 2200/2852] lr: 1.50e-03 loss: 7.4417 loss_classifier: 0.0972 loss_box_reg: 0.1194 loss_reid: 7.2129 loss_objectness: 0.0088 loss_rpn_box_reg: 0.0033
epoch 3 [ 2300/2852] lr: 1.50e-03 loss: 7.4209 loss_classifier: 0.0969 loss_box_reg: 0.1194 loss_reid: 7.1924 loss_objectness: 0.0088 loss_rpn_box_reg: 0.0033
epoch 3 [ 2400/2852] lr: 1.50e-03 loss: 7.4018 loss_classifier: 0.0967 loss_box_reg: 0.1195 loss_reid: 7.1736 loss_objectness: 0.0087 loss_rpn_box_reg: 0.0033
epoch 3 [ 2500/2852] lr: 1.50e-03 loss: 7.3901 loss_classifier: 0.0967 loss_box_reg: 0.1196 loss_reid: 7.1617 loss_objectness: 0.0088 loss_rpn_box_reg: 0.0033
epoch 3 [ 2600/2852] lr: 1.50e-03 loss: 7.3774 loss_classifier: 0.0968 loss_box_reg: 0.1198 loss_reid: 7.1487 loss_objectness: 0.0088 loss_rpn_box_reg: 0.0033
epoch 3 [ 2700/2852] lr: 1.50e-03 loss: 7.3647 loss_classifier: 0.0967 loss_box_reg: 0.1198 loss_reid: 7.1362 loss_objectness: 0.0088 loss_rpn_box_reg: 0.0033
epoch 3 [ 2800/2852] lr: 1.50e-03 loss: 7.3524 loss_classifier: 0.0970 loss_box_reg: 0.1203 loss_reid: 7.1230 loss_objectness: 0.0088 loss_rpn_box_reg: 0.0033
epoch 3 done in 11.4 min
epoch 4 [    0/2852] lr: 1.50e-03 loss: 7.0638 loss_classifier: 0.1137 loss_box_reg: 0.1294 loss_reid: 6.8078 loss_objectness: 0.0081 loss_rpn_box_reg: 0.0047
epoch 4 [  100/2852] lr: 1.50e-03 loss: 6.9290 loss_classifier: 0.0909 loss_box_reg: 0.1177 loss_reid: 6.7095 loss_objectness: 0.0080 loss_rpn_box_reg: 0.0030
epoch 4 [  200/2852] lr: 1.50e-03 loss: 6.9426 loss_classifier: 0.0917 loss_box_reg: 0.1200 loss_reid: 6.7196 loss_objectness: 0.0082 loss_rpn_box_reg: 0.0031
epoch 4 [  300/2852] lr: 1.50e-03 loss: 6.9407 loss_classifier: 0.0947 loss_box_reg: 0.1238 loss_reid: 6.7106 loss_objectness: 0.0086 loss_rpn_box_reg: 0.0031
epoch 4 [  400/2852] lr: 1.50e-03 loss: 6.9433 loss_classifier: 0.0944 loss_box_reg: 0.1238 loss_reid: 6.7134 loss_objectness: 0.0086 loss_rpn_box_reg: 0.0031
epoch 4 [  500/2852] lr: 1.50e-03 loss: 6.9363 loss_classifier: 0.0941 loss_box_reg: 0.1237 loss_reid: 6.7067 loss_objectness: 0.0087 loss_rpn_box_reg: 0.0031
epoch 4 [  600/2852] lr: 1.50e-03 loss: 6.9362 loss_classifier: 0.0934 loss_box_reg: 0.1227 loss_reid: 6.7085 loss_objectness: 0.0084 loss_rpn_box_reg: 0.0031
epoch 4 [  700/2852] lr: 1.50e-03 loss: 6.9286 loss_classifier: 0.0924 loss_box_reg: 0.1216 loss_reid: 6.7035 loss_objectness: 0.0081 loss_rpn_box_reg: 0.0030
epoch 4 [  800/2852] lr: 1.50e-03 loss: 6.9272 loss_classifier: 0.0923 loss_box_reg: 0.1214 loss_reid: 6.7024 loss_objectness: 0.0081 loss_rpn_box_reg: 0.0030
epoch 4 [  900/2852] lr: 1.50e-03 loss: 6.9365 loss_classifier: 0.0927 loss_box_reg: 0.1225 loss_reid: 6.7103 loss_objectness: 0.0080 loss_rpn_box_reg: 0.0030
epoch 4 [ 1000/2852] lr: 1.50e-03 loss: 6.9392 loss_classifier: 0.0918 loss_box_reg: 0.1224 loss_reid: 6.7142 loss_objectness: 0.0078 loss_rpn_box_reg: 0.0030
epoch 4 [ 1100/2852] lr: 1.50e-03 loss: 6.9442 loss_classifier: 0.0924 loss_box_reg: 0.1230 loss_reid: 6.7181 loss_objectness: 0.0078 loss_rpn_box_reg: 0.0030
epoch 4 [ 1200/2852] lr: 1.50e-03 loss: 6.9511 loss_classifier: 0.0925 loss_box_reg: 0.1230 loss_reid: 6.7250 loss_objectness: 0.0077 loss_rpn_box_reg: 0.0029
epoch 4 [ 1300/2852] lr: 1.50e-03 loss: 6.9537 loss_classifier: 0.0925 loss_box_reg: 0.1227 loss_reid: 6.7280 loss_objectness: 0.0076 loss_rpn_box_reg: 0.0029
epoch 4 [ 1400/2852] lr: 1.50e-03 loss: 6.9554 loss_classifier: 0.0930 loss_box_reg: 0.1237 loss_reid: 6.7281 loss_objectness: 0.0077 loss_rpn_box_reg: 0.0029
epoch 4 [ 1500/2852] lr: 1.50e-03 loss: 6.9578 loss_classifier: 0.0932 loss_box_reg: 0.1243 loss_reid: 6.7295 loss_objectness: 0.0078 loss_rpn_box_reg: 0.0030
epoch 4 [ 1600/2852] lr: 1.50e-03 loss: 6.9552 loss_classifier: 0.0930 loss_box_reg: 0.1242 loss_reid: 6.7273 loss_objectness: 0.0077 loss_rpn_box_reg: 0.0029
epoch 4 [ 1700/2852] lr: 1.50e-03 loss: 6.9521 loss_classifier: 0.0926 loss_box_reg: 0.1239 loss_reid: 6.7250 loss_objectness: 0.0077 loss_rpn_box_reg: 0.0029
epoch 4 [ 1800/2852] lr: 1.50e-03 loss: 6.9458 loss_classifier: 0.0925 loss_box_reg: 0.1238 loss_reid: 6.7189 loss_objectness: 0.0077 loss_rpn_box_reg: 0.0029
epoch 4 [ 1900/2852] lr: 1.50e-03 loss: 6.9449 loss_classifier: 0.0924 loss_box_reg: 0.1238 loss_reid: 6.7181 loss_objectness: 0.0076 loss_rpn_box_reg: 0.0029
epoch 4 [ 2000/2852] lr: 1.50e-03 loss: 6.9486 loss_classifier: 0.0921 loss_box_reg: 0.1236 loss_reid: 6.7224 loss_objectness: 0.0076 loss_rpn_box_reg: 0.0029
epoch 4 [ 2100/2852] lr: 1.50e-03 loss: 6.9490 loss_classifier: 0.0921 loss_box_reg: 0.1235 loss_reid: 6.7228 loss_objectness: 0.0077 loss_rpn_box_reg: 0.0029
epoch 4 [ 2200/2852] lr: 1.50e-03 loss: 6.9462 loss_classifier: 0.0916 loss_box_reg: 0.1230 loss_reid: 6.7210 loss_objectness: 0.0077 loss_rpn_box_reg: 0.0029
epoch 4 [ 2300/2852] lr: 1.50e-03 loss: 6.9439 loss_classifier: 0.0913 loss_box_reg: 0.1227 loss_reid: 6.7193 loss_objectness: 0.0077 loss_rpn_box_reg: 0.0029
epoch 4 [ 2400/2852] lr: 1.50e-03 loss: 6.9426 loss_classifier: 0.0915 loss_box_reg: 0.1228 loss_reid: 6.7177 loss_objectness: 0.0077 loss_rpn_box_reg: 0.0029
epoch 4 [ 2500/2852] lr: 1.50e-03 loss: 6.9403 loss_classifier: 0.0912 loss_box_reg: 0.1227 loss_reid: 6.7158 loss_objectness: 0.0076 loss_rpn_box_reg: 0.0029
epoch 4 [ 2600/2852] lr: 1.50e-03 loss: 6.9442 loss_classifier: 0.0912 loss_box_reg: 0.1229 loss_reid: 6.7196 loss_objectness: 0.0076 loss_rpn_box_reg: 0.0029
epoch 4 [ 2700/2852] lr: 1.50e-03 loss: 6.9488 loss_classifier: 0.0913 loss_box_reg: 0.1229 loss_reid: 6.7240 loss_objectness: 0.0077 loss_rpn_box_reg: 0.0029
epoch 4 [ 2800/2852] lr: 1.50e-03 loss: 6.9473 loss_classifier: 0.0911 loss_box_reg: 0.1228 loss_reid: 6.7228 loss_objectness: 0.0076 loss_rpn_box_reg: 0.0029
epoch 4 done in 11.4 min
epoch 5 [    0/2852] lr: 1.50e-03 loss: 7.2699 loss_classifier: 0.1081 loss_box_reg: 0.2119 loss_reid: 6.9397 loss_objectness: 0.0059 loss_rpn_box_reg: 0.0045
epoch 5 [  100/2852] lr: 1.50e-03 loss: 6.9041 loss_classifier: 0.0876 loss_box_reg: 0.1261 loss_reid: 6.6803 loss_objectness: 0.0073 loss_rpn_box_reg: 0.0029
epoch 5 [  200/2852] lr: 1.50e-03 loss: 6.9714 loss_classifier: 0.0904 loss_box_reg: 0.1288 loss_reid: 6.7417 loss_objectness: 0.0076 loss_rpn_box_reg: 0.0029
epoch 5 [  300/2852] lr: 1.50e-03 loss: 6.9410 loss_classifier: 0.0898 loss_box_reg: 0.1274 loss_reid: 6.7136 loss_objectness: 0.0073 loss_rpn_box_reg: 0.0029
epoch 5 [  400/2852] lr: 1.50e-03 loss: 6.9379 loss_classifier: 0.0906 loss_box_reg: 0.1291 loss_reid: 6.7081 loss_objectness: 0.0073 loss_rpn_box_reg: 0.0029
epoch 5 [  500/2852] lr: 1.50e-03 loss: 6.9476 loss_classifier: 0.0911 loss_box_reg: 0.1295 loss_reid: 6.7164 loss_objectness: 0.0076 loss_rpn_box_reg: 0.0030
epoch 5 [  600/2852] lr: 1.50e-03 loss: 6.9607 loss_classifier: 0.0909 loss_box_reg: 0.1284 loss_reid: 6.7309 loss_objectness: 0.0075 loss_rpn_box_reg: 0.0029
epoch 5 [  700/2852] lr: 1.50e-03 loss: 6.9639 loss_classifier: 0.0908 loss_box_reg: 0.1281 loss_reid: 6.7344 loss_objectness: 0.0076 loss_rpn_box_reg: 0.0029
epoch 5 [  800/2852] lr: 1.50e-03 loss: 6.9636 loss_classifier: 0.0913 loss_box_reg: 0.1283 loss_reid: 6.7334 loss_objectness: 0.0076 loss_rpn_box_reg: 0.0029
epoch 5 [  900/2852] lr: 1.50e-03 loss: 6.9726 loss_classifier: 0.0903 loss_box_reg: 0.1268 loss_reid: 6.7449 loss_objectness: 0.0076 loss_rpn_box_reg: 0.0029
epoch 5 [ 1000/2852] lr: 1.50e-03 loss: 6.9739 loss_classifier: 0.0897 loss_box_reg: 0.1262 loss_reid: 6.7475 loss_objectness: 0.0075 loss_rpn_box_reg: 0.0029
epoch 5 [ 1100/2852] lr: 1.50e-03 loss: 6.9875 loss_classifier: 0.0892 loss_box_reg: 0.1253 loss_reid: 6.7627 loss_objectness: 0.0075 loss_rpn_box_reg: 0.0029
epoch 5 [ 1200/2852] lr: 1.50e-03 loss: 6.9926 loss_classifier: 0.0885 loss_box_reg: 0.1239 loss_reid: 6.7698 loss_objectness: 0.0075 loss_rpn_box_reg: 0.0028
epoch 5 [ 1300/2852] lr: 1.50e-03 loss: 6.9994 loss_classifier: 0.0886 loss_box_reg: 0.1238 loss_reid: 6.7767 loss_objectness: 0.0075 loss_rpn_box_reg: 0.0028
epoch 5 [ 1400/2852] lr: 1.50e-03 loss: 6.9974 loss_classifier: 0.0885 loss_box_reg: 0.1238 loss_reid: 6.7748 loss_objectness: 0.0075 loss_rpn_box_reg: 0.0028
epoch 5 [ 1500/2852] lr: 1.50e-03 loss: 6.9956 loss_classifier: 0.0877 loss_box_reg: 0.1226 loss_reid: 6.7751 loss_objectness: 0.0073 loss_rpn_box_reg: 0.0028
epoch 5 [ 1600/2852] lr: 1.50e-03 loss: 6.9923 loss_classifier: 0.0869 loss_box_reg: 0.1217 loss_reid: 6.7736 loss_objectness: 0.0073 loss_rpn_box_reg: 0.0028
epoch 5 [ 1700/2852] lr: 1.50e-03 loss: 6.9941 loss_classifier: 0.0868 loss_box_reg: 0.1215 loss_reid: 6.7758 loss_objectness: 0.0072 loss_rpn_box_reg: 0.0028
epoch 5 [ 1800/2852] lr: 1.50e-03 loss: 7.0090 loss_classifier: 0.0868 loss_box_reg: 0.1214 loss_reid: 6.7908 loss_objectness: 0.0073 loss_rpn_box_reg: 0.0028
epoch 5 [ 1900/2852] lr: 1.50e-03 loss: 7.0114 loss_classifier: 0.0865 loss_box_reg: 0.1210 loss_reid: 6.7940 loss_objectness: 0.0072 loss_rpn_box_reg: 0.0027
epoch 5 [ 2000/2852] lr: 1.50e-03 loss: 7.0142 loss_classifier: 0.0864 loss_box_reg: 0.1211 loss_reid: 6.7967 loss_objectness: 0.0073 loss_rpn_box_reg: 0.0027
epoch 5 [ 2100/2852] lr: 1.50e-03 loss: 7.0196 loss_classifier: 0.0866 loss_box_reg: 0.1215 loss_reid: 6.8015 loss_objectness: 0.0073 loss_rpn_box_reg: 0.0027
epoch 5 [ 2200/2852] lr: 1.50e-03 loss: 7.0221 loss_classifier: 0.0865 loss_box_reg: 0.1215 loss_reid: 6.8041 loss_objectness: 0.0072 loss_rpn_box_reg: 0.0027
epoch 5 [ 2300/2852] lr: 1.50e-03 loss: 7.0259 loss_classifier: 0.0863 loss_box_reg: 0.1213 loss_reid: 6.8083 loss_objectness: 0.0072 loss_rpn_box_reg: 0.0027
epoch 5 [ 2400/2852] lr: 1.50e-03 loss: 7.0293 loss_classifier: 0.0861 loss_box_reg: 0.1211 loss_reid: 6.8123 loss_objectness: 0.0071 loss_rpn_box_reg: 0.0027
epoch 5 [ 2500/2852] lr: 1.50e-03 loss: 7.0286 loss_classifier: 0.0857 loss_box_reg: 0.1209 loss_reid: 6.8121 loss_objectness: 0.0071 loss_rpn_box_reg: 0.0027
epoch 5 [ 2600/2852] lr: 1.50e-03 loss: 7.0258 loss_classifier: 0.0857 loss_box_reg: 0.1209 loss_reid: 6.8094 loss_objectness: 0.0072 loss_rpn_box_reg: 0.0027
epoch 5 [ 2700/2852] lr: 1.50e-03 loss: 7.0227 loss_classifier: 0.0856 loss_box_reg: 0.1208 loss_reid: 6.8064 loss_objectness: 0.0072 loss_rpn_box_reg: 0.0027
epoch 5 [ 2800/2852] lr: 1.50e-03 loss: 7.0256 loss_classifier: 0.0857 loss_box_reg: 0.1211 loss_reid: 6.8089 loss_objectness: 0.0072 loss_rpn_box_reg: 0.0027
epoch 5 done in 11.5 min
epoch 6 [    0/2852] lr: 1.50e-03 loss: 7.0727 loss_classifier: 0.0424 loss_box_reg: 0.0902 loss_reid: 6.9370 loss_objectness: 0.0015 loss_rpn_box_reg: 0.0017
epoch 6 [  100/2852] lr: 1.50e-03 loss: 7.0323 loss_classifier: 0.0863 loss_box_reg: 0.1153 loss_reid: 6.8218 loss_objectness: 0.0063 loss_rpn_box_reg: 0.0025
epoch 6 [  200/2852] lr: 1.50e-03 loss: 7.0741 loss_classifier: 0.0888 loss_box_reg: 0.1204 loss_reid: 6.8553 loss_objectness: 0.0070 loss_rpn_box_reg: 0.0026
epoch 6 [  300/2852] lr: 1.50e-03 loss: 7.0908 loss_classifier: 0.0903 loss_box_reg: 0.1245 loss_reid: 6.8663 loss_objectness: 0.0071 loss_rpn_box_reg: 0.0027
epoch 6 [  400/2852] lr: 1.50e-03 loss: 7.1124 loss_classifier: 0.0900 loss_box_reg: 0.1260 loss_reid: 6.8865 loss_objectness: 0.0071 loss_rpn_box_reg: 0.0027
epoch 6 [  500/2852] lr: 1.50e-03 loss: 7.0971 loss_classifier: 0.0878 loss_box_reg: 0.1233 loss_reid: 6.8764 loss_objectness: 0.0070 loss_rpn_box_reg: 0.0027
epoch 6 [  600/2852] lr: 1.50e-03 loss: 7.1032 loss_classifier: 0.0870 loss_box_reg: 0.1233 loss_reid: 6.8834 loss_objectness: 0.0069 loss_rpn_box_reg: 0.0026
epoch 6 [  700/2852] lr: 1.50e-03 loss: 7.1021 loss_classifier: 0.0862 loss_box_reg: 0.1226 loss_reid: 6.8837 loss_objectness: 0.0069 loss_rpn_box_reg: 0.0027
epoch 6 [  800/2852] lr: 1.50e-03 loss: 7.0970 loss_classifier: 0.0851 loss_box_reg: 0.1211 loss_reid: 6.8814 loss_objectness: 0.0068 loss_rpn_box_reg: 0.0026
epoch 6 [  900/2852] lr: 1.50e-03 loss: 7.0897 loss_classifier: 0.0849 loss_box_reg: 0.1209 loss_reid: 6.8745 loss_objectness: 0.0068 loss_rpn_box_reg: 0.0026
epoch 6 [ 1000/2852] lr: 1.50e-03 loss: 7.0819 loss_classifier: 0.0846 loss_box_reg: 0.1206 loss_reid: 6.8672 loss_objectness: 0.0069 loss_rpn_box_reg: 0.0026
epoch 6 [ 1100/2852] lr: 1.50e-03 loss: 7.0696 loss_classifier: 0.0842 loss_box_reg: 0.1201 loss_reid: 6.8558 loss_objectness: 0.0068 loss_rpn_box_reg: 0.0026
epoch 6 [ 1200/2852] lr: 1.50e-03 loss: 7.0689 loss_classifier: 0.0841 loss_box_reg: 0.1201 loss_reid: 6.8552 loss_objectness: 0.0068 loss_rpn_box_reg: 0.0026
epoch 6 [ 1300/2852] lr: 1.50e-03 loss: 7.0602 loss_classifier: 0.0835 loss_box_reg: 0.1195 loss_reid: 6.8477 loss_objectness: 0.0068 loss_rpn_box_reg: 0.0026
epoch 6 [ 1400/2852] lr: 1.50e-03 loss: 7.0557 loss_classifier: 0.0831 loss_box_reg: 0.1188 loss_reid: 6.8444 loss_objectness: 0.0069 loss_rpn_box_reg: 0.0026
epoch 6 [ 1500/2852] lr: 1.50e-03 loss: 7.0521 loss_classifier: 0.0828 loss_box_reg: 0.1183 loss_reid: 6.8416 loss_objectness: 0.0068 loss_rpn_box_reg: 0.0026
epoch 6 [ 1600/2852] lr: 1.50e-03 loss: 7.0549 loss_classifier: 0.0826 loss_box_reg: 0.1179 loss_reid: 6.8451 loss_objectness: 0.0068 loss_rpn_box_reg: 0.0026
epoch 6 [ 1700/2852] lr: 1.50e-03 loss: 7.0570 loss_classifier: 0.0828 loss_box_reg: 0.1185 loss_reid: 6.8464 loss_objectness: 0.0068 loss_rpn_box_reg: 0.0026
epoch 6 [ 1800/2852] lr: 1.50e-03 loss: 7.0589 loss_classifier: 0.0829 loss_box_reg: 0.1183 loss_reid: 6.8484 loss_objectness: 0.0068 loss_rpn_box_reg: 0.0026
epoch 6 [ 1900/2852] lr: 1.50e-03 loss: 7.0683 loss_classifier: 0.0827 loss_box_reg: 0.1181 loss_reid: 6.8582 loss_objectness: 0.0067 loss_rpn_box_reg: 0.0026
epoch 6 [ 2000/2852] lr: 1.50e-03 loss: 7.0642 loss_classifier: 0.0823 loss_box_reg: 0.1174 loss_reid: 6.8552 loss_objectness: 0.0067 loss_rpn_box_reg: 0.0026
epoch 6 [ 2100/2852] lr: 1.50e-03 loss: 7.0627 loss_classifier: 0.0822 loss_box_reg: 0.1172 loss_reid: 6.8540 loss_objectness: 0.0067 loss_rpn_box_reg: 0.0026
epoch 6 [ 2200/2852] lr: 1.50e-03 loss: 7.0630 loss_classifier: 0.0820 loss_box_reg: 0.1171 loss_reid: 6.8546 loss_objectness: 0.0067 loss_rpn_box_reg: 0.0026
epoch 6 [ 2300/2852] lr: 1.50e-03 loss: 7.0645 loss_classifier: 0.0818 loss_box_reg: 0.1167 loss_reid: 6.8568 loss_objectness: 0.0067 loss_rpn_box_reg: 0.0026
epoch 6 [ 2400/2852] lr: 1.50e-03 loss: 7.0683 loss_classifier: 0.0817 loss_box_reg: 0.1166 loss_reid: 6.8607 loss_objectness: 0.0067 loss_rpn_box_reg: 0.0026
epoch 6 [ 2500/2852] lr: 1.50e-03 loss: 7.0700 loss_classifier: 0.0813 loss_box_reg: 0.1163 loss_reid: 6.8631 loss_objectness: 0.0067 loss_rpn_box_reg: 0.0026
epoch 6 [ 2600/2852] lr: 1.50e-03 loss: 7.0703 loss_classifier: 0.0813 loss_box_reg: 0.1162 loss_reid: 6.8635 loss_objectness: 0.0067 loss_rpn_box_reg: 0.0026
epoch 6 [ 2700/2852] lr: 1.50e-03 loss: 7.0651 loss_classifier: 0.0814 loss_box_reg: 0.1164 loss_reid: 6.8581 loss_objectness: 0.0067 loss_rpn_box_reg: 0.0026
epoch 6 [ 2800/2852] lr: 1.50e-03 loss: 7.0684 loss_classifier: 0.0814 loss_box_reg: 0.1165 loss_reid: 6.8612 loss_objectness: 0.0067 loss_rpn_box_reg: 0.0026
epoch 6 done in 11.7 min
epoch 7 [    0/2852] lr: 1.50e-03 loss: 8.0727 loss_classifier: 0.0123 loss_box_reg: 0.0162 loss_reid: 8.0431 loss_objectness: 0.0005 loss_rpn_box_reg: 0.0005
epoch 7 [  100/2852] lr: 1.50e-03 loss: 7.0623 loss_classifier: 0.0895 loss_box_reg: 0.1260 loss_reid: 6.8372 loss_objectness: 0.0069 loss_rpn_box_reg: 0.0027
epoch 7 [  200/2852] lr: 1.50e-03 loss: 7.0791 loss_classifier: 0.0816 loss_box_reg: 0.1192 loss_reid: 6.8693 loss_objectness: 0.0065 loss_rpn_box_reg: 0.0025
epoch 7 [  300/2852] lr: 1.50e-03 loss: 7.0803 loss_classifier: 0.0797 loss_box_reg: 0.1155 loss_reid: 6.8759 loss_objectness: 0.0067 loss_rpn_box_reg: 0.0025
epoch 7 [  400/2852] lr: 1.50e-03 loss: 7.0821 loss_classifier: 0.0808 loss_box_reg: 0.1185 loss_reid: 6.8731 loss_objectness: 0.0070 loss_rpn_box_reg: 0.0026
epoch 7 [  500/2852] lr: 1.50e-03 loss: 7.0785 loss_classifier: 0.0813 loss_box_reg: 0.1180 loss_reid: 6.8695 loss_objectness: 0.0070 loss_rpn_box_reg: 0.0026
epoch 7 [  600/2852] lr: 1.50e-03 loss: 7.0678 loss_classifier: 0.0808 loss_box_reg: 0.1171 loss_reid: 6.8605 loss_objectness: 0.0069 loss_rpn_box_reg: 0.0025
epoch 7 [  700/2852] lr: 1.50e-03 loss: 7.0704 loss_classifier: 0.0802 loss_box_reg: 0.1165 loss_reid: 6.8645 loss_objectness: 0.0067 loss_rpn_box_reg: 0.0025
epoch 7 [  800/2852] lr: 1.50e-03 loss: 7.0861 loss_classifier: 0.0808 loss_box_reg: 0.1173 loss_reid: 6.8789 loss_objectness: 0.0067 loss_rpn_box_reg: 0.0025
epoch 7 [  900/2852] lr: 1.50e-03 loss: 7.0875 loss_classifier: 0.0804 loss_box_reg: 0.1166 loss_reid: 6.8813 loss_objectness: 0.0066 loss_rpn_box_reg: 0.0025
epoch 7 [ 1000/2852] lr: 1.50e-03 loss: 7.0814 loss_classifier: 0.0804 loss_box_reg: 0.1163 loss_reid: 6.8756 loss_objectness: 0.0066 loss_rpn_box_reg: 0.0025
epoch 7 [ 1100/2852] lr: 1.50e-03 loss: 7.0811 loss_classifier: 0.0805 loss_box_reg: 0.1168 loss_reid: 6.8746 loss_objectness: 0.0066 loss_rpn_box_reg: 0.0026
epoch 7 [ 1200/2852] lr: 1.50e-03 loss: 7.0889 loss_classifier: 0.0801 loss_box_reg: 0.1166 loss_reid: 6.8832 loss_objectness: 0.0066 loss_rpn_box_reg: 0.0025
epoch 7 [ 1300/2852] lr: 1.50e-03 loss: 7.0849 loss_classifier: 0.0795 loss_box_reg: 0.1158 loss_reid: 6.8806 loss_objectness: 0.0065 loss_rpn_box_reg: 0.0025
epoch 7 [ 1400/2852] lr: 1.50e-03 loss: 7.0789 loss_classifier: 0.0789 loss_box_reg: 0.1149 loss_reid: 6.8762 loss_objectness: 0.0065 loss_rpn_box_reg: 0.0025
epoch 7 [ 1500/2852] lr: 1.50e-03 loss: 7.0714 loss_classifier: 0.0786 loss_box_reg: 0.1145 loss_reid: 6.8694 loss_objectness: 0.0064 loss_rpn_box_reg: 0.0025
epoch 7 [ 1600/2852] lr: 1.50e-03 loss: 7.0653 loss_classifier: 0.0783 loss_box_reg: 0.1141 loss_reid: 6.8640 loss_objectness: 0.0064 loss_rpn_box_reg: 0.0025
epoch 7 [ 1700/2852] lr: 1.50e-03 loss: 7.0647 loss_classifier: 0.0781 loss_box_reg: 0.1137 loss_reid: 6.8639 loss_objectness: 0.0064 loss_rpn_box_reg: 0.0025
epoch 7 [ 1800/2852] lr: 1.50e-03 loss: 7.0646 loss_classifier: 0.0781 loss_box_reg: 0.1135 loss_reid: 6.8641 loss_objectness: 0.0064 loss_rpn_box_reg: 0.0025
epoch 7 [ 1900/2852] lr: 1.50e-03 loss: 7.0679 loss_classifier: 0.0784 loss_box_reg: 0.1140 loss_reid: 6.8667 loss_objectness: 0.0064 loss_rpn_box_reg: 0.0025
epoch 7 [ 2000/2852] lr: 1.50e-03 loss: 7.0678 loss_classifier: 0.0786 loss_box_reg: 0.1140 loss_reid: 6.8662 loss_objectness: 0.0065 loss_rpn_box_reg: 0.0025
epoch 7 [ 2100/2852] lr: 1.50e-03 loss: 7.0683 loss_classifier: 0.0785 loss_box_reg: 0.1138 loss_reid: 6.8670 loss_objectness: 0.0065 loss_rpn_box_reg: 0.0025
epoch 7 [ 2200/2852] lr: 1.50e-03 loss: 7.0728 loss_classifier: 0.0787 loss_box_reg: 0.1139 loss_reid: 6.8712 loss_objectness: 0.0065 loss_rpn_box_reg: 0.0025
epoch 7 [ 2300/2852] lr: 1.50e-03 loss: 7.0717 loss_classifier: 0.0791 loss_box_reg: 0.1146 loss_reid: 6.8690 loss_objectness: 0.0065 loss_rpn_box_reg: 0.0025
epoch 7 [ 2400/2852] lr: 1.50e-03 loss: 7.0759 loss_classifier: 0.0789 loss_box_reg: 0.1146 loss_reid: 6.8734 loss_objectness: 0.0065 loss_rpn_box_reg: 0.0025
epoch 7 [ 2500/2852] lr: 1.50e-03 loss: 7.0783 loss_classifier: 0.0789 loss_box_reg: 0.1145 loss_reid: 6.8760 loss_objectness: 0.0065 loss_rpn_box_reg: 0.0025
epoch 7 [ 2600/2852] lr: 1.50e-03 loss: 7.0772 loss_classifier: 0.0788 loss_box_reg: 0.1144 loss_reid: 6.8750 loss_objectness: 0.0065 loss_rpn_box_reg: 0.0025
epoch 7 [ 2700/2852] lr: 1.50e-03 loss: 7.0809 loss_classifier: 0.0789 loss_box_reg: 0.1146 loss_reid: 6.8785 loss_objectness: 0.0065 loss_rpn_box_reg: 0.0025
epoch 7 [ 2800/2852] lr: 1.50e-03 loss: 7.0868 loss_classifier: 0.0789 loss_box_reg: 0.1146 loss_reid: 6.8842 loss_objectness: 0.0065 loss_rpn_box_reg: 0.0025
epoch 7 done in 11.7 min
epoch 8 [    0/2852] lr: 1.50e-03 loss: 7.0775 loss_classifier: 0.0337 loss_box_reg: 0.0681 loss_reid: 6.9727 loss_objectness: 0.0021 loss_rpn_box_reg: 0.0008
epoch 8 [  100/2852] lr: 1.50e-03 loss: 6.9262 loss_classifier: 0.0690 loss_box_reg: 0.1070 loss_reid: 6.7426 loss_objectness: 0.0054 loss_rpn_box_reg: 0.0023
epoch 8 [  200/2852] lr: 1.50e-03 loss: 6.9928 loss_classifier: 0.0753 loss_box_reg: 0.1122 loss_reid: 6.7969 loss_objectness: 0.0060 loss_rpn_box_reg: 0.0024
epoch 8 [  300/2852] lr: 1.50e-03 loss: 7.0383 loss_classifier: 0.0744 loss_box_reg: 0.1111 loss_reid: 6.8451 loss_objectness: 0.0055 loss_rpn_box_reg: 0.0023
epoch 8 [  400/2852] lr: 1.50e-03 loss: 7.0554 loss_classifier: 0.0740 loss_box_reg: 0.1104 loss_reid: 6.8629 loss_objectness: 0.0057 loss_rpn_box_reg: 0.0023
epoch 8 [  500/2852] lr: 1.50e-03 loss: 7.0749 loss_classifier: 0.0743 loss_box_reg: 0.1108 loss_reid: 6.8816 loss_objectness: 0.0059 loss_rpn_box_reg: 0.0024
epoch 8 [  600/2852] lr: 1.50e-03 loss: 7.0697 loss_classifier: 0.0743 loss_box_reg: 0.1108 loss_reid: 6.8763 loss_objectness: 0.0059 loss_rpn_box_reg: 0.0024
epoch 8 [  700/2852] lr: 1.50e-03 loss: 7.0601 loss_classifier: 0.0745 loss_box_reg: 0.1106 loss_reid: 6.8665 loss_objectness: 0.0061 loss_rpn_box_reg: 0.0024
epoch 8 [  800/2852] lr: 1.50e-03 loss: 7.0586 loss_classifier: 0.0739 loss_box_reg: 0.1097 loss_reid: 6.8666 loss_objectness: 0.0061 loss_rpn_box_reg: 0.0024
epoch 8 [  900/2852] lr: 1.50e-03 loss: 7.0727 loss_classifier: 0.0740 loss_box_reg: 0.1098 loss_reid: 6.8803 loss_objectness: 0.0061 loss_rpn_box_reg: 0.0024
epoch 8 [ 1000/2852] lr: 1.50e-03 loss: 7.0749 loss_classifier: 0.0738 loss_box_reg: 0.1096 loss_reid: 6.8829 loss_objectness: 0.0062 loss_rpn_box_reg: 0.0024
epoch 8 [ 1100/2852] lr: 1.50e-03 loss: 7.0840 loss_classifier: 0.0742 loss_box_reg: 0.1095 loss_reid: 6.8917 loss_objectness: 0.0063 loss_rpn_box_reg: 0.0024
epoch 8 [ 1200/2852] lr: 1.50e-03 loss: 7.0771 loss_classifier: 0.0741 loss_box_reg: 0.1091 loss_reid: 6.8852 loss_objectness: 0.0063 loss_rpn_box_reg: 0.0024
epoch 8 [ 1300/2852] lr: 1.50e-03 loss: 7.0804 loss_classifier: 0.0748 loss_box_reg: 0.1098 loss_reid: 6.8870 loss_objectness: 0.0064 loss_rpn_box_reg: 0.0024
epoch 8 [ 1400/2852] lr: 1.50e-03 loss: 7.0778 loss_classifier: 0.0751 loss_box_reg: 0.1101 loss_reid: 6.8839 loss_objectness: 0.0063 loss_rpn_box_reg: 0.0024
epoch 8 [ 1500/2852] lr: 1.50e-03 loss: 7.0764 loss_classifier: 0.0757 loss_box_reg: 0.1107 loss_reid: 6.8812 loss_objectness: 0.0064 loss_rpn_box_reg: 0.0024
epoch 8 [ 1600/2852] lr: 1.50e-03 loss: 7.0777 loss_classifier: 0.0755 loss_box_reg: 0.1105 loss_reid: 6.8828 loss_objectness: 0.0065 loss_rpn_box_reg: 0.0024
epoch 8 [ 1700/2852] lr: 1.50e-03 loss: 7.0789 loss_classifier: 0.0757 loss_box_reg: 0.1106 loss_reid: 6.8836 loss_objectness: 0.0065 loss_rpn_box_reg: 0.0024
epoch 8 [ 1800/2852] lr: 1.50e-03 loss: 7.0766 loss_classifier: 0.0760 loss_box_reg: 0.1111 loss_reid: 6.8805 loss_objectness: 0.0065 loss_rpn_box_reg: 0.0024
epoch 8 [ 1900/2852] lr: 1.50e-03 loss: 7.0817 loss_classifier: 0.0765 loss_box_reg: 0.1115 loss_reid: 6.8847 loss_objectness: 0.0065 loss_rpn_box_reg: 0.0024
epoch 8 [ 2000/2852] lr: 1.50e-03 loss: 7.0852 loss_classifier: 0.0764 loss_box_reg: 0.1113 loss_reid: 6.8886 loss_objectness: 0.0065 loss_rpn_box_reg: 0.0024
epoch 8 [ 2100/2852] lr: 1.50e-03 loss: 7.0874 loss_classifier: 0.0767 loss_box_reg: 0.1117 loss_reid: 6.8900 loss_objectness: 0.0065 loss_rpn_box_reg: 0.0024
epoch 8 [ 2200/2852] lr: 1.50e-03 loss: 7.0860 loss_classifier: 0.0766 loss_box_reg: 0.1114 loss_reid: 6.8891 loss_objectness: 0.0065 loss_rpn_box_reg: 0.0024
epoch 8 [ 2300/2852] lr: 1.50e-03 loss: 7.0870 loss_classifier: 0.0762 loss_box_reg: 0.1111 loss_reid: 6.8908 loss_objectness: 0.0064 loss_rpn_box_reg: 0.0024
epoch 8 [ 2400/2852] lr: 1.50e-03 loss: 7.0904 loss_classifier: 0.0762 loss_box_reg: 0.1110 loss_reid: 6.8944 loss_objectness: 0.0064 loss_rpn_box_reg: 0.0024
epoch 8 [ 2500/2852] lr: 1.50e-03 loss: 7.0885 loss_classifier: 0.0763 loss_box_reg: 0.1113 loss_reid: 6.8920 loss_objectness: 0.0065 loss_rpn_box_reg: 0.0024
epoch 8 [ 2600/2852] lr: 1.50e-03 loss: 7.0829 loss_classifier: 0.0763 loss_box_reg: 0.1112 loss_reid: 6.8866 loss_objectness: 0.0065 loss_rpn_box_reg: 0.0024
epoch 8 [ 2700/2852] lr: 1.50e-03 loss: 7.0864 loss_classifier: 0.0764 loss_box_reg: 0.1113 loss_reid: 6.8898 loss_objectness: 0.0064 loss_rpn_box_reg: 0.0024
epoch 8 [ 2800/2852] lr: 1.50e-03 loss: 7.0839 loss_classifier: 0.0763 loss_box_reg: 0.1112 loss_reid: 6.8875 loss_objectness: 0.0064 loss_rpn_box_reg: 0.0024
epoch 8 done in 11.7 min
epoch 9 [    0/2852] lr: 1.50e-03 loss: 6.9801 loss_classifier: 0.0644 loss_box_reg: 0.0954 loss_reid: 6.8038 loss_objectness: 0.0127 loss_rpn_box_reg: 0.0037
epoch 9 [  100/2852] lr: 1.50e-03 loss: 7.0222 loss_classifier: 0.0687 loss_box_reg: 0.1037 loss_reid: 6.8421 loss_objectness: 0.0055 loss_rpn_box_reg: 0.0023
epoch 9 [  200/2852] lr: 1.50e-03 loss: 7.0163 loss_classifier: 0.0719 loss_box_reg: 0.1066 loss_reid: 6.8291 loss_objectness: 0.0064 loss_rpn_box_reg: 0.0023
epoch 9 [  300/2852] lr: 1.50e-03 loss: 7.0564 loss_classifier: 0.0727 loss_box_reg: 0.1074 loss_reid: 6.8671 loss_objectness: 0.0069 loss_rpn_box_reg: 0.0024
epoch 9 [  400/2852] lr: 1.50e-03 loss: 7.0618 loss_classifier: 0.0752 loss_box_reg: 0.1109 loss_reid: 6.8665 loss_objectness: 0.0068 loss_rpn_box_reg: 0.0024
epoch 9 [  500/2852] lr: 1.50e-03 loss: 7.0603 loss_classifier: 0.0735 loss_box_reg: 0.1091 loss_reid: 6.8688 loss_objectness: 0.0065 loss_rpn_box_reg: 0.0023
epoch 9 [  600/2852] lr: 1.50e-03 loss: 7.0695 loss_classifier: 0.0730 loss_box_reg: 0.1091 loss_reid: 6.8788 loss_objectness: 0.0063 loss_rpn_box_reg: 0.0023
epoch 9 [  700/2852] lr: 1.50e-03 loss: 7.0875 loss_classifier: 0.0732 loss_box_reg: 0.1099 loss_reid: 6.8958 loss_objectness: 0.0062 loss_rpn_box_reg: 0.0024
epoch 9 [  800/2852] lr: 1.50e-03 loss: 7.0866 loss_classifier: 0.0735 loss_box_reg: 0.1099 loss_reid: 6.8946 loss_objectness: 0.0062 loss_rpn_box_reg: 0.0024
epoch 9 [  900/2852] lr: 1.50e-03 loss: 7.0854 loss_classifier: 0.0734 loss_box_reg: 0.1099 loss_reid: 6.8935 loss_objectness: 0.0062 loss_rpn_box_reg: 0.0024
epoch 9 [ 1000/2852] lr: 1.50e-03 loss: 7.0848 loss_classifier: 0.0734 loss_box_reg: 0.1102 loss_reid: 6.8927 loss_objectness: 0.0061 loss_rpn_box_reg: 0.0024
epoch 9 [ 1100/2852] lr: 1.50e-03 loss: 7.0668 loss_classifier: 0.0735 loss_box_reg: 0.1099 loss_reid: 6.8749 loss_objectness: 0.0061 loss_rpn_box_reg: 0.0024
epoch 9 [ 1200/2852] lr: 1.50e-03 loss: 7.0720 loss_classifier: 0.0740 loss_box_reg: 0.1107 loss_reid: 6.8788 loss_objectness: 0.0061 loss_rpn_box_reg: 0.0024
epoch 9 [ 1300/2852] lr: 1.50e-03 loss: 7.0669 loss_classifier: 0.0737 loss_box_reg: 0.1104 loss_reid: 6.8743 loss_objectness: 0.0061 loss_rpn_box_reg: 0.0024
epoch 9 [ 1400/2852] lr: 1.50e-03 loss: 7.0687 loss_classifier: 0.0741 loss_box_reg: 0.1110 loss_reid: 6.8752 loss_objectness: 0.0061 loss_rpn_box_reg: 0.0024
epoch 9 [ 1500/2852] lr: 1.50e-03 loss: 7.0634 loss_classifier: 0.0737 loss_box_reg: 0.1107 loss_reid: 6.8705 loss_objectness: 0.0061 loss_rpn_box_reg: 0.0024
epoch 9 [ 1600/2852] lr: 1.50e-03 loss: 7.0596 loss_classifier: 0.0736 loss_box_reg: 0.1105 loss_reid: 6.8672 loss_objectness: 0.0061 loss_rpn_box_reg: 0.0024
epoch 9 [ 1700/2852] lr: 1.50e-03 loss: 7.0607 loss_classifier: 0.0732 loss_box_reg: 0.1101 loss_reid: 6.8690 loss_objectness: 0.0060 loss_rpn_box_reg: 0.0024
epoch 9 [ 1800/2852] lr: 1.50e-03 loss: 7.0598 loss_classifier: 0.0732 loss_box_reg: 0.1100 loss_reid: 6.8683 loss_objectness: 0.0060 loss_rpn_box_reg: 0.0024
epoch 9 [ 1900/2852] lr: 1.50e-03 loss: 7.0558 loss_classifier: 0.0735 loss_box_reg: 0.1105 loss_reid: 6.8634 loss_objectness: 0.0060 loss_rpn_box_reg: 0.0024
epoch 9 [ 2000/2852] lr: 1.50e-03 loss: 7.0580 loss_classifier: 0.0735 loss_box_reg: 0.1104 loss_reid: 6.8657 loss_objectness: 0.0060 loss_rpn_box_reg: 0.0024
epoch 9 [ 2100/2852] lr: 1.50e-03 loss: 7.0591 loss_classifier: 0.0739 loss_box_reg: 0.1109 loss_reid: 6.8660 loss_objectness: 0.0060 loss_rpn_box_reg: 0.0024
epoch 9 [ 2200/2852] lr: 1.50e-03 loss: 7.0563 loss_classifier: 0.0740 loss_box_reg: 0.1111 loss_reid: 6.8628 loss_objectness: 0.0060 loss_rpn_box_reg: 0.0024
epoch 9 [ 2300/2852] lr: 1.50e-03 loss: 7.0544 loss_classifier: 0.0739 loss_box_reg: 0.1109 loss_reid: 6.8612 loss_objectness: 0.0060 loss_rpn_box_reg: 0.0024
epoch 9 [ 2400/2852] lr: 1.50e-03 loss: 7.0598 loss_classifier: 0.0739 loss_box_reg: 0.1111 loss_reid: 6.8664 loss_objectness: 0.0060 loss_rpn_box_reg: 0.0024
epoch 9 [ 2500/2852] lr: 1.50e-03 loss: 7.0648 loss_classifier: 0.0742 loss_box_reg: 0.1115 loss_reid: 6.8706 loss_objectness: 0.0060 loss_rpn_box_reg: 0.0024
epoch 9 [ 2600/2852] lr: 1.50e-03 loss: 7.0676 loss_classifier: 0.0743 loss_box_reg: 0.1117 loss_reid: 6.8731 loss_objectness: 0.0061 loss_rpn_box_reg: 0.0024
epoch 9 [ 2700/2852] lr: 1.50e-03 loss: 7.0665 loss_classifier: 0.0743 loss_box_reg: 0.1117 loss_reid: 6.8721 loss_objectness: 0.0060 loss_rpn_box_reg: 0.0024
epoch 9 [ 2800/2852] lr: 1.50e-03 loss: 7.0669 loss_classifier: 0.0743 loss_box_reg: 0.1115 loss_reid: 6.8727 loss_objectness: 0.0061 loss_rpn_box_reg: 0.0024
epoch 9 done in 11.7 min
epoch 10 [    0/2852] lr: 1.50e-04 loss: 7.5153 loss_classifier: 0.0328 loss_box_reg: 0.0548 loss_reid: 7.4223 loss_objectness: 0.0048 loss_rpn_box_reg: 0.0005
epoch 10 [  100/2852] lr: 1.50e-04 loss: 7.0387 loss_classifier: 0.0697 loss_box_reg: 0.1053 loss_reid: 6.8546 loss_objectness: 0.0068 loss_rpn_box_reg: 0.0024
epoch 10 [  200/2852] lr: 1.50e-04 loss: 7.0564 loss_classifier: 0.0687 loss_box_reg: 0.1031 loss_reid: 6.8757 loss_objectness: 0.0065 loss_rpn_box_reg: 0.0023
epoch 10 [  300/2852] lr: 1.50e-04 loss: 7.0311 loss_classifier: 0.0695 loss_box_reg: 0.1060 loss_reid: 6.8466 loss_objectness: 0.0066 loss_rpn_box_reg: 0.0024
epoch 10 [  400/2852] lr: 1.50e-04 loss: 7.0289 loss_classifier: 0.0681 loss_box_reg: 0.1035 loss_reid: 6.8486 loss_objectness: 0.0064 loss_rpn_box_reg: 0.0023
epoch 10 [  500/2852] lr: 1.50e-04 loss: 7.0198 loss_classifier: 0.0679 loss_box_reg: 0.1036 loss_reid: 6.8398 loss_objectness: 0.0062 loss_rpn_box_reg: 0.0023
epoch 10 [  600/2852] lr: 1.50e-04 loss: 7.0317 loss_classifier: 0.0682 loss_box_reg: 0.1044 loss_reid: 6.8508 loss_objectness: 0.0061 loss_rpn_box_reg: 0.0023
epoch 10 [  700/2852] lr: 1.50e-04 loss: 7.0498 loss_classifier: 0.0681 loss_box_reg: 0.1041 loss_reid: 6.8693 loss_objectness: 0.0061 loss_rpn_box_reg: 0.0023
epoch 10 [  800/2852] lr: 1.50e-04 loss: 7.0442 loss_classifier: 0.0678 loss_box_reg: 0.1043 loss_reid: 6.8637 loss_objectness: 0.0061 loss_rpn_box_reg: 0.0023
epoch 10 [  900/2852] lr: 1.50e-04 loss: 7.0643 loss_classifier: 0.0679 loss_box_reg: 0.1045 loss_reid: 6.8835 loss_objectness: 0.0061 loss_rpn_box_reg: 0.0023
epoch 10 [ 1000/2852] lr: 1.50e-04 loss: 7.0704 loss_classifier: 0.0687 loss_box_reg: 0.1051 loss_reid: 6.8882 loss_objectness: 0.0062 loss_rpn_box_reg: 0.0023
epoch 10 [ 1100/2852] lr: 1.50e-04 loss: 7.0729 loss_classifier: 0.0688 loss_box_reg: 0.1055 loss_reid: 6.8900 loss_objectness: 0.0063 loss_rpn_box_reg: 0.0023
epoch 10 [ 1200/2852] lr: 1.50e-04 loss: 7.0749 loss_classifier: 0.0681 loss_box_reg: 0.1041 loss_reid: 6.8943 loss_objectness: 0.0062 loss_rpn_box_reg: 0.0023
epoch 10 [ 1300/2852] lr: 1.50e-04 loss: 7.0758 loss_classifier: 0.0684 loss_box_reg: 0.1043 loss_reid: 6.8946 loss_objectness: 0.0062 loss_rpn_box_reg: 0.0023
epoch 10 [ 1400/2852] lr: 1.50e-04 loss: 7.0661 loss_classifier: 0.0683 loss_box_reg: 0.1043 loss_reid: 6.8851 loss_objectness: 0.0062 loss_rpn_box_reg: 0.0023
epoch 10 [ 1500/2852] lr: 1.50e-04 loss: 7.0631 loss_classifier: 0.0681 loss_box_reg: 0.1043 loss_reid: 6.8822 loss_objectness: 0.0061 loss_rpn_box_reg: 0.0023
epoch 10 [ 1600/2852] lr: 1.50e-04 loss: 7.0637 loss_classifier: 0.0681 loss_box_reg: 0.1042 loss_reid: 6.8830 loss_objectness: 0.0061 loss_rpn_box_reg: 0.0023
epoch 10 [ 1700/2852] lr: 1.50e-04 loss: 7.0677 loss_classifier: 0.0684 loss_box_reg: 0.1047 loss_reid: 6.8861 loss_objectness: 0.0062 loss_rpn_box_reg: 0.0023
epoch 10 [ 1800/2852] lr: 1.50e-04 loss: 7.0663 loss_classifier: 0.0682 loss_box_reg: 0.1043 loss_reid: 6.8853 loss_objectness: 0.0061 loss_rpn_box_reg: 0.0023
epoch 10 [ 1900/2852] lr: 1.50e-04 loss: 7.0684 loss_classifier: 0.0681 loss_box_reg: 0.1041 loss_reid: 6.8878 loss_objectness: 0.0061 loss_rpn_box_reg: 0.0023
epoch 10 [ 2000/2852] lr: 1.50e-04 loss: 7.0742 loss_classifier: 0.0683 loss_box_reg: 0.1043 loss_reid: 6.8932 loss_objectness: 0.0061 loss_rpn_box_reg: 0.0023
epoch 10 [ 2100/2852] lr: 1.50e-04 loss: 7.0761 loss_classifier: 0.0684 loss_box_reg: 0.1046 loss_reid: 6.8948 loss_objectness: 0.0061 loss_rpn_box_reg: 0.0023
epoch 10 [ 2200/2852] lr: 1.50e-04 loss: 7.0778 loss_classifier: 0.0686 loss_box_reg: 0.1050 loss_reid: 6.8957 loss_objectness: 0.0061 loss_rpn_box_reg: 0.0023
epoch 10 [ 2300/2852] lr: 1.50e-04 loss: 7.0711 loss_classifier: 0.0686 loss_box_reg: 0.1050 loss_reid: 6.8892 loss_objectness: 0.0061 loss_rpn_box_reg: 0.0023
epoch 10 [ 2400/2852] lr: 1.50e-04 loss: 7.0722 loss_classifier: 0.0685 loss_box_reg: 0.1050 loss_reid: 6.8903 loss_objectness: 0.0061 loss_rpn_box_reg: 0.0023
epoch 10 [ 2500/2852] lr: 1.50e-04 loss: 7.0655 loss_classifier: 0.0683 loss_box_reg: 0.1048 loss_reid: 6.8839 loss_objectness: 0.0061 loss_rpn_box_reg: 0.0023
epoch 10 [ 2600/2852] lr: 1.50e-04 loss: 7.0660 loss_classifier: 0.0682 loss_box_reg: 0.1045 loss_reid: 6.8850 loss_objectness: 0.0061 loss_rpn_box_reg: 0.0023
epoch 10 [ 2700/2852] lr: 1.50e-04 loss: 7.0645 loss_classifier: 0.0681 loss_box_reg: 0.1044 loss_reid: 6.8836 loss_objectness: 0.0061 loss_rpn_box_reg: 0.0023
epoch 10 [ 2800/2852] lr: 1.50e-04 loss: 7.0631 loss_classifier: 0.0680 loss_box_reg: 0.1043 loss_reid: 6.8824 loss_objectness: 0.0060 loss_rpn_box_reg: 0.0023
epoch 10 done in 11.7 min
epoch 11 [    0/2852] lr: 1.50e-04 loss: 7.1432 loss_classifier: 0.0243 loss_box_reg: 0.0553 loss_reid: 7.0623 loss_objectness: 0.0005 loss_rpn_box_reg: 0.0008
epoch 11 [  100/2852] lr: 1.50e-04 loss: 6.9923 loss_classifier: 0.0673 loss_box_reg: 0.1028 loss_reid: 6.8134 loss_objectness: 0.0064 loss_rpn_box_reg: 0.0023
epoch 11 [  200/2852] lr: 1.50e-04 loss: 7.0261 loss_classifier: 0.0668 loss_box_reg: 0.1037 loss_reid: 6.8465 loss_objectness: 0.0067 loss_rpn_box_reg: 0.0023
epoch 11 [  300/2852] lr: 1.50e-04 loss: 7.0524 loss_classifier: 0.0666 loss_box_reg: 0.1023 loss_reid: 6.8748 loss_objectness: 0.0065 loss_rpn_box_reg: 0.0023
epoch 11 [  400/2852] lr: 1.50e-04 loss: 7.0714 loss_classifier: 0.0682 loss_box_reg: 0.1045 loss_reid: 6.8900 loss_objectness: 0.0064 loss_rpn_box_reg: 0.0023
epoch 11 [  500/2852] lr: 1.50e-04 loss: 7.0627 loss_classifier: 0.0680 loss_box_reg: 0.1040 loss_reid: 6.8821 loss_objectness: 0.0064 loss_rpn_box_reg: 0.0022
epoch 11 [  600/2852] lr: 1.50e-04 loss: 7.0584 loss_classifier: 0.0680 loss_box_reg: 0.1031 loss_reid: 6.8789 loss_objectness: 0.0062 loss_rpn_box_reg: 0.0022
epoch 11 [  700/2852] lr: 1.50e-04 loss: 7.0444 loss_classifier: 0.0671 loss_box_reg: 0.1020 loss_reid: 6.8669 loss_objectness: 0.0062 loss_rpn_box_reg: 0.0022
epoch 11 [  800/2852] lr: 1.50e-04 loss: 7.0536 loss_classifier: 0.0672 loss_box_reg: 0.1022 loss_reid: 6.8758 loss_objectness: 0.0061 loss_rpn_box_reg: 0.0022
epoch 11 [  900/2852] lr: 1.50e-04 loss: 7.0611 loss_classifier: 0.0675 loss_box_reg: 0.1030 loss_reid: 6.8823 loss_objectness: 0.0060 loss_rpn_box_reg: 0.0022
epoch 11 [ 1000/2852] lr: 1.50e-04 loss: 7.0581 loss_classifier: 0.0674 loss_box_reg: 0.1033 loss_reid: 6.8792 loss_objectness: 0.0060 loss_rpn_box_reg: 0.0022
epoch 11 [ 1100/2852] lr: 1.50e-04 loss: 7.0552 loss_classifier: 0.0678 loss_box_reg: 0.1040 loss_reid: 6.8750 loss_objectness: 0.0061 loss_rpn_box_reg: 0.0023
epoch 11 [ 1200/2852] lr: 1.50e-04 loss: 7.0539 loss_classifier: 0.0679 loss_box_reg: 0.1042 loss_reid: 6.8734 loss_objectness: 0.0062 loss_rpn_box_reg: 0.0023
epoch 11 [ 1300/2852] lr: 1.50e-04 loss: 7.0510 loss_classifier: 0.0677 loss_box_reg: 0.1042 loss_reid: 6.8707 loss_objectness: 0.0061 loss_rpn_box_reg: 0.0023
epoch 11 [ 1400/2852] lr: 1.50e-04 loss: 7.0454 loss_classifier: 0.0677 loss_box_reg: 0.1040 loss_reid: 6.8654 loss_objectness: 0.0061 loss_rpn_box_reg: 0.0022
epoch 11 [ 1500/2852] lr: 1.50e-04 loss: 7.0434 loss_classifier: 0.0678 loss_box_reg: 0.1040 loss_reid: 6.8633 loss_objectness: 0.0061 loss_rpn_box_reg: 0.0022
epoch 11 [ 1600/2852] lr: 1.50e-04 loss: 7.0491 loss_classifier: 0.0678 loss_box_reg: 0.1042 loss_reid: 6.8687 loss_objectness: 0.0061 loss_rpn_box_reg: 0.0023
epoch 11 [ 1700/2852] lr: 1.50e-04 loss: 7.0426 loss_classifier: 0.0677 loss_box_reg: 0.1039 loss_reid: 6.8627 loss_objectness: 0.0061 loss_rpn_box_reg: 0.0023
epoch 11 [ 1800/2852] lr: 1.50e-04 loss: 7.0428 loss_classifier: 0.0679 loss_box_reg: 0.1041 loss_reid: 6.8624 loss_objectness: 0.0061 loss_rpn_box_reg: 0.0023
epoch 11 [ 1900/2852] lr: 1.50e-04 loss: 7.0456 loss_classifier: 0.0678 loss_box_reg: 0.1039 loss_reid: 6.8655 loss_objectness: 0.0061 loss_rpn_box_reg: 0.0023
epoch 11 [ 2000/2852] lr: 1.50e-04 loss: 7.0497 loss_classifier: 0.0679 loss_box_reg: 0.1040 loss_reid: 6.8694 loss_objectness: 0.0062 loss_rpn_box_reg: 0.0023
epoch 11 [ 2100/2852] lr: 1.50e-04 loss: 7.0518 loss_classifier: 0.0677 loss_box_reg: 0.1039 loss_reid: 6.8719 loss_objectness: 0.0061 loss_rpn_box_reg: 0.0023
epoch 11 [ 2200/2852] lr: 1.50e-04 loss: 7.0569 loss_classifier: 0.0677 loss_box_reg: 0.1039 loss_reid: 6.8769 loss_objectness: 0.0061 loss_rpn_box_reg: 0.0023
epoch 11 [ 2300/2852] lr: 1.50e-04 loss: 7.0565 loss_classifier: 0.0674 loss_box_reg: 0.1034 loss_reid: 6.8773 loss_objectness: 0.0061 loss_rpn_box_reg: 0.0022
epoch 11 [ 2400/2852] lr: 1.50e-04 loss: 7.0517 loss_classifier: 0.0673 loss_box_reg: 0.1033 loss_reid: 6.8728 loss_objectness: 0.0061 loss_rpn_box_reg: 0.0022
epoch 11 [ 2500/2852] lr: 1.50e-04 loss: 7.0456 loss_classifier: 0.0672 loss_box_reg: 0.1032 loss_reid: 6.8669 loss_objectness: 0.0061 loss_rpn_box_reg: 0.0022
epoch 11 [ 2600/2852] lr: 1.50e-04 loss: 7.0403 loss_classifier: 0.0672 loss_box_reg: 0.1033 loss_reid: 6.8614 loss_objectness: 0.0061 loss_rpn_box_reg: 0.0022
epoch 11 [ 2700/2852] lr: 1.50e-04 loss: 7.0406 loss_classifier: 0.0672 loss_box_reg: 0.1032 loss_reid: 6.8618 loss_objectness: 0.0061 loss_rpn_box_reg: 0.0022
epoch 11 [ 2800/2852] lr: 1.50e-04 loss: 7.0422 loss_classifier: 0.0674 loss_box_reg: 0.1035 loss_reid: 6.8631 loss_objectness: 0.0061 loss_rpn_box_reg: 0.0022
epoch 11 done in 11.6 min
epoch 12 [    0/2852] lr: 1.50e-04 loss: 6.6022 loss_classifier: 0.0719 loss_box_reg: 0.1037 loss_reid: 6.4243 loss_objectness: 0.0008 loss_rpn_box_reg: 0.0016
epoch 12 [  100/2852] lr: 1.50e-04 loss: 7.0639 loss_classifier: 0.0694 loss_box_reg: 0.1057 loss_reid: 6.8804 loss_objectness: 0.0062 loss_rpn_box_reg: 0.0022
epoch 12 [  200/2852] lr: 1.50e-04 loss: 7.0824 loss_classifier: 0.0696 loss_box_reg: 0.1070 loss_reid: 6.8969 loss_objectness: 0.0066 loss_rpn_box_reg: 0.0023
epoch 12 [  300/2852] lr: 1.50e-04 loss: 7.0738 loss_classifier: 0.0669 loss_box_reg: 0.1030 loss_reid: 6.8957 loss_objectness: 0.0059 loss_rpn_box_reg: 0.0022
epoch 12 [  400/2852] lr: 1.50e-04 loss: 7.0660 loss_classifier: 0.0678 loss_box_reg: 0.1045 loss_reid: 6.8854 loss_objectness: 0.0060 loss_rpn_box_reg: 0.0023
epoch 12 [  500/2852] lr: 1.50e-04 loss: 7.0590 loss_classifier: 0.0681 loss_box_reg: 0.1048 loss_reid: 6.8778 loss_objectness: 0.0060 loss_rpn_box_reg: 0.0023
epoch 12 [  600/2852] lr: 1.50e-04 loss: 7.0805 loss_classifier: 0.0677 loss_box_reg: 0.1039 loss_reid: 6.9009 loss_objectness: 0.0058 loss_rpn_box_reg: 0.0023
epoch 12 [  700/2852] lr: 1.50e-04 loss: 7.0938 loss_classifier: 0.0674 loss_box_reg: 0.1037 loss_reid: 6.9147 loss_objectness: 0.0059 loss_rpn_box_reg: 0.0022
epoch 12 [  800/2852] lr: 1.50e-04 loss: 7.0939 loss_classifier: 0.0673 loss_box_reg: 0.1041 loss_reid: 6.9144 loss_objectness: 0.0059 loss_rpn_box_reg: 0.0022
epoch 12 [  900/2852] lr: 1.50e-04 loss: 7.0797 loss_classifier: 0.0673 loss_box_reg: 0.1042 loss_reid: 6.9001 loss_objectness: 0.0059 loss_rpn_box_reg: 0.0022
epoch 12 [ 1000/2852] lr: 1.50e-04 loss: 7.0753 loss_classifier: 0.0671 loss_box_reg: 0.1040 loss_reid: 6.8961 loss_objectness: 0.0058 loss_rpn_box_reg: 0.0022
epoch 12 [ 1100/2852] lr: 1.50e-04 loss: 7.0738 loss_classifier: 0.0670 loss_box_reg: 0.1036 loss_reid: 6.8952 loss_objectness: 0.0058 loss_rpn_box_reg: 0.0022
epoch 12 [ 1200/2852] lr: 1.50e-04 loss: 7.0758 loss_classifier: 0.0672 loss_box_reg: 0.1039 loss_reid: 6.8968 loss_objectness: 0.0057 loss_rpn_box_reg: 0.0022
epoch 12 [ 1300/2852] lr: 1.50e-04 loss: 7.0695 loss_classifier: 0.0669 loss_box_reg: 0.1037 loss_reid: 6.8911 loss_objectness: 0.0057 loss_rpn_box_reg: 0.0022
epoch 12 [ 1400/2852] lr: 1.50e-04 loss: 7.0681 loss_classifier: 0.0667 loss_box_reg: 0.1033 loss_reid: 6.8902 loss_objectness: 0.0057 loss_rpn_box_reg: 0.0022
epoch 12 [ 1500/2852] lr: 1.50e-04 loss: 7.0622 loss_classifier: 0.0664 loss_box_reg: 0.1027 loss_reid: 6.8852 loss_objectness: 0.0057 loss_rpn_box_reg: 0.0022
epoch 12 [ 1600/2852] lr: 1.50e-04 loss: 7.0651 loss_classifier: 0.0661 loss_box_reg: 0.1022 loss_reid: 6.8888 loss_objectness: 0.0058 loss_rpn_box_reg: 0.0022
epoch 12 [ 1700/2852] lr: 1.50e-04 loss: 7.0667 loss_classifier: 0.0662 loss_box_reg: 0.1023 loss_reid: 6.8902 loss_objectness: 0.0058 loss_rpn_box_reg: 0.0022
epoch 12 [ 1800/2852] lr: 1.50e-04 loss: 7.0619 loss_classifier: 0.0661 loss_box_reg: 0.1022 loss_reid: 6.8857 loss_objectness: 0.0058 loss_rpn_box_reg: 0.0022
epoch 12 [ 1900/2852] lr: 1.50e-04 loss: 7.0611 loss_classifier: 0.0660 loss_box_reg: 0.1020 loss_reid: 6.8851 loss_objectness: 0.0058 loss_rpn_box_reg: 0.0022
epoch 12 [ 2000/2852] lr: 1.50e-04 loss: 7.0597 loss_classifier: 0.0663 loss_box_reg: 0.1024 loss_reid: 6.8829 loss_objectness: 0.0058 loss_rpn_box_reg: 0.0022
epoch 12 [ 2100/2852] lr: 1.50e-04 loss: 7.0590 loss_classifier: 0.0663 loss_box_reg: 0.1027 loss_reid: 6.8818 loss_objectness: 0.0059 loss_rpn_box_reg: 0.0022
epoch 12 [ 2200/2852] lr: 1.50e-04 loss: 7.0568 loss_classifier: 0.0665 loss_box_reg: 0.1029 loss_reid: 6.8793 loss_objectness: 0.0059 loss_rpn_box_reg: 0.0022
epoch 12 [ 2300/2852] lr: 1.50e-04 loss: 7.0536 loss_classifier: 0.0664 loss_box_reg: 0.1029 loss_reid: 6.8762 loss_objectness: 0.0059 loss_rpn_box_reg: 0.0022
epoch 12 [ 2400/2852] lr: 1.50e-04 loss: 7.0528 loss_classifier: 0.0668 loss_box_reg: 0.1032 loss_reid: 6.8747 loss_objectness: 0.0059 loss_rpn_box_reg: 0.0022
epoch 12 [ 2500/2852] lr: 1.50e-04 loss: 7.0509 loss_classifier: 0.0668 loss_box_reg: 0.1032 loss_reid: 6.8727 loss_objectness: 0.0059 loss_rpn_box_reg: 0.0022
epoch 12 [ 2600/2852] lr: 1.50e-04 loss: 7.0587 loss_classifier: 0.0669 loss_box_reg: 0.1034 loss_reid: 6.8802 loss_objectness: 0.0059 loss_rpn_box_reg: 0.0022
epoch 12 [ 2700/2852] lr: 1.50e-04 loss: 7.0572 loss_classifier: 0.0670 loss_box_reg: 0.1034 loss_reid: 6.8786 loss_objectness: 0.0059 loss_rpn_box_reg: 0.0022
epoch 12 [ 2800/2852] lr: 1.50e-04 loss: 7.0579 loss_classifier: 0.0670 loss_box_reg: 0.1036 loss_reid: 6.8790 loss_objectness: 0.0060 loss_rpn_box_reg: 0.0023
epoch 12 done in 11.4 min
epoch 13 [    0/2852] lr: 1.50e-04 loss: 6.4620 loss_classifier: 0.0780 loss_box_reg: 0.1523 loss_reid: 6.2241 loss_objectness: 0.0058 loss_rpn_box_reg: 0.0018
epoch 13 [  100/2852] lr: 1.50e-04 loss: 6.9383 loss_classifier: 0.0680 loss_box_reg: 0.1046 loss_reid: 6.7583 loss_objectness: 0.0053 loss_rpn_box_reg: 0.0021
epoch 13 [  200/2852] lr: 1.50e-04 loss: 7.0020 loss_classifier: 0.0692 loss_box_reg: 0.1074 loss_reid: 6.8174 loss_objectness: 0.0057 loss_rpn_box_reg: 0.0023
epoch 13 [  300/2852] lr: 1.50e-04 loss: 7.0267 loss_classifier: 0.0707 loss_box_reg: 0.1085 loss_reid: 6.8391 loss_objectness: 0.0060 loss_rpn_box_reg: 0.0024
epoch 13 [  400/2852] lr: 1.50e-04 loss: 7.0253 loss_classifier: 0.0694 loss_box_reg: 0.1062 loss_reid: 6.8413 loss_objectness: 0.0061 loss_rpn_box_reg: 0.0023
epoch 13 [  500/2852] lr: 1.50e-04 loss: 7.0426 loss_classifier: 0.0695 loss_box_reg: 0.1068 loss_reid: 6.8580 loss_objectness: 0.0060 loss_rpn_box_reg: 0.0023
epoch 13 [  600/2852] lr: 1.50e-04 loss: 7.0334 loss_classifier: 0.0685 loss_box_reg: 0.1056 loss_reid: 6.8510 loss_objectness: 0.0060 loss_rpn_box_reg: 0.0023
epoch 13 [  700/2852] lr: 1.50e-04 loss: 7.0277 loss_classifier: 0.0683 loss_box_reg: 0.1059 loss_reid: 6.8450 loss_objectness: 0.0060 loss_rpn_box_reg: 0.0023
epoch 13 [  800/2852] lr: 1.50e-04 loss: 7.0345 loss_classifier: 0.0682 loss_box_reg: 0.1062 loss_reid: 6.8516 loss_objectness: 0.0061 loss_rpn_box_reg: 0.0023
epoch 13 [  900/2852] lr: 1.50e-04 loss: 7.0445 loss_classifier: 0.0679 loss_box_reg: 0.1057 loss_reid: 6.8625 loss_objectness: 0.0061 loss_rpn_box_reg: 0.0023
epoch 13 [ 1000/2852] lr: 1.50e-04 loss: 7.0524 loss_classifier: 0.0683 loss_box_reg: 0.1058 loss_reid: 6.8699 loss_objectness: 0.0060 loss_rpn_box_reg: 0.0023
epoch 13 [ 1100/2852] lr: 1.50e-04 loss: 7.0663 loss_classifier: 0.0681 loss_box_reg: 0.1053 loss_reid: 6.8844 loss_objectness: 0.0060 loss_rpn_box_reg: 0.0023
epoch 13 [ 1200/2852] lr: 1.50e-04 loss: 7.0611 loss_classifier: 0.0679 loss_box_reg: 0.1051 loss_reid: 6.8799 loss_objectness: 0.0059 loss_rpn_box_reg: 0.0023
epoch 13 [ 1300/2852] lr: 1.50e-04 loss: 7.0638 loss_classifier: 0.0677 loss_box_reg: 0.1048 loss_reid: 6.8831 loss_objectness: 0.0059 loss_rpn_box_reg: 0.0023
epoch 13 [ 1400/2852] lr: 1.50e-04 loss: 7.0706 loss_classifier: 0.0682 loss_box_reg: 0.1057 loss_reid: 6.8882 loss_objectness: 0.0061 loss_rpn_box_reg: 0.0023
epoch 13 [ 1500/2852] lr: 1.50e-04 loss: 7.0703 loss_classifier: 0.0678 loss_box_reg: 0.1048 loss_reid: 6.8894 loss_objectness: 0.0060 loss_rpn_box_reg: 0.0023
epoch 13 [ 1600/2852] lr: 1.50e-04 loss: 7.0689 loss_classifier: 0.0676 loss_box_reg: 0.1042 loss_reid: 6.8888 loss_objectness: 0.0060 loss_rpn_box_reg: 0.0023
epoch 13 [ 1700/2852] lr: 1.50e-04 loss: 7.0692 loss_classifier: 0.0672 loss_box_reg: 0.1037 loss_reid: 6.8901 loss_objectness: 0.0059 loss_rpn_box_reg: 0.0023
epoch 13 [ 1800/2852] lr: 1.50e-04 loss: 7.0678 loss_classifier: 0.0671 loss_box_reg: 0.1035 loss_reid: 6.8891 loss_objectness: 0.0059 loss_rpn_box_reg: 0.0023
epoch 13 [ 1900/2852] lr: 1.50e-04 loss: 7.0648 loss_classifier: 0.0671 loss_box_reg: 0.1036 loss_reid: 6.8859 loss_objectness: 0.0059 loss_rpn_box_reg: 0.0023
epoch 13 [ 2000/2852] lr: 1.50e-04 loss: 7.0672 loss_classifier: 0.0670 loss_box_reg: 0.1035 loss_reid: 6.8886 loss_objectness: 0.0058 loss_rpn_box_reg: 0.0023
epoch 13 [ 2100/2852] lr: 1.50e-04 loss: 7.0704 loss_classifier: 0.0668 loss_box_reg: 0.1032 loss_reid: 6.8923 loss_objectness: 0.0059 loss_rpn_box_reg: 0.0023
epoch 13 [ 2200/2852] lr: 1.50e-04 loss: 7.0728 loss_classifier: 0.0667 loss_box_reg: 0.1030 loss_reid: 6.8949 loss_objectness: 0.0059 loss_rpn_box_reg: 0.0023
epoch 13 [ 2300/2852] lr: 1.50e-04 loss: 7.0736 loss_classifier: 0.0665 loss_box_reg: 0.1028 loss_reid: 6.8962 loss_objectness: 0.0058 loss_rpn_box_reg: 0.0022
epoch 13 [ 2400/2852] lr: 1.50e-04 loss: 7.0707 loss_classifier: 0.0666 loss_box_reg: 0.1027 loss_reid: 6.8934 loss_objectness: 0.0058 loss_rpn_box_reg: 0.0022
epoch 13 [ 2500/2852] lr: 1.50e-04 loss: 7.0702 loss_classifier: 0.0668 loss_box_reg: 0.1028 loss_reid: 6.8925 loss_objectness: 0.0058 loss_rpn_box_reg: 0.0022
epoch 13 [ 2600/2852] lr: 1.50e-04 loss: 7.0623 loss_classifier: 0.0667 loss_box_reg: 0.1025 loss_reid: 6.8850 loss_objectness: 0.0058 loss_rpn_box_reg: 0.0022
epoch 13 [ 2700/2852] lr: 1.50e-04 loss: 7.0598 loss_classifier: 0.0668 loss_box_reg: 0.1028 loss_reid: 6.8821 loss_objectness: 0.0058 loss_rpn_box_reg: 0.0022
epoch 13 [ 2800/2852] lr: 1.50e-04 loss: 7.0642 loss_classifier: 0.0670 loss_box_reg: 0.1032 loss_reid: 6.8859 loss_objectness: 0.0059 loss_rpn_box_reg: 0.0022
epoch 13 done in 11.3 min
epoch 14 [    0/2852] lr: 1.50e-05 loss: 7.5360 loss_classifier: 0.0556 loss_box_reg: 0.1049 loss_reid: 7.3705 loss_objectness: 0.0020 loss_rpn_box_reg: 0.0030
epoch 14 [  100/2852] lr: 1.50e-05 loss: 6.8766 loss_classifier: 0.0679 loss_box_reg: 0.1091 loss_reid: 6.6916 loss_objectness: 0.0056 loss_rpn_box_reg: 0.0024
epoch 14 [  200/2852] lr: 1.50e-05 loss: 6.9844 loss_classifier: 0.0704 loss_box_reg: 0.1095 loss_reid: 6.7961 loss_objectness: 0.0060 loss_rpn_box_reg: 0.0024
epoch 14 [  300/2852] lr: 1.50e-05 loss: 6.9864 loss_classifier: 0.0693 loss_box_reg: 0.1079 loss_reid: 6.8008 loss_objectness: 0.0060 loss_rpn_box_reg: 0.0024
epoch 14 [  400/2852] lr: 1.50e-05 loss: 7.0251 loss_classifier: 0.0681 loss_box_reg: 0.1070 loss_reid: 6.8419 loss_objectness: 0.0058 loss_rpn_box_reg: 0.0023
epoch 14 [  500/2852] lr: 1.50e-05 loss: 7.0197 loss_classifier: 0.0677 loss_box_reg: 0.1063 loss_reid: 6.8377 loss_objectness: 0.0057 loss_rpn_box_reg: 0.0022
epoch 14 [  600/2852] lr: 1.50e-05 loss: 7.0441 loss_classifier: 0.0672 loss_box_reg: 0.1052 loss_reid: 6.8638 loss_objectness: 0.0057 loss_rpn_box_reg: 0.0022
epoch 14 [  700/2852] lr: 1.50e-05 loss: 7.0379 loss_classifier: 0.0673 loss_box_reg: 0.1055 loss_reid: 6.8571 loss_objectness: 0.0057 loss_rpn_box_reg: 0.0022
epoch 14 [  800/2852] lr: 1.50e-05 loss: 7.0497 loss_classifier: 0.0667 loss_box_reg: 0.1045 loss_reid: 6.8707 loss_objectness: 0.0056 loss_rpn_box_reg: 0.0022
epoch 14 [  900/2852] lr: 1.50e-05 loss: 7.0343 loss_classifier: 0.0666 loss_box_reg: 0.1041 loss_reid: 6.8558 loss_objectness: 0.0056 loss_rpn_box_reg: 0.0022
epoch 14 [ 1000/2852] lr: 1.50e-05 loss: 7.0476 loss_classifier: 0.0666 loss_box_reg: 0.1039 loss_reid: 6.8692 loss_objectness: 0.0057 loss_rpn_box_reg: 0.0022
epoch 14 [ 1100/2852] lr: 1.50e-05 loss: 7.0628 loss_classifier: 0.0667 loss_box_reg: 0.1040 loss_reid: 6.8841 loss_objectness: 0.0057 loss_rpn_box_reg: 0.0022
epoch 14 [ 1200/2852] lr: 1.50e-05 loss: 7.0648 loss_classifier: 0.0670 loss_box_reg: 0.1042 loss_reid: 6.8856 loss_objectness: 0.0058 loss_rpn_box_reg: 0.0022
epoch 14 [ 1300/2852] lr: 1.50e-05 loss: 7.0716 loss_classifier: 0.0669 loss_box_reg: 0.1038 loss_reid: 6.8928 loss_objectness: 0.0059 loss_rpn_box_reg: 0.0022
epoch 14 [ 1400/2852] lr: 1.50e-05 loss: 7.0736 loss_classifier: 0.0672 loss_box_reg: 0.1043 loss_reid: 6.8940 loss_objectness: 0.0059 loss_rpn_box_reg: 0.0022
epoch 14 [ 1500/2852] lr: 1.50e-05 loss: 7.0804 loss_classifier: 0.0669 loss_box_reg: 0.1040 loss_reid: 6.9013 loss_objectness: 0.0059 loss_rpn_box_reg: 0.0022
epoch 14 [ 1600/2852] lr: 1.50e-05 loss: 7.0821 loss_classifier: 0.0668 loss_box_reg: 0.1040 loss_reid: 6.9033 loss_objectness: 0.0058 loss_rpn_box_reg: 0.0022
epoch 14 [ 1700/2852] lr: 1.50e-05 loss: 7.0839 loss_classifier: 0.0669 loss_box_reg: 0.1042 loss_reid: 6.9047 loss_objectness: 0.0058 loss_rpn_box_reg: 0.0022
epoch 14 [ 1800/2852] lr: 1.50e-05 loss: 7.0894 loss_classifier: 0.0670 loss_box_reg: 0.1042 loss_reid: 6.9101 loss_objectness: 0.0059 loss_rpn_box_reg: 0.0022
epoch 14 [ 1900/2852] lr: 1.50e-05 loss: 7.0865 loss_classifier: 0.0669 loss_box_reg: 0.1040 loss_reid: 6.9075 loss_objectness: 0.0058 loss_rpn_box_reg: 0.0022
epoch 14 [ 2000/2852] lr: 1.50e-05 loss: 7.0883 loss_classifier: 0.0668 loss_box_reg: 0.1038 loss_reid: 6.9096 loss_objectness: 0.0058 loss_rpn_box_reg: 0.0022
epoch 14 [ 2100/2852] lr: 1.50e-05 loss: 7.0911 loss_classifier: 0.0669 loss_box_reg: 0.1039 loss_reid: 6.9123 loss_objectness: 0.0058 loss_rpn_box_reg: 0.0022
epoch 14 [ 2200/2852] lr: 1.50e-05 loss: 7.0967 loss_classifier: 0.0670 loss_box_reg: 0.1040 loss_reid: 6.9176 loss_objectness: 0.0059 loss_rpn_box_reg: 0.0022
epoch 14 [ 2300/2852] lr: 1.50e-05 loss: 7.0954 loss_classifier: 0.0670 loss_box_reg: 0.1041 loss_reid: 6.9162 loss_objectness: 0.0059 loss_rpn_box_reg: 0.0022
epoch 14 [ 2400/2852] lr: 1.50e-05 loss: 7.0941 loss_classifier: 0.0668 loss_box_reg: 0.1038 loss_reid: 6.9155 loss_objectness: 0.0058 loss_rpn_box_reg: 0.0022
epoch 14 [ 2500/2852] lr: 1.50e-05 loss: 7.0923 loss_classifier: 0.0671 loss_box_reg: 0.1040 loss_reid: 6.9131 loss_objectness: 0.0059 loss_rpn_box_reg: 0.0022
epoch 14 [ 2600/2852] lr: 1.50e-05 loss: 7.0904 loss_classifier: 0.0671 loss_box_reg: 0.1040 loss_reid: 6.9112 loss_objectness: 0.0059 loss_rpn_box_reg: 0.0022
epoch 14 [ 2700/2852] lr: 1.50e-05 loss: 7.0962 loss_classifier: 0.0672 loss_box_reg: 0.1041 loss_reid: 6.9167 loss_objectness: 0.0059 loss_rpn_box_reg: 0.0022
epoch 14 [ 2800/2852] lr: 1.50e-05 loss: 7.0964 loss_classifier: 0.0672 loss_box_reg: 0.1040 loss_reid: 6.9171 loss_objectness: 0.0059 loss_rpn_box_reg: 0.0022
epoch 14 done in 11.3 min
epoch 15 [    0/2852] lr: 1.50e-05 loss: 6.7876 loss_classifier: 0.0511 loss_box_reg: 0.0536 loss_reid: 6.6712 loss_objectness: 0.0104 loss_rpn_box_reg: 0.0013
epoch 15 [  100/2852] lr: 1.50e-05 loss: 7.1349 loss_classifier: 0.0673 loss_box_reg: 0.1012 loss_reid: 6.9582 loss_objectness: 0.0063 loss_rpn_box_reg: 0.0020
epoch 15 [  200/2852] lr: 1.50e-05 loss: 7.1322 loss_classifier: 0.0660 loss_box_reg: 0.1025 loss_reid: 6.9561 loss_objectness: 0.0056 loss_rpn_box_reg: 0.0020
epoch 15 [  300/2852] lr: 1.50e-05 loss: 7.1044 loss_classifier: 0.0675 loss_box_reg: 0.1028 loss_reid: 6.9259 loss_objectness: 0.0061 loss_rpn_box_reg: 0.0021
epoch 15 [  400/2852] lr: 1.50e-05 loss: 7.1018 loss_classifier: 0.0677 loss_box_reg: 0.1038 loss_reid: 6.9217 loss_objectness: 0.0064 loss_rpn_box_reg: 0.0022
epoch 15 [  500/2852] lr: 1.50e-05 loss: 7.0990 loss_classifier: 0.0674 loss_box_reg: 0.1031 loss_reid: 6.9200 loss_objectness: 0.0064 loss_rpn_box_reg: 0.0022
epoch 15 [  600/2852] lr: 1.50e-05 loss: 7.1005 loss_classifier: 0.0665 loss_box_reg: 0.1021 loss_reid: 6.9234 loss_objectness: 0.0063 loss_rpn_box_reg: 0.0022
epoch 15 [  700/2852] lr: 1.50e-05 loss: 7.1023 loss_classifier: 0.0663 loss_box_reg: 0.1020 loss_reid: 6.9258 loss_objectness: 0.0061 loss_rpn_box_reg: 0.0022
epoch 15 [  800/2852] lr: 1.50e-05 loss: 7.1136 loss_classifier: 0.0662 loss_box_reg: 0.1023 loss_reid: 6.9370 loss_objectness: 0.0060 loss_rpn_box_reg: 0.0022
epoch 15 [  900/2852] lr: 1.50e-05 loss: 7.1031 loss_classifier: 0.0660 loss_box_reg: 0.1019 loss_reid: 6.9270 loss_objectness: 0.0060 loss_rpn_box_reg: 0.0022
epoch 15 [ 1000/2852] lr: 1.50e-05 loss: 7.0990 loss_classifier: 0.0664 loss_box_reg: 0.1027 loss_reid: 6.9217 loss_objectness: 0.0060 loss_rpn_box_reg: 0.0022
epoch 15 [ 1100/2852] lr: 1.50e-05 loss: 7.0952 loss_classifier: 0.0666 loss_box_reg: 0.1031 loss_reid: 6.9173 loss_objectness: 0.0060 loss_rpn_box_reg: 0.0022
epoch 15 [ 1200/2852] lr: 1.50e-05 loss: 7.0976 loss_classifier: 0.0664 loss_box_reg: 0.1031 loss_reid: 6.9198 loss_objectness: 0.0061 loss_rpn_box_reg: 0.0022
epoch 15 [ 1300/2852] lr: 1.50e-05 loss: 7.0905 loss_classifier: 0.0662 loss_box_reg: 0.1028 loss_reid: 6.9132 loss_objectness: 0.0060 loss_rpn_box_reg: 0.0022
epoch 15 [ 1400/2852] lr: 1.50e-05 loss: 7.0789 loss_classifier: 0.0662 loss_box_reg: 0.1027 loss_reid: 6.9018 loss_objectness: 0.0060 loss_rpn_box_reg: 0.0022
epoch 15 [ 1500/2852] lr: 1.50e-05 loss: 7.0759 loss_classifier: 0.0663 loss_box_reg: 0.1028 loss_reid: 6.8985 loss_objectness: 0.0060 loss_rpn_box_reg: 0.0022
epoch 15 [ 1600/2852] lr: 1.50e-05 loss: 7.0766 loss_classifier: 0.0666 loss_box_reg: 0.1032 loss_reid: 6.8987 loss_objectness: 0.0060 loss_rpn_box_reg: 0.0022
epoch 15 [ 1700/2852] lr: 1.50e-05 loss: 7.0772 loss_classifier: 0.0666 loss_box_reg: 0.1031 loss_reid: 6.8993 loss_objectness: 0.0060 loss_rpn_box_reg: 0.0022
epoch 15 [ 1800/2852] lr: 1.50e-05 loss: 7.0786 loss_classifier: 0.0665 loss_box_reg: 0.1029 loss_reid: 6.9010 loss_objectness: 0.0059 loss_rpn_box_reg: 0.0022
epoch 15 [ 1900/2852] lr: 1.50e-05 loss: 7.0821 loss_classifier: 0.0670 loss_box_reg: 0.1036 loss_reid: 6.9032 loss_objectness: 0.0060 loss_rpn_box_reg: 0.0022
epoch 15 [ 2000/2852] lr: 1.50e-05 loss: 7.0818 loss_classifier: 0.0671 loss_box_reg: 0.1039 loss_reid: 6.9026 loss_objectness: 0.0060 loss_rpn_box_reg: 0.0022
epoch 15 [ 2100/2852] lr: 1.50e-05 loss: 7.0811 loss_classifier: 0.0670 loss_box_reg: 0.1036 loss_reid: 6.9023 loss_objectness: 0.0059 loss_rpn_box_reg: 0.0022
epoch 15 [ 2200/2852] lr: 1.50e-05 loss: 7.0860 loss_classifier: 0.0669 loss_box_reg: 0.1035 loss_reid: 6.9074 loss_objectness: 0.0060 loss_rpn_box_reg: 0.0022
epoch 15 [ 2300/2852] lr: 1.50e-05 loss: 7.0879 loss_classifier: 0.0670 loss_box_reg: 0.1037 loss_reid: 6.9090 loss_objectness: 0.0060 loss_rpn_box_reg: 0.0022
epoch 15 [ 2400/2852] lr: 1.50e-05 loss: 7.0935 loss_classifier: 0.0670 loss_box_reg: 0.1038 loss_reid: 6.9145 loss_objectness: 0.0060 loss_rpn_box_reg: 0.0022
epoch 15 [ 2500/2852] lr: 1.50e-05 loss: 7.0970 loss_classifier: 0.0669 loss_box_reg: 0.1037 loss_reid: 6.9182 loss_objectness: 0.0059 loss_rpn_box_reg: 0.0022
epoch 15 [ 2600/2852] lr: 1.50e-05 loss: 7.0931 loss_classifier: 0.0669 loss_box_reg: 0.1036 loss_reid: 6.9146 loss_objectness: 0.0059 loss_rpn_box_reg: 0.0022
epoch 15 [ 2700/2852] lr: 1.50e-05 loss: 7.0938 loss_classifier: 0.0667 loss_box_reg: 0.1034 loss_reid: 6.9156 loss_objectness: 0.0059 loss_rpn_box_reg: 0.0022
epoch 15 [ 2800/2852] lr: 1.50e-05 loss: 7.0947 loss_classifier: 0.0669 loss_box_reg: 0.1036 loss_reid: 6.9162 loss_objectness: 0.0059 loss_rpn_box_reg: 0.0022
epoch 15 done in 11.3 min
search ranking:
  mAP = 0.93%
  top- 1 = 6.71%
