train: 5704 images, 483 identities
/home/acapialbi/ml4cv-exam-project/src/engine.py:56: UserWarning: Detected call of `lr_scheduler.step()` before `optimizer.step()`. In PyTorch 1.1.0 and later, you should call them in the opposite order: `optimizer.step()` before `lr_scheduler.step()`.  Failure to do this will result in PyTorch skipping the first value of the learning rate schedule. See more details at https://pytorch.org/docs/stable/optim.html#how-to-adjust-learning-rate
  warmup.step()
epoch 0 [    0/2852] lr: 3.00e-06 loss: 8.4139 loss_classifier: 0.8024 loss_box_reg: 0.0171 loss_reid: 6.8906 loss_objectness: 0.6934 loss_rpn_box_reg: 0.0105
epoch 0 [  100/2852] lr: 1.53e-04 loss: 20.4815 loss_classifier: 0.3550 loss_box_reg: 0.0379 loss_reid: 19.3990 loss_objectness: 0.6646 loss_rpn_box_reg: 0.0251
epoch 0 [  200/2852] lr: 3.03e-04 loss: 19.0834 loss_classifier: 0.2977 loss_box_reg: 0.0461 loss_reid: 18.1040 loss_objectness: 0.6090 loss_rpn_box_reg: 0.0267
epoch 0 [  300/2852] lr: 4.53e-04 loss: 17.5505 loss_classifier: 0.2495 loss_box_reg: 0.0424 loss_reid: 16.6769 loss_objectness: 0.5533 loss_rpn_box_reg: 0.0285
epoch 0 [  400/2852] lr: 6.02e-04 loss: 16.4808 loss_classifier: 0.2128 loss_box_reg: 0.0381 loss_reid: 15.7061 loss_objectness: 0.4959 loss_rpn_box_reg: 0.0280
epoch 0 [  500/2852] lr: 7.52e-04 loss: 15.6684 loss_classifier: 0.1875 loss_box_reg: 0.0357 loss_reid: 14.9708 loss_objectness: 0.4460 loss_rpn_box_reg: 0.0284
epoch 0 [  600/2852] lr: 9.02e-04 loss: 15.1284 loss_classifier: 0.1689 loss_box_reg: 0.0338 loss_reid: 14.4919 loss_objectness: 0.4049 loss_rpn_box_reg: 0.0290
epoch 0 [  700/2852] lr: 1.05e-03 loss: 14.7204 loss_classifier: 0.1579 loss_box_reg: 0.0351 loss_reid: 14.1280 loss_objectness: 0.3703 loss_rpn_box_reg: 0.0291
epoch 0 [  800/2852] lr: 1.20e-03 loss: 14.4976 loss_classifier: 0.1519 loss_box_reg: 0.0402 loss_reid: 13.9324 loss_objectness: 0.3433 loss_rpn_box_reg: 0.0298
epoch 0 [  900/2852] lr: 1.35e-03 loss: 14.2306 loss_classifier: 0.1475 loss_box_reg: 0.0457 loss_reid: 13.6868 loss_objectness: 0.3208 loss_rpn_box_reg: 0.0298
epoch 0 [ 1000/2852] lr: 1.50e-03 loss: 14.1073 loss_classifier: 0.1456 loss_box_reg: 0.0539 loss_reid: 13.5771 loss_objectness: 0.3004 loss_rpn_box_reg: 0.0303
epoch 0 [ 1100/2852] lr: 1.50e-03 loss: 14.1252 loss_classifier: 0.1449 loss_box_reg: 0.0623 loss_reid: 13.6055 loss_objectness: 0.2821 loss_rpn_box_reg: 0.0305
epoch 0 [ 1200/2852] lr: 1.50e-03 loss: 14.0196 loss_classifier: 0.1433 loss_box_reg: 0.0693 loss_reid: 13.5096 loss_objectness: 0.2666 loss_rpn_box_reg: 0.0308
epoch 0 [ 1300/2852] lr: 1.50e-03 loss: 13.8724 loss_classifier: 0.1410 loss_box_reg: 0.0744 loss_reid: 13.3734 loss_objectness: 0.2530 loss_rpn_box_reg: 0.0307
epoch 0 [ 1400/2852] lr: 1.50e-03 loss: 13.7514 loss_classifier: 0.1392 loss_box_reg: 0.0803 loss_reid: 13.2612 loss_objectness: 0.2403 loss_rpn_box_reg: 0.0304
epoch 0 [ 1500/2852] lr: 1.50e-03 loss: 13.7040 loss_classifier: 0.1378 loss_box_reg: 0.0851 loss_reid: 13.2221 loss_objectness: 0.2289 loss_rpn_box_reg: 0.0302
epoch 0 [ 1600/2852] lr: 1.50e-03 loss: 13.6131 loss_classifier: 0.1359 loss_box_reg: 0.0894 loss_reid: 13.1393 loss_objectness: 0.2186 loss_rpn_box_reg: 0.0300
epoch 0 [ 1700/2852] lr: 1.50e-03 loss: 13.5227 loss_classifier: 0.1343 loss_box_reg: 0.0939 loss_reid: 13.0551 loss_objectness: 0.2096 loss_rpn_box_reg: 0.0298
epoch 0 [ 1800/2852] lr: 1.50e-03 loss: 13.4572 loss_classifier: 0.1324 loss_box_reg: 0.0965 loss_reid: 12.9975 loss_objectness: 0.2013 loss_rpn_box_reg: 0.0295
epoch 0 [ 1900/2852] lr: 1.50e-03 loss: 13.4017 loss_classifier: 0.1306 loss_box_reg: 0.0993 loss_reid: 12.9481 loss_objectness: 0.1944 loss_rpn_box_reg: 0.0293
epoch 0 [ 2000/2852] lr: 1.50e-03 loss: 13.2705 loss_classifier: 0.1292 loss_box_reg: 0.1023 loss_reid: 12.8225 loss_objectness: 0.1874 loss_rpn_box_reg: 0.0291
epoch 0 [ 2100/2852] lr: 1.50e-03 loss: 13.1863 loss_classifier: 0.1282 loss_box_reg: 0.1052 loss_reid: 12.7428 loss_objectness: 0.1812 loss_rpn_box_reg: 0.0289
epoch 0 [ 2200/2852] lr: 1.50e-03 loss: 13.0967 loss_classifier: 0.1272 loss_box_reg: 0.1082 loss_reid: 12.6570 loss_objectness: 0.1756 loss_rpn_box_reg: 0.0287
epoch 0 [ 2300/2852] lr: 1.50e-03 loss: 13.0401 loss_classifier: 0.1260 loss_box_reg: 0.1100 loss_reid: 12.6054 loss_objectness: 0.1703 loss_rpn_box_reg: 0.0284
epoch 0 [ 2400/2852] lr: 1.50e-03 loss: 12.9588 loss_classifier: 0.1250 loss_box_reg: 0.1118 loss_reid: 12.5284 loss_objectness: 0.1654 loss_rpn_box_reg: 0.0281
epoch 0 [ 2500/2852] lr: 1.50e-03 loss: 12.8604 loss_classifier: 0.1238 loss_box_reg: 0.1132 loss_reid: 12.4349 loss_objectness: 0.1607 loss_rpn_box_reg: 0.0278
epoch 0 [ 2600/2852] lr: 1.50e-03 loss: 12.7921 loss_classifier: 0.1229 loss_box_reg: 0.1147 loss_reid: 12.3704 loss_objectness: 0.1565 loss_rpn_box_reg: 0.0276
epoch 0 [ 2700/2852] lr: 1.50e-03 loss: 12.7329 loss_classifier: 0.1218 loss_box_reg: 0.1158 loss_reid: 12.3157 loss_objectness: 0.1524 loss_rpn_box_reg: 0.0273
epoch 0 [ 2800/2852] lr: 1.50e-03 loss: 12.6847 loss_classifier: 0.1211 loss_box_reg: 0.1171 loss_reid: 12.2708 loss_objectness: 0.1487 loss_rpn_box_reg: 0.0270
epoch 0 done in 21.3 min
epoch 1 [    0/2852] lr: 1.50e-03 loss: 9.6034 loss_classifier: 0.1543 loss_box_reg: 0.2056 loss_reid: 9.1877 loss_objectness: 0.0400 loss_rpn_box_reg: 0.0158
epoch 1 [  100/2852] lr: 1.50e-03 loss: 10.3753 loss_classifier: 0.1009 loss_box_reg: 0.1629 loss_reid: 10.0464 loss_objectness: 0.0456 loss_rpn_box_reg: 0.0195
epoch 1 [  200/2852] lr: 1.50e-03 loss: 10.3813 loss_classifier: 0.1012 loss_box_reg: 0.1649 loss_reid: 10.0488 loss_objectness: 0.0464 loss_rpn_box_reg: 0.0200
epoch 1 [  300/2852] lr: 1.50e-03 loss: 10.3512 loss_classifier: 0.0990 loss_box_reg: 0.1601 loss_reid: 10.0284 loss_objectness: 0.0442 loss_rpn_box_reg: 0.0195
epoch 1 [  400/2852] lr: 1.50e-03 loss: 10.3155 loss_classifier: 0.0974 loss_box_reg: 0.1563 loss_reid: 9.9982 loss_objectness: 0.0446 loss_rpn_box_reg: 0.0191
epoch 1 [  500/2852] lr: 1.50e-03 loss: 10.3404 loss_classifier: 0.0977 loss_box_reg: 0.1588 loss_reid: 10.0205 loss_objectness: 0.0441 loss_rpn_box_reg: 0.0193
epoch 1 [  600/2852] lr: 1.50e-03 loss: 10.2627 loss_classifier: 0.0974 loss_box_reg: 0.1592 loss_reid: 9.9433 loss_objectness: 0.0439 loss_rpn_box_reg: 0.0189
epoch 1 [  700/2852] lr: 1.50e-03 loss: 10.2756 loss_classifier: 0.0974 loss_box_reg: 0.1580 loss_reid: 9.9580 loss_objectness: 0.0436 loss_rpn_box_reg: 0.0186
epoch 1 [  800/2852] lr: 1.50e-03 loss: 10.2865 loss_classifier: 0.0974 loss_box_reg: 0.1577 loss_reid: 9.9700 loss_objectness: 0.0429 loss_rpn_box_reg: 0.0184
epoch 1 [  900/2852] lr: 1.50e-03 loss: 10.2962 loss_classifier: 0.0973 loss_box_reg: 0.1576 loss_reid: 9.9803 loss_objectness: 0.0425 loss_rpn_box_reg: 0.0184
epoch 1 [ 1000/2852] lr: 1.50e-03 loss: 10.2878 loss_classifier: 0.0967 loss_box_reg: 0.1566 loss_reid: 9.9737 loss_objectness: 0.0425 loss_rpn_box_reg: 0.0183
epoch 1 [ 1100/2852] lr: 1.50e-03 loss: 10.2695 loss_classifier: 0.0961 loss_box_reg: 0.1552 loss_reid: 9.9579 loss_objectness: 0.0421 loss_rpn_box_reg: 0.0181
epoch 1 [ 1200/2852] lr: 1.50e-03 loss: 10.1808 loss_classifier: 0.0958 loss_box_reg: 0.1543 loss_reid: 9.8707 loss_objectness: 0.0421 loss_rpn_box_reg: 0.0180
epoch 1 [ 1300/2852] lr: 1.50e-03 loss: 10.1152 loss_classifier: 0.0959 loss_box_reg: 0.1545 loss_reid: 9.8051 loss_objectness: 0.0419 loss_rpn_box_reg: 0.0179
epoch 1 [ 1400/2852] lr: 1.50e-03 loss: 10.0846 loss_classifier: 0.0958 loss_box_reg: 0.1550 loss_reid: 9.7745 loss_objectness: 0.0415 loss_rpn_box_reg: 0.0179
epoch 1 [ 1500/2852] lr: 1.50e-03 loss: 10.0219 loss_classifier: 0.0954 loss_box_reg: 0.1544 loss_reid: 9.7135 loss_objectness: 0.0410 loss_rpn_box_reg: 0.0176
epoch 1 [ 1600/2852] lr: 1.50e-03 loss: 9.9955 loss_classifier: 0.0948 loss_box_reg: 0.1532 loss_reid: 9.6890 loss_objectness: 0.0410 loss_rpn_box_reg: 0.0175
epoch 1 [ 1700/2852] lr: 1.50e-03 loss: 9.9936 loss_classifier: 0.0950 loss_box_reg: 0.1537 loss_reid: 9.6864 loss_objectness: 0.0411 loss_rpn_box_reg: 0.0175
epoch 1 [ 1800/2852] lr: 1.50e-03 loss: 9.9478 loss_classifier: 0.0947 loss_box_reg: 0.1531 loss_reid: 9.6417 loss_objectness: 0.0409 loss_rpn_box_reg: 0.0173
epoch 1 [ 1900/2852] lr: 1.50e-03 loss: 9.8935 loss_classifier: 0.0944 loss_box_reg: 0.1525 loss_reid: 9.5883 loss_objectness: 0.0411 loss_rpn_box_reg: 0.0172
epoch 1 [ 2000/2852] lr: 1.50e-03 loss: 9.8566 loss_classifier: 0.0943 loss_box_reg: 0.1521 loss_reid: 9.5520 loss_objectness: 0.0411 loss_rpn_box_reg: 0.0171
epoch 1 [ 2100/2852] lr: 1.50e-03 loss: 9.8505 loss_classifier: 0.0940 loss_box_reg: 0.1517 loss_reid: 9.5467 loss_objectness: 0.0411 loss_rpn_box_reg: 0.0170
epoch 1 [ 2200/2852] lr: 1.50e-03 loss: 9.8422 loss_classifier: 0.0937 loss_box_reg: 0.1512 loss_reid: 9.5398 loss_objectness: 0.0407 loss_rpn_box_reg: 0.0169
epoch 1 [ 2300/2852] lr: 1.50e-03 loss: 9.8018 loss_classifier: 0.0939 loss_box_reg: 0.1517 loss_reid: 9.4988 loss_objectness: 0.0405 loss_rpn_box_reg: 0.0168
epoch 1 [ 2400/2852] lr: 1.50e-03 loss: 9.7946 loss_classifier: 0.0937 loss_box_reg: 0.1518 loss_reid: 9.4920 loss_objectness: 0.0404 loss_rpn_box_reg: 0.0167
epoch 1 [ 2500/2852] lr: 1.50e-03 loss: 9.7823 loss_classifier: 0.0932 loss_box_reg: 0.1512 loss_reid: 9.4811 loss_objectness: 0.0400 loss_rpn_box_reg: 0.0167
epoch 1 [ 2600/2852] lr: 1.50e-03 loss: 9.7717 loss_classifier: 0.0935 loss_box_reg: 0.1516 loss_reid: 9.4701 loss_objectness: 0.0398 loss_rpn_box_reg: 0.0166
epoch 1 [ 2700/2852] lr: 1.50e-03 loss: 9.7442 loss_classifier: 0.0935 loss_box_reg: 0.1513 loss_reid: 9.4432 loss_objectness: 0.0397 loss_rpn_box_reg: 0.0165
epoch 1 [ 2800/2852] lr: 1.50e-03 loss: 9.7427 loss_classifier: 0.0936 loss_box_reg: 0.1512 loss_reid: 9.4420 loss_objectness: 0.0394 loss_rpn_box_reg: 0.0165
epoch 1 done in 21.8 min
epoch 2 [    0/2852] lr: 1.50e-03 loss: 6.3709 loss_classifier: 0.0713 loss_box_reg: 0.1204 loss_reid: 6.1445 loss_objectness: 0.0265 loss_rpn_box_reg: 0.0081
epoch 2 [  100/2852] lr: 1.50e-03 loss: 8.9758 loss_classifier: 0.0913 loss_box_reg: 0.1541 loss_reid: 8.6842 loss_objectness: 0.0325 loss_rpn_box_reg: 0.0137
epoch 2 [  200/2852] lr: 1.50e-03 loss: 9.0139 loss_classifier: 0.0924 loss_box_reg: 0.1529 loss_reid: 8.7237 loss_objectness: 0.0309 loss_rpn_box_reg: 0.0140
epoch 2 [  300/2852] lr: 1.50e-03 loss: 8.8456 loss_classifier: 0.0947 loss_box_reg: 0.1566 loss_reid: 8.5475 loss_objectness: 0.0321 loss_rpn_box_reg: 0.0147
epoch 2 [  400/2852] lr: 1.50e-03 loss: 8.8361 loss_classifier: 0.0956 loss_box_reg: 0.1566 loss_reid: 8.5373 loss_objectness: 0.0320 loss_rpn_box_reg: 0.0146
epoch 2 [  500/2852] lr: 1.50e-03 loss: 8.7266 loss_classifier: 0.0943 loss_box_reg: 0.1555 loss_reid: 8.4307 loss_objectness: 0.0315 loss_rpn_box_reg: 0.0146
epoch 2 [  600/2852] lr: 1.50e-03 loss: 8.7070 loss_classifier: 0.0938 loss_box_reg: 0.1551 loss_reid: 8.4118 loss_objectness: 0.0315 loss_rpn_box_reg: 0.0148
epoch 2 [  700/2852] lr: 1.50e-03 loss: 8.6175 loss_classifier: 0.0921 loss_box_reg: 0.1535 loss_reid: 8.3265 loss_objectness: 0.0309 loss_rpn_box_reg: 0.0146
epoch 2 [  800/2852] lr: 1.50e-03 loss: 8.6164 loss_classifier: 0.0918 loss_box_reg: 0.1523 loss_reid: 8.3271 loss_objectness: 0.0308 loss_rpn_box_reg: 0.0144
epoch 2 [  900/2852] lr: 1.50e-03 loss: 8.6125 loss_classifier: 0.0915 loss_box_reg: 0.1515 loss_reid: 8.3249 loss_objectness: 0.0305 loss_rpn_box_reg: 0.0142
epoch 2 [ 1000/2852] lr: 1.50e-03 loss: 8.6517 loss_classifier: 0.0921 loss_box_reg: 0.1527 loss_reid: 8.3619 loss_objectness: 0.0308 loss_rpn_box_reg: 0.0142
epoch 2 [ 1100/2852] lr: 1.50e-03 loss: 8.6821 loss_classifier: 0.0922 loss_box_reg: 0.1529 loss_reid: 8.3916 loss_objectness: 0.0311 loss_rpn_box_reg: 0.0143
epoch 2 [ 1200/2852] lr: 1.50e-03 loss: 8.6775 loss_classifier: 0.0926 loss_box_reg: 0.1532 loss_reid: 8.3864 loss_objectness: 0.0311 loss_rpn_box_reg: 0.0142
epoch 2 [ 1300/2852] lr: 1.50e-03 loss: 8.6643 loss_classifier: 0.0928 loss_box_reg: 0.1535 loss_reid: 8.3726 loss_objectness: 0.0312 loss_rpn_box_reg: 0.0142
epoch 2 [ 1400/2852] lr: 1.50e-03 loss: 8.6500 loss_classifier: 0.0932 loss_box_reg: 0.1537 loss_reid: 8.3579 loss_objectness: 0.0312 loss_rpn_box_reg: 0.0141
epoch 2 [ 1500/2852] lr: 1.50e-03 loss: 8.6422 loss_classifier: 0.0931 loss_box_reg: 0.1535 loss_reid: 8.3505 loss_objectness: 0.0310 loss_rpn_box_reg: 0.0141
epoch 2 [ 1600/2852] lr: 1.50e-03 loss: 8.6371 loss_classifier: 0.0932 loss_box_reg: 0.1534 loss_reid: 8.3452 loss_objectness: 0.0313 loss_rpn_box_reg: 0.0140
epoch 2 [ 1700/2852] lr: 1.50e-03 loss: 8.6644 loss_classifier: 0.0931 loss_box_reg: 0.1533 loss_reid: 8.3729 loss_objectness: 0.0311 loss_rpn_box_reg: 0.0140
epoch 2 [ 1800/2852] lr: 1.50e-03 loss: 8.6496 loss_classifier: 0.0932 loss_box_reg: 0.1537 loss_reid: 8.3579 loss_objectness: 0.0309 loss_rpn_box_reg: 0.0140
epoch 2 [ 1900/2852] lr: 1.50e-03 loss: 8.6301 loss_classifier: 0.0937 loss_box_reg: 0.1546 loss_reid: 8.3370 loss_objectness: 0.0308 loss_rpn_box_reg: 0.0140
epoch 2 [ 2000/2852] lr: 1.50e-03 loss: 8.6295 loss_classifier: 0.0940 loss_box_reg: 0.1554 loss_reid: 8.3356 loss_objectness: 0.0305 loss_rpn_box_reg: 0.0139
epoch 2 [ 2100/2852] lr: 1.50e-03 loss: 8.6044 loss_classifier: 0.0939 loss_box_reg: 0.1554 loss_reid: 8.3106 loss_objectness: 0.0305 loss_rpn_box_reg: 0.0139
epoch 2 [ 2200/2852] lr: 1.50e-03 loss: 8.6056 loss_classifier: 0.0937 loss_box_reg: 0.1549 loss_reid: 8.3130 loss_objectness: 0.0302 loss_rpn_box_reg: 0.0138
epoch 2 [ 2300/2852] lr: 1.50e-03 loss: 8.6015 loss_classifier: 0.0937 loss_box_reg: 0.1550 loss_reid: 8.3088 loss_objectness: 0.0301 loss_rpn_box_reg: 0.0139
epoch 2 [ 2400/2852] lr: 1.50e-03 loss: 8.5721 loss_classifier: 0.0940 loss_box_reg: 0.1557 loss_reid: 8.2785 loss_objectness: 0.0301 loss_rpn_box_reg: 0.0139
epoch 2 [ 2500/2852] lr: 1.50e-03 loss: 8.5524 loss_classifier: 0.0939 loss_box_reg: 0.1554 loss_reid: 8.2595 loss_objectness: 0.0299 loss_rpn_box_reg: 0.0138
epoch 2 [ 2600/2852] lr: 1.50e-03 loss: 8.5534 loss_classifier: 0.0938 loss_box_reg: 0.1554 loss_reid: 8.2607 loss_objectness: 0.0297 loss_rpn_box_reg: 0.0138
epoch 2 [ 2700/2852] lr: 1.50e-03 loss: 8.5034 loss_classifier: 0.0937 loss_box_reg: 0.1554 loss_reid: 8.2108 loss_objectness: 0.0296 loss_rpn_box_reg: 0.0138
epoch 2 [ 2800/2852] lr: 1.50e-03 loss: 8.5212 loss_classifier: 0.0936 loss_box_reg: 0.1553 loss_reid: 8.2290 loss_objectness: 0.0297 loss_rpn_box_reg: 0.0138
epoch 2 done in 22.2 min
epoch 3 [    0/2852] lr: 1.50e-03 loss: 10.2035 loss_classifier: 0.0691 loss_box_reg: 0.1206 loss_reid: 9.9836 loss_objectness: 0.0223 loss_rpn_box_reg: 0.0080
epoch 3 [  100/2852] lr: 1.50e-03 loss: 8.1489 loss_classifier: 0.0961 loss_box_reg: 0.1567 loss_reid: 7.8550 loss_objectness: 0.0273 loss_rpn_box_reg: 0.0137
epoch 3 [  200/2852] lr: 1.50e-03 loss: 8.0761 loss_classifier: 0.0937 loss_box_reg: 0.1518 loss_reid: 7.7911 loss_objectness: 0.0260 loss_rpn_box_reg: 0.0134
epoch 3 [  300/2852] lr: 1.50e-03 loss: 8.0688 loss_classifier: 0.0928 loss_box_reg: 0.1529 loss_reid: 7.7846 loss_objectness: 0.0255 loss_rpn_box_reg: 0.0130
epoch 3 [  400/2852] lr: 1.50e-03 loss: 7.8912 loss_classifier: 0.0917 loss_box_reg: 0.1550 loss_reid: 7.6061 loss_objectness: 0.0253 loss_rpn_box_reg: 0.0132
epoch 3 [  500/2852] lr: 1.50e-03 loss: 7.8243 loss_classifier: 0.0899 loss_box_reg: 0.1510 loss_reid: 7.5445 loss_objectness: 0.0260 loss_rpn_box_reg: 0.0130
epoch 3 [  600/2852] lr: 1.50e-03 loss: 7.7785 loss_classifier: 0.0901 loss_box_reg: 0.1527 loss_reid: 7.4967 loss_objectness: 0.0260 loss_rpn_box_reg: 0.0131
epoch 3 [  700/2852] lr: 1.50e-03 loss: 7.7295 loss_classifier: 0.0894 loss_box_reg: 0.1509 loss_reid: 7.4496 loss_objectness: 0.0264 loss_rpn_box_reg: 0.0131
epoch 3 [  800/2852] lr: 1.50e-03 loss: 7.6793 loss_classifier: 0.0901 loss_box_reg: 0.1520 loss_reid: 7.3972 loss_objectness: 0.0267 loss_rpn_box_reg: 0.0133
epoch 3 [  900/2852] lr: 1.50e-03 loss: 7.6928 loss_classifier: 0.0911 loss_box_reg: 0.1545 loss_reid: 7.4072 loss_objectness: 0.0265 loss_rpn_box_reg: 0.0134
epoch 3 [ 1000/2852] lr: 1.50e-03 loss: 7.6713 loss_classifier: 0.0913 loss_box_reg: 0.1553 loss_reid: 7.3848 loss_objectness: 0.0264 loss_rpn_box_reg: 0.0135
epoch 3 [ 1100/2852] lr: 1.50e-03 loss: 7.6541 loss_classifier: 0.0913 loss_box_reg: 0.1553 loss_reid: 7.3682 loss_objectness: 0.0259 loss_rpn_box_reg: 0.0135
epoch 3 [ 1200/2852] lr: 1.50e-03 loss: 7.6494 loss_classifier: 0.0907 loss_box_reg: 0.1538 loss_reid: 7.3661 loss_objectness: 0.0254 loss_rpn_box_reg: 0.0133
epoch 3 [ 1300/2852] lr: 1.50e-03 loss: 7.6249 loss_classifier: 0.0909 loss_box_reg: 0.1535 loss_reid: 7.3416 loss_objectness: 0.0256 loss_rpn_box_reg: 0.0133
epoch 3 [ 1400/2852] lr: 1.50e-03 loss: 7.6286 loss_classifier: 0.0907 loss_box_reg: 0.1526 loss_reid: 7.3463 loss_objectness: 0.0257 loss_rpn_box_reg: 0.0133
epoch 3 [ 1500/2852] lr: 1.50e-03 loss: 7.6180 loss_classifier: 0.0903 loss_box_reg: 0.1521 loss_reid: 7.3368 loss_objectness: 0.0257 loss_rpn_box_reg: 0.0133
epoch 3 [ 1600/2852] lr: 1.50e-03 loss: 7.5907 loss_classifier: 0.0898 loss_box_reg: 0.1513 loss_reid: 7.3109 loss_objectness: 0.0254 loss_rpn_box_reg: 0.0132
epoch 3 [ 1700/2852] lr: 1.50e-03 loss: 7.5696 loss_classifier: 0.0898 loss_box_reg: 0.1513 loss_reid: 7.2898 loss_objectness: 0.0255 loss_rpn_box_reg: 0.0132
epoch 3 [ 1800/2852] lr: 1.50e-03 loss: 7.5539 loss_classifier: 0.0899 loss_box_reg: 0.1519 loss_reid: 7.2734 loss_objectness: 0.0255 loss_rpn_box_reg: 0.0133
epoch 3 [ 1900/2852] lr: 1.50e-03 loss: 7.5418 loss_classifier: 0.0897 loss_box_reg: 0.1518 loss_reid: 7.2614 loss_objectness: 0.0256 loss_rpn_box_reg: 0.0133
epoch 3 [ 2000/2852] lr: 1.50e-03 loss: 7.5364 loss_classifier: 0.0901 loss_box_reg: 0.1525 loss_reid: 7.2548 loss_objectness: 0.0257 loss_rpn_box_reg: 0.0133
epoch 3 [ 2100/2852] lr: 1.50e-03 loss: 7.5491 loss_classifier: 0.0907 loss_box_reg: 0.1539 loss_reid: 7.2655 loss_objectness: 0.0256 loss_rpn_box_reg: 0.0134
epoch 3 [ 2200/2852] lr: 1.50e-03 loss: 7.5466 loss_classifier: 0.0909 loss_box_reg: 0.1544 loss_reid: 7.2624 loss_objectness: 0.0256 loss_rpn_box_reg: 0.0134
epoch 3 [ 2300/2852] lr: 1.50e-03 loss: 7.5334 loss_classifier: 0.0906 loss_box_reg: 0.1539 loss_reid: 7.2503 loss_objectness: 0.0254 loss_rpn_box_reg: 0.0133
epoch 3 [ 2400/2852] lr: 1.50e-03 loss: 7.5281 loss_classifier: 0.0908 loss_box_reg: 0.1542 loss_reid: 7.2444 loss_objectness: 0.0253 loss_rpn_box_reg: 0.0133
epoch 3 [ 2500/2852] lr: 1.50e-03 loss: 7.5184 loss_classifier: 0.0909 loss_box_reg: 0.1543 loss_reid: 7.2348 loss_objectness: 0.0252 loss_rpn_box_reg: 0.0133
epoch 3 [ 2600/2852] lr: 1.50e-03 loss: 7.5105 loss_classifier: 0.0907 loss_box_reg: 0.1540 loss_reid: 7.2273 loss_objectness: 0.0252 loss_rpn_box_reg: 0.0133
epoch 3 [ 2700/2852] lr: 1.50e-03 loss: 7.5019 loss_classifier: 0.0907 loss_box_reg: 0.1538 loss_reid: 7.2188 loss_objectness: 0.0252 loss_rpn_box_reg: 0.0133
epoch 3 [ 2800/2852] lr: 1.50e-03 loss: 7.5139 loss_classifier: 0.0908 loss_box_reg: 0.1535 loss_reid: 7.2309 loss_objectness: 0.0253 loss_rpn_box_reg: 0.0133
epoch 3 done in 22.3 min
epoch 4 [    0/2852] lr: 1.50e-03 loss: 9.6752 loss_classifier: 0.1386 loss_box_reg: 0.2022 loss_reid: 9.2980 loss_objectness: 0.0217 loss_rpn_box_reg: 0.0147
epoch 4 [  100/2852] lr: 1.50e-03 loss: 7.7410 loss_classifier: 0.0909 loss_box_reg: 0.1502 loss_reid: 7.4664 loss_objectness: 0.0203 loss_rpn_box_reg: 0.0133
epoch 4 [  200/2852] lr: 1.50e-03 loss: 7.1746 loss_classifier: 0.0920 loss_box_reg: 0.1569 loss_reid: 6.8902 loss_objectness: 0.0220 loss_rpn_box_reg: 0.0135
epoch 4 [  300/2852] lr: 1.50e-03 loss: 7.0852 loss_classifier: 0.0952 loss_box_reg: 0.1614 loss_reid: 6.7914 loss_objectness: 0.0235 loss_rpn_box_reg: 0.0136
epoch 4 [  400/2852] lr: 1.50e-03 loss: 7.0716 loss_classifier: 0.0951 loss_box_reg: 0.1627 loss_reid: 6.7769 loss_objectness: 0.0231 loss_rpn_box_reg: 0.0138
epoch 4 [  500/2852] lr: 1.50e-03 loss: 7.0666 loss_classifier: 0.0942 loss_box_reg: 0.1619 loss_reid: 6.7740 loss_objectness: 0.0228 loss_rpn_box_reg: 0.0136
epoch 4 [  600/2852] lr: 1.50e-03 loss: 7.0296 loss_classifier: 0.0932 loss_box_reg: 0.1604 loss_reid: 6.7398 loss_objectness: 0.0227 loss_rpn_box_reg: 0.0136
epoch 4 [  700/2852] lr: 1.50e-03 loss: 7.0012 loss_classifier: 0.0933 loss_box_reg: 0.1605 loss_reid: 6.7118 loss_objectness: 0.0221 loss_rpn_box_reg: 0.0135
epoch 4 [  800/2852] lr: 1.50e-03 loss: 7.0156 loss_classifier: 0.0935 loss_box_reg: 0.1598 loss_reid: 6.7263 loss_objectness: 0.0226 loss_rpn_box_reg: 0.0134
epoch 4 [  900/2852] lr: 1.50e-03 loss: 6.9897 loss_classifier: 0.0936 loss_box_reg: 0.1598 loss_reid: 6.7006 loss_objectness: 0.0225 loss_rpn_box_reg: 0.0132
epoch 4 [ 1000/2852] lr: 1.50e-03 loss: 7.0278 loss_classifier: 0.0934 loss_box_reg: 0.1602 loss_reid: 6.7385 loss_objectness: 0.0224 loss_rpn_box_reg: 0.0133
epoch 4 [ 1100/2852] lr: 1.50e-03 loss: 6.9998 loss_classifier: 0.0925 loss_box_reg: 0.1585 loss_reid: 6.7132 loss_objectness: 0.0225 loss_rpn_box_reg: 0.0132
epoch 4 [ 1200/2852] lr: 1.50e-03 loss: 6.9723 loss_classifier: 0.0929 loss_box_reg: 0.1593 loss_reid: 6.6843 loss_objectness: 0.0226 loss_rpn_box_reg: 0.0132
epoch 4 [ 1300/2852] lr: 1.50e-03 loss: 6.9912 loss_classifier: 0.0925 loss_box_reg: 0.1585 loss_reid: 6.7047 loss_objectness: 0.0224 loss_rpn_box_reg: 0.0131
epoch 4 [ 1400/2852] lr: 1.50e-03 loss: 6.9863 loss_classifier: 0.0922 loss_box_reg: 0.1578 loss_reid: 6.7010 loss_objectness: 0.0222 loss_rpn_box_reg: 0.0131
epoch 4 [ 1500/2852] lr: 1.50e-03 loss: 6.9675 loss_classifier: 0.0920 loss_box_reg: 0.1578 loss_reid: 6.6822 loss_objectness: 0.0224 loss_rpn_box_reg: 0.0131
epoch 4 [ 1600/2852] lr: 1.50e-03 loss: 6.9383 loss_classifier: 0.0920 loss_box_reg: 0.1576 loss_reid: 6.6534 loss_objectness: 0.0224 loss_rpn_box_reg: 0.0129
epoch 4 [ 1700/2852] lr: 1.50e-03 loss: 6.9708 loss_classifier: 0.0925 loss_box_reg: 0.1583 loss_reid: 6.6849 loss_objectness: 0.0223 loss_rpn_box_reg: 0.0129
epoch 4 [ 1800/2852] lr: 1.50e-03 loss: 6.9551 loss_classifier: 0.0922 loss_box_reg: 0.1578 loss_reid: 6.6699 loss_objectness: 0.0224 loss_rpn_box_reg: 0.0129
epoch 4 [ 1900/2852] lr: 1.50e-03 loss: 6.9707 loss_classifier: 0.0925 loss_box_reg: 0.1583 loss_reid: 6.6848 loss_objectness: 0.0224 loss_rpn_box_reg: 0.0128
epoch 4 [ 2000/2852] lr: 1.50e-03 loss: 7.0035 loss_classifier: 0.0925 loss_box_reg: 0.1579 loss_reid: 6.7179 loss_objectness: 0.0224 loss_rpn_box_reg: 0.0127
epoch 4 [ 2100/2852] lr: 1.50e-03 loss: 7.0158 loss_classifier: 0.0925 loss_box_reg: 0.1576 loss_reid: 6.7304 loss_objectness: 0.0226 loss_rpn_box_reg: 0.0127
epoch 4 [ 2200/2852] lr: 1.50e-03 loss: 6.9988 loss_classifier: 0.0923 loss_box_reg: 0.1576 loss_reid: 6.7138 loss_objectness: 0.0224 loss_rpn_box_reg: 0.0127
epoch 4 [ 2300/2852] lr: 1.50e-03 loss: 6.9976 loss_classifier: 0.0924 loss_box_reg: 0.1577 loss_reid: 6.7126 loss_objectness: 0.0223 loss_rpn_box_reg: 0.0127
epoch 4 [ 2400/2852] lr: 1.50e-03 loss: 6.9904 loss_classifier: 0.0920 loss_box_reg: 0.1570 loss_reid: 6.7067 loss_objectness: 0.0221 loss_rpn_box_reg: 0.0126
epoch 4 [ 2500/2852] lr: 1.50e-03 loss: 6.9997 loss_classifier: 0.0922 loss_box_reg: 0.1572 loss_reid: 6.7156 loss_objectness: 0.0221 loss_rpn_box_reg: 0.0126
epoch 4 [ 2600/2852] lr: 1.50e-03 loss: 6.9921 loss_classifier: 0.0922 loss_box_reg: 0.1572 loss_reid: 6.7080 loss_objectness: 0.0221 loss_rpn_box_reg: 0.0126
epoch 4 [ 2700/2852] lr: 1.50e-03 loss: 7.0090 loss_classifier: 0.0925 loss_box_reg: 0.1578 loss_reid: 6.7240 loss_objectness: 0.0221 loss_rpn_box_reg: 0.0126
epoch 4 [ 2800/2852] lr: 1.50e-03 loss: 7.0170 loss_classifier: 0.0924 loss_box_reg: 0.1576 loss_reid: 6.7323 loss_objectness: 0.0221 loss_rpn_box_reg: 0.0126
epoch 4 done in 22.5 min
epoch 5 [    0/2852] lr: 1.50e-03 loss: 10.0883 loss_classifier: 0.0706 loss_box_reg: 0.0913 loss_reid: 9.9066 loss_objectness: 0.0141 loss_rpn_box_reg: 0.0058
epoch 5 [  100/2852] lr: 1.50e-03 loss: 6.6104 loss_classifier: 0.0842 loss_box_reg: 0.1415 loss_reid: 6.3551 loss_objectness: 0.0180 loss_rpn_box_reg: 0.0115
epoch 5 [  200/2852] lr: 1.50e-03 loss: 6.6028 loss_classifier: 0.0858 loss_box_reg: 0.1522 loss_reid: 6.3349 loss_objectness: 0.0176 loss_rpn_box_reg: 0.0124
epoch 5 [  300/2852] lr: 1.50e-03 loss: 6.4339 loss_classifier: 0.0871 loss_box_reg: 0.1539 loss_reid: 6.1616 loss_objectness: 0.0187 loss_rpn_box_reg: 0.0127
epoch 5 [  400/2852] lr: 1.50e-03 loss: 6.5052 loss_classifier: 0.0874 loss_box_reg: 0.1530 loss_reid: 6.2330 loss_objectness: 0.0192 loss_rpn_box_reg: 0.0126
epoch 5 [  500/2852] lr: 1.50e-03 loss: 6.5742 loss_classifier: 0.0883 loss_box_reg: 0.1540 loss_reid: 6.2993 loss_objectness: 0.0200 loss_rpn_box_reg: 0.0127
epoch 5 [  600/2852] lr: 1.50e-03 loss: 6.5644 loss_classifier: 0.0889 loss_box_reg: 0.1565 loss_reid: 6.2864 loss_objectness: 0.0199 loss_rpn_box_reg: 0.0126
epoch 5 [  700/2852] lr: 1.50e-03 loss: 6.4876 loss_classifier: 0.0882 loss_box_reg: 0.1559 loss_reid: 6.2108 loss_objectness: 0.0201 loss_rpn_box_reg: 0.0127
epoch 5 [  800/2852] lr: 1.50e-03 loss: 6.4311 loss_classifier: 0.0890 loss_box_reg: 0.1569 loss_reid: 6.1526 loss_objectness: 0.0200 loss_rpn_box_reg: 0.0126
epoch 5 [  900/2852] lr: 1.50e-03 loss: 6.3909 loss_classifier: 0.0890 loss_box_reg: 0.1569 loss_reid: 6.1126 loss_objectness: 0.0199 loss_rpn_box_reg: 0.0125
epoch 5 [ 1000/2852] lr: 1.50e-03 loss: 6.3987 loss_classifier: 0.0890 loss_box_reg: 0.1563 loss_reid: 6.1202 loss_objectness: 0.0208 loss_rpn_box_reg: 0.0124
epoch 5 [ 1100/2852] lr: 1.50e-03 loss: 6.4042 loss_classifier: 0.0887 loss_box_reg: 0.1561 loss_reid: 6.1263 loss_objectness: 0.0207 loss_rpn_box_reg: 0.0124
epoch 5 [ 1200/2852] lr: 1.50e-03 loss: 6.3627 loss_classifier: 0.0895 loss_box_reg: 0.1572 loss_reid: 6.0826 loss_objectness: 0.0209 loss_rpn_box_reg: 0.0126
epoch 5 [ 1300/2852] lr: 1.50e-03 loss: 6.3868 loss_classifier: 0.0900 loss_box_reg: 0.1578 loss_reid: 6.1056 loss_objectness: 0.0209 loss_rpn_box_reg: 0.0126
epoch 5 [ 1400/2852] lr: 1.50e-03 loss: 6.3899 loss_classifier: 0.0904 loss_box_reg: 0.1583 loss_reid: 6.1076 loss_objectness: 0.0210 loss_rpn_box_reg: 0.0126
epoch 5 [ 1500/2852] lr: 1.50e-03 loss: 6.4187 loss_classifier: 0.0907 loss_box_reg: 0.1580 loss_reid: 6.1363 loss_objectness: 0.0211 loss_rpn_box_reg: 0.0125
epoch 5 [ 1600/2852] lr: 1.50e-03 loss: 6.4444 loss_classifier: 0.0907 loss_box_reg: 0.1582 loss_reid: 6.1618 loss_objectness: 0.0211 loss_rpn_box_reg: 0.0125
epoch 5 [ 1700/2852] lr: 1.50e-03 loss: 6.4792 loss_classifier: 0.0909 loss_box_reg: 0.1579 loss_reid: 6.1968 loss_objectness: 0.0211 loss_rpn_box_reg: 0.0125
epoch 5 [ 1800/2852] lr: 1.50e-03 loss: 6.5041 loss_classifier: 0.0907 loss_box_reg: 0.1571 loss_reid: 6.2227 loss_objectness: 0.0210 loss_rpn_box_reg: 0.0125
epoch 5 [ 1900/2852] lr: 1.50e-03 loss: 6.5147 loss_classifier: 0.0908 loss_box_reg: 0.1572 loss_reid: 6.2331 loss_objectness: 0.0211 loss_rpn_box_reg: 0.0125
epoch 5 [ 2000/2852] lr: 1.50e-03 loss: 6.5025 loss_classifier: 0.0906 loss_box_reg: 0.1566 loss_reid: 6.2215 loss_objectness: 0.0213 loss_rpn_box_reg: 0.0125
epoch 5 [ 2100/2852] lr: 1.50e-03 loss: 6.4887 loss_classifier: 0.0906 loss_box_reg: 0.1569 loss_reid: 6.2073 loss_objectness: 0.0213 loss_rpn_box_reg: 0.0126
epoch 5 [ 2200/2852] lr: 1.50e-03 loss: 6.4637 loss_classifier: 0.0905 loss_box_reg: 0.1566 loss_reid: 6.1828 loss_objectness: 0.0213 loss_rpn_box_reg: 0.0125
epoch 5 [ 2300/2852] lr: 1.50e-03 loss: 6.4522 loss_classifier: 0.0908 loss_box_reg: 0.1570 loss_reid: 6.1707 loss_objectness: 0.0212 loss_rpn_box_reg: 0.0125
epoch 5 [ 2400/2852] lr: 1.50e-03 loss: 6.4419 loss_classifier: 0.0908 loss_box_reg: 0.1568 loss_reid: 6.1606 loss_objectness: 0.0212 loss_rpn_box_reg: 0.0125
epoch 5 [ 2500/2852] lr: 1.50e-03 loss: 6.4164 loss_classifier: 0.0912 loss_box_reg: 0.1574 loss_reid: 6.1339 loss_objectness: 0.0213 loss_rpn_box_reg: 0.0126
epoch 5 [ 2600/2852] lr: 1.50e-03 loss: 6.4070 loss_classifier: 0.0909 loss_box_reg: 0.1574 loss_reid: 6.1250 loss_objectness: 0.0212 loss_rpn_box_reg: 0.0125
epoch 5 [ 2700/2852] lr: 1.50e-03 loss: 6.3953 loss_classifier: 0.0909 loss_box_reg: 0.1573 loss_reid: 6.1134 loss_objectness: 0.0212 loss_rpn_box_reg: 0.0125
epoch 5 [ 2800/2852] lr: 1.50e-03 loss: 6.3951 loss_classifier: 0.0909 loss_box_reg: 0.1574 loss_reid: 6.1132 loss_objectness: 0.0211 loss_rpn_box_reg: 0.0125
epoch 5 done in 22.1 min
epoch 6 [    0/2852] lr: 1.50e-03 loss: 4.0511 loss_classifier: 0.1107 loss_box_reg: 0.2211 loss_reid: 3.6791 loss_objectness: 0.0277 loss_rpn_box_reg: 0.0126
epoch 6 [  100/2852] lr: 1.50e-03 loss: 5.7208 loss_classifier: 0.0924 loss_box_reg: 0.1569 loss_reid: 5.4412 loss_objectness: 0.0184 loss_rpn_box_reg: 0.0118
epoch 6 [  200/2852] lr: 1.50e-03 loss: 5.6625 loss_classifier: 0.0896 loss_box_reg: 0.1553 loss_reid: 5.3855 loss_objectness: 0.0203 loss_rpn_box_reg: 0.0118
epoch 6 [  300/2852] lr: 1.50e-03 loss: 5.7129 loss_classifier: 0.0909 loss_box_reg: 0.1563 loss_reid: 5.4332 loss_objectness: 0.0207 loss_rpn_box_reg: 0.0118
epoch 6 [  400/2852] lr: 1.50e-03 loss: 5.9400 loss_classifier: 0.0917 loss_box_reg: 0.1565 loss_reid: 5.6591 loss_objectness: 0.0210 loss_rpn_box_reg: 0.0117
epoch 6 [  500/2852] lr: 1.50e-03 loss: 5.9020 loss_classifier: 0.0924 loss_box_reg: 0.1593 loss_reid: 5.6176 loss_objectness: 0.0208 loss_rpn_box_reg: 0.0119
epoch 6 [  600/2852] lr: 1.50e-03 loss: 5.9777 loss_classifier: 0.0925 loss_box_reg: 0.1594 loss_reid: 5.6935 loss_objectness: 0.0205 loss_rpn_box_reg: 0.0118
epoch 6 [  700/2852] lr: 1.50e-03 loss: 5.9928 loss_classifier: 0.0932 loss_box_reg: 0.1595 loss_reid: 5.7071 loss_objectness: 0.0209 loss_rpn_box_reg: 0.0121
epoch 6 [  800/2852] lr: 1.50e-03 loss: 6.0014 loss_classifier: 0.0918 loss_box_reg: 0.1580 loss_reid: 5.7191 loss_objectness: 0.0204 loss_rpn_box_reg: 0.0121
epoch 6 [  900/2852] lr: 1.50e-03 loss: 6.0051 loss_classifier: 0.0910 loss_box_reg: 0.1574 loss_reid: 5.7245 loss_objectness: 0.0201 loss_rpn_box_reg: 0.0121
epoch 6 [ 1000/2852] lr: 1.50e-03 loss: 6.0165 loss_classifier: 0.0913 loss_box_reg: 0.1583 loss_reid: 5.7347 loss_objectness: 0.0201 loss_rpn_box_reg: 0.0122
epoch 6 [ 1100/2852] lr: 1.50e-03 loss: 5.9771 loss_classifier: 0.0911 loss_box_reg: 0.1581 loss_reid: 5.6957 loss_objectness: 0.0201 loss_rpn_box_reg: 0.0122
epoch 6 [ 1200/2852] lr: 1.50e-03 loss: 6.0180 loss_classifier: 0.0907 loss_box_reg: 0.1572 loss_reid: 5.7377 loss_objectness: 0.0202 loss_rpn_box_reg: 0.0122
epoch 6 [ 1300/2852] lr: 1.50e-03 loss: 6.0586 loss_classifier: 0.0908 loss_box_reg: 0.1574 loss_reid: 5.7778 loss_objectness: 0.0203 loss_rpn_box_reg: 0.0123
epoch 6 [ 1400/2852] lr: 1.50e-03 loss: 6.0795 loss_classifier: 0.0906 loss_box_reg: 0.1573 loss_reid: 5.7989 loss_objectness: 0.0204 loss_rpn_box_reg: 0.0123
epoch 6 [ 1500/2852] lr: 1.50e-03 loss: 6.0845 loss_classifier: 0.0907 loss_box_reg: 0.1567 loss_reid: 5.8044 loss_objectness: 0.0205 loss_rpn_box_reg: 0.0122
epoch 6 [ 1600/2852] lr: 1.50e-03 loss: 6.0579 loss_classifier: 0.0911 loss_box_reg: 0.1573 loss_reid: 5.7769 loss_objectness: 0.0203 loss_rpn_box_reg: 0.0122
epoch 6 [ 1700/2852] lr: 1.50e-03 loss: 6.0335 loss_classifier: 0.0910 loss_box_reg: 0.1571 loss_reid: 5.7530 loss_objectness: 0.0202 loss_rpn_box_reg: 0.0121
epoch 6 [ 1800/2852] lr: 1.50e-03 loss: 6.0416 loss_classifier: 0.0915 loss_box_reg: 0.1578 loss_reid: 5.7600 loss_objectness: 0.0202 loss_rpn_box_reg: 0.0120
epoch 6 [ 1900/2852] lr: 1.50e-03 loss: 6.0617 loss_classifier: 0.0919 loss_box_reg: 0.1584 loss_reid: 5.7791 loss_objectness: 0.0203 loss_rpn_box_reg: 0.0121
epoch 6 [ 2000/2852] lr: 1.50e-03 loss: 6.0808 loss_classifier: 0.0914 loss_box_reg: 0.1575 loss_reid: 5.7994 loss_objectness: 0.0204 loss_rpn_box_reg: 0.0121
epoch 6 [ 2100/2852] lr: 1.50e-03 loss: 6.0624 loss_classifier: 0.0915 loss_box_reg: 0.1576 loss_reid: 5.7807 loss_objectness: 0.0204 loss_rpn_box_reg: 0.0121
epoch 6 [ 2200/2852] lr: 1.50e-03 loss: 6.0629 loss_classifier: 0.0917 loss_box_reg: 0.1577 loss_reid: 5.7811 loss_objectness: 0.0204 loss_rpn_box_reg: 0.0121
epoch 6 [ 2300/2852] lr: 1.50e-03 loss: 6.0570 loss_classifier: 0.0916 loss_box_reg: 0.1575 loss_reid: 5.7754 loss_objectness: 0.0203 loss_rpn_box_reg: 0.0121
epoch 6 [ 2400/2852] lr: 1.50e-03 loss: 6.0374 loss_classifier: 0.0918 loss_box_reg: 0.1578 loss_reid: 5.7554 loss_objectness: 0.0202 loss_rpn_box_reg: 0.0121
epoch 6 [ 2500/2852] lr: 1.50e-03 loss: 6.0289 loss_classifier: 0.0917 loss_box_reg: 0.1579 loss_reid: 5.7469 loss_objectness: 0.0203 loss_rpn_box_reg: 0.0122
epoch 6 [ 2600/2852] lr: 1.50e-03 loss: 6.0256 loss_classifier: 0.0915 loss_box_reg: 0.1572 loss_reid: 5.7447 loss_objectness: 0.0202 loss_rpn_box_reg: 0.0121
epoch 6 [ 2700/2852] lr: 1.50e-03 loss: 6.0332 loss_classifier: 0.0920 loss_box_reg: 0.1578 loss_reid: 5.7511 loss_objectness: 0.0203 loss_rpn_box_reg: 0.0121
epoch 6 [ 2800/2852] lr: 1.50e-03 loss: 6.0290 loss_classifier: 0.0921 loss_box_reg: 0.1579 loss_reid: 5.7467 loss_objectness: 0.0201 loss_rpn_box_reg: 0.0121
epoch 6 done in 22.2 min
epoch 7 [    0/2852] lr: 1.50e-03 loss: 7.2789 loss_classifier: 0.0891 loss_box_reg: 0.1602 loss_reid: 7.0000 loss_objectness: 0.0232 loss_rpn_box_reg: 0.0065
epoch 7 [  100/2852] lr: 1.50e-03 loss: 5.6126 loss_classifier: 0.0877 loss_box_reg: 0.1538 loss_reid: 5.3427 loss_objectness: 0.0178 loss_rpn_box_reg: 0.0106
epoch 7 [  200/2852] lr: 1.50e-03 loss: 5.5828 loss_classifier: 0.0924 loss_box_reg: 0.1555 loss_reid: 5.3055 loss_objectness: 0.0185 loss_rpn_box_reg: 0.0109
epoch 7 [  300/2852] lr: 1.50e-03 loss: 5.4997 loss_classifier: 0.0911 loss_box_reg: 0.1593 loss_reid: 5.2195 loss_objectness: 0.0185 loss_rpn_box_reg: 0.0113
epoch 7 [  400/2852] lr: 1.50e-03 loss: 5.5879 loss_classifier: 0.0903 loss_box_reg: 0.1592 loss_reid: 5.3086 loss_objectness: 0.0183 loss_rpn_box_reg: 0.0114
epoch 7 [  500/2852] lr: 1.50e-03 loss: 5.6083 loss_classifier: 0.0885 loss_box_reg: 0.1567 loss_reid: 5.3330 loss_objectness: 0.0184 loss_rpn_box_reg: 0.0116
epoch 7 [  600/2852] lr: 1.50e-03 loss: 5.6101 loss_classifier: 0.0880 loss_box_reg: 0.1556 loss_reid: 5.3368 loss_objectness: 0.0181 loss_rpn_box_reg: 0.0116
epoch 7 [  700/2852] lr: 1.50e-03 loss: 5.7006 loss_classifier: 0.0872 loss_box_reg: 0.1526 loss_reid: 5.4312 loss_objectness: 0.0182 loss_rpn_box_reg: 0.0114
epoch 7 [  800/2852] lr: 1.50e-03 loss: 5.7166 loss_classifier: 0.0874 loss_box_reg: 0.1521 loss_reid: 5.4478 loss_objectness: 0.0181 loss_rpn_box_reg: 0.0112
epoch 7 [  900/2852] lr: 1.50e-03 loss: 5.7209 loss_classifier: 0.0882 loss_box_reg: 0.1520 loss_reid: 5.4508 loss_objectness: 0.0185 loss_rpn_box_reg: 0.0113
epoch 7 [ 1000/2852] lr: 1.50e-03 loss: 5.6501 loss_classifier: 0.0889 loss_box_reg: 0.1537 loss_reid: 5.3770 loss_objectness: 0.0190 loss_rpn_box_reg: 0.0115
epoch 7 [ 1100/2852] lr: 1.50e-03 loss: 5.6418 loss_classifier: 0.0895 loss_box_reg: 0.1542 loss_reid: 5.3673 loss_objectness: 0.0193 loss_rpn_box_reg: 0.0116
epoch 7 [ 1200/2852] lr: 1.50e-03 loss: 5.6920 loss_classifier: 0.0897 loss_box_reg: 0.1539 loss_reid: 5.4175 loss_objectness: 0.0193 loss_rpn_box_reg: 0.0116
epoch 7 [ 1300/2852] lr: 1.50e-03 loss: 5.6977 loss_classifier: 0.0896 loss_box_reg: 0.1535 loss_reid: 5.4235 loss_objectness: 0.0194 loss_rpn_box_reg: 0.0116
epoch 7 [ 1400/2852] lr: 1.50e-03 loss: 5.6930 loss_classifier: 0.0894 loss_box_reg: 0.1538 loss_reid: 5.4187 loss_objectness: 0.0195 loss_rpn_box_reg: 0.0116
epoch 7 [ 1500/2852] lr: 1.50e-03 loss: 5.7026 loss_classifier: 0.0894 loss_box_reg: 0.1536 loss_reid: 5.4286 loss_objectness: 0.0193 loss_rpn_box_reg: 0.0116
epoch 7 [ 1600/2852] lr: 1.50e-03 loss: 5.6959 loss_classifier: 0.0898 loss_box_reg: 0.1550 loss_reid: 5.4202 loss_objectness: 0.0192 loss_rpn_box_reg: 0.0117
epoch 7 [ 1700/2852] lr: 1.50e-03 loss: 5.7096 loss_classifier: 0.0899 loss_box_reg: 0.1556 loss_reid: 5.4330 loss_objectness: 0.0193 loss_rpn_box_reg: 0.0118
epoch 7 [ 1800/2852] lr: 1.50e-03 loss: 5.6765 loss_classifier: 0.0896 loss_box_reg: 0.1555 loss_reid: 5.4003 loss_objectness: 0.0194 loss_rpn_box_reg: 0.0118
epoch 7 [ 1900/2852] lr: 1.50e-03 loss: 5.6720 loss_classifier: 0.0896 loss_box_reg: 0.1557 loss_reid: 5.3956 loss_objectness: 0.0192 loss_rpn_box_reg: 0.0118
epoch 7 [ 2000/2852] lr: 1.50e-03 loss: 5.6913 loss_classifier: 0.0899 loss_box_reg: 0.1560 loss_reid: 5.4142 loss_objectness: 0.0194 loss_rpn_box_reg: 0.0118
epoch 7 [ 2100/2852] lr: 1.50e-03 loss: 5.6790 loss_classifier: 0.0900 loss_box_reg: 0.1561 loss_reid: 5.4019 loss_objectness: 0.0192 loss_rpn_box_reg: 0.0118
epoch 7 [ 2200/2852] lr: 1.50e-03 loss: 5.6689 loss_classifier: 0.0900 loss_box_reg: 0.1564 loss_reid: 5.3915 loss_objectness: 0.0193 loss_rpn_box_reg: 0.0118
epoch 7 [ 2300/2852] lr: 1.50e-03 loss: 5.6657 loss_classifier: 0.0901 loss_box_reg: 0.1567 loss_reid: 5.3877 loss_objectness: 0.0194 loss_rpn_box_reg: 0.0118
epoch 7 [ 2400/2852] lr: 1.50e-03 loss: 5.6730 loss_classifier: 0.0902 loss_box_reg: 0.1570 loss_reid: 5.3946 loss_objectness: 0.0195 loss_rpn_box_reg: 0.0118
epoch 7 [ 2500/2852] lr: 1.50e-03 loss: 5.6727 loss_classifier: 0.0904 loss_box_reg: 0.1572 loss_reid: 5.3938 loss_objectness: 0.0194 loss_rpn_box_reg: 0.0118
epoch 7 [ 2600/2852] lr: 1.50e-03 loss: 5.6820 loss_classifier: 0.0906 loss_box_reg: 0.1574 loss_reid: 5.4028 loss_objectness: 0.0195 loss_rpn_box_reg: 0.0118
epoch 7 [ 2700/2852] lr: 1.50e-03 loss: 5.6911 loss_classifier: 0.0909 loss_box_reg: 0.1580 loss_reid: 5.4109 loss_objectness: 0.0195 loss_rpn_box_reg: 0.0118
epoch 7 [ 2800/2852] lr: 1.50e-03 loss: 5.6906 loss_classifier: 0.0908 loss_box_reg: 0.1577 loss_reid: 5.4109 loss_objectness: 0.0194 loss_rpn_box_reg: 0.0118
epoch 7 done in 22.2 min
epoch 8 [    0/2852] lr: 1.50e-03 loss: 6.3263 loss_classifier: 0.0611 loss_box_reg: 0.1118 loss_reid: 6.1317 loss_objectness: 0.0153 loss_rpn_box_reg: 0.0064
epoch 8 [  100/2852] lr: 1.50e-03 loss: 5.3477 loss_classifier: 0.0948 loss_box_reg: 0.1629 loss_reid: 5.0543 loss_objectness: 0.0238 loss_rpn_box_reg: 0.0119
epoch 8 [  200/2852] lr: 1.50e-03 loss: 5.5205 loss_classifier: 0.0968 loss_box_reg: 0.1655 loss_reid: 5.2235 loss_objectness: 0.0225 loss_rpn_box_reg: 0.0122
epoch 8 [  300/2852] lr: 1.50e-03 loss: 5.4326 loss_classifier: 0.0982 loss_box_reg: 0.1665 loss_reid: 5.1330 loss_objectness: 0.0225 loss_rpn_box_reg: 0.0123
epoch 8 [  400/2852] lr: 1.50e-03 loss: 5.2332 loss_classifier: 0.0964 loss_box_reg: 0.1649 loss_reid: 4.9388 loss_objectness: 0.0213 loss_rpn_box_reg: 0.0119
epoch 8 [  500/2852] lr: 1.50e-03 loss: 5.3525 loss_classifier: 0.0957 loss_box_reg: 0.1631 loss_reid: 5.0614 loss_objectness: 0.0208 loss_rpn_box_reg: 0.0115
epoch 8 [  600/2852] lr: 1.50e-03 loss: 5.2347 loss_classifier: 0.0943 loss_box_reg: 0.1623 loss_reid: 4.9462 loss_objectness: 0.0204 loss_rpn_box_reg: 0.0116
epoch 8 [  700/2852] lr: 1.50e-03 loss: 5.2440 loss_classifier: 0.0946 loss_box_reg: 0.1622 loss_reid: 4.9556 loss_objectness: 0.0201 loss_rpn_box_reg: 0.0115
epoch 8 [  800/2852] lr: 1.50e-03 loss: 5.2696 loss_classifier: 0.0943 loss_box_reg: 0.1614 loss_reid: 4.9825 loss_objectness: 0.0199 loss_rpn_box_reg: 0.0115
epoch 8 [  900/2852] lr: 1.50e-03 loss: 5.3165 loss_classifier: 0.0945 loss_box_reg: 0.1621 loss_reid: 5.0288 loss_objectness: 0.0198 loss_rpn_box_reg: 0.0113
epoch 8 [ 1000/2852] lr: 1.50e-03 loss: 5.2853 loss_classifier: 0.0934 loss_box_reg: 0.1606 loss_reid: 5.0004 loss_objectness: 0.0195 loss_rpn_box_reg: 0.0112
epoch 8 [ 1100/2852] lr: 1.50e-03 loss: 5.2859 loss_classifier: 0.0938 loss_box_reg: 0.1614 loss_reid: 5.0003 loss_objectness: 0.0192 loss_rpn_box_reg: 0.0112
epoch 8 [ 1200/2852] lr: 1.50e-03 loss: 5.2391 loss_classifier: 0.0935 loss_box_reg: 0.1617 loss_reid: 4.9535 loss_objectness: 0.0191 loss_rpn_box_reg: 0.0113
epoch 8 [ 1300/2852] lr: 1.50e-03 loss: 5.2106 loss_classifier: 0.0932 loss_box_reg: 0.1615 loss_reid: 4.9256 loss_objectness: 0.0190 loss_rpn_box_reg: 0.0113
epoch 8 [ 1400/2852] lr: 1.50e-03 loss: 5.2557 loss_classifier: 0.0931 loss_box_reg: 0.1606 loss_reid: 4.9717 loss_objectness: 0.0192 loss_rpn_box_reg: 0.0112
epoch 8 [ 1500/2852] lr: 1.50e-03 loss: 5.2690 loss_classifier: 0.0929 loss_box_reg: 0.1599 loss_reid: 4.9858 loss_objectness: 0.0192 loss_rpn_box_reg: 0.0112
epoch 8 [ 1600/2852] lr: 1.50e-03 loss: 5.2936 loss_classifier: 0.0933 loss_box_reg: 0.1607 loss_reid: 5.0091 loss_objectness: 0.0193 loss_rpn_box_reg: 0.0113
epoch 8 [ 1700/2852] lr: 1.50e-03 loss: 5.3287 loss_classifier: 0.0934 loss_box_reg: 0.1604 loss_reid: 5.0447 loss_objectness: 0.0191 loss_rpn_box_reg: 0.0112
epoch 8 [ 1800/2852] lr: 1.50e-03 loss: 5.3062 loss_classifier: 0.0934 loss_box_reg: 0.1605 loss_reid: 5.0223 loss_objectness: 0.0188 loss_rpn_box_reg: 0.0112
epoch 8 [ 1900/2852] lr: 1.50e-03 loss: 5.3141 loss_classifier: 0.0929 loss_box_reg: 0.1601 loss_reid: 5.0311 loss_objectness: 0.0188 loss_rpn_box_reg: 0.0112
epoch 8 [ 2000/2852] lr: 1.50e-03 loss: 5.3442 loss_classifier: 0.0929 loss_box_reg: 0.1605 loss_reid: 5.0606 loss_objectness: 0.0189 loss_rpn_box_reg: 0.0113
epoch 8 [ 2100/2852] lr: 1.50e-03 loss: 5.3251 loss_classifier: 0.0930 loss_box_reg: 0.1607 loss_reid: 5.0412 loss_objectness: 0.0189 loss_rpn_box_reg: 0.0113
epoch 8 [ 2200/2852] lr: 1.50e-03 loss: 5.3406 loss_classifier: 0.0930 loss_box_reg: 0.1611 loss_reid: 5.0565 loss_objectness: 0.0187 loss_rpn_box_reg: 0.0113
epoch 8 [ 2300/2852] lr: 1.50e-03 loss: 5.3219 loss_classifier: 0.0932 loss_box_reg: 0.1613 loss_reid: 5.0373 loss_objectness: 0.0188 loss_rpn_box_reg: 0.0113
epoch 8 [ 2400/2852] lr: 1.50e-03 loss: 5.3337 loss_classifier: 0.0933 loss_box_reg: 0.1610 loss_reid: 5.0493 loss_objectness: 0.0188 loss_rpn_box_reg: 0.0113
epoch 8 [ 2500/2852] lr: 1.50e-03 loss: 5.3320 loss_classifier: 0.0933 loss_box_reg: 0.1608 loss_reid: 5.0478 loss_objectness: 0.0188 loss_rpn_box_reg: 0.0113
epoch 8 [ 2600/2852] lr: 1.50e-03 loss: 5.3334 loss_classifier: 0.0931 loss_box_reg: 0.1605 loss_reid: 5.0498 loss_objectness: 0.0188 loss_rpn_box_reg: 0.0112
epoch 8 [ 2700/2852] lr: 1.50e-03 loss: 5.3264 loss_classifier: 0.0931 loss_box_reg: 0.1608 loss_reid: 5.0422 loss_objectness: 0.0190 loss_rpn_box_reg: 0.0113
epoch 8 [ 2800/2852] lr: 1.50e-03 loss: 5.3195 loss_classifier: 0.0928 loss_box_reg: 0.1606 loss_reid: 5.0359 loss_objectness: 0.0189 loss_rpn_box_reg: 0.0113
epoch 8 done in 22.3 min
epoch 9 [    0/2852] lr: 1.50e-03 loss: 6.0253 loss_classifier: 0.0831 loss_box_reg: 0.0851 loss_reid: 5.8408 loss_objectness: 0.0074 loss_rpn_box_reg: 0.0089
epoch 9 [  100/2852] lr: 1.50e-03 loss: 4.9499 loss_classifier: 0.0893 loss_box_reg: 0.1558 loss_reid: 4.6771 loss_objectness: 0.0169 loss_rpn_box_reg: 0.0107
epoch 9 [  200/2852] lr: 1.50e-03 loss: 5.0722 loss_classifier: 0.0921 loss_box_reg: 0.1594 loss_reid: 4.7923 loss_objectness: 0.0176 loss_rpn_box_reg: 0.0107
epoch 9 [  300/2852] lr: 1.50e-03 loss: 5.1140 loss_classifier: 0.0954 loss_box_reg: 0.1676 loss_reid: 4.8217 loss_objectness: 0.0180 loss_rpn_box_reg: 0.0113
epoch 9 [  400/2852] lr: 1.50e-03 loss: 5.0404 loss_classifier: 0.0946 loss_box_reg: 0.1665 loss_reid: 4.7500 loss_objectness: 0.0180 loss_rpn_box_reg: 0.0113
epoch 9 [  500/2852] lr: 1.50e-03 loss: 5.1382 loss_classifier: 0.0947 loss_box_reg: 0.1634 loss_reid: 4.8502 loss_objectness: 0.0186 loss_rpn_box_reg: 0.0113
epoch 9 [  600/2852] lr: 1.50e-03 loss: 5.1514 loss_classifier: 0.0950 loss_box_reg: 0.1649 loss_reid: 4.8610 loss_objectness: 0.0192 loss_rpn_box_reg: 0.0114
epoch 9 [  700/2852] lr: 1.50e-03 loss: 5.1418 loss_classifier: 0.0948 loss_box_reg: 0.1638 loss_reid: 4.8525 loss_objectness: 0.0193 loss_rpn_box_reg: 0.0114
epoch 9 [  800/2852] lr: 1.50e-03 loss: 5.1022 loss_classifier: 0.0938 loss_box_reg: 0.1625 loss_reid: 4.8158 loss_objectness: 0.0190 loss_rpn_box_reg: 0.0111
epoch 9 [  900/2852] lr: 1.50e-03 loss: 5.0715 loss_classifier: 0.0931 loss_box_reg: 0.1623 loss_reid: 4.7861 loss_objectness: 0.0188 loss_rpn_box_reg: 0.0111
epoch 9 [ 1000/2852] lr: 1.50e-03 loss: 5.0615 loss_classifier: 0.0932 loss_box_reg: 0.1626 loss_reid: 4.7761 loss_objectness: 0.0185 loss_rpn_box_reg: 0.0111
epoch 9 [ 1100/2852] lr: 1.50e-03 loss: 5.0042 loss_classifier: 0.0933 loss_box_reg: 0.1634 loss_reid: 4.7177 loss_objectness: 0.0186 loss_rpn_box_reg: 0.0111
epoch 9 [ 1200/2852] lr: 1.50e-03 loss: 4.9844 loss_classifier: 0.0932 loss_box_reg: 0.1623 loss_reid: 4.6993 loss_objectness: 0.0185 loss_rpn_box_reg: 0.0111
epoch 9 [ 1300/2852] lr: 1.50e-03 loss: 5.0239 loss_classifier: 0.0930 loss_box_reg: 0.1608 loss_reid: 4.7405 loss_objectness: 0.0185 loss_rpn_box_reg: 0.0111
epoch 9 [ 1400/2852] lr: 1.50e-03 loss: 4.9950 loss_classifier: 0.0925 loss_box_reg: 0.1599 loss_reid: 4.7133 loss_objectness: 0.0183 loss_rpn_box_reg: 0.0110
epoch 9 [ 1500/2852] lr: 1.50e-03 loss: 5.0161 loss_classifier: 0.0925 loss_box_reg: 0.1600 loss_reid: 4.7343 loss_objectness: 0.0183 loss_rpn_box_reg: 0.0111
epoch 9 [ 1600/2852] lr: 1.50e-03 loss: 5.0135 loss_classifier: 0.0925 loss_box_reg: 0.1602 loss_reid: 4.7315 loss_objectness: 0.0182 loss_rpn_box_reg: 0.0110
epoch 9 [ 1700/2852] lr: 1.50e-03 loss: 4.9910 loss_classifier: 0.0923 loss_box_reg: 0.1598 loss_reid: 4.7096 loss_objectness: 0.0182 loss_rpn_box_reg: 0.0110
epoch 9 [ 1800/2852] lr: 1.50e-03 loss: 4.9768 loss_classifier: 0.0924 loss_box_reg: 0.1605 loss_reid: 4.6947 loss_objectness: 0.0182 loss_rpn_box_reg: 0.0110
epoch 9 [ 1900/2852] lr: 1.50e-03 loss: 4.9546 loss_classifier: 0.0922 loss_box_reg: 0.1604 loss_reid: 4.6729 loss_objectness: 0.0179 loss_rpn_box_reg: 0.0110
epoch 9 [ 2000/2852] lr: 1.50e-03 loss: 4.9752 loss_classifier: 0.0925 loss_box_reg: 0.1606 loss_reid: 4.6929 loss_objectness: 0.0183 loss_rpn_box_reg: 0.0110
epoch 9 [ 2100/2852] lr: 1.50e-03 loss: 4.9750 loss_classifier: 0.0927 loss_box_reg: 0.1610 loss_reid: 4.6920 loss_objectness: 0.0183 loss_rpn_box_reg: 0.0110
epoch 9 [ 2200/2852] lr: 1.50e-03 loss: 4.9742 loss_classifier: 0.0932 loss_box_reg: 0.1615 loss_reid: 4.6901 loss_objectness: 0.0183 loss_rpn_box_reg: 0.0111
epoch 9 [ 2300/2852] lr: 1.50e-03 loss: 4.9643 loss_classifier: 0.0934 loss_box_reg: 0.1620 loss_reid: 4.6792 loss_objectness: 0.0186 loss_rpn_box_reg: 0.0111
epoch 9 [ 2400/2852] lr: 1.50e-03 loss: 4.9705 loss_classifier: 0.0934 loss_box_reg: 0.1618 loss_reid: 4.6854 loss_objectness: 0.0187 loss_rpn_box_reg: 0.0112
epoch 9 [ 2500/2852] lr: 1.50e-03 loss: 4.9756 loss_classifier: 0.0933 loss_box_reg: 0.1617 loss_reid: 4.6907 loss_objectness: 0.0187 loss_rpn_box_reg: 0.0111
epoch 9 [ 2600/2852] lr: 1.50e-03 loss: 4.9735 loss_classifier: 0.0935 loss_box_reg: 0.1617 loss_reid: 4.6886 loss_objectness: 0.0187 loss_rpn_box_reg: 0.0111
epoch 9 [ 2700/2852] lr: 1.50e-03 loss: 4.9797 loss_classifier: 0.0934 loss_box_reg: 0.1615 loss_reid: 4.6949 loss_objectness: 0.0188 loss_rpn_box_reg: 0.0111
epoch 9 [ 2800/2852] lr: 1.50e-03 loss: 4.9895 loss_classifier: 0.0937 loss_box_reg: 0.1621 loss_reid: 4.7040 loss_objectness: 0.0187 loss_rpn_box_reg: 0.0111
epoch 9 done in 22.4 min
epoch 10 [    0/2852] lr: 1.50e-04 loss: 6.6259 loss_classifier: 0.0644 loss_box_reg: 0.0874 loss_reid: 6.4551 loss_objectness: 0.0055 loss_rpn_box_reg: 0.0136
epoch 10 [  100/2852] lr: 1.50e-04 loss: 4.6864 loss_classifier: 0.0936 loss_box_reg: 0.1630 loss_reid: 4.3997 loss_objectness: 0.0192 loss_rpn_box_reg: 0.0110
epoch 10 [  200/2852] lr: 1.50e-04 loss: 4.5423 loss_classifier: 0.0879 loss_box_reg: 0.1551 loss_reid: 4.2717 loss_objectness: 0.0174 loss_rpn_box_reg: 0.0103
epoch 10 [  300/2852] lr: 1.50e-04 loss: 4.4868 loss_classifier: 0.0892 loss_box_reg: 0.1560 loss_reid: 4.2129 loss_objectness: 0.0185 loss_rpn_box_reg: 0.0103
epoch 10 [  400/2852] lr: 1.50e-04 loss: 4.4780 loss_classifier: 0.0878 loss_box_reg: 0.1550 loss_reid: 4.2076 loss_objectness: 0.0175 loss_rpn_box_reg: 0.0101
epoch 10 [  500/2852] lr: 1.50e-04 loss: 4.5322 loss_classifier: 0.0886 loss_box_reg: 0.1532 loss_reid: 4.2628 loss_objectness: 0.0178 loss_rpn_box_reg: 0.0099
epoch 10 [  600/2852] lr: 1.50e-04 loss: 4.5759 loss_classifier: 0.0886 loss_box_reg: 0.1524 loss_reid: 4.3072 loss_objectness: 0.0179 loss_rpn_box_reg: 0.0098
epoch 10 [  700/2852] lr: 1.50e-04 loss: 4.5447 loss_classifier: 0.0880 loss_box_reg: 0.1510 loss_reid: 4.2780 loss_objectness: 0.0180 loss_rpn_box_reg: 0.0097
epoch 10 [  800/2852] lr: 1.50e-04 loss: 4.4721 loss_classifier: 0.0883 loss_box_reg: 0.1524 loss_reid: 4.2039 loss_objectness: 0.0179 loss_rpn_box_reg: 0.0096
epoch 10 [  900/2852] lr: 1.50e-04 loss: 4.3572 loss_classifier: 0.0874 loss_box_reg: 0.1516 loss_reid: 4.0910 loss_objectness: 0.0176 loss_rpn_box_reg: 0.0095
epoch 10 [ 1000/2852] lr: 1.50e-04 loss: 4.3151 loss_classifier: 0.0875 loss_box_reg: 0.1510 loss_reid: 4.0491 loss_objectness: 0.0180 loss_rpn_box_reg: 0.0095
epoch 10 [ 1100/2852] lr: 1.50e-04 loss: 4.3138 loss_classifier: 0.0870 loss_box_reg: 0.1501 loss_reid: 4.0496 loss_objectness: 0.0177 loss_rpn_box_reg: 0.0094
epoch 10 [ 1200/2852] lr: 1.50e-04 loss: 4.2847 loss_classifier: 0.0867 loss_box_reg: 0.1507 loss_reid: 4.0206 loss_objectness: 0.0175 loss_rpn_box_reg: 0.0093
epoch 10 [ 1300/2852] lr: 1.50e-04 loss: 4.2493 loss_classifier: 0.0866 loss_box_reg: 0.1499 loss_reid: 3.9862 loss_objectness: 0.0174 loss_rpn_box_reg: 0.0092
epoch 10 [ 1400/2852] lr: 1.50e-04 loss: 4.2252 loss_classifier: 0.0869 loss_box_reg: 0.1509 loss_reid: 3.9608 loss_objectness: 0.0173 loss_rpn_box_reg: 0.0093
epoch 10 [ 1500/2852] lr: 1.50e-04 loss: 4.1912 loss_classifier: 0.0867 loss_box_reg: 0.1508 loss_reid: 3.9273 loss_objectness: 0.0171 loss_rpn_box_reg: 0.0093
epoch 10 [ 1600/2852] lr: 1.50e-04 loss: 4.1734 loss_classifier: 0.0867 loss_box_reg: 0.1508 loss_reid: 3.9098 loss_objectness: 0.0169 loss_rpn_box_reg: 0.0093
epoch 10 [ 1700/2852] lr: 1.50e-04 loss: 4.1563 loss_classifier: 0.0868 loss_box_reg: 0.1513 loss_reid: 3.8921 loss_objectness: 0.0168 loss_rpn_box_reg: 0.0093
epoch 10 [ 1800/2852] lr: 1.50e-04 loss: 4.1611 loss_classifier: 0.0871 loss_box_reg: 0.1516 loss_reid: 3.8963 loss_objectness: 0.0168 loss_rpn_box_reg: 0.0093
epoch 10 [ 1900/2852] lr: 1.50e-04 loss: 4.1463 loss_classifier: 0.0872 loss_box_reg: 0.1515 loss_reid: 3.8817 loss_objectness: 0.0167 loss_rpn_box_reg: 0.0093
epoch 10 [ 2000/2852] lr: 1.50e-04 loss: 4.1357 loss_classifier: 0.0875 loss_box_reg: 0.1521 loss_reid: 3.8701 loss_objectness: 0.0168 loss_rpn_box_reg: 0.0093
epoch 10 [ 2100/2852] lr: 1.50e-04 loss: 4.1125 loss_classifier: 0.0875 loss_box_reg: 0.1521 loss_reid: 3.8470 loss_objectness: 0.0167 loss_rpn_box_reg: 0.0093
epoch 10 [ 2200/2852] lr: 1.50e-04 loss: 4.0928 loss_classifier: 0.0874 loss_box_reg: 0.1519 loss_reid: 3.8277 loss_objectness: 0.0166 loss_rpn_box_reg: 0.0092
epoch 10 [ 2300/2852] lr: 1.50e-04 loss: 4.0766 loss_classifier: 0.0877 loss_box_reg: 0.1524 loss_reid: 3.8106 loss_objectness: 0.0166 loss_rpn_box_reg: 0.0092
epoch 10 [ 2400/2852] lr: 1.50e-04 loss: 4.0571 loss_classifier: 0.0879 loss_box_reg: 0.1530 loss_reid: 3.7904 loss_objectness: 0.0165 loss_rpn_box_reg: 0.0092
epoch 10 [ 2500/2852] lr: 1.50e-04 loss: 4.0356 loss_classifier: 0.0879 loss_box_reg: 0.1533 loss_reid: 3.7688 loss_objectness: 0.0164 loss_rpn_box_reg: 0.0093
epoch 10 [ 2600/2852] lr: 1.50e-04 loss: 4.0174 loss_classifier: 0.0877 loss_box_reg: 0.1528 loss_reid: 3.7513 loss_objectness: 0.0164 loss_rpn_box_reg: 0.0092
epoch 10 [ 2700/2852] lr: 1.50e-04 loss: 4.0030 loss_classifier: 0.0876 loss_box_reg: 0.1528 loss_reid: 3.7371 loss_objectness: 0.0163 loss_rpn_box_reg: 0.0093
epoch 10 [ 2800/2852] lr: 1.50e-04 loss: 3.9897 loss_classifier: 0.0877 loss_box_reg: 0.1530 loss_reid: 3.7235 loss_objectness: 0.0163 loss_rpn_box_reg: 0.0093
epoch 10 done in 22.4 min
epoch 11 [    0/2852] lr: 1.50e-04 loss: 2.9574 loss_classifier: 0.0487 loss_box_reg: 0.1201 loss_reid: 2.7846 loss_objectness: 0.0019 loss_rpn_box_reg: 0.0021
epoch 11 [  100/2852] lr: 1.50e-04 loss: 4.1868 loss_classifier: 0.0895 loss_box_reg: 0.1509 loss_reid: 3.9160 loss_objectness: 0.0207 loss_rpn_box_reg: 0.0097
epoch 11 [  200/2852] lr: 1.50e-04 loss: 3.8223 loss_classifier: 0.0889 loss_box_reg: 0.1486 loss_reid: 3.5571 loss_objectness: 0.0182 loss_rpn_box_reg: 0.0096
epoch 11 [  300/2852] lr: 1.50e-04 loss: 3.7398 loss_classifier: 0.0888 loss_box_reg: 0.1534 loss_reid: 3.4719 loss_objectness: 0.0161 loss_rpn_box_reg: 0.0096
epoch 11 [  400/2852] lr: 1.50e-04 loss: 3.6265 loss_classifier: 0.0894 loss_box_reg: 0.1562 loss_reid: 3.3553 loss_objectness: 0.0161 loss_rpn_box_reg: 0.0095
epoch 11 [  500/2852] lr: 1.50e-04 loss: 3.5972 loss_classifier: 0.0874 loss_box_reg: 0.1530 loss_reid: 3.3315 loss_objectness: 0.0158 loss_rpn_box_reg: 0.0094
epoch 11 [  600/2852] lr: 1.50e-04 loss: 3.5788 loss_classifier: 0.0879 loss_box_reg: 0.1544 loss_reid: 3.3112 loss_objectness: 0.0159 loss_rpn_box_reg: 0.0094
epoch 11 [  700/2852] lr: 1.50e-04 loss: 3.5675 loss_classifier: 0.0874 loss_box_reg: 0.1538 loss_reid: 3.3010 loss_objectness: 0.0159 loss_rpn_box_reg: 0.0094
epoch 11 [  800/2852] lr: 1.50e-04 loss: 3.5149 loss_classifier: 0.0867 loss_box_reg: 0.1526 loss_reid: 3.2507 loss_objectness: 0.0156 loss_rpn_box_reg: 0.0092
epoch 11 [  900/2852] lr: 1.50e-04 loss: 3.5530 loss_classifier: 0.0869 loss_box_reg: 0.1526 loss_reid: 3.2885 loss_objectness: 0.0159 loss_rpn_box_reg: 0.0092
epoch 11 [ 1000/2852] lr: 1.50e-04 loss: 3.5980 loss_classifier: 0.0867 loss_box_reg: 0.1522 loss_reid: 3.3341 loss_objectness: 0.0159 loss_rpn_box_reg: 0.0092
epoch 11 [ 1100/2852] lr: 1.50e-04 loss: 3.6303 loss_classifier: 0.0867 loss_box_reg: 0.1511 loss_reid: 3.3674 loss_objectness: 0.0160 loss_rpn_box_reg: 0.0091
epoch 11 [ 1200/2852] lr: 1.50e-04 loss: 3.6646 loss_classifier: 0.0870 loss_box_reg: 0.1519 loss_reid: 3.4001 loss_objectness: 0.0164 loss_rpn_box_reg: 0.0092
epoch 11 [ 1300/2852] lr: 1.50e-04 loss: 3.6932 loss_classifier: 0.0874 loss_box_reg: 0.1524 loss_reid: 3.4277 loss_objectness: 0.0165 loss_rpn_box_reg: 0.0092
epoch 11 [ 1400/2852] lr: 1.50e-04 loss: 3.7190 loss_classifier: 0.0873 loss_box_reg: 0.1516 loss_reid: 3.4544 loss_objectness: 0.0166 loss_rpn_box_reg: 0.0091
epoch 11 [ 1500/2852] lr: 1.50e-04 loss: 3.6924 loss_classifier: 0.0878 loss_box_reg: 0.1526 loss_reid: 3.4261 loss_objectness: 0.0167 loss_rpn_box_reg: 0.0092
epoch 11 [ 1600/2852] lr: 1.50e-04 loss: 3.7263 loss_classifier: 0.0877 loss_box_reg: 0.1515 loss_reid: 3.4611 loss_objectness: 0.0169 loss_rpn_box_reg: 0.0091
epoch 11 [ 1700/2852] lr: 1.50e-04 loss: 3.7256 loss_classifier: 0.0878 loss_box_reg: 0.1518 loss_reid: 3.4601 loss_objectness: 0.0168 loss_rpn_box_reg: 0.0091
epoch 11 [ 1800/2852] lr: 1.50e-04 loss: 3.7117 loss_classifier: 0.0878 loss_box_reg: 0.1521 loss_reid: 3.4461 loss_objectness: 0.0167 loss_rpn_box_reg: 0.0091
epoch 11 [ 1900/2852] lr: 1.50e-04 loss: 3.6761 loss_classifier: 0.0876 loss_box_reg: 0.1520 loss_reid: 3.4110 loss_objectness: 0.0164 loss_rpn_box_reg: 0.0091
epoch 11 [ 2000/2852] lr: 1.50e-04 loss: 3.6631 loss_classifier: 0.0878 loss_box_reg: 0.1522 loss_reid: 3.3976 loss_objectness: 0.0163 loss_rpn_box_reg: 0.0091
epoch 11 [ 2100/2852] lr: 1.50e-04 loss: 3.6640 loss_classifier: 0.0875 loss_box_reg: 0.1522 loss_reid: 3.3989 loss_objectness: 0.0162 loss_rpn_box_reg: 0.0091
epoch 11 [ 2200/2852] lr: 1.50e-04 loss: 3.6688 loss_classifier: 0.0873 loss_box_reg: 0.1518 loss_reid: 3.4043 loss_objectness: 0.0163 loss_rpn_box_reg: 0.0091
epoch 11 [ 2300/2852] lr: 1.50e-04 loss: 3.6630 loss_classifier: 0.0873 loss_box_reg: 0.1520 loss_reid: 3.3985 loss_objectness: 0.0161 loss_rpn_box_reg: 0.0090
epoch 11 [ 2400/2852] lr: 1.50e-04 loss: 3.6772 loss_classifier: 0.0876 loss_box_reg: 0.1520 loss_reid: 3.4122 loss_objectness: 0.0163 loss_rpn_box_reg: 0.0091
epoch 11 [ 2500/2852] lr: 1.50e-04 loss: 3.6788 loss_classifier: 0.0874 loss_box_reg: 0.1517 loss_reid: 3.4145 loss_objectness: 0.0162 loss_rpn_box_reg: 0.0090
epoch 11 [ 2600/2852] lr: 1.50e-04 loss: 3.6885 loss_classifier: 0.0873 loss_box_reg: 0.1514 loss_reid: 3.4245 loss_objectness: 0.0162 loss_rpn_box_reg: 0.0090
epoch 11 [ 2700/2852] lr: 1.50e-04 loss: 3.6863 loss_classifier: 0.0873 loss_box_reg: 0.1516 loss_reid: 3.4223 loss_objectness: 0.0161 loss_rpn_box_reg: 0.0090
epoch 11 [ 2800/2852] lr: 1.50e-04 loss: 3.6903 loss_classifier: 0.0873 loss_box_reg: 0.1512 loss_reid: 3.4265 loss_objectness: 0.0162 loss_rpn_box_reg: 0.0090
epoch 11 done in 22.4 min
epoch 12 [    0/2852] lr: 1.50e-04 loss: 3.6171 loss_classifier: 0.1029 loss_box_reg: 0.1179 loss_reid: 3.3762 loss_objectness: 0.0139 loss_rpn_box_reg: 0.0061
epoch 12 [  100/2852] lr: 1.50e-04 loss: 3.6001 loss_classifier: 0.0878 loss_box_reg: 0.1508 loss_reid: 3.3369 loss_objectness: 0.0163 loss_rpn_box_reg: 0.0084
epoch 12 [  200/2852] lr: 1.50e-04 loss: 3.5810 loss_classifier: 0.0866 loss_box_reg: 0.1465 loss_reid: 3.3236 loss_objectness: 0.0157 loss_rpn_box_reg: 0.0085
epoch 12 [  300/2852] lr: 1.50e-04 loss: 3.7441 loss_classifier: 0.0885 loss_box_reg: 0.1470 loss_reid: 3.4830 loss_objectness: 0.0166 loss_rpn_box_reg: 0.0089
epoch 12 [  400/2852] lr: 1.50e-04 loss: 3.7443 loss_classifier: 0.0869 loss_box_reg: 0.1473 loss_reid: 3.4853 loss_objectness: 0.0160 loss_rpn_box_reg: 0.0088
epoch 12 [  500/2852] lr: 1.50e-04 loss: 3.7025 loss_classifier: 0.0866 loss_box_reg: 0.1468 loss_reid: 3.4440 loss_objectness: 0.0162 loss_rpn_box_reg: 0.0088
epoch 12 [  600/2852] lr: 1.50e-04 loss: 3.6062 loss_classifier: 0.0874 loss_box_reg: 0.1490 loss_reid: 3.3449 loss_objectness: 0.0159 loss_rpn_box_reg: 0.0089
epoch 12 [  700/2852] lr: 1.50e-04 loss: 3.5831 loss_classifier: 0.0874 loss_box_reg: 0.1489 loss_reid: 3.3214 loss_objectness: 0.0162 loss_rpn_box_reg: 0.0091
epoch 12 [  800/2852] lr: 1.50e-04 loss: 3.5983 loss_classifier: 0.0878 loss_box_reg: 0.1497 loss_reid: 3.3355 loss_objectness: 0.0162 loss_rpn_box_reg: 0.0091
epoch 12 [  900/2852] lr: 1.50e-04 loss: 3.5744 loss_classifier: 0.0885 loss_box_reg: 0.1513 loss_reid: 3.3092 loss_objectness: 0.0162 loss_rpn_box_reg: 0.0092
epoch 12 [ 1000/2852] lr: 1.50e-04 loss: 3.5636 loss_classifier: 0.0884 loss_box_reg: 0.1515 loss_reid: 3.2985 loss_objectness: 0.0160 loss_rpn_box_reg: 0.0092
epoch 12 [ 1100/2852] lr: 1.50e-04 loss: 3.5506 loss_classifier: 0.0882 loss_box_reg: 0.1515 loss_reid: 3.2855 loss_objectness: 0.0162 loss_rpn_box_reg: 0.0092
epoch 12 [ 1200/2852] lr: 1.50e-04 loss: 3.5453 loss_classifier: 0.0886 loss_box_reg: 0.1521 loss_reid: 3.2792 loss_objectness: 0.0161 loss_rpn_box_reg: 0.0092
epoch 12 [ 1300/2852] lr: 1.50e-04 loss: 3.5683 loss_classifier: 0.0890 loss_box_reg: 0.1528 loss_reid: 3.3009 loss_objectness: 0.0162 loss_rpn_box_reg: 0.0093
epoch 12 [ 1400/2852] lr: 1.50e-04 loss: 3.5673 loss_classifier: 0.0891 loss_box_reg: 0.1529 loss_reid: 3.2999 loss_objectness: 0.0162 loss_rpn_box_reg: 0.0093
epoch 12 [ 1500/2852] lr: 1.50e-04 loss: 3.5920 loss_classifier: 0.0885 loss_box_reg: 0.1520 loss_reid: 3.3259 loss_objectness: 0.0162 loss_rpn_box_reg: 0.0092
epoch 12 [ 1600/2852] lr: 1.50e-04 loss: 3.6001 loss_classifier: 0.0883 loss_box_reg: 0.1512 loss_reid: 3.3353 loss_objectness: 0.0161 loss_rpn_box_reg: 0.0092
epoch 12 [ 1700/2852] lr: 1.50e-04 loss: 3.6230 loss_classifier: 0.0884 loss_box_reg: 0.1513 loss_reid: 3.3580 loss_objectness: 0.0161 loss_rpn_box_reg: 0.0092
epoch 12 [ 1800/2852] lr: 1.50e-04 loss: 3.6267 loss_classifier: 0.0879 loss_box_reg: 0.1508 loss_reid: 3.3626 loss_objectness: 0.0162 loss_rpn_box_reg: 0.0092
epoch 12 [ 1900/2852] lr: 1.50e-04 loss: 3.6255 loss_classifier: 0.0876 loss_box_reg: 0.1504 loss_reid: 3.3622 loss_objectness: 0.0161 loss_rpn_box_reg: 0.0092
epoch 12 [ 2000/2852] lr: 1.50e-04 loss: 3.5849 loss_classifier: 0.0877 loss_box_reg: 0.1509 loss_reid: 3.3210 loss_objectness: 0.0161 loss_rpn_box_reg: 0.0092
epoch 12 [ 2100/2852] lr: 1.50e-04 loss: 3.5853 loss_classifier: 0.0872 loss_box_reg: 0.1499 loss_reid: 3.3230 loss_objectness: 0.0161 loss_rpn_box_reg: 0.0091
epoch 12 [ 2200/2852] lr: 1.50e-04 loss: 3.5890 loss_classifier: 0.0871 loss_box_reg: 0.1501 loss_reid: 3.3266 loss_objectness: 0.0161 loss_rpn_box_reg: 0.0092
epoch 12 [ 2300/2852] lr: 1.50e-04 loss: 3.5863 loss_classifier: 0.0872 loss_box_reg: 0.1500 loss_reid: 3.3238 loss_objectness: 0.0162 loss_rpn_box_reg: 0.0091
epoch 12 [ 2400/2852] lr: 1.50e-04 loss: 3.5888 loss_classifier: 0.0869 loss_box_reg: 0.1494 loss_reid: 3.3273 loss_objectness: 0.0161 loss_rpn_box_reg: 0.0091
epoch 12 [ 2500/2852] lr: 1.50e-04 loss: 3.6137 loss_classifier: 0.0868 loss_box_reg: 0.1492 loss_reid: 3.3525 loss_objectness: 0.0161 loss_rpn_box_reg: 0.0091
epoch 12 [ 2600/2852] lr: 1.50e-04 loss: 3.6135 loss_classifier: 0.0865 loss_box_reg: 0.1489 loss_reid: 3.3529 loss_objectness: 0.0161 loss_rpn_box_reg: 0.0091
epoch 12 [ 2700/2852] lr: 1.50e-04 loss: 3.5880 loss_classifier: 0.0862 loss_box_reg: 0.1484 loss_reid: 3.3282 loss_objectness: 0.0161 loss_rpn_box_reg: 0.0091
epoch 12 [ 2800/2852] lr: 1.50e-04 loss: 3.5825 loss_classifier: 0.0864 loss_box_reg: 0.1487 loss_reid: 3.3221 loss_objectness: 0.0162 loss_rpn_box_reg: 0.0091
epoch 12 done in 22.3 min
epoch 13 [    0/2852] lr: 1.50e-04 loss: 2.0052 loss_classifier: 0.0404 loss_box_reg: 0.0699 loss_reid: 1.8918 loss_objectness: 0.0012 loss_rpn_box_reg: 0.0018
epoch 13 [  100/2852] lr: 1.50e-04 loss: 3.5149 loss_classifier: 0.0830 loss_box_reg: 0.1370 loss_reid: 3.2704 loss_objectness: 0.0155 loss_rpn_box_reg: 0.0090
epoch 13 [  200/2852] lr: 1.50e-04 loss: 3.5050 loss_classifier: 0.0870 loss_box_reg: 0.1450 loss_reid: 3.2486 loss_objectness: 0.0154 loss_rpn_box_reg: 0.0090
epoch 13 [  300/2852] lr: 1.50e-04 loss: 3.6386 loss_classifier: 0.0868 loss_box_reg: 0.1466 loss_reid: 3.3808 loss_objectness: 0.0153 loss_rpn_box_reg: 0.0091
epoch 13 [  400/2852] lr: 1.50e-04 loss: 3.7064 loss_classifier: 0.0861 loss_box_reg: 0.1461 loss_reid: 3.4504 loss_objectness: 0.0150 loss_rpn_box_reg: 0.0089
epoch 13 [  500/2852] lr: 1.50e-04 loss: 3.6848 loss_classifier: 0.0857 loss_box_reg: 0.1458 loss_reid: 3.4285 loss_objectness: 0.0158 loss_rpn_box_reg: 0.0090
epoch 13 [  600/2852] lr: 1.50e-04 loss: 3.6567 loss_classifier: 0.0857 loss_box_reg: 0.1468 loss_reid: 3.3999 loss_objectness: 0.0154 loss_rpn_box_reg: 0.0089
epoch 13 [  700/2852] lr: 1.50e-04 loss: 3.6128 loss_classifier: 0.0863 loss_box_reg: 0.1473 loss_reid: 3.3550 loss_objectness: 0.0153 loss_rpn_box_reg: 0.0089
epoch 13 [  800/2852] lr: 1.50e-04 loss: 3.6301 loss_classifier: 0.0861 loss_box_reg: 0.1477 loss_reid: 3.3724 loss_objectness: 0.0151 loss_rpn_box_reg: 0.0088
epoch 13 [  900/2852] lr: 1.50e-04 loss: 3.6085 loss_classifier: 0.0867 loss_box_reg: 0.1488 loss_reid: 3.3491 loss_objectness: 0.0150 loss_rpn_box_reg: 0.0089
epoch 13 [ 1000/2852] lr: 1.50e-04 loss: 3.6286 loss_classifier: 0.0867 loss_box_reg: 0.1489 loss_reid: 3.3689 loss_objectness: 0.0151 loss_rpn_box_reg: 0.0089
epoch 13 [ 1100/2852] lr: 1.50e-04 loss: 3.6354 loss_classifier: 0.0870 loss_box_reg: 0.1488 loss_reid: 3.3750 loss_objectness: 0.0155 loss_rpn_box_reg: 0.0090
epoch 13 [ 1200/2852] lr: 1.50e-04 loss: 3.6138 loss_classifier: 0.0870 loss_box_reg: 0.1486 loss_reid: 3.3535 loss_objectness: 0.0156 loss_rpn_box_reg: 0.0090
epoch 13 [ 1300/2852] lr: 1.50e-04 loss: 3.6069 loss_classifier: 0.0875 loss_box_reg: 0.1491 loss_reid: 3.3455 loss_objectness: 0.0158 loss_rpn_box_reg: 0.0090
epoch 13 [ 1400/2852] lr: 1.50e-04 loss: 3.6091 loss_classifier: 0.0871 loss_box_reg: 0.1488 loss_reid: 3.3483 loss_objectness: 0.0159 loss_rpn_box_reg: 0.0090
epoch 13 [ 1500/2852] lr: 1.50e-04 loss: 3.6149 loss_classifier: 0.0874 loss_box_reg: 0.1487 loss_reid: 3.3539 loss_objectness: 0.0159 loss_rpn_box_reg: 0.0090
epoch 13 [ 1600/2852] lr: 1.50e-04 loss: 3.6191 loss_classifier: 0.0874 loss_box_reg: 0.1490 loss_reid: 3.3577 loss_objectness: 0.0159 loss_rpn_box_reg: 0.0090
epoch 13 [ 1700/2852] lr: 1.50e-04 loss: 3.5978 loss_classifier: 0.0872 loss_box_reg: 0.1489 loss_reid: 3.3368 loss_objectness: 0.0160 loss_rpn_box_reg: 0.0090
epoch 13 [ 1800/2852] lr: 1.50e-04 loss: 3.5853 loss_classifier: 0.0871 loss_box_reg: 0.1485 loss_reid: 3.3250 loss_objectness: 0.0159 loss_rpn_box_reg: 0.0089
epoch 13 [ 1900/2852] lr: 1.50e-04 loss: 3.5969 loss_classifier: 0.0872 loss_box_reg: 0.1490 loss_reid: 3.3357 loss_objectness: 0.0160 loss_rpn_box_reg: 0.0090
epoch 13 [ 2000/2852] lr: 1.50e-04 loss: 3.5920 loss_classifier: 0.0874 loss_box_reg: 0.1496 loss_reid: 3.3302 loss_objectness: 0.0158 loss_rpn_box_reg: 0.0090
epoch 13 [ 2100/2852] lr: 1.50e-04 loss: 3.6015 loss_classifier: 0.0873 loss_box_reg: 0.1495 loss_reid: 3.3400 loss_objectness: 0.0158 loss_rpn_box_reg: 0.0089
epoch 13 [ 2200/2852] lr: 1.50e-04 loss: 3.5866 loss_classifier: 0.0874 loss_box_reg: 0.1498 loss_reid: 3.3246 loss_objectness: 0.0159 loss_rpn_box_reg: 0.0090
epoch 13 [ 2300/2852] lr: 1.50e-04 loss: 3.5653 loss_classifier: 0.0871 loss_box_reg: 0.1500 loss_reid: 3.3034 loss_objectness: 0.0158 loss_rpn_box_reg: 0.0090
epoch 13 [ 2400/2852] lr: 1.50e-04 loss: 3.5609 loss_classifier: 0.0870 loss_box_reg: 0.1498 loss_reid: 3.2994 loss_objectness: 0.0158 loss_rpn_box_reg: 0.0090
epoch 13 [ 2500/2852] lr: 1.50e-04 loss: 3.5601 loss_classifier: 0.0871 loss_box_reg: 0.1500 loss_reid: 3.2983 loss_objectness: 0.0158 loss_rpn_box_reg: 0.0090
epoch 13 [ 2600/2852] lr: 1.50e-04 loss: 3.5484 loss_classifier: 0.0869 loss_box_reg: 0.1496 loss_reid: 3.2872 loss_objectness: 0.0158 loss_rpn_box_reg: 0.0089
epoch 13 [ 2700/2852] lr: 1.50e-04 loss: 3.5562 loss_classifier: 0.0869 loss_box_reg: 0.1497 loss_reid: 3.2948 loss_objectness: 0.0158 loss_rpn_box_reg: 0.0090
epoch 13 [ 2800/2852] lr: 1.50e-04 loss: 3.5486 loss_classifier: 0.0867 loss_box_reg: 0.1492 loss_reid: 3.2881 loss_objectness: 0.0157 loss_rpn_box_reg: 0.0089
epoch 13 done in 22.4 min
epoch 14 [    0/2852] lr: 1.50e-05 loss: 3.1187 loss_classifier: 0.0460 loss_box_reg: 0.0554 loss_reid: 2.9992 loss_objectness: 0.0130 loss_rpn_box_reg: 0.0050
epoch 14 [  100/2852] lr: 1.50e-05 loss: 2.9504 loss_classifier: 0.0788 loss_box_reg: 0.1444 loss_reid: 2.7076 loss_objectness: 0.0116 loss_rpn_box_reg: 0.0080
epoch 14 [  200/2852] lr: 1.50e-05 loss: 3.3610 loss_classifier: 0.0809 loss_box_reg: 0.1428 loss_reid: 3.1162 loss_objectness: 0.0130 loss_rpn_box_reg: 0.0081
epoch 14 [  300/2852] lr: 1.50e-05 loss: 3.2556 loss_classifier: 0.0816 loss_box_reg: 0.1422 loss_reid: 3.0100 loss_objectness: 0.0136 loss_rpn_box_reg: 0.0082
epoch 14 [  400/2852] lr: 1.50e-05 loss: 3.2538 loss_classifier: 0.0817 loss_box_reg: 0.1440 loss_reid: 3.0062 loss_objectness: 0.0135 loss_rpn_box_reg: 0.0083
epoch 14 [  500/2852] lr: 1.50e-05 loss: 3.3070 loss_classifier: 0.0851 loss_box_reg: 0.1496 loss_reid: 3.0499 loss_objectness: 0.0138 loss_rpn_box_reg: 0.0086
epoch 14 [  600/2852] lr: 1.50e-05 loss: 3.3521 loss_classifier: 0.0850 loss_box_reg: 0.1496 loss_reid: 3.0946 loss_objectness: 0.0144 loss_rpn_box_reg: 0.0086
epoch 14 [  700/2852] lr: 1.50e-05 loss: 3.4385 loss_classifier: 0.0852 loss_box_reg: 0.1493 loss_reid: 3.1811 loss_objectness: 0.0144 loss_rpn_box_reg: 0.0086
epoch 14 [  800/2852] lr: 1.50e-05 loss: 3.3603 loss_classifier: 0.0848 loss_box_reg: 0.1482 loss_reid: 3.1044 loss_objectness: 0.0143 loss_rpn_box_reg: 0.0086
epoch 14 [  900/2852] lr: 1.50e-05 loss: 3.3633 loss_classifier: 0.0851 loss_box_reg: 0.1493 loss_reid: 3.1060 loss_objectness: 0.0143 loss_rpn_box_reg: 0.0086
epoch 14 [ 1000/2852] lr: 1.50e-05 loss: 3.3604 loss_classifier: 0.0858 loss_box_reg: 0.1496 loss_reid: 3.1018 loss_objectness: 0.0146 loss_rpn_box_reg: 0.0086
epoch 14 [ 1100/2852] lr: 1.50e-05 loss: 3.3895 loss_classifier: 0.0860 loss_box_reg: 0.1501 loss_reid: 3.1301 loss_objectness: 0.0147 loss_rpn_box_reg: 0.0086
epoch 14 [ 1200/2852] lr: 1.50e-05 loss: 3.4409 loss_classifier: 0.0861 loss_box_reg: 0.1500 loss_reid: 3.1811 loss_objectness: 0.0150 loss_rpn_box_reg: 0.0086
epoch 14 [ 1300/2852] lr: 1.50e-05 loss: 3.4412 loss_classifier: 0.0865 loss_box_reg: 0.1504 loss_reid: 3.1806 loss_objectness: 0.0151 loss_rpn_box_reg: 0.0087
epoch 14 [ 1400/2852] lr: 1.50e-05 loss: 3.4081 loss_classifier: 0.0864 loss_box_reg: 0.1499 loss_reid: 3.1482 loss_objectness: 0.0149 loss_rpn_box_reg: 0.0086
epoch 14 [ 1500/2852] lr: 1.50e-05 loss: 3.3997 loss_classifier: 0.0862 loss_box_reg: 0.1496 loss_reid: 3.1403 loss_objectness: 0.0150 loss_rpn_box_reg: 0.0086
epoch 14 [ 1600/2852] lr: 1.50e-05 loss: 3.3852 loss_classifier: 0.0856 loss_box_reg: 0.1489 loss_reid: 3.1272 loss_objectness: 0.0149 loss_rpn_box_reg: 0.0086
epoch 14 [ 1700/2852] lr: 1.50e-05 loss: 3.4196 loss_classifier: 0.0857 loss_box_reg: 0.1485 loss_reid: 3.1617 loss_objectness: 0.0151 loss_rpn_box_reg: 0.0086
epoch 14 [ 1800/2852] lr: 1.50e-05 loss: 3.4297 loss_classifier: 0.0854 loss_box_reg: 0.1479 loss_reid: 3.1725 loss_objectness: 0.0152 loss_rpn_box_reg: 0.0086
epoch 14 [ 1900/2852] lr: 1.50e-05 loss: 3.4220 loss_classifier: 0.0851 loss_box_reg: 0.1473 loss_reid: 3.1657 loss_objectness: 0.0153 loss_rpn_box_reg: 0.0086
epoch 14 [ 2000/2852] lr: 1.50e-05 loss: 3.4068 loss_classifier: 0.0853 loss_box_reg: 0.1475 loss_reid: 3.1500 loss_objectness: 0.0153 loss_rpn_box_reg: 0.0086
epoch 14 [ 2100/2852] lr: 1.50e-05 loss: 3.4073 loss_classifier: 0.0849 loss_box_reg: 0.1468 loss_reid: 3.1517 loss_objectness: 0.0153 loss_rpn_box_reg: 0.0086
epoch 14 [ 2200/2852] lr: 1.50e-05 loss: 3.4075 loss_classifier: 0.0849 loss_box_reg: 0.1471 loss_reid: 3.1517 loss_objectness: 0.0153 loss_rpn_box_reg: 0.0086
epoch 14 [ 2300/2852] lr: 1.50e-05 loss: 3.4050 loss_classifier: 0.0851 loss_box_reg: 0.1472 loss_reid: 3.1488 loss_objectness: 0.0153 loss_rpn_box_reg: 0.0086
epoch 14 [ 2400/2852] lr: 1.50e-05 loss: 3.4043 loss_classifier: 0.0855 loss_box_reg: 0.1475 loss_reid: 3.1473 loss_objectness: 0.0153 loss_rpn_box_reg: 0.0086
epoch 14 [ 2500/2852] lr: 1.50e-05 loss: 3.4254 loss_classifier: 0.0856 loss_box_reg: 0.1474 loss_reid: 3.1684 loss_objectness: 0.0153 loss_rpn_box_reg: 0.0086
epoch 14 [ 2600/2852] lr: 1.50e-05 loss: 3.4287 loss_classifier: 0.0856 loss_box_reg: 0.1475 loss_reid: 3.1717 loss_objectness: 0.0153 loss_rpn_box_reg: 0.0086
epoch 14 [ 2700/2852] lr: 1.50e-05 loss: 3.4195 loss_classifier: 0.0859 loss_box_reg: 0.1479 loss_reid: 3.1618 loss_objectness: 0.0153 loss_rpn_box_reg: 0.0087
epoch 14 [ 2800/2852] lr: 1.50e-05 loss: 3.4452 loss_classifier: 0.0862 loss_box_reg: 0.1481 loss_reid: 3.1871 loss_objectness: 0.0152 loss_rpn_box_reg: 0.0087
epoch 14 done in 22.4 min
epoch 15 [    0/2852] lr: 1.50e-05 loss: 2.6250 loss_classifier: 0.0678 loss_box_reg: 0.1634 loss_reid: 2.3847 loss_objectness: 0.0010 loss_rpn_box_reg: 0.0080
epoch 15 [  100/2852] lr: 1.50e-05 loss: 3.2965 loss_classifier: 0.0864 loss_box_reg: 0.1530 loss_reid: 3.0325 loss_objectness: 0.0156 loss_rpn_box_reg: 0.0091
epoch 15 [  200/2852] lr: 1.50e-05 loss: 3.6464 loss_classifier: 0.0875 loss_box_reg: 0.1458 loss_reid: 3.3874 loss_objectness: 0.0167 loss_rpn_box_reg: 0.0090
epoch 15 [  300/2852] lr: 1.50e-05 loss: 3.5269 loss_classifier: 0.0863 loss_box_reg: 0.1479 loss_reid: 3.2691 loss_objectness: 0.0150 loss_rpn_box_reg: 0.0087
epoch 15 [  400/2852] lr: 1.50e-05 loss: 3.5046 loss_classifier: 0.0869 loss_box_reg: 0.1490 loss_reid: 3.2446 loss_objectness: 0.0153 loss_rpn_box_reg: 0.0088
epoch 15 [  500/2852] lr: 1.50e-05 loss: 3.4349 loss_classifier: 0.0866 loss_box_reg: 0.1490 loss_reid: 3.1758 loss_objectness: 0.0149 loss_rpn_box_reg: 0.0085
epoch 15 [  600/2852] lr: 1.50e-05 loss: 3.4255 loss_classifier: 0.0868 loss_box_reg: 0.1493 loss_reid: 3.1659 loss_objectness: 0.0149 loss_rpn_box_reg: 0.0086
epoch 15 [  700/2852] lr: 1.50e-05 loss: 3.3810 loss_classifier: 0.0867 loss_box_reg: 0.1497 loss_reid: 3.1212 loss_objectness: 0.0146 loss_rpn_box_reg: 0.0088
epoch 15 [  800/2852] lr: 1.50e-05 loss: 3.3998 loss_classifier: 0.0857 loss_box_reg: 0.1480 loss_reid: 3.1430 loss_objectness: 0.0144 loss_rpn_box_reg: 0.0087
epoch 15 [  900/2852] lr: 1.50e-05 loss: 3.4126 loss_classifier: 0.0861 loss_box_reg: 0.1477 loss_reid: 3.1552 loss_objectness: 0.0149 loss_rpn_box_reg: 0.0087
epoch 15 [ 1000/2852] lr: 1.50e-05 loss: 3.4163 loss_classifier: 0.0860 loss_box_reg: 0.1474 loss_reid: 3.1591 loss_objectness: 0.0151 loss_rpn_box_reg: 0.0087
epoch 15 [ 1100/2852] lr: 1.50e-05 loss: 3.4048 loss_classifier: 0.0850 loss_box_reg: 0.1459 loss_reid: 3.1505 loss_objectness: 0.0148 loss_rpn_box_reg: 0.0086
epoch 15 [ 1200/2852] lr: 1.50e-05 loss: 3.4317 loss_classifier: 0.0854 loss_box_reg: 0.1462 loss_reid: 3.1765 loss_objectness: 0.0150 loss_rpn_box_reg: 0.0086
epoch 15 [ 1300/2852] lr: 1.50e-05 loss: 3.4360 loss_classifier: 0.0855 loss_box_reg: 0.1460 loss_reid: 3.1811 loss_objectness: 0.0149 loss_rpn_box_reg: 0.0086
epoch 15 [ 1400/2852] lr: 1.50e-05 loss: 3.4321 loss_classifier: 0.0856 loss_box_reg: 0.1462 loss_reid: 3.1769 loss_objectness: 0.0148 loss_rpn_box_reg: 0.0086
epoch 15 [ 1500/2852] lr: 1.50e-05 loss: 3.4460 loss_classifier: 0.0855 loss_box_reg: 0.1460 loss_reid: 3.1910 loss_objectness: 0.0150 loss_rpn_box_reg: 0.0086
epoch 15 [ 1600/2852] lr: 1.50e-05 loss: 3.4601 loss_classifier: 0.0852 loss_box_reg: 0.1451 loss_reid: 3.2063 loss_objectness: 0.0149 loss_rpn_box_reg: 0.0085
epoch 15 [ 1700/2852] lr: 1.50e-05 loss: 3.4616 loss_classifier: 0.0850 loss_box_reg: 0.1452 loss_reid: 3.2078 loss_objectness: 0.0150 loss_rpn_box_reg: 0.0085
epoch 15 [ 1800/2852] lr: 1.50e-05 loss: 3.4384 loss_classifier: 0.0852 loss_box_reg: 0.1453 loss_reid: 3.1845 loss_objectness: 0.0149 loss_rpn_box_reg: 0.0086
epoch 15 [ 1900/2852] lr: 1.50e-05 loss: 3.4456 loss_classifier: 0.0852 loss_box_reg: 0.1453 loss_reid: 3.1917 loss_objectness: 0.0149 loss_rpn_box_reg: 0.0085
epoch 15 [ 2000/2852] lr: 1.50e-05 loss: 3.4314 loss_classifier: 0.0849 loss_box_reg: 0.1454 loss_reid: 3.1778 loss_objectness: 0.0147 loss_rpn_box_reg: 0.0085
epoch 15 [ 2100/2852] lr: 1.50e-05 loss: 3.4176 loss_classifier: 0.0851 loss_box_reg: 0.1458 loss_reid: 3.1633 loss_objectness: 0.0147 loss_rpn_box_reg: 0.0086
epoch 15 [ 2200/2852] lr: 1.50e-05 loss: 3.3953 loss_classifier: 0.0850 loss_box_reg: 0.1459 loss_reid: 3.1411 loss_objectness: 0.0147 loss_rpn_box_reg: 0.0086
epoch 15 [ 2300/2852] lr: 1.50e-05 loss: 3.3849 loss_classifier: 0.0851 loss_box_reg: 0.1461 loss_reid: 3.1302 loss_objectness: 0.0148 loss_rpn_box_reg: 0.0086
epoch 15 [ 2400/2852] lr: 1.50e-05 loss: 3.4011 loss_classifier: 0.0852 loss_box_reg: 0.1462 loss_reid: 3.1463 loss_objectness: 0.0148 loss_rpn_box_reg: 0.0086
epoch 15 [ 2500/2852] lr: 1.50e-05 loss: 3.4000 loss_classifier: 0.0852 loss_box_reg: 0.1465 loss_reid: 3.1451 loss_objectness: 0.0147 loss_rpn_box_reg: 0.0086
epoch 15 [ 2600/2852] lr: 1.50e-05 loss: 3.4030 loss_classifier: 0.0853 loss_box_reg: 0.1464 loss_reid: 3.1479 loss_objectness: 0.0148 loss_rpn_box_reg: 0.0086
epoch 15 [ 2700/2852] lr: 1.50e-05 loss: 3.3993 loss_classifier: 0.0852 loss_box_reg: 0.1466 loss_reid: 3.1441 loss_objectness: 0.0147 loss_rpn_box_reg: 0.0086
epoch 15 [ 2800/2852] lr: 1.50e-05 loss: 3.4019 loss_classifier: 0.0853 loss_box_reg: 0.1468 loss_reid: 3.1464 loss_objectness: 0.0148 loss_rpn_box_reg: 0.0086
epoch 15 done in 22.4 min
search ranking:
  mAP = 38.91%
  top- 1 = 77.88%
