train: 5704 images, 483 identities
/home/acapialbi/ml4cv-exam-project/src/engine.py:56: UserWarning: Detected call of `lr_scheduler.step()` before `optimizer.step()`. In PyTorch 1.1.0 and later, you should call them in the opposite order: `optimizer.step()` before `lr_scheduler.step()`.  Failure to do this will result in PyTorch skipping the first value of the learning rate schedule. See more details at https://pytorch.org/docs/stable/optim.html#how-to-adjust-learning-rate
  warmup.step()
epoch 0 [    0/2852] lr: 3.00e-06 loss: 237.8048 loss_classifier: 0.5158 loss_box_reg: 0.0127 loss_reid: 236.5960 loss_objectness: 0.6703 loss_rpn_box_reg: 0.0099
epoch 0 [  100/2852] lr: 1.53e-04 loss: 230.2798 loss_classifier: 0.4390 loss_box_reg: 0.0226 loss_reid: 229.1223 loss_objectness: 0.6685 loss_rpn_box_reg: 0.0274
epoch 0 [  200/2852] lr: 3.03e-04 loss: 229.5391 loss_classifier: 0.3302 loss_box_reg: 0.0240 loss_reid: 228.4992 loss_objectness: 0.6588 loss_rpn_box_reg: 0.0268
epoch 0 [  300/2852] lr: 4.53e-04 loss: 228.9157 loss_classifier: 0.2727 loss_box_reg: 0.0279 loss_reid: 227.9469 loss_objectness: 0.6412 loss_rpn_box_reg: 0.0269
epoch 0 [  400/2852] lr: 6.02e-04 loss: 229.1347 loss_classifier: 0.2535 loss_box_reg: 0.0329 loss_reid: 228.2011 loss_objectness: 0.6206 loss_rpn_box_reg: 0.0266
epoch 0 [  500/2852] lr: 7.52e-04 loss: 228.4774 loss_classifier: 0.2430 loss_box_reg: 0.0351 loss_reid: 227.5800 loss_objectness: 0.5932 loss_rpn_box_reg: 0.0261
epoch 0 [  600/2852] lr: 9.02e-04 loss: 227.5287 loss_classifier: 0.2319 loss_box_reg: 0.0369 loss_reid: 226.6693 loss_objectness: 0.5639 loss_rpn_box_reg: 0.0267
epoch 0 [  700/2852] lr: 1.05e-03 loss: 226.5607 loss_classifier: 0.2186 loss_box_reg: 0.0378 loss_reid: 225.7418 loss_objectness: 0.5353 loss_rpn_box_reg: 0.0273
epoch 0 [  800/2852] lr: 1.20e-03 loss: 226.3429 loss_classifier: 0.2060 loss_box_reg: 0.0377 loss_reid: 225.5629 loss_objectness: 0.5088 loss_rpn_box_reg: 0.0275
epoch 0 [  900/2852] lr: 1.35e-03 loss: 224.7694 loss_classifier: 0.1947 loss_box_reg: 0.0365 loss_reid: 224.0256 loss_objectness: 0.4849 loss_rpn_box_reg: 0.0276
epoch 0 [ 1000/2852] lr: 1.50e-03 loss: 222.5736 loss_classifier: 0.1844 loss_box_reg: 0.0346 loss_reid: 221.8629 loss_objectness: 0.4636 loss_rpn_box_reg: 0.0281
epoch 0 [ 1100/2852] lr: 1.50e-03 loss: 219.9162 loss_classifier: 0.1759 loss_box_reg: 0.0332 loss_reid: 219.2321 loss_objectness: 0.4461 loss_rpn_box_reg: 0.0287
epoch 0 [ 1200/2852] lr: 1.50e-03 loss: 217.1217 loss_classifier: 0.1691 loss_box_reg: 0.0333 loss_reid: 216.4609 loss_objectness: 0.4293 loss_rpn_box_reg: 0.0292
epoch 0 [ 1300/2852] lr: 1.50e-03 loss: 214.1804 loss_classifier: 0.1623 loss_box_reg: 0.0330 loss_reid: 213.5432 loss_objectness: 0.4122 loss_rpn_box_reg: 0.0296
epoch 0 [ 1400/2852] lr: 1.50e-03 loss: 211.6464 loss_classifier: 0.1562 loss_box_reg: 0.0326 loss_reid: 211.0291 loss_objectness: 0.3982 loss_rpn_box_reg: 0.0301
epoch 0 [ 1500/2852] lr: 1.50e-03 loss: 208.5166 loss_classifier: 0.1520 loss_box_reg: 0.0334 loss_reid: 207.9158 loss_objectness: 0.3848 loss_rpn_box_reg: 0.0307
epoch 0 [ 1600/2852] lr: 1.50e-03 loss: 205.7879 loss_classifier: 0.1483 loss_box_reg: 0.0344 loss_reid: 205.2025 loss_objectness: 0.3717 loss_rpn_box_reg: 0.0309
epoch 0 [ 1700/2852] lr: 1.50e-03 loss: 203.2630 loss_classifier: 0.1451 loss_box_reg: 0.0356 loss_reid: 202.6910 loss_objectness: 0.3601 loss_rpn_box_reg: 0.0312
epoch 0 [ 1800/2852] lr: 1.50e-03 loss: 200.5373 loss_classifier: 0.1426 loss_box_reg: 0.0372 loss_reid: 199.9765 loss_objectness: 0.3494 loss_rpn_box_reg: 0.0316
epoch 0 [ 1900/2852] lr: 1.50e-03 loss: 198.2345 loss_classifier: 0.1402 loss_box_reg: 0.0385 loss_reid: 197.6847 loss_objectness: 0.3392 loss_rpn_box_reg: 0.0319
epoch 0 [ 2000/2852] lr: 1.50e-03 loss: 195.6700 loss_classifier: 0.1384 loss_box_reg: 0.0401 loss_reid: 195.1299 loss_objectness: 0.3296 loss_rpn_box_reg: 0.0320
epoch 0 [ 2100/2852] lr: 1.50e-03 loss: 193.3699 loss_classifier: 0.1374 loss_box_reg: 0.0430 loss_reid: 192.8369 loss_objectness: 0.3203 loss_rpn_box_reg: 0.0323
epoch 0 [ 2200/2852] lr: 1.50e-03 loss: 190.9810 loss_classifier: 0.1366 loss_box_reg: 0.0459 loss_reid: 190.4550 loss_objectness: 0.3113 loss_rpn_box_reg: 0.0323
epoch 0 [ 2300/2852] lr: 1.50e-03 loss: 188.8648 loss_classifier: 0.1357 loss_box_reg: 0.0486 loss_reid: 188.3446 loss_objectness: 0.3035 loss_rpn_box_reg: 0.0325
epoch 0 [ 2400/2852] lr: 1.50e-03 loss: 186.5031 loss_classifier: 0.1353 loss_box_reg: 0.0518 loss_reid: 185.9874 loss_objectness: 0.2960 loss_rpn_box_reg: 0.0326
epoch 0 [ 2500/2852] lr: 1.50e-03 loss: 184.4071 loss_classifier: 0.1345 loss_box_reg: 0.0541 loss_reid: 183.8967 loss_objectness: 0.2890 loss_rpn_box_reg: 0.0328
epoch 0 [ 2600/2852] lr: 1.50e-03 loss: 182.5065 loss_classifier: 0.1340 loss_box_reg: 0.0571 loss_reid: 182.0003 loss_objectness: 0.2822 loss_rpn_box_reg: 0.0329
epoch 0 [ 2700/2852] lr: 1.50e-03 loss: 180.5078 loss_classifier: 0.1334 loss_box_reg: 0.0596 loss_reid: 180.0059 loss_objectness: 0.2760 loss_rpn_box_reg: 0.0330
epoch 0 [ 2800/2852] lr: 1.50e-03 loss: 178.5572 loss_classifier: 0.1328 loss_box_reg: 0.0623 loss_reid: 178.0593 loss_objectness: 0.2698 loss_rpn_box_reg: 0.0330
epoch 0 done in 20.0 min
epoch 1 [    0/2852] lr: 1.50e-03 loss: 95.4502 loss_classifier: 0.1368 loss_box_reg: 0.2226 loss_reid: 94.9588 loss_objectness: 0.0900 loss_rpn_box_reg: 0.0420
epoch 1 [  100/2852] lr: 1.50e-03 loss: 112.2413 loss_classifier: 0.1328 loss_box_reg: 0.1625 loss_reid: 111.8213 loss_objectness: 0.0912 loss_rpn_box_reg: 0.0336
epoch 1 [  200/2852] lr: 1.50e-03 loss: 114.5933 loss_classifier: 0.1304 loss_box_reg: 0.1586 loss_reid: 114.1810 loss_objectness: 0.0906 loss_rpn_box_reg: 0.0327
epoch 1 [  300/2852] lr: 1.50e-03 loss: 112.9800 loss_classifier: 0.1331 loss_box_reg: 0.1658 loss_reid: 112.5567 loss_objectness: 0.0911 loss_rpn_box_reg: 0.0333
epoch 1 [  400/2852] lr: 1.50e-03 loss: 111.2335 loss_classifier: 0.1347 loss_box_reg: 0.1704 loss_reid: 110.8039 loss_objectness: 0.0902 loss_rpn_box_reg: 0.0342
epoch 1 [  500/2852] lr: 1.50e-03 loss: 111.2629 loss_classifier: 0.1328 loss_box_reg: 0.1702 loss_reid: 110.8383 loss_objectness: 0.0881 loss_rpn_box_reg: 0.0335
epoch 1 [  600/2852] lr: 1.50e-03 loss: 111.6561 loss_classifier: 0.1329 loss_box_reg: 0.1717 loss_reid: 111.2325 loss_objectness: 0.0859 loss_rpn_box_reg: 0.0331
epoch 1 [  700/2852] lr: 1.50e-03 loss: 111.1501 loss_classifier: 0.1312 loss_box_reg: 0.1705 loss_reid: 110.7317 loss_objectness: 0.0843 loss_rpn_box_reg: 0.0325
epoch 1 [  800/2852] lr: 1.50e-03 loss: 110.8383 loss_classifier: 0.1306 loss_box_reg: 0.1705 loss_reid: 110.4220 loss_objectness: 0.0830 loss_rpn_box_reg: 0.0322
epoch 1 [  900/2852] lr: 1.50e-03 loss: 110.3137 loss_classifier: 0.1297 loss_box_reg: 0.1713 loss_reid: 109.8994 loss_objectness: 0.0813 loss_rpn_box_reg: 0.0321
epoch 1 [ 1000/2852] lr: 1.50e-03 loss: 109.4991 loss_classifier: 0.1291 loss_box_reg: 0.1715 loss_reid: 109.0865 loss_objectness: 0.0799 loss_rpn_box_reg: 0.0321
epoch 1 [ 1100/2852] lr: 1.50e-03 loss: 108.6678 loss_classifier: 0.1282 loss_box_reg: 0.1713 loss_reid: 108.2581 loss_objectness: 0.0783 loss_rpn_box_reg: 0.0318
epoch 1 [ 1200/2852] lr: 1.50e-03 loss: 108.3487 loss_classifier: 0.1277 loss_box_reg: 0.1715 loss_reid: 107.9405 loss_objectness: 0.0773 loss_rpn_box_reg: 0.0317
epoch 1 [ 1300/2852] lr: 1.50e-03 loss: 107.2940 loss_classifier: 0.1269 loss_box_reg: 0.1715 loss_reid: 106.8878 loss_objectness: 0.0761 loss_rpn_box_reg: 0.0316
epoch 1 [ 1400/2852] lr: 1.50e-03 loss: 106.5890 loss_classifier: 0.1262 loss_box_reg: 0.1719 loss_reid: 106.1848 loss_objectness: 0.0747 loss_rpn_box_reg: 0.0314
epoch 1 [ 1500/2852] lr: 1.50e-03 loss: 106.1133 loss_classifier: 0.1254 loss_box_reg: 0.1721 loss_reid: 105.7107 loss_objectness: 0.0737 loss_rpn_box_reg: 0.0313
epoch 1 [ 1600/2852] lr: 1.50e-03 loss: 105.8644 loss_classifier: 0.1246 loss_box_reg: 0.1717 loss_reid: 105.4643 loss_objectness: 0.0726 loss_rpn_box_reg: 0.0312
epoch 1 [ 1700/2852] lr: 1.50e-03 loss: 105.3924 loss_classifier: 0.1239 loss_box_reg: 0.1716 loss_reid: 104.9942 loss_objectness: 0.0717 loss_rpn_box_reg: 0.0311
epoch 1 [ 1800/2852] lr: 1.50e-03 loss: 104.8900 loss_classifier: 0.1232 loss_box_reg: 0.1713 loss_reid: 104.4939 loss_objectness: 0.0708 loss_rpn_box_reg: 0.0308
epoch 1 [ 1900/2852] lr: 1.50e-03 loss: 104.4125 loss_classifier: 0.1227 loss_box_reg: 0.1716 loss_reid: 104.0175 loss_objectness: 0.0700 loss_rpn_box_reg: 0.0307
epoch 1 [ 2000/2852] lr: 1.50e-03 loss: 104.0686 loss_classifier: 0.1223 loss_box_reg: 0.1715 loss_reid: 103.6750 loss_objectness: 0.0692 loss_rpn_box_reg: 0.0306
epoch 1 [ 2100/2852] lr: 1.50e-03 loss: 103.2298 loss_classifier: 0.1215 loss_box_reg: 0.1713 loss_reid: 102.8379 loss_objectness: 0.0686 loss_rpn_box_reg: 0.0305
epoch 1 [ 2200/2852] lr: 1.50e-03 loss: 102.6623 loss_classifier: 0.1211 loss_box_reg: 0.1715 loss_reid: 102.2712 loss_objectness: 0.0680 loss_rpn_box_reg: 0.0305
epoch 1 [ 2300/2852] lr: 1.50e-03 loss: 102.0989 loss_classifier: 0.1210 loss_box_reg: 0.1722 loss_reid: 101.7080 loss_objectness: 0.0673 loss_rpn_box_reg: 0.0304
epoch 1 [ 2400/2852] lr: 1.50e-03 loss: 101.6338 loss_classifier: 0.1203 loss_box_reg: 0.1718 loss_reid: 101.2448 loss_objectness: 0.0667 loss_rpn_box_reg: 0.0302
epoch 1 [ 2500/2852] lr: 1.50e-03 loss: 101.1941 loss_classifier: 0.1197 loss_box_reg: 0.1716 loss_reid: 100.8066 loss_objectness: 0.0661 loss_rpn_box_reg: 0.0301
epoch 1 [ 2600/2852] lr: 1.50e-03 loss: 100.6272 loss_classifier: 0.1193 loss_box_reg: 0.1716 loss_reid: 100.2407 loss_objectness: 0.0656 loss_rpn_box_reg: 0.0300
epoch 1 [ 2700/2852] lr: 1.50e-03 loss: 100.2556 loss_classifier: 0.1187 loss_box_reg: 0.1713 loss_reid: 99.8707 loss_objectness: 0.0651 loss_rpn_box_reg: 0.0298
epoch 1 [ 2800/2852] lr: 1.50e-03 loss: 99.8201 loss_classifier: 0.1182 loss_box_reg: 0.1712 loss_reid: 99.4363 loss_objectness: 0.0646 loss_rpn_box_reg: 0.0298
epoch 1 done in 19.8 min
epoch 2 [    0/2852] lr: 1.50e-03 loss: 98.9901 loss_classifier: 0.1394 loss_box_reg: 0.2407 loss_reid: 98.4610 loss_objectness: 0.1042 loss_rpn_box_reg: 0.0449
epoch 2 [  100/2852] lr: 1.50e-03 loss: 78.4764 loss_classifier: 0.1069 loss_box_reg: 0.1711 loss_reid: 78.1226 loss_objectness: 0.0485 loss_rpn_box_reg: 0.0273
epoch 2 [  200/2852] lr: 1.50e-03 loss: 82.4514 loss_classifier: 0.1048 loss_box_reg: 0.1671 loss_reid: 82.1031 loss_objectness: 0.0500 loss_rpn_box_reg: 0.0263
epoch 2 [  300/2852] lr: 1.50e-03 loss: 81.3846 loss_classifier: 0.1040 loss_box_reg: 0.1685 loss_reid: 81.0363 loss_objectness: 0.0492 loss_rpn_box_reg: 0.0266
epoch 2 [  400/2852] lr: 1.50e-03 loss: 80.3362 loss_classifier: 0.1029 loss_box_reg: 0.1648 loss_reid: 79.9940 loss_objectness: 0.0487 loss_rpn_box_reg: 0.0257
epoch 2 [  500/2852] lr: 1.50e-03 loss: 79.5217 loss_classifier: 0.1031 loss_box_reg: 0.1659 loss_reid: 79.1787 loss_objectness: 0.0485 loss_rpn_box_reg: 0.0255
epoch 2 [  600/2852] lr: 1.50e-03 loss: 79.9098 loss_classifier: 0.1026 loss_box_reg: 0.1649 loss_reid: 79.5687 loss_objectness: 0.0481 loss_rpn_box_reg: 0.0255
epoch 2 [  700/2852] lr: 1.50e-03 loss: 80.8370 loss_classifier: 0.1014 loss_box_reg: 0.1629 loss_reid: 80.4992 loss_objectness: 0.0480 loss_rpn_box_reg: 0.0255
epoch 2 [  800/2852] lr: 1.50e-03 loss: 80.7093 loss_classifier: 0.1009 loss_box_reg: 0.1622 loss_reid: 80.3723 loss_objectness: 0.0483 loss_rpn_box_reg: 0.0256
epoch 2 [  900/2852] lr: 1.50e-03 loss: 80.1800 loss_classifier: 0.1004 loss_box_reg: 0.1625 loss_reid: 79.8425 loss_objectness: 0.0489 loss_rpn_box_reg: 0.0257
epoch 2 [ 1000/2852] lr: 1.50e-03 loss: 79.9476 loss_classifier: 0.1003 loss_box_reg: 0.1628 loss_reid: 79.6094 loss_objectness: 0.0493 loss_rpn_box_reg: 0.0258
epoch 2 [ 1100/2852] lr: 1.50e-03 loss: 79.6414 loss_classifier: 0.1000 loss_box_reg: 0.1625 loss_reid: 79.3037 loss_objectness: 0.0492 loss_rpn_box_reg: 0.0259
epoch 2 [ 1200/2852] lr: 1.50e-03 loss: 79.1544 loss_classifier: 0.0995 loss_box_reg: 0.1623 loss_reid: 78.8177 loss_objectness: 0.0491 loss_rpn_box_reg: 0.0259
epoch 2 [ 1300/2852] lr: 1.50e-03 loss: 79.0531 loss_classifier: 0.0995 loss_box_reg: 0.1620 loss_reid: 78.7168 loss_objectness: 0.0489 loss_rpn_box_reg: 0.0258
epoch 2 [ 1400/2852] lr: 1.50e-03 loss: 79.0215 loss_classifier: 0.1001 loss_box_reg: 0.1628 loss_reid: 78.6840 loss_objectness: 0.0487 loss_rpn_box_reg: 0.0259
epoch 2 [ 1500/2852] lr: 1.50e-03 loss: 79.0974 loss_classifier: 0.1003 loss_box_reg: 0.1636 loss_reid: 78.7590 loss_objectness: 0.0487 loss_rpn_box_reg: 0.0259
epoch 2 [ 1600/2852] lr: 1.50e-03 loss: 78.5921 loss_classifier: 0.0999 loss_box_reg: 0.1636 loss_reid: 78.2543 loss_objectness: 0.0484 loss_rpn_box_reg: 0.0259
epoch 2 [ 1700/2852] lr: 1.50e-03 loss: 78.4659 loss_classifier: 0.0997 loss_box_reg: 0.1630 loss_reid: 78.1292 loss_objectness: 0.0482 loss_rpn_box_reg: 0.0258
epoch 2 [ 1800/2852] lr: 1.50e-03 loss: 78.3410 loss_classifier: 0.0996 loss_box_reg: 0.1628 loss_reid: 78.0050 loss_objectness: 0.0480 loss_rpn_box_reg: 0.0256
epoch 2 [ 1900/2852] lr: 1.50e-03 loss: 77.9950 loss_classifier: 0.0995 loss_box_reg: 0.1629 loss_reid: 77.6594 loss_objectness: 0.0477 loss_rpn_box_reg: 0.0256
epoch 2 [ 2000/2852] lr: 1.50e-03 loss: 77.8548 loss_classifier: 0.0992 loss_box_reg: 0.1626 loss_reid: 77.5199 loss_objectness: 0.0476 loss_rpn_box_reg: 0.0255
epoch 2 [ 2100/2852] lr: 1.50e-03 loss: 77.8404 loss_classifier: 0.0988 loss_box_reg: 0.1621 loss_reid: 77.5071 loss_objectness: 0.0471 loss_rpn_box_reg: 0.0253
epoch 2 [ 2200/2852] lr: 1.50e-03 loss: 77.5358 loss_classifier: 0.0987 loss_box_reg: 0.1623 loss_reid: 77.2026 loss_objectness: 0.0470 loss_rpn_box_reg: 0.0253
epoch 2 [ 2300/2852] lr: 1.50e-03 loss: 77.3480 loss_classifier: 0.0984 loss_box_reg: 0.1622 loss_reid: 77.0155 loss_objectness: 0.0468 loss_rpn_box_reg: 0.0252
epoch 2 [ 2400/2852] lr: 1.50e-03 loss: 77.1738 loss_classifier: 0.0980 loss_box_reg: 0.1618 loss_reid: 76.8423 loss_objectness: 0.0466 loss_rpn_box_reg: 0.0251
epoch 2 [ 2500/2852] lr: 1.50e-03 loss: 76.9955 loss_classifier: 0.0977 loss_box_reg: 0.1614 loss_reid: 76.6651 loss_objectness: 0.0463 loss_rpn_box_reg: 0.0251
epoch 2 [ 2600/2852] lr: 1.50e-03 loss: 76.7689 loss_classifier: 0.0976 loss_box_reg: 0.1613 loss_reid: 76.4389 loss_objectness: 0.0461 loss_rpn_box_reg: 0.0250
epoch 2 [ 2700/2852] lr: 1.50e-03 loss: 76.5279 loss_classifier: 0.0975 loss_box_reg: 0.1614 loss_reid: 76.1981 loss_objectness: 0.0460 loss_rpn_box_reg: 0.0249
epoch 2 [ 2800/2852] lr: 1.50e-03 loss: 76.4514 loss_classifier: 0.0973 loss_box_reg: 0.1613 loss_reid: 76.1221 loss_objectness: 0.0458 loss_rpn_box_reg: 0.0248
epoch 2 done in 19.7 min
epoch 3 [    0/2852] lr: 1.50e-03 loss: 78.0743 loss_classifier: 0.1028 loss_box_reg: 0.1776 loss_reid: 77.7218 loss_objectness: 0.0387 loss_rpn_box_reg: 0.0334
epoch 3 [  100/2852] lr: 1.50e-03 loss: 67.2309 loss_classifier: 0.0910 loss_box_reg: 0.1453 loss_reid: 66.9348 loss_objectness: 0.0390 loss_rpn_box_reg: 0.0209
epoch 3 [  200/2852] lr: 1.50e-03 loss: 67.0781 loss_classifier: 0.0874 loss_box_reg: 0.1436 loss_reid: 66.7840 loss_objectness: 0.0414 loss_rpn_box_reg: 0.0216
epoch 3 [  300/2852] lr: 1.50e-03 loss: 65.7328 loss_classifier: 0.0885 loss_box_reg: 0.1477 loss_reid: 65.4323 loss_objectness: 0.0421 loss_rpn_box_reg: 0.0222
epoch 3 [  400/2852] lr: 1.50e-03 loss: 64.5625 loss_classifier: 0.0902 loss_box_reg: 0.1517 loss_reid: 64.2559 loss_objectness: 0.0421 loss_rpn_box_reg: 0.0226
epoch 3 [  500/2852] lr: 1.50e-03 loss: 64.6044 loss_classifier: 0.0896 loss_box_reg: 0.1496 loss_reid: 64.3021 loss_objectness: 0.0410 loss_rpn_box_reg: 0.0221
epoch 3 [  600/2852] lr: 1.50e-03 loss: 65.0104 loss_classifier: 0.0908 loss_box_reg: 0.1527 loss_reid: 64.7032 loss_objectness: 0.0414 loss_rpn_box_reg: 0.0223
epoch 3 [  700/2852] lr: 1.50e-03 loss: 64.5039 loss_classifier: 0.0912 loss_box_reg: 0.1531 loss_reid: 64.1957 loss_objectness: 0.0415 loss_rpn_box_reg: 0.0224
epoch 3 [  800/2852] lr: 1.50e-03 loss: 64.6021 loss_classifier: 0.0903 loss_box_reg: 0.1516 loss_reid: 64.2968 loss_objectness: 0.0412 loss_rpn_box_reg: 0.0221
epoch 3 [  900/2852] lr: 1.50e-03 loss: 64.3426 loss_classifier: 0.0904 loss_box_reg: 0.1521 loss_reid: 64.0368 loss_objectness: 0.0413 loss_rpn_box_reg: 0.0220
epoch 3 [ 1000/2852] lr: 1.50e-03 loss: 63.7796 loss_classifier: 0.0904 loss_box_reg: 0.1523 loss_reid: 63.4738 loss_objectness: 0.0410 loss_rpn_box_reg: 0.0221
epoch 3 [ 1100/2852] lr: 1.50e-03 loss: 63.8014 loss_classifier: 0.0902 loss_box_reg: 0.1522 loss_reid: 63.4962 loss_objectness: 0.0409 loss_rpn_box_reg: 0.0220
epoch 3 [ 1200/2852] lr: 1.50e-03 loss: 63.5990 loss_classifier: 0.0894 loss_box_reg: 0.1510 loss_reid: 63.2962 loss_objectness: 0.0406 loss_rpn_box_reg: 0.0219
epoch 3 [ 1300/2852] lr: 1.50e-03 loss: 63.3650 loss_classifier: 0.0890 loss_box_reg: 0.1506 loss_reid: 63.0629 loss_objectness: 0.0406 loss_rpn_box_reg: 0.0218
epoch 3 [ 1400/2852] lr: 1.50e-03 loss: 63.2510 loss_classifier: 0.0888 loss_box_reg: 0.1504 loss_reid: 62.9495 loss_objectness: 0.0406 loss_rpn_box_reg: 0.0217
epoch 3 [ 1500/2852] lr: 1.50e-03 loss: 62.9976 loss_classifier: 0.0885 loss_box_reg: 0.1495 loss_reid: 62.6978 loss_objectness: 0.0403 loss_rpn_box_reg: 0.0215
epoch 3 [ 1600/2852] lr: 1.50e-03 loss: 63.0790 loss_classifier: 0.0886 loss_box_reg: 0.1498 loss_reid: 62.7787 loss_objectness: 0.0404 loss_rpn_box_reg: 0.0215
epoch 3 [ 1700/2852] lr: 1.50e-03 loss: 62.9708 loss_classifier: 0.0885 loss_box_reg: 0.1498 loss_reid: 62.6706 loss_objectness: 0.0405 loss_rpn_box_reg: 0.0215
epoch 3 [ 1800/2852] lr: 1.50e-03 loss: 62.8329 loss_classifier: 0.0884 loss_box_reg: 0.1497 loss_reid: 62.5332 loss_objectness: 0.0403 loss_rpn_box_reg: 0.0214
epoch 3 [ 1900/2852] lr: 1.50e-03 loss: 62.6918 loss_classifier: 0.0881 loss_box_reg: 0.1495 loss_reid: 62.3927 loss_objectness: 0.0402 loss_rpn_box_reg: 0.0213
epoch 3 [ 2000/2852] lr: 1.50e-03 loss: 62.6380 loss_classifier: 0.0879 loss_box_reg: 0.1491 loss_reid: 62.3395 loss_objectness: 0.0403 loss_rpn_box_reg: 0.0212
epoch 3 [ 2100/2852] lr: 1.50e-03 loss: 62.6908 loss_classifier: 0.0879 loss_box_reg: 0.1493 loss_reid: 62.3922 loss_objectness: 0.0402 loss_rpn_box_reg: 0.0212
epoch 3 [ 2200/2852] lr: 1.50e-03 loss: 62.7132 loss_classifier: 0.0877 loss_box_reg: 0.1489 loss_reid: 62.4154 loss_objectness: 0.0401 loss_rpn_box_reg: 0.0211
epoch 3 [ 2300/2852] lr: 1.50e-03 loss: 62.5979 loss_classifier: 0.0877 loss_box_reg: 0.1489 loss_reid: 62.3001 loss_objectness: 0.0400 loss_rpn_box_reg: 0.0211
epoch 3 [ 2400/2852] lr: 1.50e-03 loss: 62.4732 loss_classifier: 0.0874 loss_box_reg: 0.1484 loss_reid: 62.1765 loss_objectness: 0.0399 loss_rpn_box_reg: 0.0210
epoch 3 [ 2500/2852] lr: 1.50e-03 loss: 62.2496 loss_classifier: 0.0874 loss_box_reg: 0.1486 loss_reid: 61.9526 loss_objectness: 0.0400 loss_rpn_box_reg: 0.0210
epoch 3 [ 2600/2852] lr: 1.50e-03 loss: 62.2437 loss_classifier: 0.0875 loss_box_reg: 0.1487 loss_reid: 61.9465 loss_objectness: 0.0400 loss_rpn_box_reg: 0.0210
epoch 3 [ 2700/2852] lr: 1.50e-03 loss: 62.0329 loss_classifier: 0.0873 loss_box_reg: 0.1486 loss_reid: 61.7362 loss_objectness: 0.0398 loss_rpn_box_reg: 0.0210
epoch 3 [ 2800/2852] lr: 1.50e-03 loss: 61.9169 loss_classifier: 0.0872 loss_box_reg: 0.1485 loss_reid: 61.6205 loss_objectness: 0.0398 loss_rpn_box_reg: 0.0209
epoch 3 done in 19.8 min
epoch 4 [    0/2852] lr: 1.50e-03 loss: 36.6315 loss_classifier: 0.1402 loss_box_reg: 0.2493 loss_reid: 36.1587 loss_objectness: 0.0562 loss_rpn_box_reg: 0.0272
epoch 4 [  100/2852] lr: 1.50e-03 loss: 50.8913 loss_classifier: 0.0891 loss_box_reg: 0.1489 loss_reid: 50.5936 loss_objectness: 0.0400 loss_rpn_box_reg: 0.0197
epoch 4 [  200/2852] lr: 1.50e-03 loss: 52.7945 loss_classifier: 0.0855 loss_box_reg: 0.1447 loss_reid: 52.5074 loss_objectness: 0.0374 loss_rpn_box_reg: 0.0195
epoch 4 [  300/2852] lr: 1.50e-03 loss: 52.1028 loss_classifier: 0.0847 loss_box_reg: 0.1428 loss_reid: 51.8201 loss_objectness: 0.0362 loss_rpn_box_reg: 0.0190
epoch 4 [  400/2852] lr: 1.50e-03 loss: 51.6449 loss_classifier: 0.0852 loss_box_reg: 0.1447 loss_reid: 51.3602 loss_objectness: 0.0360 loss_rpn_box_reg: 0.0188
epoch 4 [  500/2852] lr: 1.50e-03 loss: 52.3775 loss_classifier: 0.0856 loss_box_reg: 0.1457 loss_reid: 52.0898 loss_objectness: 0.0374 loss_rpn_box_reg: 0.0190
epoch 4 [  600/2852] lr: 1.50e-03 loss: 52.2974 loss_classifier: 0.0866 loss_box_reg: 0.1471 loss_reid: 52.0068 loss_objectness: 0.0376 loss_rpn_box_reg: 0.0192
epoch 4 [  700/2852] lr: 1.50e-03 loss: 52.8065 loss_classifier: 0.0860 loss_box_reg: 0.1459 loss_reid: 52.5182 loss_objectness: 0.0374 loss_rpn_box_reg: 0.0190
epoch 4 [  800/2852] lr: 1.50e-03 loss: 52.4918 loss_classifier: 0.0858 loss_box_reg: 0.1461 loss_reid: 52.2037 loss_objectness: 0.0374 loss_rpn_box_reg: 0.0189
epoch 4 [  900/2852] lr: 1.50e-03 loss: 52.4462 loss_classifier: 0.0854 loss_box_reg: 0.1458 loss_reid: 52.1591 loss_objectness: 0.0372 loss_rpn_box_reg: 0.0188
epoch 4 [ 1000/2852] lr: 1.50e-03 loss: 52.4653 loss_classifier: 0.0854 loss_box_reg: 0.1458 loss_reid: 52.1783 loss_objectness: 0.0370 loss_rpn_box_reg: 0.0188
epoch 4 [ 1100/2852] lr: 1.50e-03 loss: 52.9536 loss_classifier: 0.0852 loss_box_reg: 0.1450 loss_reid: 52.6675 loss_objectness: 0.0371 loss_rpn_box_reg: 0.0188
epoch 4 [ 1200/2852] lr: 1.50e-03 loss: 52.8281 loss_classifier: 0.0855 loss_box_reg: 0.1460 loss_reid: 52.5408 loss_objectness: 0.0369 loss_rpn_box_reg: 0.0189
epoch 4 [ 1300/2852] lr: 1.50e-03 loss: 52.7138 loss_classifier: 0.0855 loss_box_reg: 0.1458 loss_reid: 52.4271 loss_objectness: 0.0366 loss_rpn_box_reg: 0.0188
epoch 4 [ 1400/2852] lr: 1.50e-03 loss: 52.8333 loss_classifier: 0.0853 loss_box_reg: 0.1454 loss_reid: 52.5473 loss_objectness: 0.0366 loss_rpn_box_reg: 0.0187
epoch 4 [ 1500/2852] lr: 1.50e-03 loss: 52.5319 loss_classifier: 0.0850 loss_box_reg: 0.1449 loss_reid: 52.2467 loss_objectness: 0.0367 loss_rpn_box_reg: 0.0187
epoch 4 [ 1600/2852] lr: 1.50e-03 loss: 52.6045 loss_classifier: 0.0848 loss_box_reg: 0.1447 loss_reid: 52.3196 loss_objectness: 0.0367 loss_rpn_box_reg: 0.0186
epoch 4 [ 1700/2852] lr: 1.50e-03 loss: 52.4910 loss_classifier: 0.0846 loss_box_reg: 0.1445 loss_reid: 52.2066 loss_objectness: 0.0366 loss_rpn_box_reg: 0.0187
epoch 4 [ 1800/2852] lr: 1.50e-03 loss: 52.3871 loss_classifier: 0.0843 loss_box_reg: 0.1443 loss_reid: 52.1033 loss_objectness: 0.0365 loss_rpn_box_reg: 0.0187
epoch 4 [ 1900/2852] lr: 1.50e-03 loss: 52.2173 loss_classifier: 0.0840 loss_box_reg: 0.1440 loss_reid: 51.9343 loss_objectness: 0.0364 loss_rpn_box_reg: 0.0186
epoch 4 [ 2000/2852] lr: 1.50e-03 loss: 52.1107 loss_classifier: 0.0838 loss_box_reg: 0.1438 loss_reid: 51.8281 loss_objectness: 0.0364 loss_rpn_box_reg: 0.0186
epoch 4 [ 2100/2852] lr: 1.50e-03 loss: 52.1506 loss_classifier: 0.0836 loss_box_reg: 0.1434 loss_reid: 51.8688 loss_objectness: 0.0363 loss_rpn_box_reg: 0.0185
epoch 4 [ 2200/2852] lr: 1.50e-03 loss: 52.0208 loss_classifier: 0.0833 loss_box_reg: 0.1428 loss_reid: 51.7400 loss_objectness: 0.0361 loss_rpn_box_reg: 0.0185
epoch 4 [ 2300/2852] lr: 1.50e-03 loss: 52.0768 loss_classifier: 0.0831 loss_box_reg: 0.1423 loss_reid: 51.7969 loss_objectness: 0.0361 loss_rpn_box_reg: 0.0185
epoch 4 [ 2400/2852] lr: 1.50e-03 loss: 51.9019 loss_classifier: 0.0831 loss_box_reg: 0.1422 loss_reid: 51.6221 loss_objectness: 0.0360 loss_rpn_box_reg: 0.0184
epoch 4 [ 2500/2852] lr: 1.50e-03 loss: 51.9034 loss_classifier: 0.0829 loss_box_reg: 0.1417 loss_reid: 51.6245 loss_objectness: 0.0359 loss_rpn_box_reg: 0.0184
epoch 4 [ 2600/2852] lr: 1.50e-03 loss: 51.7774 loss_classifier: 0.0826 loss_box_reg: 0.1411 loss_reid: 51.4995 loss_objectness: 0.0358 loss_rpn_box_reg: 0.0183
epoch 4 [ 2700/2852] lr: 1.50e-03 loss: 51.5977 loss_classifier: 0.0825 loss_box_reg: 0.1410 loss_reid: 51.3200 loss_objectness: 0.0358 loss_rpn_box_reg: 0.0183
epoch 4 [ 2800/2852] lr: 1.50e-03 loss: 51.4698 loss_classifier: 0.0825 loss_box_reg: 0.1408 loss_reid: 51.1926 loss_objectness: 0.0357 loss_rpn_box_reg: 0.0183
epoch 4 done in 19.8 min
epoch 5 [    0/2852] lr: 1.50e-03 loss: 36.1385 loss_classifier: 0.0584 loss_box_reg: 0.1125 loss_reid: 35.9174 loss_objectness: 0.0385 loss_rpn_box_reg: 0.0117
epoch 5 [  100/2852] lr: 1.50e-03 loss: 41.6707 loss_classifier: 0.0811 loss_box_reg: 0.1349 loss_reid: 41.4047 loss_objectness: 0.0331 loss_rpn_box_reg: 0.0168
epoch 5 [  200/2852] lr: 1.50e-03 loss: 43.9306 loss_classifier: 0.0823 loss_box_reg: 0.1366 loss_reid: 43.6620 loss_objectness: 0.0324 loss_rpn_box_reg: 0.0173
epoch 5 [  300/2852] lr: 1.50e-03 loss: 43.5554 loss_classifier: 0.0812 loss_box_reg: 0.1362 loss_reid: 43.2888 loss_objectness: 0.0322 loss_rpn_box_reg: 0.0170
epoch 5 [  400/2852] lr: 1.50e-03 loss: 43.8622 loss_classifier: 0.0816 loss_box_reg: 0.1370 loss_reid: 43.5936 loss_objectness: 0.0329 loss_rpn_box_reg: 0.0171
epoch 5 [  500/2852] lr: 1.50e-03 loss: 43.3867 loss_classifier: 0.0808 loss_box_reg: 0.1360 loss_reid: 43.1199 loss_objectness: 0.0330 loss_rpn_box_reg: 0.0170
epoch 5 [  600/2852] lr: 1.50e-03 loss: 43.2433 loss_classifier: 0.0802 loss_box_reg: 0.1350 loss_reid: 42.9783 loss_objectness: 0.0329 loss_rpn_box_reg: 0.0169
epoch 5 [  700/2852] lr: 1.50e-03 loss: 43.3051 loss_classifier: 0.0802 loss_box_reg: 0.1350 loss_reid: 43.0398 loss_objectness: 0.0331 loss_rpn_box_reg: 0.0170
epoch 5 [  800/2852] lr: 1.50e-03 loss: 44.2941 loss_classifier: 0.0798 loss_box_reg: 0.1342 loss_reid: 44.0299 loss_objectness: 0.0332 loss_rpn_box_reg: 0.0170
epoch 5 [  900/2852] lr: 1.50e-03 loss: 44.1906 loss_classifier: 0.0799 loss_box_reg: 0.1357 loss_reid: 43.9249 loss_objectness: 0.0330 loss_rpn_box_reg: 0.0170
epoch 5 [ 1000/2852] lr: 1.50e-03 loss: 44.4515 loss_classifier: 0.0796 loss_box_reg: 0.1349 loss_reid: 44.1875 loss_objectness: 0.0326 loss_rpn_box_reg: 0.0169
epoch 5 [ 1100/2852] lr: 1.50e-03 loss: 44.5627 loss_classifier: 0.0796 loss_box_reg: 0.1351 loss_reid: 44.2987 loss_objectness: 0.0323 loss_rpn_box_reg: 0.0169
epoch 5 [ 1200/2852] lr: 1.50e-03 loss: 44.5551 loss_classifier: 0.0794 loss_box_reg: 0.1346 loss_reid: 44.2919 loss_objectness: 0.0322 loss_rpn_box_reg: 0.0170
epoch 5 [ 1300/2852] lr: 1.50e-03 loss: 44.5939 loss_classifier: 0.0796 loss_box_reg: 0.1347 loss_reid: 44.3304 loss_objectness: 0.0321 loss_rpn_box_reg: 0.0169
epoch 5 [ 1400/2852] lr: 1.50e-03 loss: 44.3663 loss_classifier: 0.0796 loss_box_reg: 0.1352 loss_reid: 44.1024 loss_objectness: 0.0321 loss_rpn_box_reg: 0.0170
epoch 5 [ 1500/2852] lr: 1.50e-03 loss: 44.1895 loss_classifier: 0.0794 loss_box_reg: 0.1348 loss_reid: 43.9262 loss_objectness: 0.0322 loss_rpn_box_reg: 0.0170
epoch 5 [ 1600/2852] lr: 1.50e-03 loss: 44.2124 loss_classifier: 0.0792 loss_box_reg: 0.1346 loss_reid: 43.9499 loss_objectness: 0.0319 loss_rpn_box_reg: 0.0168
epoch 5 [ 1700/2852] lr: 1.50e-03 loss: 44.2848 loss_classifier: 0.0789 loss_box_reg: 0.1338 loss_reid: 44.0233 loss_objectness: 0.0319 loss_rpn_box_reg: 0.0168
epoch 5 [ 1800/2852] lr: 1.50e-03 loss: 44.3665 loss_classifier: 0.0789 loss_box_reg: 0.1336 loss_reid: 44.1054 loss_objectness: 0.0318 loss_rpn_box_reg: 0.0168
epoch 5 [ 1900/2852] lr: 1.50e-03 loss: 44.2776 loss_classifier: 0.0788 loss_box_reg: 0.1334 loss_reid: 44.0169 loss_objectness: 0.0318 loss_rpn_box_reg: 0.0167
epoch 5 [ 2000/2852] lr: 1.50e-03 loss: 44.2423 loss_classifier: 0.0788 loss_box_reg: 0.1334 loss_reid: 43.9817 loss_objectness: 0.0317 loss_rpn_box_reg: 0.0167
epoch 5 [ 2100/2852] lr: 1.50e-03 loss: 44.1680 loss_classifier: 0.0790 loss_box_reg: 0.1337 loss_reid: 43.9068 loss_objectness: 0.0318 loss_rpn_box_reg: 0.0167
epoch 5 [ 2200/2852] lr: 1.50e-03 loss: 43.8890 loss_classifier: 0.0789 loss_box_reg: 0.1336 loss_reid: 43.6281 loss_objectness: 0.0317 loss_rpn_box_reg: 0.0167
epoch 5 [ 2300/2852] lr: 1.50e-03 loss: 43.7844 loss_classifier: 0.0789 loss_box_reg: 0.1336 loss_reid: 43.5236 loss_objectness: 0.0316 loss_rpn_box_reg: 0.0167
epoch 5 [ 2400/2852] lr: 1.50e-03 loss: 43.7943 loss_classifier: 0.0790 loss_box_reg: 0.1336 loss_reid: 43.5334 loss_objectness: 0.0317 loss_rpn_box_reg: 0.0167
epoch 5 [ 2500/2852] lr: 1.50e-03 loss: 43.8043 loss_classifier: 0.0789 loss_box_reg: 0.1334 loss_reid: 43.5437 loss_objectness: 0.0317 loss_rpn_box_reg: 0.0167
epoch 5 [ 2600/2852] lr: 1.50e-03 loss: 43.8965 loss_classifier: 0.0788 loss_box_reg: 0.1332 loss_reid: 43.6363 loss_objectness: 0.0316 loss_rpn_box_reg: 0.0166
epoch 5 [ 2700/2852] lr: 1.50e-03 loss: 43.8487 loss_classifier: 0.0789 loss_box_reg: 0.1333 loss_reid: 43.5883 loss_objectness: 0.0316 loss_rpn_box_reg: 0.0166
epoch 5 [ 2800/2852] lr: 1.50e-03 loss: 43.8139 loss_classifier: 0.0789 loss_box_reg: 0.1332 loss_reid: 43.5536 loss_objectness: 0.0315 loss_rpn_box_reg: 0.0166
epoch 5 done in 19.7 min
epoch 6 [    0/2852] lr: 1.50e-03 loss: 22.5956 loss_classifier: 0.0472 loss_box_reg: 0.0880 loss_reid: 22.3986 loss_objectness: 0.0522 loss_rpn_box_reg: 0.0097
epoch 6 [  100/2852] lr: 1.50e-03 loss: 35.5464 loss_classifier: 0.0798 loss_box_reg: 0.1324 loss_reid: 35.2892 loss_objectness: 0.0294 loss_rpn_box_reg: 0.0157
epoch 6 [  200/2852] lr: 1.50e-03 loss: 35.0851 loss_classifier: 0.0814 loss_box_reg: 0.1388 loss_reid: 34.8184 loss_objectness: 0.0306 loss_rpn_box_reg: 0.0159
epoch 6 [  300/2852] lr: 1.50e-03 loss: 35.8856 loss_classifier: 0.0799 loss_box_reg: 0.1357 loss_reid: 35.6247 loss_objectness: 0.0297 loss_rpn_box_reg: 0.0156
epoch 6 [  400/2852] lr: 1.50e-03 loss: 36.6650 loss_classifier: 0.0806 loss_box_reg: 0.1361 loss_reid: 36.4036 loss_objectness: 0.0291 loss_rpn_box_reg: 0.0156
epoch 6 [  500/2852] lr: 1.50e-03 loss: 37.2529 loss_classifier: 0.0805 loss_box_reg: 0.1360 loss_reid: 36.9909 loss_objectness: 0.0295 loss_rpn_box_reg: 0.0160
epoch 6 [  600/2852] lr: 1.50e-03 loss: 37.2369 loss_classifier: 0.0807 loss_box_reg: 0.1362 loss_reid: 36.9746 loss_objectness: 0.0293 loss_rpn_box_reg: 0.0161
epoch 6 [  700/2852] lr: 1.50e-03 loss: 37.5671 loss_classifier: 0.0805 loss_box_reg: 0.1359 loss_reid: 37.3055 loss_objectness: 0.0292 loss_rpn_box_reg: 0.0160
epoch 6 [  800/2852] lr: 1.50e-03 loss: 37.7972 loss_classifier: 0.0799 loss_box_reg: 0.1343 loss_reid: 37.5379 loss_objectness: 0.0291 loss_rpn_box_reg: 0.0160
epoch 6 [  900/2852] lr: 1.50e-03 loss: 38.0167 loss_classifier: 0.0797 loss_box_reg: 0.1342 loss_reid: 37.7580 loss_objectness: 0.0290 loss_rpn_box_reg: 0.0159
epoch 6 [ 1000/2852] lr: 1.50e-03 loss: 38.0212 loss_classifier: 0.0795 loss_box_reg: 0.1338 loss_reid: 37.7631 loss_objectness: 0.0290 loss_rpn_box_reg: 0.0159
epoch 6 [ 1100/2852] lr: 1.50e-03 loss: 38.0289 loss_classifier: 0.0793 loss_box_reg: 0.1331 loss_reid: 37.7715 loss_objectness: 0.0290 loss_rpn_box_reg: 0.0159
epoch 6 [ 1200/2852] lr: 1.50e-03 loss: 37.8181 loss_classifier: 0.0791 loss_box_reg: 0.1324 loss_reid: 37.5617 loss_objectness: 0.0291 loss_rpn_box_reg: 0.0159
epoch 6 [ 1300/2852] lr: 1.50e-03 loss: 37.3474 loss_classifier: 0.0787 loss_box_reg: 0.1320 loss_reid: 37.0918 loss_objectness: 0.0291 loss_rpn_box_reg: 0.0158
epoch 6 [ 1400/2852] lr: 1.50e-03 loss: 37.1972 loss_classifier: 0.0785 loss_box_reg: 0.1318 loss_reid: 36.9421 loss_objectness: 0.0290 loss_rpn_box_reg: 0.0159
epoch 6 [ 1500/2852] lr: 1.50e-03 loss: 37.2672 loss_classifier: 0.0788 loss_box_reg: 0.1322 loss_reid: 37.0113 loss_objectness: 0.0290 loss_rpn_box_reg: 0.0159
epoch 6 [ 1600/2852] lr: 1.50e-03 loss: 37.4402 loss_classifier: 0.0787 loss_box_reg: 0.1315 loss_reid: 37.1853 loss_objectness: 0.0288 loss_rpn_box_reg: 0.0159
epoch 6 [ 1700/2852] lr: 1.50e-03 loss: 37.5948 loss_classifier: 0.0788 loss_box_reg: 0.1316 loss_reid: 37.3399 loss_objectness: 0.0288 loss_rpn_box_reg: 0.0158
epoch 6 [ 1800/2852] lr: 1.50e-03 loss: 37.5851 loss_classifier: 0.0788 loss_box_reg: 0.1313 loss_reid: 37.3305 loss_objectness: 0.0287 loss_rpn_box_reg: 0.0158
epoch 6 [ 1900/2852] lr: 1.50e-03 loss: 37.6382 loss_classifier: 0.0785 loss_box_reg: 0.1311 loss_reid: 37.3842 loss_objectness: 0.0286 loss_rpn_box_reg: 0.0158
epoch 6 [ 2000/2852] lr: 1.50e-03 loss: 37.6399 loss_classifier: 0.0786 loss_box_reg: 0.1314 loss_reid: 37.3855 loss_objectness: 0.0286 loss_rpn_box_reg: 0.0158
epoch 6 [ 2100/2852] lr: 1.50e-03 loss: 37.6426 loss_classifier: 0.0785 loss_box_reg: 0.1313 loss_reid: 37.3885 loss_objectness: 0.0286 loss_rpn_box_reg: 0.0158
epoch 6 [ 2200/2852] lr: 1.50e-03 loss: 37.5818 loss_classifier: 0.0782 loss_box_reg: 0.1309 loss_reid: 37.3284 loss_objectness: 0.0286 loss_rpn_box_reg: 0.0158
epoch 6 [ 2300/2852] lr: 1.50e-03 loss: 37.5415 loss_classifier: 0.0782 loss_box_reg: 0.1307 loss_reid: 37.2884 loss_objectness: 0.0285 loss_rpn_box_reg: 0.0158
epoch 6 [ 2400/2852] lr: 1.50e-03 loss: 37.5442 loss_classifier: 0.0781 loss_box_reg: 0.1306 loss_reid: 37.2914 loss_objectness: 0.0284 loss_rpn_box_reg: 0.0158
epoch 6 [ 2500/2852] lr: 1.50e-03 loss: 37.5099 loss_classifier: 0.0782 loss_box_reg: 0.1307 loss_reid: 37.2570 loss_objectness: 0.0283 loss_rpn_box_reg: 0.0157
epoch 6 [ 2600/2852] lr: 1.50e-03 loss: 37.5195 loss_classifier: 0.0781 loss_box_reg: 0.1306 loss_reid: 37.2668 loss_objectness: 0.0283 loss_rpn_box_reg: 0.0157
epoch 6 [ 2700/2852] lr: 1.50e-03 loss: 37.4918 loss_classifier: 0.0781 loss_box_reg: 0.1304 loss_reid: 37.2392 loss_objectness: 0.0283 loss_rpn_box_reg: 0.0157
epoch 6 [ 2800/2852] lr: 1.50e-03 loss: 37.5517 loss_classifier: 0.0781 loss_box_reg: 0.1302 loss_reid: 37.2995 loss_objectness: 0.0282 loss_rpn_box_reg: 0.0157
epoch 6 done in 19.6 min
epoch 7 [    0/2852] lr: 1.50e-03 loss: 17.0796 loss_classifier: 0.0445 loss_box_reg: 0.0795 loss_reid: 16.9143 loss_objectness: 0.0293 loss_rpn_box_reg: 0.0120
epoch 7 [  100/2852] lr: 1.50e-03 loss: 30.8396 loss_classifier: 0.0800 loss_box_reg: 0.1328 loss_reid: 30.5844 loss_objectness: 0.0274 loss_rpn_box_reg: 0.0151
epoch 7 [  200/2852] lr: 1.50e-03 loss: 31.2680 loss_classifier: 0.0769 loss_box_reg: 0.1283 loss_reid: 31.0212 loss_objectness: 0.0268 loss_rpn_box_reg: 0.0148
epoch 7 [  300/2852] lr: 1.50e-03 loss: 31.6746 loss_classifier: 0.0772 loss_box_reg: 0.1258 loss_reid: 31.4307 loss_objectness: 0.0263 loss_rpn_box_reg: 0.0146
epoch 7 [  400/2852] lr: 1.50e-03 loss: 32.1121 loss_classifier: 0.0772 loss_box_reg: 0.1256 loss_reid: 31.8675 loss_objectness: 0.0269 loss_rpn_box_reg: 0.0149
epoch 7 [  500/2852] lr: 1.50e-03 loss: 31.6641 loss_classifier: 0.0778 loss_box_reg: 0.1274 loss_reid: 31.4172 loss_objectness: 0.0268 loss_rpn_box_reg: 0.0149
epoch 7 [  600/2852] lr: 1.50e-03 loss: 31.7317 loss_classifier: 0.0778 loss_box_reg: 0.1274 loss_reid: 31.4847 loss_objectness: 0.0269 loss_rpn_box_reg: 0.0150
epoch 7 [  700/2852] lr: 1.50e-03 loss: 31.5944 loss_classifier: 0.0782 loss_box_reg: 0.1279 loss_reid: 31.3462 loss_objectness: 0.0270 loss_rpn_box_reg: 0.0151
epoch 7 [  800/2852] lr: 1.50e-03 loss: 31.4071 loss_classifier: 0.0792 loss_box_reg: 0.1295 loss_reid: 31.1556 loss_objectness: 0.0274 loss_rpn_box_reg: 0.0153
epoch 7 [  900/2852] lr: 1.50e-03 loss: 30.9007 loss_classifier: 0.0790 loss_box_reg: 0.1294 loss_reid: 30.6498 loss_objectness: 0.0272 loss_rpn_box_reg: 0.0154
epoch 7 [ 1000/2852] lr: 1.50e-03 loss: 30.8954 loss_classifier: 0.0788 loss_box_reg: 0.1291 loss_reid: 30.6453 loss_objectness: 0.0269 loss_rpn_box_reg: 0.0153
epoch 7 [ 1100/2852] lr: 1.50e-03 loss: 31.0731 loss_classifier: 0.0787 loss_box_reg: 0.1289 loss_reid: 30.8234 loss_objectness: 0.0268 loss_rpn_box_reg: 0.0153
epoch 7 [ 1200/2852] lr: 1.50e-03 loss: 31.0621 loss_classifier: 0.0790 loss_box_reg: 0.1295 loss_reid: 30.8113 loss_objectness: 0.0269 loss_rpn_box_reg: 0.0154
epoch 7 [ 1300/2852] lr: 1.50e-03 loss: 31.4349 loss_classifier: 0.0791 loss_box_reg: 0.1294 loss_reid: 31.1842 loss_objectness: 0.0269 loss_rpn_box_reg: 0.0154
epoch 7 [ 1400/2852] lr: 1.50e-03 loss: 31.5821 loss_classifier: 0.0791 loss_box_reg: 0.1296 loss_reid: 31.3312 loss_objectness: 0.0268 loss_rpn_box_reg: 0.0154
epoch 7 [ 1500/2852] lr: 1.50e-03 loss: 31.5367 loss_classifier: 0.0788 loss_box_reg: 0.1292 loss_reid: 31.2868 loss_objectness: 0.0266 loss_rpn_box_reg: 0.0153
epoch 7 [ 1600/2852] lr: 1.50e-03 loss: 31.4307 loss_classifier: 0.0788 loss_box_reg: 0.1292 loss_reid: 31.1809 loss_objectness: 0.0265 loss_rpn_box_reg: 0.0154
epoch 7 [ 1700/2852] lr: 1.50e-03 loss: 31.5770 loss_classifier: 0.0783 loss_box_reg: 0.1283 loss_reid: 31.3289 loss_objectness: 0.0263 loss_rpn_box_reg: 0.0152
epoch 7 [ 1800/2852] lr: 1.50e-03 loss: 31.7423 loss_classifier: 0.0782 loss_box_reg: 0.1280 loss_reid: 31.4947 loss_objectness: 0.0262 loss_rpn_box_reg: 0.0152
epoch 7 [ 1900/2852] lr: 1.50e-03 loss: 31.7940 loss_classifier: 0.0785 loss_box_reg: 0.1285 loss_reid: 31.5455 loss_objectness: 0.0262 loss_rpn_box_reg: 0.0153
epoch 7 [ 2000/2852] lr: 1.50e-03 loss: 31.9713 loss_classifier: 0.0787 loss_box_reg: 0.1290 loss_reid: 31.7220 loss_objectness: 0.0262 loss_rpn_box_reg: 0.0153
epoch 7 [ 2100/2852] lr: 1.50e-03 loss: 32.1059 loss_classifier: 0.0787 loss_box_reg: 0.1287 loss_reid: 31.8572 loss_objectness: 0.0261 loss_rpn_box_reg: 0.0153
epoch 7 [ 2200/2852] lr: 1.50e-03 loss: 32.1226 loss_classifier: 0.0784 loss_box_reg: 0.1279 loss_reid: 31.8752 loss_objectness: 0.0259 loss_rpn_box_reg: 0.0152
epoch 7 [ 2300/2852] lr: 1.50e-03 loss: 31.9912 loss_classifier: 0.0783 loss_box_reg: 0.1279 loss_reid: 31.7439 loss_objectness: 0.0259 loss_rpn_box_reg: 0.0152
epoch 7 [ 2400/2852] lr: 1.50e-03 loss: 32.0140 loss_classifier: 0.0786 loss_box_reg: 0.1283 loss_reid: 31.7662 loss_objectness: 0.0258 loss_rpn_box_reg: 0.0152
epoch 7 [ 2500/2852] lr: 1.50e-03 loss: 32.1154 loss_classifier: 0.0786 loss_box_reg: 0.1284 loss_reid: 31.8676 loss_objectness: 0.0256 loss_rpn_box_reg: 0.0152
epoch 7 [ 2600/2852] lr: 1.50e-03 loss: 31.9815 loss_classifier: 0.0785 loss_box_reg: 0.1284 loss_reid: 31.7338 loss_objectness: 0.0256 loss_rpn_box_reg: 0.0152
epoch 7 [ 2700/2852] lr: 1.50e-03 loss: 31.9061 loss_classifier: 0.0785 loss_box_reg: 0.1283 loss_reid: 31.6586 loss_objectness: 0.0256 loss_rpn_box_reg: 0.0151
epoch 7 [ 2800/2852] lr: 1.50e-03 loss: 31.8363 loss_classifier: 0.0785 loss_box_reg: 0.1282 loss_reid: 31.5889 loss_objectness: 0.0255 loss_rpn_box_reg: 0.0151
epoch 7 done in 19.6 min
epoch 8 [    0/2852] lr: 1.50e-03 loss: 7.4706 loss_classifier: 0.1334 loss_box_reg: 0.1998 loss_reid: 7.0905 loss_objectness: 0.0303 loss_rpn_box_reg: 0.0165
epoch 8 [  100/2852] lr: 1.50e-03 loss: 27.4830 loss_classifier: 0.0796 loss_box_reg: 0.1296 loss_reid: 27.2369 loss_objectness: 0.0231 loss_rpn_box_reg: 0.0137
epoch 8 [  200/2852] lr: 1.50e-03 loss: 27.9178 loss_classifier: 0.0781 loss_box_reg: 0.1289 loss_reid: 27.6738 loss_objectness: 0.0234 loss_rpn_box_reg: 0.0136
epoch 8 [  300/2852] lr: 1.50e-03 loss: 27.3940 loss_classifier: 0.0784 loss_box_reg: 0.1300 loss_reid: 27.1475 loss_objectness: 0.0240 loss_rpn_box_reg: 0.0141
epoch 8 [  400/2852] lr: 1.50e-03 loss: 28.4748 loss_classifier: 0.0782 loss_box_reg: 0.1295 loss_reid: 28.2282 loss_objectness: 0.0245 loss_rpn_box_reg: 0.0144
epoch 8 [  500/2852] lr: 1.50e-03 loss: 28.6764 loss_classifier: 0.0782 loss_box_reg: 0.1293 loss_reid: 28.4297 loss_objectness: 0.0245 loss_rpn_box_reg: 0.0146
epoch 8 [  600/2852] lr: 1.50e-03 loss: 28.0420 loss_classifier: 0.0771 loss_box_reg: 0.1276 loss_reid: 27.7989 loss_objectness: 0.0239 loss_rpn_box_reg: 0.0145
epoch 8 [  700/2852] lr: 1.50e-03 loss: 28.5522 loss_classifier: 0.0772 loss_box_reg: 0.1276 loss_reid: 28.3086 loss_objectness: 0.0242 loss_rpn_box_reg: 0.0146
epoch 8 [  800/2852] lr: 1.50e-03 loss: 28.6921 loss_classifier: 0.0774 loss_box_reg: 0.1282 loss_reid: 28.4476 loss_objectness: 0.0243 loss_rpn_box_reg: 0.0146
epoch 8 [  900/2852] lr: 1.50e-03 loss: 28.9663 loss_classifier: 0.0769 loss_box_reg: 0.1279 loss_reid: 28.7226 loss_objectness: 0.0241 loss_rpn_box_reg: 0.0147
epoch 8 [ 1000/2852] lr: 1.50e-03 loss: 29.0215 loss_classifier: 0.0768 loss_box_reg: 0.1279 loss_reid: 28.7783 loss_objectness: 0.0239 loss_rpn_box_reg: 0.0146
epoch 8 [ 1100/2852] lr: 1.50e-03 loss: 28.9810 loss_classifier: 0.0773 loss_box_reg: 0.1283 loss_reid: 28.7367 loss_objectness: 0.0240 loss_rpn_box_reg: 0.0147
epoch 8 [ 1200/2852] lr: 1.50e-03 loss: 28.9283 loss_classifier: 0.0772 loss_box_reg: 0.1282 loss_reid: 28.6841 loss_objectness: 0.0240 loss_rpn_box_reg: 0.0148
epoch 8 [ 1300/2852] lr: 1.50e-03 loss: 28.9948 loss_classifier: 0.0774 loss_box_reg: 0.1284 loss_reid: 28.7504 loss_objectness: 0.0239 loss_rpn_box_reg: 0.0148
epoch 8 [ 1400/2852] lr: 1.50e-03 loss: 28.9111 loss_classifier: 0.0775 loss_box_reg: 0.1285 loss_reid: 28.6664 loss_objectness: 0.0239 loss_rpn_box_reg: 0.0148
epoch 8 [ 1500/2852] lr: 1.50e-03 loss: 29.0740 loss_classifier: 0.0777 loss_box_reg: 0.1289 loss_reid: 28.8286 loss_objectness: 0.0239 loss_rpn_box_reg: 0.0148
epoch 8 [ 1600/2852] lr: 1.50e-03 loss: 28.9168 loss_classifier: 0.0776 loss_box_reg: 0.1288 loss_reid: 28.6716 loss_objectness: 0.0240 loss_rpn_box_reg: 0.0148
epoch 8 [ 1700/2852] lr: 1.50e-03 loss: 28.7339 loss_classifier: 0.0777 loss_box_reg: 0.1288 loss_reid: 28.4888 loss_objectness: 0.0238 loss_rpn_box_reg: 0.0148
epoch 8 [ 1800/2852] lr: 1.50e-03 loss: 28.5776 loss_classifier: 0.0777 loss_box_reg: 0.1288 loss_reid: 28.3325 loss_objectness: 0.0237 loss_rpn_box_reg: 0.0149
epoch 8 [ 1900/2852] lr: 1.50e-03 loss: 28.5410 loss_classifier: 0.0776 loss_box_reg: 0.1286 loss_reid: 28.2961 loss_objectness: 0.0238 loss_rpn_box_reg: 0.0148
epoch 8 [ 2000/2852] lr: 1.50e-03 loss: 28.6523 loss_classifier: 0.0775 loss_box_reg: 0.1282 loss_reid: 28.4080 loss_objectness: 0.0238 loss_rpn_box_reg: 0.0148
epoch 8 [ 2100/2852] lr: 1.50e-03 loss: 28.5658 loss_classifier: 0.0775 loss_box_reg: 0.1280 loss_reid: 28.3219 loss_objectness: 0.0237 loss_rpn_box_reg: 0.0148
epoch 8 [ 2200/2852] lr: 1.50e-03 loss: 28.6038 loss_classifier: 0.0773 loss_box_reg: 0.1278 loss_reid: 28.3606 loss_objectness: 0.0235 loss_rpn_box_reg: 0.0147
epoch 8 [ 2300/2852] lr: 1.50e-03 loss: 28.4566 loss_classifier: 0.0773 loss_box_reg: 0.1278 loss_reid: 28.2134 loss_objectness: 0.0234 loss_rpn_box_reg: 0.0147
epoch 8 [ 2400/2852] lr: 1.50e-03 loss: 28.4273 loss_classifier: 0.0774 loss_box_reg: 0.1280 loss_reid: 28.1838 loss_objectness: 0.0234 loss_rpn_box_reg: 0.0146
epoch 8 [ 2500/2852] lr: 1.50e-03 loss: 28.4241 loss_classifier: 0.0775 loss_box_reg: 0.1281 loss_reid: 28.1804 loss_objectness: 0.0234 loss_rpn_box_reg: 0.0146
epoch 8 [ 2600/2852] lr: 1.50e-03 loss: 28.4010 loss_classifier: 0.0774 loss_box_reg: 0.1281 loss_reid: 28.1576 loss_objectness: 0.0233 loss_rpn_box_reg: 0.0147
epoch 8 [ 2700/2852] lr: 1.50e-03 loss: 28.2209 loss_classifier: 0.0774 loss_box_reg: 0.1280 loss_reid: 27.9774 loss_objectness: 0.0234 loss_rpn_box_reg: 0.0147
epoch 8 [ 2800/2852] lr: 1.50e-03 loss: 28.1269 loss_classifier: 0.0773 loss_box_reg: 0.1277 loss_reid: 27.8839 loss_objectness: 0.0234 loss_rpn_box_reg: 0.0146
epoch 8 done in 19.5 min
epoch 9 [    0/2852] lr: 1.50e-03 loss: 34.3630 loss_classifier: 0.0929 loss_box_reg: 0.1325 loss_reid: 34.1075 loss_objectness: 0.0147 loss_rpn_box_reg: 0.0155
epoch 9 [  100/2852] lr: 1.50e-03 loss: 24.2178 loss_classifier: 0.0790 loss_box_reg: 0.1248 loss_reid: 23.9798 loss_objectness: 0.0199 loss_rpn_box_reg: 0.0143
epoch 9 [  200/2852] lr: 1.50e-03 loss: 23.9442 loss_classifier: 0.0784 loss_box_reg: 0.1253 loss_reid: 23.7058 loss_objectness: 0.0200 loss_rpn_box_reg: 0.0148
epoch 9 [  300/2852] lr: 1.50e-03 loss: 24.1732 loss_classifier: 0.0779 loss_box_reg: 0.1263 loss_reid: 23.9333 loss_objectness: 0.0207 loss_rpn_box_reg: 0.0150
epoch 9 [  400/2852] lr: 1.50e-03 loss: 23.8823 loss_classifier: 0.0790 loss_box_reg: 0.1284 loss_reid: 23.6384 loss_objectness: 0.0212 loss_rpn_box_reg: 0.0153
epoch 9 [  500/2852] lr: 1.50e-03 loss: 23.9161 loss_classifier: 0.0791 loss_box_reg: 0.1297 loss_reid: 23.6711 loss_objectness: 0.0211 loss_rpn_box_reg: 0.0153
epoch 9 [  600/2852] lr: 1.50e-03 loss: 23.7144 loss_classifier: 0.0793 loss_box_reg: 0.1318 loss_reid: 23.4664 loss_objectness: 0.0215 loss_rpn_box_reg: 0.0155
epoch 9 [  700/2852] lr: 1.50e-03 loss: 23.9422 loss_classifier: 0.0790 loss_box_reg: 0.1306 loss_reid: 23.6959 loss_objectness: 0.0215 loss_rpn_box_reg: 0.0153
epoch 9 [  800/2852] lr: 1.50e-03 loss: 24.2383 loss_classifier: 0.0792 loss_box_reg: 0.1310 loss_reid: 23.9911 loss_objectness: 0.0217 loss_rpn_box_reg: 0.0153
epoch 9 [  900/2852] lr: 1.50e-03 loss: 24.5054 loss_classifier: 0.0791 loss_box_reg: 0.1304 loss_reid: 24.2591 loss_objectness: 0.0217 loss_rpn_box_reg: 0.0151
epoch 9 [ 1000/2852] lr: 1.50e-03 loss: 24.5705 loss_classifier: 0.0794 loss_box_reg: 0.1305 loss_reid: 24.3238 loss_objectness: 0.0218 loss_rpn_box_reg: 0.0151
epoch 9 [ 1100/2852] lr: 1.50e-03 loss: 24.7293 loss_classifier: 0.0793 loss_box_reg: 0.1302 loss_reid: 24.4833 loss_objectness: 0.0216 loss_rpn_box_reg: 0.0149
epoch 9 [ 1200/2852] lr: 1.50e-03 loss: 24.7287 loss_classifier: 0.0791 loss_box_reg: 0.1297 loss_reid: 24.4834 loss_objectness: 0.0216 loss_rpn_box_reg: 0.0149
epoch 9 [ 1300/2852] lr: 1.50e-03 loss: 24.7935 loss_classifier: 0.0787 loss_box_reg: 0.1291 loss_reid: 24.5495 loss_objectness: 0.0215 loss_rpn_box_reg: 0.0148
epoch 9 [ 1400/2852] lr: 1.50e-03 loss: 25.1134 loss_classifier: 0.0780 loss_box_reg: 0.1276 loss_reid: 24.8719 loss_objectness: 0.0212 loss_rpn_box_reg: 0.0147
epoch 9 [ 1500/2852] lr: 1.50e-03 loss: 25.2605 loss_classifier: 0.0780 loss_box_reg: 0.1275 loss_reid: 25.0188 loss_objectness: 0.0214 loss_rpn_box_reg: 0.0147
epoch 9 [ 1600/2852] lr: 1.50e-03 loss: 25.1735 loss_classifier: 0.0782 loss_box_reg: 0.1279 loss_reid: 24.9312 loss_objectness: 0.0215 loss_rpn_box_reg: 0.0147
epoch 9 [ 1700/2852] lr: 1.50e-03 loss: 25.0881 loss_classifier: 0.0780 loss_box_reg: 0.1278 loss_reid: 24.8461 loss_objectness: 0.0215 loss_rpn_box_reg: 0.0146
epoch 9 [ 1800/2852] lr: 1.50e-03 loss: 25.0844 loss_classifier: 0.0781 loss_box_reg: 0.1282 loss_reid: 24.8419 loss_objectness: 0.0215 loss_rpn_box_reg: 0.0146
epoch 9 [ 1900/2852] lr: 1.50e-03 loss: 24.9791 loss_classifier: 0.0776 loss_box_reg: 0.1273 loss_reid: 24.7382 loss_objectness: 0.0215 loss_rpn_box_reg: 0.0145
epoch 9 [ 2000/2852] lr: 1.50e-03 loss: 25.0294 loss_classifier: 0.0778 loss_box_reg: 0.1277 loss_reid: 24.7878 loss_objectness: 0.0215 loss_rpn_box_reg: 0.0145
epoch 9 [ 2100/2852] lr: 1.50e-03 loss: 25.1121 loss_classifier: 0.0781 loss_box_reg: 0.1284 loss_reid: 24.8695 loss_objectness: 0.0215 loss_rpn_box_reg: 0.0146
epoch 9 [ 2200/2852] lr: 1.50e-03 loss: 25.1248 loss_classifier: 0.0781 loss_box_reg: 0.1285 loss_reid: 24.8822 loss_objectness: 0.0214 loss_rpn_box_reg: 0.0145
epoch 9 [ 2300/2852] lr: 1.50e-03 loss: 25.1563 loss_classifier: 0.0783 loss_box_reg: 0.1288 loss_reid: 24.9133 loss_objectness: 0.0213 loss_rpn_box_reg: 0.0145
epoch 9 [ 2400/2852] lr: 1.50e-03 loss: 25.1223 loss_classifier: 0.0783 loss_box_reg: 0.1287 loss_reid: 24.8795 loss_objectness: 0.0213 loss_rpn_box_reg: 0.0145
epoch 9 [ 2500/2852] lr: 1.50e-03 loss: 25.2020 loss_classifier: 0.0783 loss_box_reg: 0.1286 loss_reid: 24.9593 loss_objectness: 0.0212 loss_rpn_box_reg: 0.0145
epoch 9 [ 2600/2852] lr: 1.50e-03 loss: 25.2407 loss_classifier: 0.0784 loss_box_reg: 0.1286 loss_reid: 24.9981 loss_objectness: 0.0212 loss_rpn_box_reg: 0.0145
epoch 9 [ 2700/2852] lr: 1.50e-03 loss: 25.1619 loss_classifier: 0.0784 loss_box_reg: 0.1286 loss_reid: 24.9194 loss_objectness: 0.0211 loss_rpn_box_reg: 0.0144
epoch 9 [ 2800/2852] lr: 1.50e-03 loss: 25.1215 loss_classifier: 0.0781 loss_box_reg: 0.1284 loss_reid: 24.8796 loss_objectness: 0.0209 loss_rpn_box_reg: 0.0144
epoch 9 done in 19.7 min
epoch 10 [    0/2852] lr: 1.50e-04 loss: 3.9524 loss_classifier: 0.0896 loss_box_reg: 0.1382 loss_reid: 3.6925 loss_objectness: 0.0187 loss_rpn_box_reg: 0.0133
epoch 10 [  100/2852] lr: 1.50e-04 loss: 21.5121 loss_classifier: 0.0739 loss_box_reg: 0.1219 loss_reid: 21.2831 loss_objectness: 0.0196 loss_rpn_box_reg: 0.0136
epoch 10 [  200/2852] lr: 1.50e-04 loss: 20.4984 loss_classifier: 0.0756 loss_box_reg: 0.1267 loss_reid: 20.2626 loss_objectness: 0.0195 loss_rpn_box_reg: 0.0139
epoch 10 [  300/2852] lr: 1.50e-04 loss: 20.0389 loss_classifier: 0.0766 loss_box_reg: 0.1275 loss_reid: 19.8019 loss_objectness: 0.0190 loss_rpn_box_reg: 0.0139
epoch 10 [  400/2852] lr: 1.50e-04 loss: 19.5336 loss_classifier: 0.0766 loss_box_reg: 0.1269 loss_reid: 19.2973 loss_objectness: 0.0192 loss_rpn_box_reg: 0.0136
epoch 10 [  500/2852] lr: 1.50e-04 loss: 19.2442 loss_classifier: 0.0760 loss_box_reg: 0.1252 loss_reid: 19.0103 loss_objectness: 0.0191 loss_rpn_box_reg: 0.0136
epoch 10 [  600/2852] lr: 1.50e-04 loss: 18.5999 loss_classifier: 0.0754 loss_box_reg: 0.1240 loss_reid: 18.3678 loss_objectness: 0.0190 loss_rpn_box_reg: 0.0136
epoch 10 [  700/2852] lr: 1.50e-04 loss: 18.3111 loss_classifier: 0.0758 loss_box_reg: 0.1241 loss_reid: 18.0784 loss_objectness: 0.0192 loss_rpn_box_reg: 0.0136
epoch 10 [  800/2852] lr: 1.50e-04 loss: 18.2561 loss_classifier: 0.0754 loss_box_reg: 0.1233 loss_reid: 18.0250 loss_objectness: 0.0188 loss_rpn_box_reg: 0.0135
epoch 10 [  900/2852] lr: 1.50e-04 loss: 18.0550 loss_classifier: 0.0755 loss_box_reg: 0.1240 loss_reid: 17.8228 loss_objectness: 0.0191 loss_rpn_box_reg: 0.0136
epoch 10 [ 1000/2852] lr: 1.50e-04 loss: 17.8414 loss_classifier: 0.0757 loss_box_reg: 0.1242 loss_reid: 17.6087 loss_objectness: 0.0191 loss_rpn_box_reg: 0.0137
epoch 10 [ 1100/2852] lr: 1.50e-04 loss: 17.5498 loss_classifier: 0.0758 loss_box_reg: 0.1243 loss_reid: 17.3170 loss_objectness: 0.0191 loss_rpn_box_reg: 0.0136
epoch 10 [ 1200/2852] lr: 1.50e-04 loss: 17.1639 loss_classifier: 0.0765 loss_box_reg: 0.1262 loss_reid: 16.9281 loss_objectness: 0.0193 loss_rpn_box_reg: 0.0138
epoch 10 [ 1300/2852] lr: 1.50e-04 loss: 17.0268 loss_classifier: 0.0767 loss_box_reg: 0.1267 loss_reid: 16.7902 loss_objectness: 0.0193 loss_rpn_box_reg: 0.0138
epoch 10 [ 1400/2852] lr: 1.50e-04 loss: 16.8605 loss_classifier: 0.0772 loss_box_reg: 0.1272 loss_reid: 16.6228 loss_objectness: 0.0194 loss_rpn_box_reg: 0.0139
epoch 10 [ 1500/2852] lr: 1.50e-04 loss: 16.8943 loss_classifier: 0.0773 loss_box_reg: 0.1272 loss_reid: 16.6566 loss_objectness: 0.0194 loss_rpn_box_reg: 0.0139
epoch 10 [ 1600/2852] lr: 1.50e-04 loss: 16.8244 loss_classifier: 0.0773 loss_box_reg: 0.1271 loss_reid: 16.5867 loss_objectness: 0.0193 loss_rpn_box_reg: 0.0139
epoch 10 [ 1700/2852] lr: 1.50e-04 loss: 16.8039 loss_classifier: 0.0773 loss_box_reg: 0.1274 loss_reid: 16.5658 loss_objectness: 0.0193 loss_rpn_box_reg: 0.0140
epoch 10 [ 1800/2852] lr: 1.50e-04 loss: 16.6261 loss_classifier: 0.0772 loss_box_reg: 0.1272 loss_reid: 16.3883 loss_objectness: 0.0194 loss_rpn_box_reg: 0.0140
epoch 10 [ 1900/2852] lr: 1.50e-04 loss: 16.5048 loss_classifier: 0.0771 loss_box_reg: 0.1269 loss_reid: 16.2676 loss_objectness: 0.0192 loss_rpn_box_reg: 0.0140
epoch 10 [ 2000/2852] lr: 1.50e-04 loss: 16.2692 loss_classifier: 0.0773 loss_box_reg: 0.1277 loss_reid: 16.0311 loss_objectness: 0.0191 loss_rpn_box_reg: 0.0140
epoch 10 [ 2100/2852] lr: 1.50e-04 loss: 16.1770 loss_classifier: 0.0774 loss_box_reg: 0.1280 loss_reid: 15.9384 loss_objectness: 0.0192 loss_rpn_box_reg: 0.0140
epoch 10 [ 2200/2852] lr: 1.50e-04 loss: 16.3791 loss_classifier: 0.0772 loss_box_reg: 0.1276 loss_reid: 16.1412 loss_objectness: 0.0192 loss_rpn_box_reg: 0.0140
epoch 10 [ 2300/2852] lr: 1.50e-04 loss: 16.2982 loss_classifier: 0.0773 loss_box_reg: 0.1279 loss_reid: 16.0599 loss_objectness: 0.0191 loss_rpn_box_reg: 0.0140
epoch 10 [ 2400/2852] lr: 1.50e-04 loss: 16.2600 loss_classifier: 0.0775 loss_box_reg: 0.1281 loss_reid: 16.0214 loss_objectness: 0.0190 loss_rpn_box_reg: 0.0139
epoch 10 [ 2500/2852] lr: 1.50e-04 loss: 16.0638 loss_classifier: 0.0776 loss_box_reg: 0.1285 loss_reid: 15.8248 loss_objectness: 0.0190 loss_rpn_box_reg: 0.0139
epoch 10 [ 2600/2852] lr: 1.50e-04 loss: 16.2633 loss_classifier: 0.0776 loss_box_reg: 0.1286 loss_reid: 16.0241 loss_objectness: 0.0190 loss_rpn_box_reg: 0.0139
epoch 10 [ 2700/2852] lr: 1.50e-04 loss: 16.2225 loss_classifier: 0.0779 loss_box_reg: 0.1290 loss_reid: 15.9825 loss_objectness: 0.0191 loss_rpn_box_reg: 0.0140
epoch 10 [ 2800/2852] lr: 1.50e-04 loss: 16.2056 loss_classifier: 0.0779 loss_box_reg: 0.1290 loss_reid: 15.9656 loss_objectness: 0.0190 loss_rpn_box_reg: 0.0140
epoch 10 done in 19.8 min
epoch 11 [    0/2852] lr: 1.50e-04 loss: 5.5495 loss_classifier: 0.0397 loss_box_reg: 0.0404 loss_reid: 5.4529 loss_objectness: 0.0067 loss_rpn_box_reg: 0.0098
epoch 11 [  100/2852] lr: 1.50e-04 loss: 11.1717 loss_classifier: 0.0726 loss_box_reg: 0.1226 loss_reid: 10.9472 loss_objectness: 0.0160 loss_rpn_box_reg: 0.0133
epoch 11 [  200/2852] lr: 1.50e-04 loss: 11.5775 loss_classifier: 0.0754 loss_box_reg: 0.1259 loss_reid: 11.3456 loss_objectness: 0.0170 loss_rpn_box_reg: 0.0135
epoch 11 [  300/2852] lr: 1.50e-04 loss: 12.1263 loss_classifier: 0.0748 loss_box_reg: 0.1234 loss_reid: 11.8974 loss_objectness: 0.0171 loss_rpn_box_reg: 0.0136
epoch 11 [  400/2852] lr: 1.50e-04 loss: 12.3361 loss_classifier: 0.0752 loss_box_reg: 0.1229 loss_reid: 12.1075 loss_objectness: 0.0170 loss_rpn_box_reg: 0.0135
epoch 11 [  500/2852] lr: 1.50e-04 loss: 12.3188 loss_classifier: 0.0748 loss_box_reg: 0.1219 loss_reid: 12.0917 loss_objectness: 0.0172 loss_rpn_box_reg: 0.0133
epoch 11 [  600/2852] lr: 1.50e-04 loss: 12.0362 loss_classifier: 0.0756 loss_box_reg: 0.1237 loss_reid: 11.8057 loss_objectness: 0.0175 loss_rpn_box_reg: 0.0136
epoch 11 [  700/2852] lr: 1.50e-04 loss: 12.1118 loss_classifier: 0.0762 loss_box_reg: 0.1250 loss_reid: 11.8791 loss_objectness: 0.0177 loss_rpn_box_reg: 0.0137
epoch 11 [  800/2852] lr: 1.50e-04 loss: 12.1486 loss_classifier: 0.0765 loss_box_reg: 0.1265 loss_reid: 11.9142 loss_objectness: 0.0177 loss_rpn_box_reg: 0.0137
epoch 11 [  900/2852] lr: 1.50e-04 loss: 12.1455 loss_classifier: 0.0768 loss_box_reg: 0.1269 loss_reid: 11.9104 loss_objectness: 0.0176 loss_rpn_box_reg: 0.0138
epoch 11 [ 1000/2852] lr: 1.50e-04 loss: 12.0806 loss_classifier: 0.0766 loss_box_reg: 0.1265 loss_reid: 11.8462 loss_objectness: 0.0175 loss_rpn_box_reg: 0.0138
epoch 11 [ 1100/2852] lr: 1.50e-04 loss: 11.9335 loss_classifier: 0.0763 loss_box_reg: 0.1261 loss_reid: 11.6997 loss_objectness: 0.0176 loss_rpn_box_reg: 0.0139
epoch 11 [ 1200/2852] lr: 1.50e-04 loss: 12.0644 loss_classifier: 0.0768 loss_box_reg: 0.1269 loss_reid: 11.8291 loss_objectness: 0.0177 loss_rpn_box_reg: 0.0139
epoch 11 [ 1300/2852] lr: 1.50e-04 loss: 12.0607 loss_classifier: 0.0765 loss_box_reg: 0.1266 loss_reid: 11.8258 loss_objectness: 0.0177 loss_rpn_box_reg: 0.0140
epoch 11 [ 1400/2852] lr: 1.50e-04 loss: 12.3034 loss_classifier: 0.0765 loss_box_reg: 0.1266 loss_reid: 12.0687 loss_objectness: 0.0177 loss_rpn_box_reg: 0.0140
epoch 11 [ 1500/2852] lr: 1.50e-04 loss: 12.4301 loss_classifier: 0.0767 loss_box_reg: 0.1266 loss_reid: 12.1951 loss_objectness: 0.0176 loss_rpn_box_reg: 0.0140
epoch 11 [ 1600/2852] lr: 1.50e-04 loss: 12.5878 loss_classifier: 0.0764 loss_box_reg: 0.1261 loss_reid: 12.3538 loss_objectness: 0.0176 loss_rpn_box_reg: 0.0139
epoch 11 [ 1700/2852] lr: 1.50e-04 loss: 12.8000 loss_classifier: 0.0765 loss_box_reg: 0.1258 loss_reid: 12.5663 loss_objectness: 0.0176 loss_rpn_box_reg: 0.0138
epoch 11 [ 1800/2852] lr: 1.50e-04 loss: 12.6385 loss_classifier: 0.0768 loss_box_reg: 0.1269 loss_reid: 12.4032 loss_objectness: 0.0176 loss_rpn_box_reg: 0.0139
epoch 11 [ 1900/2852] lr: 1.50e-04 loss: 12.5292 loss_classifier: 0.0769 loss_box_reg: 0.1272 loss_reid: 12.2936 loss_objectness: 0.0176 loss_rpn_box_reg: 0.0139
epoch 11 [ 2000/2852] lr: 1.50e-04 loss: 12.5776 loss_classifier: 0.0771 loss_box_reg: 0.1276 loss_reid: 12.3414 loss_objectness: 0.0176 loss_rpn_box_reg: 0.0139
epoch 11 [ 2100/2852] lr: 1.50e-04 loss: 12.7458 loss_classifier: 0.0773 loss_box_reg: 0.1279 loss_reid: 12.5090 loss_objectness: 0.0176 loss_rpn_box_reg: 0.0139
epoch 11 [ 2200/2852] lr: 1.50e-04 loss: 12.7659 loss_classifier: 0.0774 loss_box_reg: 0.1282 loss_reid: 12.5287 loss_objectness: 0.0177 loss_rpn_box_reg: 0.0139
epoch 11 [ 2300/2852] lr: 1.50e-04 loss: 12.7780 loss_classifier: 0.0777 loss_box_reg: 0.1291 loss_reid: 12.5394 loss_objectness: 0.0178 loss_rpn_box_reg: 0.0140
epoch 11 [ 2400/2852] lr: 1.50e-04 loss: 12.9741 loss_classifier: 0.0777 loss_box_reg: 0.1290 loss_reid: 12.7358 loss_objectness: 0.0177 loss_rpn_box_reg: 0.0140
epoch 11 [ 2500/2852] lr: 1.50e-04 loss: 12.9336 loss_classifier: 0.0778 loss_box_reg: 0.1292 loss_reid: 12.6949 loss_objectness: 0.0178 loss_rpn_box_reg: 0.0140
epoch 11 [ 2600/2852] lr: 1.50e-04 loss: 12.9223 loss_classifier: 0.0777 loss_box_reg: 0.1291 loss_reid: 12.6836 loss_objectness: 0.0178 loss_rpn_box_reg: 0.0140
epoch 11 [ 2700/2852] lr: 1.50e-04 loss: 12.9364 loss_classifier: 0.0778 loss_box_reg: 0.1294 loss_reid: 12.6975 loss_objectness: 0.0177 loss_rpn_box_reg: 0.0139
epoch 11 [ 2800/2852] lr: 1.50e-04 loss: 13.0070 loss_classifier: 0.0779 loss_box_reg: 0.1295 loss_reid: 12.7680 loss_objectness: 0.0177 loss_rpn_box_reg: 0.0140
epoch 11 done in 19.7 min
epoch 12 [    0/2852] lr: 1.50e-04 loss: 15.2559 loss_classifier: 0.1064 loss_box_reg: 0.2083 loss_reid: 14.9143 loss_objectness: 0.0099 loss_rpn_box_reg: 0.0170
epoch 12 [  100/2852] lr: 1.50e-04 loss: 12.4336 loss_classifier: 0.0836 loss_box_reg: 0.1367 loss_reid: 12.1814 loss_objectness: 0.0171 loss_rpn_box_reg: 0.0147
epoch 12 [  200/2852] lr: 1.50e-04 loss: 13.0608 loss_classifier: 0.0825 loss_box_reg: 0.1369 loss_reid: 12.8093 loss_objectness: 0.0174 loss_rpn_box_reg: 0.0146
epoch 12 [  300/2852] lr: 1.50e-04 loss: 12.8455 loss_classifier: 0.0818 loss_box_reg: 0.1352 loss_reid: 12.5975 loss_objectness: 0.0168 loss_rpn_box_reg: 0.0142
epoch 12 [  400/2852] lr: 1.50e-04 loss: 12.3858 loss_classifier: 0.0804 loss_box_reg: 0.1325 loss_reid: 12.1427 loss_objectness: 0.0164 loss_rpn_box_reg: 0.0139
epoch 12 [  500/2852] lr: 1.50e-04 loss: 12.1389 loss_classifier: 0.0795 loss_box_reg: 0.1321 loss_reid: 11.8971 loss_objectness: 0.0164 loss_rpn_box_reg: 0.0139
epoch 12 [  600/2852] lr: 1.50e-04 loss: 12.1866 loss_classifier: 0.0788 loss_box_reg: 0.1305 loss_reid: 11.9470 loss_objectness: 0.0167 loss_rpn_box_reg: 0.0137
epoch 12 [  700/2852] lr: 1.50e-04 loss: 11.9121 loss_classifier: 0.0796 loss_box_reg: 0.1331 loss_reid: 11.6683 loss_objectness: 0.0171 loss_rpn_box_reg: 0.0139
epoch 12 [  800/2852] lr: 1.50e-04 loss: 12.0731 loss_classifier: 0.0799 loss_box_reg: 0.1330 loss_reid: 11.8295 loss_objectness: 0.0169 loss_rpn_box_reg: 0.0138
epoch 12 [  900/2852] lr: 1.50e-04 loss: 12.4656 loss_classifier: 0.0796 loss_box_reg: 0.1325 loss_reid: 12.2226 loss_objectness: 0.0171 loss_rpn_box_reg: 0.0138
epoch 12 [ 1000/2852] lr: 1.50e-04 loss: 12.6031 loss_classifier: 0.0804 loss_box_reg: 0.1337 loss_reid: 12.3578 loss_objectness: 0.0172 loss_rpn_box_reg: 0.0140
epoch 12 [ 1100/2852] lr: 1.50e-04 loss: 12.8177 loss_classifier: 0.0803 loss_box_reg: 0.1338 loss_reid: 12.5723 loss_objectness: 0.0172 loss_rpn_box_reg: 0.0141
epoch 12 [ 1200/2852] lr: 1.50e-04 loss: 12.6197 loss_classifier: 0.0804 loss_box_reg: 0.1345 loss_reid: 12.3735 loss_objectness: 0.0171 loss_rpn_box_reg: 0.0141
epoch 12 [ 1300/2852] lr: 1.50e-04 loss: 12.4336 loss_classifier: 0.0803 loss_box_reg: 0.1338 loss_reid: 12.1885 loss_objectness: 0.0171 loss_rpn_box_reg: 0.0140
epoch 12 [ 1400/2852] lr: 1.50e-04 loss: 12.3959 loss_classifier: 0.0805 loss_box_reg: 0.1341 loss_reid: 12.1503 loss_objectness: 0.0170 loss_rpn_box_reg: 0.0140
epoch 12 [ 1500/2852] lr: 1.50e-04 loss: 12.3901 loss_classifier: 0.0804 loss_box_reg: 0.1339 loss_reid: 12.1450 loss_objectness: 0.0169 loss_rpn_box_reg: 0.0140
epoch 12 [ 1600/2852] lr: 1.50e-04 loss: 12.4173 loss_classifier: 0.0801 loss_box_reg: 0.1333 loss_reid: 12.1730 loss_objectness: 0.0169 loss_rpn_box_reg: 0.0140
epoch 12 [ 1700/2852] lr: 1.50e-04 loss: 12.4883 loss_classifier: 0.0797 loss_box_reg: 0.1328 loss_reid: 12.2450 loss_objectness: 0.0169 loss_rpn_box_reg: 0.0140
epoch 12 [ 1800/2852] lr: 1.50e-04 loss: 12.5141 loss_classifier: 0.0795 loss_box_reg: 0.1325 loss_reid: 12.2713 loss_objectness: 0.0168 loss_rpn_box_reg: 0.0140
epoch 12 [ 1900/2852] lr: 1.50e-04 loss: 12.4282 loss_classifier: 0.0796 loss_box_reg: 0.1326 loss_reid: 12.1853 loss_objectness: 0.0168 loss_rpn_box_reg: 0.0140
epoch 12 [ 2000/2852] lr: 1.50e-04 loss: 12.3931 loss_classifier: 0.0796 loss_box_reg: 0.1322 loss_reid: 12.1507 loss_objectness: 0.0168 loss_rpn_box_reg: 0.0139
epoch 12 [ 2100/2852] lr: 1.50e-04 loss: 12.3697 loss_classifier: 0.0798 loss_box_reg: 0.1327 loss_reid: 12.1263 loss_objectness: 0.0169 loss_rpn_box_reg: 0.0139
epoch 12 [ 2200/2852] lr: 1.50e-04 loss: 12.3816 loss_classifier: 0.0797 loss_box_reg: 0.1323 loss_reid: 12.1390 loss_objectness: 0.0168 loss_rpn_box_reg: 0.0139
epoch 12 [ 2300/2852] lr: 1.50e-04 loss: 12.2346 loss_classifier: 0.0796 loss_box_reg: 0.1324 loss_reid: 11.9919 loss_objectness: 0.0168 loss_rpn_box_reg: 0.0139
epoch 12 [ 2400/2852] lr: 1.50e-04 loss: 12.2721 loss_classifier: 0.0794 loss_box_reg: 0.1319 loss_reid: 12.0302 loss_objectness: 0.0168 loss_rpn_box_reg: 0.0139
epoch 12 [ 2500/2852] lr: 1.50e-04 loss: 12.2789 loss_classifier: 0.0792 loss_box_reg: 0.1318 loss_reid: 12.0373 loss_objectness: 0.0168 loss_rpn_box_reg: 0.0138
epoch 12 [ 2600/2852] lr: 1.50e-04 loss: 12.2744 loss_classifier: 0.0792 loss_box_reg: 0.1316 loss_reid: 12.0331 loss_objectness: 0.0167 loss_rpn_box_reg: 0.0138
epoch 12 [ 2700/2852] lr: 1.50e-04 loss: 12.2169 loss_classifier: 0.0792 loss_box_reg: 0.1315 loss_reid: 11.9757 loss_objectness: 0.0167 loss_rpn_box_reg: 0.0138
epoch 12 [ 2800/2852] lr: 1.50e-04 loss: 12.2925 loss_classifier: 0.0791 loss_box_reg: 0.1311 loss_reid: 12.0519 loss_objectness: 0.0166 loss_rpn_box_reg: 0.0138
epoch 12 done in 20.0 min
epoch 13 [    0/2852] lr: 1.50e-04 loss: 10.7395 loss_classifier: 0.0693 loss_box_reg: 0.0899 loss_reid: 10.5619 loss_objectness: 0.0044 loss_rpn_box_reg: 0.0140
epoch 13 [  100/2852] lr: 1.50e-04 loss: 9.2392 loss_classifier: 0.0773 loss_box_reg: 0.1251 loss_reid: 9.0062 loss_objectness: 0.0163 loss_rpn_box_reg: 0.0142
epoch 13 [  200/2852] lr: 1.50e-04 loss: 9.7152 loss_classifier: 0.0804 loss_box_reg: 0.1349 loss_reid: 9.4686 loss_objectness: 0.0169 loss_rpn_box_reg: 0.0144
epoch 13 [  300/2852] lr: 1.50e-04 loss: 10.9766 loss_classifier: 0.0825 loss_box_reg: 0.1388 loss_reid: 10.7243 loss_objectness: 0.0166 loss_rpn_box_reg: 0.0144
epoch 13 [  400/2852] lr: 1.50e-04 loss: 11.1915 loss_classifier: 0.0818 loss_box_reg: 0.1373 loss_reid: 10.9416 loss_objectness: 0.0166 loss_rpn_box_reg: 0.0142
epoch 13 [  500/2852] lr: 1.50e-04 loss: 11.1588 loss_classifier: 0.0805 loss_box_reg: 0.1345 loss_reid: 10.9138 loss_objectness: 0.0162 loss_rpn_box_reg: 0.0139
epoch 13 [  600/2852] lr: 1.50e-04 loss: 11.5142 loss_classifier: 0.0801 loss_box_reg: 0.1339 loss_reid: 11.2702 loss_objectness: 0.0161 loss_rpn_box_reg: 0.0139
epoch 13 [  700/2852] lr: 1.50e-04 loss: 11.3372 loss_classifier: 0.0799 loss_box_reg: 0.1340 loss_reid: 11.0932 loss_objectness: 0.0162 loss_rpn_box_reg: 0.0139
epoch 13 [  800/2852] lr: 1.50e-04 loss: 11.0841 loss_classifier: 0.0804 loss_box_reg: 0.1339 loss_reid: 10.8394 loss_objectness: 0.0165 loss_rpn_box_reg: 0.0140
epoch 13 [  900/2852] lr: 1.50e-04 loss: 11.0749 loss_classifier: 0.0808 loss_box_reg: 0.1342 loss_reid: 10.8295 loss_objectness: 0.0164 loss_rpn_box_reg: 0.0140
epoch 13 [ 1000/2852] lr: 1.50e-04 loss: 11.1765 loss_classifier: 0.0809 loss_box_reg: 0.1338 loss_reid: 10.9316 loss_objectness: 0.0164 loss_rpn_box_reg: 0.0138
epoch 13 [ 1100/2852] lr: 1.50e-04 loss: 11.1797 loss_classifier: 0.0805 loss_box_reg: 0.1332 loss_reid: 10.9361 loss_objectness: 0.0162 loss_rpn_box_reg: 0.0137
epoch 13 [ 1200/2852] lr: 1.50e-04 loss: 11.0396 loss_classifier: 0.0803 loss_box_reg: 0.1332 loss_reid: 10.7963 loss_objectness: 0.0161 loss_rpn_box_reg: 0.0137
epoch 13 [ 1300/2852] lr: 1.50e-04 loss: 10.8479 loss_classifier: 0.0801 loss_box_reg: 0.1330 loss_reid: 10.6050 loss_objectness: 0.0161 loss_rpn_box_reg: 0.0137
epoch 13 [ 1400/2852] lr: 1.50e-04 loss: 11.0843 loss_classifier: 0.0802 loss_box_reg: 0.1333 loss_reid: 10.8411 loss_objectness: 0.0160 loss_rpn_box_reg: 0.0137
epoch 13 [ 1500/2852] lr: 1.50e-04 loss: 10.9894 loss_classifier: 0.0800 loss_box_reg: 0.1331 loss_reid: 10.7466 loss_objectness: 0.0159 loss_rpn_box_reg: 0.0137
epoch 13 [ 1600/2852] lr: 1.50e-04 loss: 11.0123 loss_classifier: 0.0800 loss_box_reg: 0.1334 loss_reid: 10.7691 loss_objectness: 0.0160 loss_rpn_box_reg: 0.0137
epoch 13 [ 1700/2852] lr: 1.50e-04 loss: 10.9404 loss_classifier: 0.0802 loss_box_reg: 0.1338 loss_reid: 10.6967 loss_objectness: 0.0159 loss_rpn_box_reg: 0.0137
epoch 13 [ 1800/2852] lr: 1.50e-04 loss: 10.9271 loss_classifier: 0.0801 loss_box_reg: 0.1335 loss_reid: 10.6837 loss_objectness: 0.0160 loss_rpn_box_reg: 0.0137
epoch 13 [ 1900/2852] lr: 1.50e-04 loss: 10.9607 loss_classifier: 0.0800 loss_box_reg: 0.1334 loss_reid: 10.7177 loss_objectness: 0.0159 loss_rpn_box_reg: 0.0137
epoch 13 [ 2000/2852] lr: 1.50e-04 loss: 10.9475 loss_classifier: 0.0797 loss_box_reg: 0.1329 loss_reid: 10.7054 loss_objectness: 0.0159 loss_rpn_box_reg: 0.0136
epoch 13 [ 2100/2852] lr: 1.50e-04 loss: 11.0449 loss_classifier: 0.0797 loss_box_reg: 0.1326 loss_reid: 10.8030 loss_objectness: 0.0159 loss_rpn_box_reg: 0.0136
epoch 13 [ 2200/2852] lr: 1.50e-04 loss: 11.0424 loss_classifier: 0.0798 loss_box_reg: 0.1329 loss_reid: 10.8004 loss_objectness: 0.0158 loss_rpn_box_reg: 0.0136
epoch 13 [ 2300/2852] lr: 1.50e-04 loss: 11.1601 loss_classifier: 0.0796 loss_box_reg: 0.1326 loss_reid: 10.9186 loss_objectness: 0.0158 loss_rpn_box_reg: 0.0136
epoch 13 [ 2400/2852] lr: 1.50e-04 loss: 11.1872 loss_classifier: 0.0796 loss_box_reg: 0.1327 loss_reid: 10.9453 loss_objectness: 0.0159 loss_rpn_box_reg: 0.0136
epoch 13 [ 2500/2852] lr: 1.50e-04 loss: 11.2026 loss_classifier: 0.0796 loss_box_reg: 0.1330 loss_reid: 10.9604 loss_objectness: 0.0159 loss_rpn_box_reg: 0.0136
epoch 13 [ 2600/2852] lr: 1.50e-04 loss: 11.1268 loss_classifier: 0.0797 loss_box_reg: 0.1333 loss_reid: 10.8842 loss_objectness: 0.0159 loss_rpn_box_reg: 0.0136
epoch 13 [ 2700/2852] lr: 1.50e-04 loss: 11.0502 loss_classifier: 0.0797 loss_box_reg: 0.1334 loss_reid: 10.8075 loss_objectness: 0.0159 loss_rpn_box_reg: 0.0137
epoch 13 [ 2800/2852] lr: 1.50e-04 loss: 11.0183 loss_classifier: 0.0797 loss_box_reg: 0.1332 loss_reid: 10.7759 loss_objectness: 0.0159 loss_rpn_box_reg: 0.0136
epoch 13 done in 19.8 min
epoch 14 [    0/2852] lr: 1.50e-05 loss: 1.4965 loss_classifier: 0.0957 loss_box_reg: 0.1884 loss_reid: 1.1637 loss_objectness: 0.0291 loss_rpn_box_reg: 0.0195
epoch 14 [  100/2852] lr: 1.50e-05 loss: 9.5539 loss_classifier: 0.0802 loss_box_reg: 0.1344 loss_reid: 9.3077 loss_objectness: 0.0170 loss_rpn_box_reg: 0.0146
epoch 14 [  200/2852] lr: 1.50e-05 loss: 10.7680 loss_classifier: 0.0800 loss_box_reg: 0.1366 loss_reid: 10.5208 loss_objectness: 0.0165 loss_rpn_box_reg: 0.0141
epoch 14 [  300/2852] lr: 1.50e-05 loss: 10.9779 loss_classifier: 0.0791 loss_box_reg: 0.1339 loss_reid: 10.7348 loss_objectness: 0.0163 loss_rpn_box_reg: 0.0138
epoch 14 [  400/2852] lr: 1.50e-05 loss: 11.0454 loss_classifier: 0.0798 loss_box_reg: 0.1346 loss_reid: 10.8006 loss_objectness: 0.0164 loss_rpn_box_reg: 0.0140
epoch 14 [  500/2852] lr: 1.50e-05 loss: 10.8739 loss_classifier: 0.0812 loss_box_reg: 0.1368 loss_reid: 10.6252 loss_objectness: 0.0169 loss_rpn_box_reg: 0.0140
epoch 14 [  600/2852] lr: 1.50e-05 loss: 10.6161 loss_classifier: 0.0808 loss_box_reg: 0.1346 loss_reid: 10.3703 loss_objectness: 0.0167 loss_rpn_box_reg: 0.0138
epoch 14 [  700/2852] lr: 1.50e-05 loss: 10.7279 loss_classifier: 0.0804 loss_box_reg: 0.1333 loss_reid: 10.4844 loss_objectness: 0.0163 loss_rpn_box_reg: 0.0135
epoch 14 [  800/2852] lr: 1.50e-05 loss: 10.6720 loss_classifier: 0.0798 loss_box_reg: 0.1327 loss_reid: 10.4300 loss_objectness: 0.0160 loss_rpn_box_reg: 0.0135
epoch 14 [  900/2852] lr: 1.50e-05 loss: 10.5030 loss_classifier: 0.0799 loss_box_reg: 0.1334 loss_reid: 10.2597 loss_objectness: 0.0163 loss_rpn_box_reg: 0.0137
epoch 14 [ 1000/2852] lr: 1.50e-05 loss: 10.4985 loss_classifier: 0.0804 loss_box_reg: 0.1341 loss_reid: 10.2539 loss_objectness: 0.0163 loss_rpn_box_reg: 0.0138
epoch 14 [ 1100/2852] lr: 1.50e-05 loss: 10.3605 loss_classifier: 0.0797 loss_box_reg: 0.1330 loss_reid: 10.1181 loss_objectness: 0.0161 loss_rpn_box_reg: 0.0136
epoch 14 [ 1200/2852] lr: 1.50e-05 loss: 10.3294 loss_classifier: 0.0792 loss_box_reg: 0.1320 loss_reid: 10.0888 loss_objectness: 0.0158 loss_rpn_box_reg: 0.0136
epoch 14 [ 1300/2852] lr: 1.50e-05 loss: 10.3694 loss_classifier: 0.0788 loss_box_reg: 0.1315 loss_reid: 10.1298 loss_objectness: 0.0158 loss_rpn_box_reg: 0.0135
epoch 14 [ 1400/2852] lr: 1.50e-05 loss: 10.3315 loss_classifier: 0.0786 loss_box_reg: 0.1315 loss_reid: 10.0920 loss_objectness: 0.0157 loss_rpn_box_reg: 0.0135
epoch 14 [ 1500/2852] lr: 1.50e-05 loss: 10.2817 loss_classifier: 0.0787 loss_box_reg: 0.1317 loss_reid: 10.0422 loss_objectness: 0.0156 loss_rpn_box_reg: 0.0135
epoch 14 [ 1600/2852] lr: 1.50e-05 loss: 10.2762 loss_classifier: 0.0786 loss_box_reg: 0.1317 loss_reid: 10.0368 loss_objectness: 0.0156 loss_rpn_box_reg: 0.0135
epoch 14 [ 1700/2852] lr: 1.50e-05 loss: 10.2018 loss_classifier: 0.0789 loss_box_reg: 0.1321 loss_reid: 9.9617 loss_objectness: 0.0156 loss_rpn_box_reg: 0.0135
epoch 14 [ 1800/2852] lr: 1.50e-05 loss: 10.1647 loss_classifier: 0.0789 loss_box_reg: 0.1324 loss_reid: 9.9243 loss_objectness: 0.0156 loss_rpn_box_reg: 0.0135
epoch 14 [ 1900/2852] lr: 1.50e-05 loss: 10.1344 loss_classifier: 0.0789 loss_box_reg: 0.1322 loss_reid: 9.8943 loss_objectness: 0.0156 loss_rpn_box_reg: 0.0134
epoch 14 [ 2000/2852] lr: 1.50e-05 loss: 10.0025 loss_classifier: 0.0790 loss_box_reg: 0.1324 loss_reid: 9.7621 loss_objectness: 0.0155 loss_rpn_box_reg: 0.0135
epoch 14 [ 2100/2852] lr: 1.50e-05 loss: 9.9623 loss_classifier: 0.0791 loss_box_reg: 0.1328 loss_reid: 9.7214 loss_objectness: 0.0155 loss_rpn_box_reg: 0.0135
epoch 14 [ 2200/2852] lr: 1.50e-05 loss: 10.0705 loss_classifier: 0.0792 loss_box_reg: 0.1329 loss_reid: 9.8294 loss_objectness: 0.0156 loss_rpn_box_reg: 0.0135
epoch 14 [ 2300/2852] lr: 1.50e-05 loss: 10.0568 loss_classifier: 0.0790 loss_box_reg: 0.1326 loss_reid: 9.8162 loss_objectness: 0.0156 loss_rpn_box_reg: 0.0134
epoch 14 [ 2400/2852] lr: 1.50e-05 loss: 10.1478 loss_classifier: 0.0788 loss_box_reg: 0.1323 loss_reid: 9.9078 loss_objectness: 0.0155 loss_rpn_box_reg: 0.0134
epoch 14 [ 2500/2852] lr: 1.50e-05 loss: 10.1173 loss_classifier: 0.0789 loss_box_reg: 0.1324 loss_reid: 9.8772 loss_objectness: 0.0154 loss_rpn_box_reg: 0.0134
epoch 14 [ 2600/2852] lr: 1.50e-05 loss: 10.0955 loss_classifier: 0.0789 loss_box_reg: 0.1325 loss_reid: 9.8553 loss_objectness: 0.0154 loss_rpn_box_reg: 0.0134
epoch 14 [ 2700/2852] lr: 1.50e-05 loss: 10.0402 loss_classifier: 0.0789 loss_box_reg: 0.1327 loss_reid: 9.7997 loss_objectness: 0.0154 loss_rpn_box_reg: 0.0134
epoch 14 [ 2800/2852] lr: 1.50e-05 loss: 9.9737 loss_classifier: 0.0790 loss_box_reg: 0.1327 loss_reid: 9.7331 loss_objectness: 0.0154 loss_rpn_box_reg: 0.0134
epoch 14 done in 20.0 min
epoch 15 [    0/2852] lr: 1.50e-05 loss: 21.8215 loss_classifier: 0.0747 loss_box_reg: 0.0796 loss_reid: 21.6312 loss_objectness: 0.0156 loss_rpn_box_reg: 0.0204
epoch 15 [  100/2852] lr: 1.50e-05 loss: 8.6829 loss_classifier: 0.0804 loss_box_reg: 0.1400 loss_reid: 8.4336 loss_objectness: 0.0151 loss_rpn_box_reg: 0.0138
epoch 15 [  200/2852] lr: 1.50e-05 loss: 10.2481 loss_classifier: 0.0789 loss_box_reg: 0.1353 loss_reid: 10.0053 loss_objectness: 0.0151 loss_rpn_box_reg: 0.0134
epoch 15 [  300/2852] lr: 1.50e-05 loss: 10.0761 loss_classifier: 0.0798 loss_box_reg: 0.1348 loss_reid: 9.8328 loss_objectness: 0.0157 loss_rpn_box_reg: 0.0130
epoch 15 [  400/2852] lr: 1.50e-05 loss: 10.0346 loss_classifier: 0.0792 loss_box_reg: 0.1327 loss_reid: 9.7945 loss_objectness: 0.0153 loss_rpn_box_reg: 0.0129
epoch 15 [  500/2852] lr: 1.50e-05 loss: 9.8131 loss_classifier: 0.0793 loss_box_reg: 0.1341 loss_reid: 9.5709 loss_objectness: 0.0156 loss_rpn_box_reg: 0.0133
epoch 15 [  600/2852] lr: 1.50e-05 loss: 9.5914 loss_classifier: 0.0801 loss_box_reg: 0.1360 loss_reid: 9.3459 loss_objectness: 0.0157 loss_rpn_box_reg: 0.0137
epoch 15 [  700/2852] lr: 1.50e-05 loss: 9.6512 loss_classifier: 0.0796 loss_box_reg: 0.1337 loss_reid: 9.4092 loss_objectness: 0.0153 loss_rpn_box_reg: 0.0135
epoch 15 [  800/2852] lr: 1.50e-05 loss: 9.8785 loss_classifier: 0.0790 loss_box_reg: 0.1322 loss_reid: 9.6390 loss_objectness: 0.0150 loss_rpn_box_reg: 0.0133
epoch 15 [  900/2852] lr: 1.50e-05 loss: 9.9232 loss_classifier: 0.0789 loss_box_reg: 0.1318 loss_reid: 9.6846 loss_objectness: 0.0148 loss_rpn_box_reg: 0.0133
epoch 15 [ 1000/2852] lr: 1.50e-05 loss: 10.0289 loss_classifier: 0.0791 loss_box_reg: 0.1326 loss_reid: 9.7888 loss_objectness: 0.0150 loss_rpn_box_reg: 0.0134
epoch 15 [ 1100/2852] lr: 1.50e-05 loss: 10.0690 loss_classifier: 0.0792 loss_box_reg: 0.1325 loss_reid: 9.8290 loss_objectness: 0.0150 loss_rpn_box_reg: 0.0133
epoch 15 [ 1200/2852] lr: 1.50e-05 loss: 10.0808 loss_classifier: 0.0792 loss_box_reg: 0.1325 loss_reid: 9.8405 loss_objectness: 0.0151 loss_rpn_box_reg: 0.0134
epoch 15 [ 1300/2852] lr: 1.50e-05 loss: 10.0192 loss_classifier: 0.0792 loss_box_reg: 0.1323 loss_reid: 9.7792 loss_objectness: 0.0151 loss_rpn_box_reg: 0.0134
epoch 15 [ 1400/2852] lr: 1.50e-05 loss: 10.0432 loss_classifier: 0.0793 loss_box_reg: 0.1325 loss_reid: 9.8027 loss_objectness: 0.0152 loss_rpn_box_reg: 0.0134
epoch 15 [ 1500/2852] lr: 1.50e-05 loss: 9.9057 loss_classifier: 0.0794 loss_box_reg: 0.1326 loss_reid: 9.6650 loss_objectness: 0.0153 loss_rpn_box_reg: 0.0134
epoch 15 [ 1600/2852] lr: 1.50e-05 loss: 9.9921 loss_classifier: 0.0793 loss_box_reg: 0.1326 loss_reid: 9.7515 loss_objectness: 0.0153 loss_rpn_box_reg: 0.0134
epoch 15 [ 1700/2852] lr: 1.50e-05 loss: 9.9556 loss_classifier: 0.0795 loss_box_reg: 0.1330 loss_reid: 9.7145 loss_objectness: 0.0153 loss_rpn_box_reg: 0.0134
epoch 15 [ 1800/2852] lr: 1.50e-05 loss: 9.9107 loss_classifier: 0.0797 loss_box_reg: 0.1333 loss_reid: 9.6689 loss_objectness: 0.0153 loss_rpn_box_reg: 0.0134
epoch 15 [ 1900/2852] lr: 1.50e-05 loss: 9.9333 loss_classifier: 0.0797 loss_box_reg: 0.1334 loss_reid: 9.6914 loss_objectness: 0.0153 loss_rpn_box_reg: 0.0135
epoch 15 [ 2000/2852] lr: 1.50e-05 loss: 9.9439 loss_classifier: 0.0795 loss_box_reg: 0.1333 loss_reid: 9.7023 loss_objectness: 0.0153 loss_rpn_box_reg: 0.0135
epoch 15 [ 2100/2852] lr: 1.50e-05 loss: 9.8792 loss_classifier: 0.0793 loss_box_reg: 0.1332 loss_reid: 9.6380 loss_objectness: 0.0152 loss_rpn_box_reg: 0.0134
epoch 15 [ 2200/2852] lr: 1.50e-05 loss: 9.8211 loss_classifier: 0.0792 loss_box_reg: 0.1331 loss_reid: 9.5802 loss_objectness: 0.0152 loss_rpn_box_reg: 0.0134
epoch 15 [ 2300/2852] lr: 1.50e-05 loss: 9.8148 loss_classifier: 0.0793 loss_box_reg: 0.1331 loss_reid: 9.5738 loss_objectness: 0.0152 loss_rpn_box_reg: 0.0134
epoch 15 [ 2400/2852] lr: 1.50e-05 loss: 9.8646 loss_classifier: 0.0793 loss_box_reg: 0.1332 loss_reid: 9.6234 loss_objectness: 0.0153 loss_rpn_box_reg: 0.0134
epoch 15 [ 2500/2852] lr: 1.50e-05 loss: 9.8644 loss_classifier: 0.0793 loss_box_reg: 0.1333 loss_reid: 9.6231 loss_objectness: 0.0153 loss_rpn_box_reg: 0.0134
epoch 15 [ 2600/2852] lr: 1.50e-05 loss: 9.7657 loss_classifier: 0.0794 loss_box_reg: 0.1336 loss_reid: 9.5239 loss_objectness: 0.0153 loss_rpn_box_reg: 0.0134
epoch 15 [ 2700/2852] lr: 1.50e-05 loss: 9.7285 loss_classifier: 0.0796 loss_box_reg: 0.1340 loss_reid: 9.4861 loss_objectness: 0.0153 loss_rpn_box_reg: 0.0135
epoch 15 [ 2800/2852] lr: 1.50e-05 loss: 9.8030 loss_classifier: 0.0796 loss_box_reg: 0.1338 loss_reid: 9.5610 loss_objectness: 0.0152 loss_rpn_box_reg: 0.0134
epoch 15 done in 19.7 min
search ranking:
  mAP = 41.30%
  top- 1 = 78.80%
