train: 5704 images, 483 identities
/home/acapialbi/ml4cv-exam-project/src/engine.py:52: UserWarning: Detected call of `lr_scheduler.step()` before `optimizer.step()`. In PyTorch 1.1.0 and later, you should call them in the opposite order: `optimizer.step()` before `lr_scheduler.step()`.  Failure to do this will result in PyTorch skipping the first value of the learning rate schedule. See more details at https://pytorch.org/docs/stable/optim.html#how-to-adjust-learning-rate
  warmup.step()
epoch 0 [    0/2852] lr: 3.00e-06 loss: 8.4073 loss_classifier: 0.7961 loss_box_reg: 0.0161 loss_reid: 6.8906 loss_objectness: 0.6929 loss_rpn_box_reg: 0.0116
epoch 0 [  100/2852] lr: 1.53e-04 loss: 19.9216 loss_classifier: 0.3643 loss_box_reg: 0.0405 loss_reid: 18.8281 loss_objectness: 0.6634 loss_rpn_box_reg: 0.0254
epoch 0 [  200/2852] lr: 3.03e-04 loss: 18.0519 loss_classifier: 0.2997 loss_box_reg: 0.0462 loss_reid: 17.0721 loss_objectness: 0.6069 loss_rpn_box_reg: 0.0270
epoch 0 [  300/2852] lr: 4.53e-04 loss: 16.3565 loss_classifier: 0.2496 loss_box_reg: 0.0435 loss_reid: 15.4844 loss_objectness: 0.5501 loss_rpn_box_reg: 0.0289
epoch 0 [  400/2852] lr: 6.02e-04 loss: 15.2926 loss_classifier: 0.2120 loss_box_reg: 0.0392 loss_reid: 14.5214 loss_objectness: 0.4913 loss_rpn_box_reg: 0.0287
epoch 0 [  500/2852] lr: 7.52e-04 loss: 14.5354 loss_classifier: 0.1864 loss_box_reg: 0.0369 loss_reid: 13.8431 loss_objectness: 0.4399 loss_rpn_box_reg: 0.0291
epoch 0 [  600/2852] lr: 9.02e-04 loss: 14.0211 loss_classifier: 0.1694 loss_box_reg: 0.0378 loss_reid: 13.3877 loss_objectness: 0.3969 loss_rpn_box_reg: 0.0294
epoch 0 [  700/2852] lr: 1.05e-03 loss: 13.7045 loss_classifier: 0.1591 loss_box_reg: 0.0415 loss_reid: 13.1134 loss_objectness: 0.3609 loss_rpn_box_reg: 0.0296
epoch 0 [  800/2852] lr: 1.20e-03 loss: 13.4675 loss_classifier: 0.1554 loss_box_reg: 0.0512 loss_reid: 12.8987 loss_objectness: 0.3321 loss_rpn_box_reg: 0.0301
epoch 0 [  900/2852] lr: 1.35e-03 loss: 13.2578 loss_classifier: 0.1532 loss_box_reg: 0.0614 loss_reid: 12.7054 loss_objectness: 0.3074 loss_rpn_box_reg: 0.0304
epoch 0 [ 1000/2852] lr: 1.50e-03 loss: 13.1712 loss_classifier: 0.1526 loss_box_reg: 0.0720 loss_reid: 12.6295 loss_objectness: 0.2863 loss_rpn_box_reg: 0.0309
epoch 0 [ 1100/2852] lr: 1.50e-03 loss: 13.0734 loss_classifier: 0.1510 loss_box_reg: 0.0810 loss_reid: 12.5429 loss_objectness: 0.2673 loss_rpn_box_reg: 0.0312
epoch 0 [ 1200/2852] lr: 1.50e-03 loss: 12.9772 loss_classifier: 0.1488 loss_box_reg: 0.0890 loss_reid: 12.4576 loss_objectness: 0.2505 loss_rpn_box_reg: 0.0312
epoch 0 [ 1300/2852] lr: 1.50e-03 loss: 12.8632 loss_classifier: 0.1467 loss_box_reg: 0.0957 loss_reid: 12.3537 loss_objectness: 0.2361 loss_rpn_box_reg: 0.0310
epoch 0 [ 1400/2852] lr: 1.50e-03 loss: 12.7678 loss_classifier: 0.1443 loss_box_reg: 0.1008 loss_reid: 12.2688 loss_objectness: 0.2233 loss_rpn_box_reg: 0.0306
epoch 0 [ 1500/2852] lr: 1.50e-03 loss: 12.6767 loss_classifier: 0.1425 loss_box_reg: 0.1057 loss_reid: 12.1864 loss_objectness: 0.2118 loss_rpn_box_reg: 0.0303
epoch 0 [ 1600/2852] lr: 1.50e-03 loss: 12.5668 loss_classifier: 0.1402 loss_box_reg: 0.1097 loss_reid: 12.0855 loss_objectness: 0.2016 loss_rpn_box_reg: 0.0299
epoch 0 [ 1700/2852] lr: 1.50e-03 loss: 12.4695 loss_classifier: 0.1382 loss_box_reg: 0.1133 loss_reid: 11.9955 loss_objectness: 0.1928 loss_rpn_box_reg: 0.0296
epoch 0 [ 1800/2852] lr: 1.50e-03 loss: 12.3913 loss_classifier: 0.1360 loss_box_reg: 0.1156 loss_reid: 11.9257 loss_objectness: 0.1848 loss_rpn_box_reg: 0.0292
epoch 0 [ 1900/2852] lr: 1.50e-03 loss: 12.2899 loss_classifier: 0.1348 loss_box_reg: 0.1190 loss_reid: 11.8294 loss_objectness: 0.1777 loss_rpn_box_reg: 0.0289
epoch 0 [ 2000/2852] lr: 1.50e-03 loss: 12.1424 loss_classifier: 0.1331 loss_box_reg: 0.1214 loss_reid: 11.6884 loss_objectness: 0.1708 loss_rpn_box_reg: 0.0287
epoch 0 [ 2100/2852] lr: 1.50e-03 loss: 12.0348 loss_classifier: 0.1317 loss_box_reg: 0.1238 loss_reid: 11.5866 loss_objectness: 0.1643 loss_rpn_box_reg: 0.0284
epoch 0 [ 2200/2852] lr: 1.50e-03 loss: 11.9109 loss_classifier: 0.1303 loss_box_reg: 0.1264 loss_reid: 11.4677 loss_objectness: 0.1585 loss_rpn_box_reg: 0.0281
epoch 0 [ 2300/2852] lr: 1.50e-03 loss: 11.7952 loss_classifier: 0.1287 loss_box_reg: 0.1280 loss_reid: 11.3577 loss_objectness: 0.1531 loss_rpn_box_reg: 0.0278
epoch 0 [ 2400/2852] lr: 1.50e-03 loss: 11.6875 loss_classifier: 0.1273 loss_box_reg: 0.1293 loss_reid: 11.2553 loss_objectness: 0.1482 loss_rpn_box_reg: 0.0275
epoch 0 [ 2500/2852] lr: 1.50e-03 loss: 11.5781 loss_classifier: 0.1261 loss_box_reg: 0.1309 loss_reid: 11.1507 loss_objectness: 0.1433 loss_rpn_box_reg: 0.0271
epoch 0 [ 2600/2852] lr: 1.50e-03 loss: 11.4988 loss_classifier: 0.1252 loss_box_reg: 0.1324 loss_reid: 11.0756 loss_objectness: 0.1389 loss_rpn_box_reg: 0.0268
epoch 0 [ 2700/2852] lr: 1.50e-03 loss: 11.4250 loss_classifier: 0.1240 loss_box_reg: 0.1331 loss_reid: 11.0068 loss_objectness: 0.1346 loss_rpn_box_reg: 0.0265
epoch 0 [ 2800/2852] lr: 1.50e-03 loss: 11.3435 loss_classifier: 0.1231 loss_box_reg: 0.1342 loss_reid: 10.9291 loss_objectness: 0.1308 loss_rpn_box_reg: 0.0263
epoch 0 done in 48.9 min
Loss is nan, stopping training
{'loss_classifier': tensor(0.0418, device='cuda:0', grad_fn=<NllLossBackward0>), 'loss_box_reg': tensor(0.0694, device='cuda:0', grad_fn=<DivBackward0>), 'loss_reid': tensor(nan, device='cuda:0', grad_fn=<NllLossBackward0>), 'loss_objectness': tensor(0.0098, device='cuda:0',
       grad_fn=<BinaryCrossEntropyWithLogitsBackward0>), 'loss_rpn_box_reg': tensor(0.0032, device='cuda:0', grad_fn=<DivBackward0>)}
epoch 1 [    0/2852] lr: 1.50e-03 loss: 8.6308 loss_classifier: 0.1460 loss_box_reg: 0.2546 loss_reid: 8.1979 loss_objectness: 0.0202 loss_rpn_box_reg: 0.0122
epoch 1 [  100/2852] lr: 1.50e-03 loss: 8.5451 loss_classifier: 0.0912 loss_box_reg: 0.1667 loss_reid: 8.2461 loss_objectness: 0.0236 loss_rpn_box_reg: 0.0175
epoch 1 [  200/2852] lr: 1.50e-03 loss: 8.3302 loss_classifier: 0.0962 loss_box_reg: 0.1737 loss_reid: 8.0180 loss_objectness: 0.0242 loss_rpn_box_reg: 0.0182
epoch 1 [  300/2852] lr: 1.50e-03 loss: 8.3020 loss_classifier: 0.0953 loss_box_reg: 0.1699 loss_reid: 7.9954 loss_objectness: 0.0237 loss_rpn_box_reg: 0.0178
epoch 1 [  400/2852] lr: 1.50e-03 loss: 8.3124 loss_classifier: 0.0945 loss_box_reg: 0.1682 loss_reid: 8.0085 loss_objectness: 0.0237 loss_rpn_box_reg: 0.0175
epoch 1 [  500/2852] lr: 1.50e-03 loss: 8.3259 loss_classifier: 0.0963 loss_box_reg: 0.1708 loss_reid: 8.0178 loss_objectness: 0.0235 loss_rpn_box_reg: 0.0176
epoch 1 [  600/2852] lr: 1.50e-03 loss: 8.2611 loss_classifier: 0.0957 loss_box_reg: 0.1701 loss_reid: 7.9551 loss_objectness: 0.0230 loss_rpn_box_reg: 0.0172
epoch 1 [  700/2852] lr: 1.50e-03 loss: 8.2452 loss_classifier: 0.0957 loss_box_reg: 0.1702 loss_reid: 7.9392 loss_objectness: 0.0230 loss_rpn_box_reg: 0.0171
epoch 1 [  800/2852] lr: 1.50e-03 loss: 8.2047 loss_classifier: 0.0959 loss_box_reg: 0.1707 loss_reid: 7.8985 loss_objectness: 0.0228 loss_rpn_box_reg: 0.0169
epoch 1 [  900/2852] lr: 1.50e-03 loss: 8.1985 loss_classifier: 0.0961 loss_box_reg: 0.1702 loss_reid: 7.8925 loss_objectness: 0.0229 loss_rpn_box_reg: 0.0169
epoch 1 [ 1000/2852] lr: 1.50e-03 loss: 8.1935 loss_classifier: 0.0963 loss_box_reg: 0.1702 loss_reid: 7.8875 loss_objectness: 0.0227 loss_rpn_box_reg: 0.0168
epoch 1 [ 1100/2852] lr: 1.50e-03 loss: 8.1416 loss_classifier: 0.0961 loss_box_reg: 0.1697 loss_reid: 7.8370 loss_objectness: 0.0222 loss_rpn_box_reg: 0.0166
epoch 1 [ 1200/2852] lr: 1.50e-03 loss: 8.0663 loss_classifier: 0.0960 loss_box_reg: 0.1704 loss_reid: 7.7613 loss_objectness: 0.0220 loss_rpn_box_reg: 0.0166
epoch 1 [ 1300/2852] lr: 1.50e-03 loss: 8.0006 loss_classifier: 0.0963 loss_box_reg: 0.1715 loss_reid: 7.6943 loss_objectness: 0.0219 loss_rpn_box_reg: 0.0165
epoch 1 [ 1400/2852] lr: 1.50e-03 loss: 7.9573 loss_classifier: 0.0962 loss_box_reg: 0.1719 loss_reid: 7.6511 loss_objectness: 0.0215 loss_rpn_box_reg: 0.0165
epoch 1 [ 1500/2852] lr: 1.50e-03 loss: 7.9043 loss_classifier: 0.0959 loss_box_reg: 0.1712 loss_reid: 7.5996 loss_objectness: 0.0213 loss_rpn_box_reg: 0.0163
train: 5704 images, 483 identities
Resumed from checkpoints/baseline/last.pt, starting at epoch 1
epoch 1 [    0/2852] lr: 1.50e-03 loss: 14.3949 loss_classifier: 0.0944 loss_box_reg: 0.1690 loss_reid: 14.1071 loss_objectness: 0.0171 loss_rpn_box_reg: 0.0073
epoch 1 [  100/2852] lr: 1.50e-03 loss: 8.9060 loss_classifier: 0.0952 loss_box_reg: 0.1676 loss_reid: 8.5979 loss_objectness: 0.0267 loss_rpn_box_reg: 0.0186
epoch 1 [  200/2852] lr: 1.50e-03 loss: 8.8682 loss_classifier: 0.0972 loss_box_reg: 0.1706 loss_reid: 8.5549 loss_objectness: 0.0267 loss_rpn_box_reg: 0.0188
epoch 1 [  300/2852] lr: 1.50e-03 loss: 8.6154 loss_classifier: 0.0986 loss_box_reg: 0.1745 loss_reid: 8.2958 loss_objectness: 0.0277 loss_rpn_box_reg: 0.0188
epoch 1 [  400/2852] lr: 1.50e-03 loss: 8.7182 loss_classifier: 0.0966 loss_box_reg: 0.1697 loss_reid: 8.4069 loss_objectness: 0.0270 loss_rpn_box_reg: 0.0180
epoch 1 [  500/2852] lr: 1.50e-03 loss: 8.6778 loss_classifier: 0.0962 loss_box_reg: 0.1688 loss_reid: 8.3692 loss_objectness: 0.0262 loss_rpn_box_reg: 0.0176
epoch 1 [  600/2852] lr: 1.50e-03 loss: 8.6368 loss_classifier: 0.0954 loss_box_reg: 0.1677 loss_reid: 8.3306 loss_objectness: 0.0257 loss_rpn_box_reg: 0.0173
epoch 1 [  700/2852] lr: 1.50e-03 loss: 8.5839 loss_classifier: 0.0951 loss_box_reg: 0.1673 loss_reid: 8.2794 loss_objectness: 0.0251 loss_rpn_box_reg: 0.0171
epoch 1 [  800/2852] lr: 1.50e-03 loss: 8.5488 loss_classifier: 0.0952 loss_box_reg: 0.1677 loss_reid: 8.2436 loss_objectness: 0.0252 loss_rpn_box_reg: 0.0171
epoch 1 [  900/2852] lr: 1.50e-03 loss: 8.4524 loss_classifier: 0.0949 loss_box_reg: 0.1681 loss_reid: 8.1478 loss_objectness: 0.0246 loss_rpn_box_reg: 0.0170
epoch 1 [ 1000/2852] lr: 1.50e-03 loss: 8.3996 loss_classifier: 0.0949 loss_box_reg: 0.1688 loss_reid: 8.0947 loss_objectness: 0.0242 loss_rpn_box_reg: 0.0170
epoch 1 [ 1100/2852] lr: 1.50e-03 loss: 8.3284 loss_classifier: 0.0943 loss_box_reg: 0.1688 loss_reid: 8.0247 loss_objectness: 0.0238 loss_rpn_box_reg: 0.0168
epoch 1 [ 1200/2852] lr: 1.50e-03 loss: 8.2508 loss_classifier: 0.0940 loss_box_reg: 0.1695 loss_reid: 7.9472 loss_objectness: 0.0233 loss_rpn_box_reg: 0.0168
epoch 1 [ 1300/2852] lr: 1.50e-03 loss: 8.2194 loss_classifier: 0.0941 loss_box_reg: 0.1699 loss_reid: 7.9159 loss_objectness: 0.0229 loss_rpn_box_reg: 0.0166
epoch 1 [ 1400/2852] lr: 1.50e-03 loss: 8.1678 loss_classifier: 0.0939 loss_box_reg: 0.1695 loss_reid: 7.8656 loss_objectness: 0.0225 loss_rpn_box_reg: 0.0163
epoch 1 [ 1500/2852] lr: 1.50e-03 loss: 8.1391 loss_classifier: 0.0938 loss_box_reg: 0.1694 loss_reid: 7.8375 loss_objectness: 0.0221 loss_rpn_box_reg: 0.0162
epoch 1 [ 1600/2852] lr: 1.50e-03 loss: 8.0873 loss_classifier: 0.0939 loss_box_reg: 0.1696 loss_reid: 7.7859 loss_objectness: 0.0218 loss_rpn_box_reg: 0.0160
epoch 1 [ 1700/2852] lr: 1.50e-03 loss: 8.0540 loss_classifier: 0.0938 loss_box_reg: 0.1694 loss_reid: 7.7533 loss_objectness: 0.0215 loss_rpn_box_reg: 0.0159
epoch 1 [ 1800/2852] lr: 1.50e-03 loss: 8.0114 loss_classifier: 0.0938 loss_box_reg: 0.1694 loss_reid: 7.7114 loss_objectness: 0.0211 loss_rpn_box_reg: 0.0158
epoch 1 [ 1900/2852] lr: 1.50e-03 loss: 7.9693 loss_classifier: 0.0941 loss_box_reg: 0.1699 loss_reid: 7.6687 loss_objectness: 0.0209 loss_rpn_box_reg: 0.0158
epoch 1 [ 2000/2852] lr: 1.50e-03 loss: 7.8957 loss_classifier: 0.0940 loss_box_reg: 0.1701 loss_reid: 7.5955 loss_objectness: 0.0205 loss_rpn_box_reg: 0.0157
epoch 1 [ 2100/2852] lr: 1.50e-03 loss: 7.8347 loss_classifier: 0.0939 loss_box_reg: 0.1705 loss_reid: 7.5345 loss_objectness: 0.0202 loss_rpn_box_reg: 0.0156
epoch 1 [ 2200/2852] lr: 1.50e-03 loss: 7.7818 loss_classifier: 0.0939 loss_box_reg: 0.1709 loss_reid: 7.4814 loss_objectness: 0.0201 loss_rpn_box_reg: 0.0155
epoch 1 [ 2300/2852] lr: 1.50e-03 loss: 7.7178 loss_classifier: 0.0940 loss_box_reg: 0.1709 loss_reid: 7.4176 loss_objectness: 0.0199 loss_rpn_box_reg: 0.0155
epoch 1 [ 2400/2852] lr: 1.50e-03 loss: 7.6609 loss_classifier: 0.0940 loss_box_reg: 0.1707 loss_reid: 7.3613 loss_objectness: 0.0197 loss_rpn_box_reg: 0.0153
epoch 1 [ 2500/2852] lr: 1.50e-03 loss: 7.6028 loss_classifier: 0.0940 loss_box_reg: 0.1712 loss_reid: 7.3030 loss_objectness: 0.0193 loss_rpn_box_reg: 0.0152
epoch 1 [ 2600/2852] lr: 1.50e-03 loss: 7.5596 loss_classifier: 0.0939 loss_box_reg: 0.1709 loss_reid: 7.2605 loss_objectness: 0.0191 loss_rpn_box_reg: 0.0151
epoch 1 [ 2700/2852] lr: 1.50e-03 loss: 7.5337 loss_classifier: 0.0939 loss_box_reg: 0.1706 loss_reid: 7.2353 loss_objectness: 0.0189 loss_rpn_box_reg: 0.0151
epoch 1 [ 2800/2852] lr: 1.50e-03 loss: 7.4959 loss_classifier: 0.0940 loss_box_reg: 0.1709 loss_reid: 7.1972 loss_objectness: 0.0188 loss_rpn_box_reg: 0.0150
epoch 1 done in 59.0 min
Loss is nan, stopping training
{'loss_classifier': tensor(0.0577, device='cuda:0', grad_fn=<NllLossBackward0>), 'loss_box_reg': tensor(0.0742, device='cuda:0', grad_fn=<DivBackward0>), 'loss_reid': tensor(nan, device='cuda:0', grad_fn=<NllLossBackward0>), 'loss_objectness': tensor(0.0028, device='cuda:0',
       grad_fn=<BinaryCrossEntropyWithLogitsBackward0>), 'loss_rpn_box_reg': tensor(0.0036, device='cuda:0', grad_fn=<DivBackward0>)}
epoch 2 [    0/2852] lr: 1.50e-03 loss: 5.6561 loss_classifier: 0.1682 loss_box_reg: 0.2645 loss_reid: 5.2049 loss_objectness: 0.0106 loss_rpn_box_reg: 0.0078
epoch 2 [  100/2852] lr: 1.50e-03 loss: 6.2892 loss_classifier: 0.0906 loss_box_reg: 0.1787 loss_reid: 5.9920 loss_objectness: 0.0151 loss_rpn_box_reg: 0.0129
epoch 2 [  200/2852] lr: 1.50e-03 loss: 6.2036 loss_classifier: 0.0939 loss_box_reg: 0.1823 loss_reid: 5.8997 loss_objectness: 0.0145 loss_rpn_box_reg: 0.0132
epoch 2 [  300/2852] lr: 1.50e-03 loss: 6.2228 loss_classifier: 0.0945 loss_box_reg: 0.1807 loss_reid: 5.9207 loss_objectness: 0.0139 loss_rpn_box_reg: 0.0129
epoch 2 [  400/2852] lr: 1.50e-03 loss: 6.2396 loss_classifier: 0.0939 loss_box_reg: 0.1775 loss_reid: 5.9416 loss_objectness: 0.0137 loss_rpn_box_reg: 0.0129
epoch 2 [  500/2852] lr: 1.50e-03 loss: 6.2680 loss_classifier: 0.0952 loss_box_reg: 0.1810 loss_reid: 5.9650 loss_objectness: 0.0138 loss_rpn_box_reg: 0.0131
epoch 2 [  600/2852] lr: 1.50e-03 loss: 6.2221 loss_classifier: 0.0940 loss_box_reg: 0.1790 loss_reid: 5.9229 loss_objectness: 0.0133 loss_rpn_box_reg: 0.0130
epoch 2 [  700/2852] lr: 1.50e-03 loss: 6.1735 loss_classifier: 0.0939 loss_box_reg: 0.1776 loss_reid: 5.8759 loss_objectness: 0.0132 loss_rpn_box_reg: 0.0129
epoch 2 [  800/2852] lr: 1.50e-03 loss: 6.1892 loss_classifier: 0.0931 loss_box_reg: 0.1763 loss_reid: 5.8939 loss_objectness: 0.0130 loss_rpn_box_reg: 0.0128
epoch 2 [  900/2852] lr: 1.50e-03 loss: 6.2186 loss_classifier: 0.0934 loss_box_reg: 0.1762 loss_reid: 5.9231 loss_objectness: 0.0130 loss_rpn_box_reg: 0.0128
epoch 2 [ 1000/2852] lr: 1.50e-03 loss: 6.2346 loss_classifier: 0.0941 loss_box_reg: 0.1772 loss_reid: 5.9375 loss_objectness: 0.0130 loss_rpn_box_reg: 0.0128
epoch 2 [ 1100/2852] lr: 1.50e-03 loss: 6.2058 loss_classifier: 0.0932 loss_box_reg: 0.1755 loss_reid: 5.9115 loss_objectness: 0.0128 loss_rpn_box_reg: 0.0127
epoch 2 [ 1200/2852] lr: 1.50e-03 loss: 6.1444 loss_classifier: 0.0929 loss_box_reg: 0.1753 loss_reid: 5.8508 loss_objectness: 0.0127 loss_rpn_box_reg: 0.0128
epoch 2 [ 1300/2852] lr: 1.50e-03 loss: 6.0959 loss_classifier: 0.0932 loss_box_reg: 0.1764 loss_reid: 5.8007 loss_objectness: 0.0127 loss_rpn_box_reg: 0.0128
epoch 2 [ 1400/2852] lr: 1.50e-03 loss: 6.0780 loss_classifier: 0.0930 loss_box_reg: 0.1767 loss_reid: 5.7828 loss_objectness: 0.0126 loss_rpn_box_reg: 0.0129
epoch 2 [ 1500/2852] lr: 1.50e-03 loss: 6.0487 loss_classifier: 0.0927 loss_box_reg: 0.1759 loss_reid: 5.7547 loss_objectness: 0.0126 loss_rpn_box_reg: 0.0128
train: 5704 images, 483 identities
Resumed from checkpoints/baseline/last.pt, starting at epoch 2
epoch 2 [    0/2852] lr: 1.50e-03 loss: 12.7763 loss_classifier: 0.1085 loss_box_reg: 0.1855 loss_reid: 12.4625 loss_objectness: 0.0107 loss_rpn_box_reg: 0.0091
epoch 2 [  100/2852] lr: 1.50e-03 loss: 6.1286 loss_classifier: 0.0919 loss_box_reg: 0.1676 loss_reid: 5.8426 loss_objectness: 0.0135 loss_rpn_box_reg: 0.0130
epoch 2 [  200/2852] lr: 1.50e-03 loss: 6.4096 loss_classifier: 0.0962 loss_box_reg: 0.1777 loss_reid: 6.1088 loss_objectness: 0.0135 loss_rpn_box_reg: 0.0135
epoch 2 [  300/2852] lr: 1.50e-03 loss: 6.2052 loss_classifier: 0.0978 loss_box_reg: 0.1826 loss_reid: 5.8975 loss_objectness: 0.0138 loss_rpn_box_reg: 0.0136
epoch 2 [  400/2852] lr: 1.50e-03 loss: 6.2382 loss_classifier: 0.0958 loss_box_reg: 0.1792 loss_reid: 5.9366 loss_objectness: 0.0136 loss_rpn_box_reg: 0.0131
epoch 2 [  500/2852] lr: 1.50e-03 loss: 6.1914 loss_classifier: 0.0965 loss_box_reg: 0.1797 loss_reid: 5.8888 loss_objectness: 0.0136 loss_rpn_box_reg: 0.0128
epoch 2 [  600/2852] lr: 1.50e-03 loss: 6.1520 loss_classifier: 0.0958 loss_box_reg: 0.1782 loss_reid: 5.8515 loss_objectness: 0.0136 loss_rpn_box_reg: 0.0129
epoch 2 [  700/2852] lr: 1.50e-03 loss: 6.1344 loss_classifier: 0.0958 loss_box_reg: 0.1769 loss_reid: 5.8351 loss_objectness: 0.0138 loss_rpn_box_reg: 0.0128
epoch 2 [  800/2852] lr: 1.50e-03 loss: 6.1251 loss_classifier: 0.0961 loss_box_reg: 0.1779 loss_reid: 5.8242 loss_objectness: 0.0139 loss_rpn_box_reg: 0.0130
epoch 2 [  900/2852] lr: 1.50e-03 loss: 6.0384 loss_classifier: 0.0956 loss_box_reg: 0.1780 loss_reid: 5.7378 loss_objectness: 0.0138 loss_rpn_box_reg: 0.0131
epoch 2 [ 1000/2852] lr: 1.50e-03 loss: 6.0255 loss_classifier: 0.0958 loss_box_reg: 0.1790 loss_reid: 5.7238 loss_objectness: 0.0137 loss_rpn_box_reg: 0.0132
epoch 2 [ 1100/2852] lr: 1.50e-03 loss: 5.9699 loss_classifier: 0.0950 loss_box_reg: 0.1784 loss_reid: 5.6698 loss_objectness: 0.0135 loss_rpn_box_reg: 0.0131
epoch 2 [ 1200/2852] lr: 1.50e-03 loss: 5.9176 loss_classifier: 0.0946 loss_box_reg: 0.1790 loss_reid: 5.6173 loss_objectness: 0.0134 loss_rpn_box_reg: 0.0132
epoch 2 [ 1300/2852] lr: 1.50e-03 loss: 5.8808 loss_classifier: 0.0945 loss_box_reg: 0.1785 loss_reid: 5.5812 loss_objectness: 0.0133 loss_rpn_box_reg: 0.0132
epoch 2 [ 1400/2852] lr: 1.50e-03 loss: 5.8541 loss_classifier: 0.0944 loss_box_reg: 0.1781 loss_reid: 5.5554 loss_objectness: 0.0132 loss_rpn_box_reg: 0.0131
epoch 2 [ 1500/2852] lr: 1.50e-03 loss: 5.8413 loss_classifier: 0.0942 loss_box_reg: 0.1782 loss_reid: 5.5429 loss_objectness: 0.0131 loss_rpn_box_reg: 0.0130
epoch 2 [ 1600/2852] lr: 1.50e-03 loss: 5.8258 loss_classifier: 0.0939 loss_box_reg: 0.1774 loss_reid: 5.5285 loss_objectness: 0.0130 loss_rpn_box_reg: 0.0130
epoch 2 [ 1700/2852] lr: 1.50e-03 loss: 5.8297 loss_classifier: 0.0939 loss_box_reg: 0.1772 loss_reid: 5.5328 loss_objectness: 0.0129 loss_rpn_box_reg: 0.0129
epoch 2 [ 1800/2852] lr: 1.50e-03 loss: 5.8151 loss_classifier: 0.0935 loss_box_reg: 0.1761 loss_reid: 5.5200 loss_objectness: 0.0127 loss_rpn_box_reg: 0.0129
epoch 2 [ 1900/2852] lr: 1.50e-03 loss: 5.8128 loss_classifier: 0.0938 loss_box_reg: 0.1768 loss_reid: 5.5167 loss_objectness: 0.0127 loss_rpn_box_reg: 0.0128
epoch 2 [ 2000/2852] lr: 1.50e-03 loss: 5.7669 loss_classifier: 0.0937 loss_box_reg: 0.1770 loss_reid: 5.4706 loss_objectness: 0.0127 loss_rpn_box_reg: 0.0129
epoch 2 [ 2100/2852] lr: 1.50e-03 loss: 5.7222 loss_classifier: 0.0936 loss_box_reg: 0.1769 loss_reid: 5.4262 loss_objectness: 0.0126 loss_rpn_box_reg: 0.0129
epoch 2 [ 2200/2852] lr: 1.50e-03 loss: 5.6960 loss_classifier: 0.0935 loss_box_reg: 0.1770 loss_reid: 5.4000 loss_objectness: 0.0126 loss_rpn_box_reg: 0.0128
epoch 2 [ 2300/2852] lr: 1.50e-03 loss: 5.6569 loss_classifier: 0.0934 loss_box_reg: 0.1765 loss_reid: 5.3618 loss_objectness: 0.0125 loss_rpn_box_reg: 0.0128
epoch 2 [ 2400/2852] lr: 1.50e-03 loss: 5.6374 loss_classifier: 0.0933 loss_box_reg: 0.1762 loss_reid: 5.3427 loss_objectness: 0.0124 loss_rpn_box_reg: 0.0127
epoch 2 [ 2500/2852] lr: 1.50e-03 loss: 5.6076 loss_classifier: 0.0933 loss_box_reg: 0.1763 loss_reid: 5.3130 loss_objectness: 0.0123 loss_rpn_box_reg: 0.0127
epoch 2 [ 2600/2852] lr: 1.50e-03 loss: 5.5815 loss_classifier: 0.0931 loss_box_reg: 0.1757 loss_reid: 5.2877 loss_objectness: 0.0122 loss_rpn_box_reg: 0.0127
epoch 2 [ 2700/2852] lr: 1.50e-03 loss: 5.5628 loss_classifier: 0.0929 loss_box_reg: 0.1750 loss_reid: 5.2702 loss_objectness: 0.0121 loss_rpn_box_reg: 0.0126
epoch 2 [ 2800/2852] lr: 1.50e-03 loss: 5.5462 loss_classifier: 0.0932 loss_box_reg: 0.1752 loss_reid: 5.2531 loss_objectness: 0.0121 loss_rpn_box_reg: 0.0126
epoch 2 done in 51.8 min
epoch 3 [    0/2852] lr: 1.50e-03 loss: 4.9656 loss_classifier: 0.1457 loss_box_reg: 0.2285 loss_reid: 4.5785 loss_objectness: 0.0056 loss_rpn_box_reg: 0.0074
epoch 3 [  100/2852] lr: 1.50e-03 loss: 4.8556 loss_classifier: 0.0899 loss_box_reg: 0.1705 loss_reid: 4.5733 loss_objectness: 0.0102 loss_rpn_box_reg: 0.0118
epoch 3 [  200/2852] lr: 1.50e-03 loss: 4.9228 loss_classifier: 0.0915 loss_box_reg: 0.1738 loss_reid: 4.6347 loss_objectness: 0.0105 loss_rpn_box_reg: 0.0122
epoch 3 [  300/2852] lr: 1.50e-03 loss: 4.8622 loss_classifier: 0.0925 loss_box_reg: 0.1755 loss_reid: 4.5721 loss_objectness: 0.0101 loss_rpn_box_reg: 0.0120
epoch 3 [  400/2852] lr: 1.50e-03 loss: 4.9997 loss_classifier: 0.0933 loss_box_reg: 0.1760 loss_reid: 4.7083 loss_objectness: 0.0101 loss_rpn_box_reg: 0.0119
epoch 3 [  500/2852] lr: 1.50e-03 loss: 5.0185 loss_classifier: 0.0950 loss_box_reg: 0.1811 loss_reid: 4.7200 loss_objectness: 0.0104 loss_rpn_box_reg: 0.0120
epoch 3 [  600/2852] lr: 1.50e-03 loss: 5.0521 loss_classifier: 0.0945 loss_box_reg: 0.1808 loss_reid: 4.7549 loss_objectness: 0.0099 loss_rpn_box_reg: 0.0119
epoch 3 [  700/2852] lr: 1.50e-03 loss: 5.0551 loss_classifier: 0.0939 loss_box_reg: 0.1788 loss_reid: 4.7604 loss_objectness: 0.0101 loss_rpn_box_reg: 0.0119
epoch 3 [  800/2852] lr: 1.50e-03 loss: 5.0910 loss_classifier: 0.0936 loss_box_reg: 0.1781 loss_reid: 4.7977 loss_objectness: 0.0099 loss_rpn_box_reg: 0.0118
epoch 3 [  900/2852] lr: 1.50e-03 loss: 5.1439 loss_classifier: 0.0936 loss_box_reg: 0.1780 loss_reid: 4.8506 loss_objectness: 0.0100 loss_rpn_box_reg: 0.0118
epoch 3 [ 1000/2852] lr: 1.50e-03 loss: 5.1960 loss_classifier: 0.0939 loss_box_reg: 0.1785 loss_reid: 4.9019 loss_objectness: 0.0100 loss_rpn_box_reg: 0.0117
epoch 3 [ 1100/2852] lr: 1.50e-03 loss: 5.1771 loss_classifier: 0.0929 loss_box_reg: 0.1769 loss_reid: 4.8856 loss_objectness: 0.0099 loss_rpn_box_reg: 0.0117
epoch 3 [ 1200/2852] lr: 1.50e-03 loss: 5.1361 loss_classifier: 0.0922 loss_box_reg: 0.1770 loss_reid: 4.8452 loss_objectness: 0.0100 loss_rpn_box_reg: 0.0117
epoch 3 [ 1300/2852] lr: 1.50e-03 loss: 5.1092 loss_classifier: 0.0920 loss_box_reg: 0.1771 loss_reid: 4.8183 loss_objectness: 0.0100 loss_rpn_box_reg: 0.0118
epoch 3 [ 1400/2852] lr: 1.50e-03 loss: 5.1017 loss_classifier: 0.0921 loss_box_reg: 0.1777 loss_reid: 4.8101 loss_objectness: 0.0099 loss_rpn_box_reg: 0.0119
epoch 3 [ 1500/2852] lr: 1.50e-03 loss: 5.0828 loss_classifier: 0.0919 loss_box_reg: 0.1772 loss_reid: 4.7921 loss_objectness: 0.0099 loss_rpn_box_reg: 0.0118
epoch 3 [ 1600/2852] lr: 1.50e-03 loss: 5.0942 loss_classifier: 0.0917 loss_box_reg: 0.1764 loss_reid: 4.8044 loss_objectness: 0.0099 loss_rpn_box_reg: 0.0118
epoch 3 [ 1700/2852] lr: 1.50e-03 loss: 5.1179 loss_classifier: 0.0920 loss_box_reg: 0.1772 loss_reid: 4.8269 loss_objectness: 0.0099 loss_rpn_box_reg: 0.0118
epoch 3 [ 1800/2852] lr: 1.50e-03 loss: 5.1179 loss_classifier: 0.0920 loss_box_reg: 0.1775 loss_reid: 4.8268 loss_objectness: 0.0099 loss_rpn_box_reg: 0.0118
epoch 3 [ 1900/2852] lr: 1.50e-03 loss: 5.1060 loss_classifier: 0.0921 loss_box_reg: 0.1773 loss_reid: 4.8150 loss_objectness: 0.0098 loss_rpn_box_reg: 0.0117
epoch 3 [ 2000/2852] lr: 1.50e-03 loss: 5.1138 loss_classifier: 0.0921 loss_box_reg: 0.1766 loss_reid: 4.8236 loss_objectness: 0.0098 loss_rpn_box_reg: 0.0117
epoch 3 [ 2100/2852] lr: 1.50e-03 loss: 5.1286 loss_classifier: 0.0920 loss_box_reg: 0.1762 loss_reid: 4.8390 loss_objectness: 0.0098 loss_rpn_box_reg: 0.0117
epoch 3 [ 2200/2852] lr: 1.50e-03 loss: 5.1249 loss_classifier: 0.0917 loss_box_reg: 0.1756 loss_reid: 4.8363 loss_objectness: 0.0098 loss_rpn_box_reg: 0.0116
epoch 3 [ 2300/2852] lr: 1.50e-03 loss: 5.1020 loss_classifier: 0.0918 loss_box_reg: 0.1757 loss_reid: 4.8131 loss_objectness: 0.0098 loss_rpn_box_reg: 0.0117
epoch 3 [ 2400/2852] lr: 1.50e-03 loss: 5.1045 loss_classifier: 0.0917 loss_box_reg: 0.1750 loss_reid: 4.8163 loss_objectness: 0.0099 loss_rpn_box_reg: 0.0116
epoch 3 [ 2500/2852] lr: 1.50e-03 loss: 5.1096 loss_classifier: 0.0913 loss_box_reg: 0.1742 loss_reid: 4.8225 loss_objectness: 0.0100 loss_rpn_box_reg: 0.0116
epoch 3 [ 2600/2852] lr: 1.50e-03 loss: 5.1076 loss_classifier: 0.0913 loss_box_reg: 0.1741 loss_reid: 4.8206 loss_objectness: 0.0100 loss_rpn_box_reg: 0.0116
epoch 3 [ 2700/2852] lr: 1.50e-03 loss: 5.1030 loss_classifier: 0.0913 loss_box_reg: 0.1742 loss_reid: 4.8159 loss_objectness: 0.0100 loss_rpn_box_reg: 0.0116
epoch 3 [ 2800/2852] lr: 1.50e-03 loss: 5.1097 loss_classifier: 0.0914 loss_box_reg: 0.1742 loss_reid: 4.8224 loss_objectness: 0.0100 loss_rpn_box_reg: 0.0117
epoch 3 done in 52.5 min
epoch 4 [    0/2852] lr: 1.50e-03 loss: 2.0194 loss_classifier: 0.0833 loss_box_reg: 0.1375 loss_reid: 1.7859 loss_objectness: 0.0057 loss_rpn_box_reg: 0.0070
epoch 4 [  100/2852] lr: 1.50e-03 loss: 4.7854 loss_classifier: 0.0868 loss_box_reg: 0.1634 loss_reid: 4.5143 loss_objectness: 0.0099 loss_rpn_box_reg: 0.0109
epoch 4 [  200/2852] lr: 1.50e-03 loss: 4.9489 loss_classifier: 0.0887 loss_box_reg: 0.1650 loss_reid: 4.6746 loss_objectness: 0.0094 loss_rpn_box_reg: 0.0111
epoch 4 [  300/2852] lr: 1.50e-03 loss: 4.9124 loss_classifier: 0.0910 loss_box_reg: 0.1717 loss_reid: 4.6279 loss_objectness: 0.0100 loss_rpn_box_reg: 0.0118
epoch 4 [  400/2852] lr: 1.50e-03 loss: 4.8394 loss_classifier: 0.0900 loss_box_reg: 0.1709 loss_reid: 4.5570 loss_objectness: 0.0098 loss_rpn_box_reg: 0.0118
epoch 4 [  500/2852] lr: 1.50e-03 loss: 4.6984 loss_classifier: 0.0895 loss_box_reg: 0.1721 loss_reid: 4.4156 loss_objectness: 0.0095 loss_rpn_box_reg: 0.0117
epoch 4 [  600/2852] lr: 1.50e-03 loss: 4.7044 loss_classifier: 0.0902 loss_box_reg: 0.1747 loss_reid: 4.4183 loss_objectness: 0.0093 loss_rpn_box_reg: 0.0119
epoch 4 [  700/2852] lr: 1.50e-03 loss: 4.6382 loss_classifier: 0.0892 loss_box_reg: 0.1731 loss_reid: 4.3550 loss_objectness: 0.0091 loss_rpn_box_reg: 0.0118
epoch 4 [  800/2852] lr: 1.50e-03 loss: 4.6294 loss_classifier: 0.0887 loss_box_reg: 0.1723 loss_reid: 4.3478 loss_objectness: 0.0089 loss_rpn_box_reg: 0.0117
epoch 4 [  900/2852] lr: 1.50e-03 loss: 4.6318 loss_classifier: 0.0881 loss_box_reg: 0.1704 loss_reid: 4.3529 loss_objectness: 0.0089 loss_rpn_box_reg: 0.0116
epoch 4 [ 1000/2852] lr: 1.50e-03 loss: 4.6165 loss_classifier: 0.0887 loss_box_reg: 0.1717 loss_reid: 4.3356 loss_objectness: 0.0088 loss_rpn_box_reg: 0.0116
epoch 4 [ 1100/2852] lr: 1.50e-03 loss: 4.6479 loss_classifier: 0.0890 loss_box_reg: 0.1716 loss_reid: 4.3666 loss_objectness: 0.0090 loss_rpn_box_reg: 0.0117
epoch 4 [ 1200/2852] lr: 1.50e-03 loss: 4.6492 loss_classifier: 0.0894 loss_box_reg: 0.1714 loss_reid: 4.3677 loss_objectness: 0.0091 loss_rpn_box_reg: 0.0117
epoch 4 [ 1300/2852] lr: 1.50e-03 loss: 4.6222 loss_classifier: 0.0899 loss_box_reg: 0.1725 loss_reid: 4.3390 loss_objectness: 0.0091 loss_rpn_box_reg: 0.0117
epoch 4 [ 1400/2852] lr: 1.50e-03 loss: 4.6086 loss_classifier: 0.0901 loss_box_reg: 0.1730 loss_reid: 4.3247 loss_objectness: 0.0091 loss_rpn_box_reg: 0.0117
epoch 4 [ 1500/2852] lr: 1.50e-03 loss: 4.6149 loss_classifier: 0.0897 loss_box_reg: 0.1718 loss_reid: 4.3327 loss_objectness: 0.0091 loss_rpn_box_reg: 0.0117
epoch 4 [ 1600/2852] lr: 1.50e-03 loss: 4.6193 loss_classifier: 0.0900 loss_box_reg: 0.1721 loss_reid: 4.3365 loss_objectness: 0.0091 loss_rpn_box_reg: 0.0116
epoch 4 [ 1700/2852] lr: 1.50e-03 loss: 4.6243 loss_classifier: 0.0895 loss_box_reg: 0.1715 loss_reid: 4.3427 loss_objectness: 0.0090 loss_rpn_box_reg: 0.0116
epoch 4 [ 1800/2852] lr: 1.50e-03 loss: 4.6112 loss_classifier: 0.0895 loss_box_reg: 0.1716 loss_reid: 4.3294 loss_objectness: 0.0090 loss_rpn_box_reg: 0.0116
epoch 4 [ 1900/2852] lr: 1.50e-03 loss: 4.6113 loss_classifier: 0.0899 loss_box_reg: 0.1730 loss_reid: 4.3279 loss_objectness: 0.0089 loss_rpn_box_reg: 0.0116
epoch 4 [ 2000/2852] lr: 1.50e-03 loss: 4.6120 loss_classifier: 0.0902 loss_box_reg: 0.1736 loss_reid: 4.3278 loss_objectness: 0.0088 loss_rpn_box_reg: 0.0116
epoch 4 [ 2100/2852] lr: 1.50e-03 loss: 4.6077 loss_classifier: 0.0903 loss_box_reg: 0.1735 loss_reid: 4.3235 loss_objectness: 0.0088 loss_rpn_box_reg: 0.0116
epoch 4 [ 2200/2852] lr: 1.50e-03 loss: 4.6100 loss_classifier: 0.0902 loss_box_reg: 0.1734 loss_reid: 4.3261 loss_objectness: 0.0087 loss_rpn_box_reg: 0.0116
epoch 4 [ 2300/2852] lr: 1.50e-03 loss: 4.6144 loss_classifier: 0.0901 loss_box_reg: 0.1733 loss_reid: 4.3308 loss_objectness: 0.0087 loss_rpn_box_reg: 0.0116
epoch 4 [ 2400/2852] lr: 1.50e-03 loss: 4.6244 loss_classifier: 0.0902 loss_box_reg: 0.1735 loss_reid: 4.3405 loss_objectness: 0.0086 loss_rpn_box_reg: 0.0116
epoch 4 [ 2500/2852] lr: 1.50e-03 loss: 4.6251 loss_classifier: 0.0899 loss_box_reg: 0.1729 loss_reid: 4.3422 loss_objectness: 0.0086 loss_rpn_box_reg: 0.0115
epoch 4 [ 2600/2852] lr: 1.50e-03 loss: 4.6195 loss_classifier: 0.0899 loss_box_reg: 0.1728 loss_reid: 4.3367 loss_objectness: 0.0085 loss_rpn_box_reg: 0.0115
epoch 4 [ 2700/2852] lr: 1.50e-03 loss: 4.6008 loss_classifier: 0.0897 loss_box_reg: 0.1726 loss_reid: 4.3183 loss_objectness: 0.0086 loss_rpn_box_reg: 0.0115
epoch 4 [ 2800/2852] lr: 1.50e-03 loss: 4.6028 loss_classifier: 0.0894 loss_box_reg: 0.1722 loss_reid: 4.3212 loss_objectness: 0.0085 loss_rpn_box_reg: 0.0115
epoch 4 done in 52.3 min
epoch 5 [    0/2852] lr: 1.50e-03 loss: 6.4187 loss_classifier: 0.0618 loss_box_reg: 0.1309 loss_reid: 6.2152 loss_objectness: 0.0020 loss_rpn_box_reg: 0.0088
epoch 5 [  100/2852] lr: 1.50e-03 loss: 4.4591 loss_classifier: 0.0927 loss_box_reg: 0.1778 loss_reid: 4.1696 loss_objectness: 0.0078 loss_rpn_box_reg: 0.0112
epoch 5 [  200/2852] lr: 1.50e-03 loss: 4.2283 loss_classifier: 0.0910 loss_box_reg: 0.1754 loss_reid: 3.9439 loss_objectness: 0.0072 loss_rpn_box_reg: 0.0107
epoch 5 [  300/2852] lr: 1.50e-03 loss: 4.3491 loss_classifier: 0.0909 loss_box_reg: 0.1748 loss_reid: 4.0648 loss_objectness: 0.0080 loss_rpn_box_reg: 0.0106
epoch 5 [  400/2852] lr: 1.50e-03 loss: 4.2308 loss_classifier: 0.0897 loss_box_reg: 0.1739 loss_reid: 3.9486 loss_objectness: 0.0077 loss_rpn_box_reg: 0.0108
epoch 5 [  500/2852] lr: 1.50e-03 loss: 4.2513 loss_classifier: 0.0883 loss_box_reg: 0.1703 loss_reid: 3.9743 loss_objectness: 0.0078 loss_rpn_box_reg: 0.0106
epoch 5 [  600/2852] lr: 1.50e-03 loss: 4.2257 loss_classifier: 0.0885 loss_box_reg: 0.1718 loss_reid: 3.9471 loss_objectness: 0.0077 loss_rpn_box_reg: 0.0107
epoch 5 [  700/2852] lr: 1.50e-03 loss: 4.2135 loss_classifier: 0.0882 loss_box_reg: 0.1712 loss_reid: 3.9360 loss_objectness: 0.0075 loss_rpn_box_reg: 0.0106
epoch 5 [  800/2852] lr: 1.50e-03 loss: 4.2066 loss_classifier: 0.0890 loss_box_reg: 0.1724 loss_reid: 3.9266 loss_objectness: 0.0077 loss_rpn_box_reg: 0.0108
epoch 5 [  900/2852] lr: 1.50e-03 loss: 4.2049 loss_classifier: 0.0897 loss_box_reg: 0.1737 loss_reid: 3.9228 loss_objectness: 0.0079 loss_rpn_box_reg: 0.0109
epoch 5 [ 1000/2852] lr: 1.50e-03 loss: 4.1767 loss_classifier: 0.0902 loss_box_reg: 0.1746 loss_reid: 3.8932 loss_objectness: 0.0079 loss_rpn_box_reg: 0.0109
epoch 5 [ 1100/2852] lr: 1.50e-03 loss: 4.1454 loss_classifier: 0.0903 loss_box_reg: 0.1748 loss_reid: 3.8615 loss_objectness: 0.0079 loss_rpn_box_reg: 0.0110
epoch 5 [ 1200/2852] lr: 1.50e-03 loss: 4.1496 loss_classifier: 0.0899 loss_box_reg: 0.1730 loss_reid: 3.8680 loss_objectness: 0.0077 loss_rpn_box_reg: 0.0109
epoch 5 [ 1300/2852] lr: 1.50e-03 loss: 4.1410 loss_classifier: 0.0898 loss_box_reg: 0.1726 loss_reid: 3.8599 loss_objectness: 0.0077 loss_rpn_box_reg: 0.0109
epoch 5 [ 1400/2852] lr: 1.50e-03 loss: 4.1284 loss_classifier: 0.0897 loss_box_reg: 0.1719 loss_reid: 3.8482 loss_objectness: 0.0078 loss_rpn_box_reg: 0.0109
epoch 5 [ 1500/2852] lr: 1.50e-03 loss: 4.1153 loss_classifier: 0.0898 loss_box_reg: 0.1726 loss_reid: 3.8343 loss_objectness: 0.0077 loss_rpn_box_reg: 0.0109
epoch 5 [ 1600/2852] lr: 1.50e-03 loss: 4.0945 loss_classifier: 0.0894 loss_box_reg: 0.1717 loss_reid: 3.8149 loss_objectness: 0.0076 loss_rpn_box_reg: 0.0108
epoch 5 [ 1700/2852] lr: 1.50e-03 loss: 4.0955 loss_classifier: 0.0895 loss_box_reg: 0.1720 loss_reid: 3.8156 loss_objectness: 0.0077 loss_rpn_box_reg: 0.0108
epoch 5 [ 1800/2852] lr: 1.50e-03 loss: 4.0997 loss_classifier: 0.0895 loss_box_reg: 0.1722 loss_reid: 3.8195 loss_objectness: 0.0078 loss_rpn_box_reg: 0.0108
epoch 5 [ 1900/2852] lr: 1.50e-03 loss: 4.1018 loss_classifier: 0.0895 loss_box_reg: 0.1720 loss_reid: 3.8216 loss_objectness: 0.0077 loss_rpn_box_reg: 0.0109
epoch 5 [ 2000/2852] lr: 1.50e-03 loss: 4.0841 loss_classifier: 0.0898 loss_box_reg: 0.1725 loss_reid: 3.8030 loss_objectness: 0.0078 loss_rpn_box_reg: 0.0109
epoch 5 [ 2100/2852] lr: 1.50e-03 loss: 4.0869 loss_classifier: 0.0898 loss_box_reg: 0.1727 loss_reid: 3.8057 loss_objectness: 0.0078 loss_rpn_box_reg: 0.0109
epoch 5 [ 2200/2852] lr: 1.50e-03 loss: 4.0825 loss_classifier: 0.0898 loss_box_reg: 0.1731 loss_reid: 3.8008 loss_objectness: 0.0078 loss_rpn_box_reg: 0.0110
epoch 5 [ 2300/2852] lr: 1.50e-03 loss: 4.0903 loss_classifier: 0.0894 loss_box_reg: 0.1721 loss_reid: 3.8101 loss_objectness: 0.0077 loss_rpn_box_reg: 0.0109
epoch 5 [ 2400/2852] lr: 1.50e-03 loss: 4.1008 loss_classifier: 0.0898 loss_box_reg: 0.1729 loss_reid: 3.8196 loss_objectness: 0.0077 loss_rpn_box_reg: 0.0109
epoch 5 [ 2500/2852] lr: 1.50e-03 loss: 4.0930 loss_classifier: 0.0900 loss_box_reg: 0.1734 loss_reid: 3.8109 loss_objectness: 0.0077 loss_rpn_box_reg: 0.0109
epoch 5 [ 2600/2852] lr: 1.50e-03 loss: 4.0980 loss_classifier: 0.0898 loss_box_reg: 0.1730 loss_reid: 3.8166 loss_objectness: 0.0077 loss_rpn_box_reg: 0.0109
epoch 5 [ 2700/2852] lr: 1.50e-03 loss: 4.1072 loss_classifier: 0.0899 loss_box_reg: 0.1730 loss_reid: 3.8257 loss_objectness: 0.0077 loss_rpn_box_reg: 0.0109
epoch 5 [ 2800/2852] lr: 1.50e-03 loss: 4.1177 loss_classifier: 0.0899 loss_box_reg: 0.1726 loss_reid: 3.8366 loss_objectness: 0.0077 loss_rpn_box_reg: 0.0109
epoch 5 done in 51.8 min
epoch 6 [    0/2852] lr: 1.50e-03 loss: 4.5506 loss_classifier: 0.1229 loss_box_reg: 0.2793 loss_reid: 4.1318 loss_objectness: 0.0056 loss_rpn_box_reg: 0.0109
epoch 6 [  100/2852] lr: 1.50e-03 loss: 4.3737 loss_classifier: 0.0854 loss_box_reg: 0.1733 loss_reid: 4.0975 loss_objectness: 0.0066 loss_rpn_box_reg: 0.0109
epoch 6 [  200/2852] lr: 1.50e-03 loss: 3.8076 loss_classifier: 0.0881 loss_box_reg: 0.1783 loss_reid: 3.5234 loss_objectness: 0.0068 loss_rpn_box_reg: 0.0109
epoch 6 [  300/2852] lr: 1.50e-03 loss: 3.7925 loss_classifier: 0.0893 loss_box_reg: 0.1802 loss_reid: 3.5047 loss_objectness: 0.0073 loss_rpn_box_reg: 0.0110
epoch 6 [  400/2852] lr: 1.50e-03 loss: 3.6834 loss_classifier: 0.0881 loss_box_reg: 0.1809 loss_reid: 3.3961 loss_objectness: 0.0070 loss_rpn_box_reg: 0.0113
epoch 6 [  500/2852] lr: 1.50e-03 loss: 3.7133 loss_classifier: 0.0883 loss_box_reg: 0.1793 loss_reid: 3.4277 loss_objectness: 0.0070 loss_rpn_box_reg: 0.0111
epoch 6 [  600/2852] lr: 1.50e-03 loss: 3.7707 loss_classifier: 0.0886 loss_box_reg: 0.1779 loss_reid: 3.4858 loss_objectness: 0.0072 loss_rpn_box_reg: 0.0112
epoch 6 [  700/2852] lr: 1.50e-03 loss: 3.7897 loss_classifier: 0.0879 loss_box_reg: 0.1763 loss_reid: 3.5073 loss_objectness: 0.0071 loss_rpn_box_reg: 0.0111
epoch 6 [  800/2852] lr: 1.50e-03 loss: 3.7960 loss_classifier: 0.0883 loss_box_reg: 0.1759 loss_reid: 3.5137 loss_objectness: 0.0071 loss_rpn_box_reg: 0.0111
epoch 6 [  900/2852] lr: 1.50e-03 loss: 3.7342 loss_classifier: 0.0879 loss_box_reg: 0.1747 loss_reid: 3.4535 loss_objectness: 0.0071 loss_rpn_box_reg: 0.0110
epoch 6 [ 1000/2852] lr: 1.50e-03 loss: 3.7351 loss_classifier: 0.0880 loss_box_reg: 0.1747 loss_reid: 3.4543 loss_objectness: 0.0071 loss_rpn_box_reg: 0.0110
epoch 6 [ 1100/2852] lr: 1.50e-03 loss: 3.7378 loss_classifier: 0.0878 loss_box_reg: 0.1730 loss_reid: 3.4590 loss_objectness: 0.0071 loss_rpn_box_reg: 0.0109
epoch 6 [ 1200/2852] lr: 1.50e-03 loss: 3.7404 loss_classifier: 0.0882 loss_box_reg: 0.1735 loss_reid: 3.4608 loss_objectness: 0.0070 loss_rpn_box_reg: 0.0109
epoch 6 [ 1300/2852] lr: 1.50e-03 loss: 3.7604 loss_classifier: 0.0879 loss_box_reg: 0.1726 loss_reid: 3.4820 loss_objectness: 0.0070 loss_rpn_box_reg: 0.0108
epoch 6 [ 1400/2852] lr: 1.50e-03 loss: 3.7814 loss_classifier: 0.0878 loss_box_reg: 0.1722 loss_reid: 3.5037 loss_objectness: 0.0070 loss_rpn_box_reg: 0.0107
epoch 6 [ 1500/2852] lr: 1.50e-03 loss: 3.7678 loss_classifier: 0.0878 loss_box_reg: 0.1722 loss_reid: 3.4902 loss_objectness: 0.0070 loss_rpn_box_reg: 0.0107
epoch 6 [ 1600/2852] lr: 1.50e-03 loss: 3.7804 loss_classifier: 0.0879 loss_box_reg: 0.1718 loss_reid: 3.5031 loss_objectness: 0.0070 loss_rpn_box_reg: 0.0106
epoch 6 [ 1700/2852] lr: 1.50e-03 loss: 3.7824 loss_classifier: 0.0880 loss_box_reg: 0.1719 loss_reid: 3.5049 loss_objectness: 0.0071 loss_rpn_box_reg: 0.0106
epoch 6 [ 1800/2852] lr: 1.50e-03 loss: 3.7696 loss_classifier: 0.0878 loss_box_reg: 0.1714 loss_reid: 3.4928 loss_objectness: 0.0071 loss_rpn_box_reg: 0.0106
epoch 6 [ 1900/2852] lr: 1.50e-03 loss: 3.7558 loss_classifier: 0.0878 loss_box_reg: 0.1714 loss_reid: 3.4789 loss_objectness: 0.0071 loss_rpn_box_reg: 0.0105
epoch 6 [ 2000/2852] lr: 1.50e-03 loss: 3.7626 loss_classifier: 0.0879 loss_box_reg: 0.1713 loss_reid: 3.4859 loss_objectness: 0.0070 loss_rpn_box_reg: 0.0105
epoch 6 [ 2100/2852] lr: 1.50e-03 loss: 3.7711 loss_classifier: 0.0880 loss_box_reg: 0.1712 loss_reid: 3.4943 loss_objectness: 0.0071 loss_rpn_box_reg: 0.0104
epoch 6 [ 2200/2852] lr: 1.50e-03 loss: 3.7775 loss_classifier: 0.0883 loss_box_reg: 0.1717 loss_reid: 3.5000 loss_objectness: 0.0070 loss_rpn_box_reg: 0.0104
epoch 6 [ 2300/2852] lr: 1.50e-03 loss: 3.7726 loss_classifier: 0.0884 loss_box_reg: 0.1721 loss_reid: 3.4947 loss_objectness: 0.0070 loss_rpn_box_reg: 0.0104
epoch 6 [ 2400/2852] lr: 1.50e-03 loss: 3.7603 loss_classifier: 0.0881 loss_box_reg: 0.1713 loss_reid: 3.4836 loss_objectness: 0.0069 loss_rpn_box_reg: 0.0104
epoch 6 [ 2500/2852] lr: 1.50e-03 loss: 3.7632 loss_classifier: 0.0881 loss_box_reg: 0.1713 loss_reid: 3.4865 loss_objectness: 0.0070 loss_rpn_box_reg: 0.0104
epoch 6 [ 2600/2852] lr: 1.50e-03 loss: 3.7589 loss_classifier: 0.0881 loss_box_reg: 0.1714 loss_reid: 3.4821 loss_objectness: 0.0070 loss_rpn_box_reg: 0.0103
epoch 6 [ 2700/2852] lr: 1.50e-03 loss: 3.7623 loss_classifier: 0.0883 loss_box_reg: 0.1719 loss_reid: 3.4847 loss_objectness: 0.0070 loss_rpn_box_reg: 0.0104
epoch 6 [ 2800/2852] lr: 1.50e-03 loss: 3.7657 loss_classifier: 0.0881 loss_box_reg: 0.1713 loss_reid: 3.4890 loss_objectness: 0.0069 loss_rpn_box_reg: 0.0103
epoch 6 done in 52.3 min
epoch 7 [    0/2852] lr: 1.50e-03 loss: 4.9880 loss_classifier: 0.0430 loss_box_reg: 0.1269 loss_reid: 4.8140 loss_objectness: 0.0003 loss_rpn_box_reg: 0.0039
epoch 7 [  100/2852] lr: 1.50e-03 loss: 3.6138 loss_classifier: 0.0773 loss_box_reg: 0.1433 loss_reid: 3.3775 loss_objectness: 0.0064 loss_rpn_box_reg: 0.0092
epoch 7 [  200/2852] lr: 1.50e-03 loss: 3.5471 loss_classifier: 0.0804 loss_box_reg: 0.1533 loss_reid: 3.2967 loss_objectness: 0.0066 loss_rpn_box_reg: 0.0101
epoch 7 [  300/2852] lr: 1.50e-03 loss: 3.4821 loss_classifier: 0.0819 loss_box_reg: 0.1579 loss_reid: 3.2253 loss_objectness: 0.0068 loss_rpn_box_reg: 0.0102
epoch 7 [  400/2852] lr: 1.50e-03 loss: 3.4644 loss_classifier: 0.0826 loss_box_reg: 0.1571 loss_reid: 3.2076 loss_objectness: 0.0071 loss_rpn_box_reg: 0.0101
epoch 7 [  500/2852] lr: 1.50e-03 loss: 3.5380 loss_classifier: 0.0828 loss_box_reg: 0.1594 loss_reid: 3.2787 loss_objectness: 0.0070 loss_rpn_box_reg: 0.0101
epoch 7 [  600/2852] lr: 1.50e-03 loss: 3.5255 loss_classifier: 0.0830 loss_box_reg: 0.1604 loss_reid: 3.2650 loss_objectness: 0.0070 loss_rpn_box_reg: 0.0101
epoch 7 [  700/2852] lr: 1.50e-03 loss: 3.4880 loss_classifier: 0.0825 loss_box_reg: 0.1598 loss_reid: 3.2288 loss_objectness: 0.0069 loss_rpn_box_reg: 0.0101
epoch 7 [  800/2852] lr: 1.50e-03 loss: 3.4854 loss_classifier: 0.0832 loss_box_reg: 0.1601 loss_reid: 3.2248 loss_objectness: 0.0071 loss_rpn_box_reg: 0.0101
epoch 7 [  900/2852] lr: 1.50e-03 loss: 3.4563 loss_classifier: 0.0840 loss_box_reg: 0.1613 loss_reid: 3.1939 loss_objectness: 0.0070 loss_rpn_box_reg: 0.0101
epoch 7 [ 1000/2852] lr: 1.50e-03 loss: 3.4652 loss_classifier: 0.0837 loss_box_reg: 0.1609 loss_reid: 3.2035 loss_objectness: 0.0070 loss_rpn_box_reg: 0.0101
epoch 7 [ 1100/2852] lr: 1.50e-03 loss: 3.4466 loss_classifier: 0.0837 loss_box_reg: 0.1617 loss_reid: 3.1843 loss_objectness: 0.0068 loss_rpn_box_reg: 0.0101
epoch 7 [ 1200/2852] lr: 1.50e-03 loss: 3.4278 loss_classifier: 0.0841 loss_box_reg: 0.1628 loss_reid: 3.1638 loss_objectness: 0.0069 loss_rpn_box_reg: 0.0102
epoch 7 [ 1300/2852] lr: 1.50e-03 loss: 3.4203 loss_classifier: 0.0843 loss_box_reg: 0.1632 loss_reid: 3.1558 loss_objectness: 0.0068 loss_rpn_box_reg: 0.0102
epoch 7 [ 1400/2852] lr: 1.50e-03 loss: 3.4213 loss_classifier: 0.0850 loss_box_reg: 0.1645 loss_reid: 3.1545 loss_objectness: 0.0070 loss_rpn_box_reg: 0.0103
epoch 7 [ 1500/2852] lr: 1.50e-03 loss: 3.4335 loss_classifier: 0.0854 loss_box_reg: 0.1648 loss_reid: 3.1661 loss_objectness: 0.0070 loss_rpn_box_reg: 0.0102
epoch 7 [ 1600/2852] lr: 1.50e-03 loss: 3.4485 loss_classifier: 0.0857 loss_box_reg: 0.1651 loss_reid: 3.1805 loss_objectness: 0.0070 loss_rpn_box_reg: 0.0102
epoch 7 [ 1700/2852] lr: 1.50e-03 loss: 3.4640 loss_classifier: 0.0861 loss_box_reg: 0.1655 loss_reid: 3.1952 loss_objectness: 0.0069 loss_rpn_box_reg: 0.0102
epoch 7 [ 1800/2852] lr: 1.50e-03 loss: 3.4518 loss_classifier: 0.0859 loss_box_reg: 0.1652 loss_reid: 3.1838 loss_objectness: 0.0068 loss_rpn_box_reg: 0.0102
epoch 7 [ 1900/2852] lr: 1.50e-03 loss: 3.4429 loss_classifier: 0.0860 loss_box_reg: 0.1657 loss_reid: 3.1742 loss_objectness: 0.0069 loss_rpn_box_reg: 0.0102
epoch 7 [ 2000/2852] lr: 1.50e-03 loss: 3.4365 loss_classifier: 0.0860 loss_box_reg: 0.1657 loss_reid: 3.1678 loss_objectness: 0.0068 loss_rpn_box_reg: 0.0102
epoch 7 [ 2100/2852] lr: 1.50e-03 loss: 3.4373 loss_classifier: 0.0864 loss_box_reg: 0.1665 loss_reid: 3.1673 loss_objectness: 0.0069 loss_rpn_box_reg: 0.0103
epoch 7 [ 2200/2852] lr: 1.50e-03 loss: 3.4232 loss_classifier: 0.0863 loss_box_reg: 0.1660 loss_reid: 3.1537 loss_objectness: 0.0069 loss_rpn_box_reg: 0.0102
epoch 7 [ 2300/2852] lr: 1.50e-03 loss: 3.4155 loss_classifier: 0.0868 loss_box_reg: 0.1667 loss_reid: 3.1449 loss_objectness: 0.0069 loss_rpn_box_reg: 0.0102
epoch 7 [ 2400/2852] lr: 1.50e-03 loss: 3.3974 loss_classifier: 0.0869 loss_box_reg: 0.1667 loss_reid: 3.1267 loss_objectness: 0.0069 loss_rpn_box_reg: 0.0102
epoch 7 [ 2500/2852] lr: 1.50e-03 loss: 3.3962 loss_classifier: 0.0873 loss_box_reg: 0.1675 loss_reid: 3.1241 loss_objectness: 0.0069 loss_rpn_box_reg: 0.0103
epoch 7 [ 2600/2852] lr: 1.50e-03 loss: 3.3780 loss_classifier: 0.0870 loss_box_reg: 0.1673 loss_reid: 3.1066 loss_objectness: 0.0069 loss_rpn_box_reg: 0.0102
epoch 7 [ 2700/2852] lr: 1.50e-03 loss: 3.3762 loss_classifier: 0.0868 loss_box_reg: 0.1670 loss_reid: 3.1054 loss_objectness: 0.0069 loss_rpn_box_reg: 0.0102
epoch 7 [ 2800/2852] lr: 1.50e-03 loss: 3.3779 loss_classifier: 0.0870 loss_box_reg: 0.1675 loss_reid: 3.1064 loss_objectness: 0.0068 loss_rpn_box_reg: 0.0102
epoch 7 done in 52.7 min
epoch 8 [    0/2852] lr: 1.50e-03 loss: 3.1938 loss_classifier: 0.1062 loss_box_reg: 0.2885 loss_reid: 2.7855 loss_objectness: 0.0053 loss_rpn_box_reg: 0.0084
epoch 8 [  100/2852] lr: 1.50e-03 loss: 2.8558 loss_classifier: 0.0902 loss_box_reg: 0.1807 loss_reid: 2.5701 loss_objectness: 0.0052 loss_rpn_box_reg: 0.0096
epoch 8 [  200/2852] lr: 1.50e-03 loss: 3.0606 loss_classifier: 0.0869 loss_box_reg: 0.1750 loss_reid: 2.7836 loss_objectness: 0.0056 loss_rpn_box_reg: 0.0095
epoch 8 [  300/2852] lr: 1.50e-03 loss: 3.1003 loss_classifier: 0.0877 loss_box_reg: 0.1740 loss_reid: 2.8236 loss_objectness: 0.0058 loss_rpn_box_reg: 0.0093
epoch 8 [  400/2852] lr: 1.50e-03 loss: 3.1323 loss_classifier: 0.0871 loss_box_reg: 0.1720 loss_reid: 2.8583 loss_objectness: 0.0058 loss_rpn_box_reg: 0.0091
epoch 8 [  500/2852] lr: 1.50e-03 loss: 3.1294 loss_classifier: 0.0878 loss_box_reg: 0.1717 loss_reid: 2.8547 loss_objectness: 0.0059 loss_rpn_box_reg: 0.0093
epoch 8 [  600/2852] lr: 1.50e-03 loss: 3.0927 loss_classifier: 0.0881 loss_box_reg: 0.1714 loss_reid: 2.8181 loss_objectness: 0.0059 loss_rpn_box_reg: 0.0094
epoch 8 [  700/2852] lr: 1.50e-03 loss: 3.0567 loss_classifier: 0.0888 loss_box_reg: 0.1727 loss_reid: 2.7797 loss_objectness: 0.0060 loss_rpn_box_reg: 0.0096
epoch 8 [  800/2852] lr: 1.50e-03 loss: 3.0572 loss_classifier: 0.0883 loss_box_reg: 0.1717 loss_reid: 2.7818 loss_objectness: 0.0059 loss_rpn_box_reg: 0.0095
epoch 8 [  900/2852] lr: 1.50e-03 loss: 3.0328 loss_classifier: 0.0885 loss_box_reg: 0.1721 loss_reid: 2.7568 loss_objectness: 0.0059 loss_rpn_box_reg: 0.0096
epoch 8 [ 1000/2852] lr: 1.50e-03 loss: 3.0472 loss_classifier: 0.0890 loss_box_reg: 0.1730 loss_reid: 2.7695 loss_objectness: 0.0060 loss_rpn_box_reg: 0.0098
epoch 8 [ 1100/2852] lr: 1.50e-03 loss: 3.0438 loss_classifier: 0.0887 loss_box_reg: 0.1722 loss_reid: 2.7670 loss_objectness: 0.0060 loss_rpn_box_reg: 0.0098
epoch 8 [ 1200/2852] lr: 1.50e-03 loss: 3.0575 loss_classifier: 0.0887 loss_box_reg: 0.1718 loss_reid: 2.7812 loss_objectness: 0.0060 loss_rpn_box_reg: 0.0098
epoch 8 [ 1300/2852] lr: 1.50e-03 loss: 3.0572 loss_classifier: 0.0888 loss_box_reg: 0.1725 loss_reid: 2.7801 loss_objectness: 0.0060 loss_rpn_box_reg: 0.0099
epoch 8 [ 1400/2852] lr: 1.50e-03 loss: 3.1018 loss_classifier: 0.0889 loss_box_reg: 0.1730 loss_reid: 2.8240 loss_objectness: 0.0060 loss_rpn_box_reg: 0.0099
epoch 8 [ 1500/2852] lr: 1.50e-03 loss: 3.1144 loss_classifier: 0.0887 loss_box_reg: 0.1721 loss_reid: 2.8379 loss_objectness: 0.0060 loss_rpn_box_reg: 0.0097
epoch 8 [ 1600/2852] lr: 1.50e-03 loss: 3.1117 loss_classifier: 0.0889 loss_box_reg: 0.1726 loss_reid: 2.8345 loss_objectness: 0.0060 loss_rpn_box_reg: 0.0097
epoch 8 [ 1700/2852] lr: 1.50e-03 loss: 3.0962 loss_classifier: 0.0885 loss_box_reg: 0.1722 loss_reid: 2.8198 loss_objectness: 0.0059 loss_rpn_box_reg: 0.0097
epoch 8 [ 1800/2852] lr: 1.50e-03 loss: 3.0746 loss_classifier: 0.0886 loss_box_reg: 0.1727 loss_reid: 2.7975 loss_objectness: 0.0060 loss_rpn_box_reg: 0.0097
epoch 8 [ 1900/2852] lr: 1.50e-03 loss: 3.1015 loss_classifier: 0.0889 loss_box_reg: 0.1734 loss_reid: 2.8235 loss_objectness: 0.0060 loss_rpn_box_reg: 0.0097
epoch 8 [ 2000/2852] lr: 1.50e-03 loss: 3.1163 loss_classifier: 0.0887 loss_box_reg: 0.1729 loss_reid: 2.8390 loss_objectness: 0.0060 loss_rpn_box_reg: 0.0097
epoch 8 [ 2100/2852] lr: 1.50e-03 loss: 3.1034 loss_classifier: 0.0887 loss_box_reg: 0.1727 loss_reid: 2.8263 loss_objectness: 0.0060 loss_rpn_box_reg: 0.0098
epoch 8 [ 2200/2852] lr: 1.50e-03 loss: 3.1016 loss_classifier: 0.0886 loss_box_reg: 0.1723 loss_reid: 2.8248 loss_objectness: 0.0061 loss_rpn_box_reg: 0.0098
epoch 8 [ 2300/2852] lr: 1.50e-03 loss: 3.1058 loss_classifier: 0.0883 loss_box_reg: 0.1717 loss_reid: 2.8300 loss_objectness: 0.0060 loss_rpn_box_reg: 0.0097
epoch 8 [ 2400/2852] lr: 1.50e-03 loss: 3.0913 loss_classifier: 0.0885 loss_box_reg: 0.1720 loss_reid: 2.8150 loss_objectness: 0.0061 loss_rpn_box_reg: 0.0098
epoch 8 [ 2500/2852] lr: 1.50e-03 loss: 3.0810 loss_classifier: 0.0883 loss_box_reg: 0.1718 loss_reid: 2.8049 loss_objectness: 0.0061 loss_rpn_box_reg: 0.0098
epoch 8 [ 2600/2852] lr: 1.50e-03 loss: 3.0960 loss_classifier: 0.0881 loss_box_reg: 0.1712 loss_reid: 2.8209 loss_objectness: 0.0061 loss_rpn_box_reg: 0.0097
epoch 8 [ 2700/2852] lr: 1.50e-03 loss: 3.0943 loss_classifier: 0.0883 loss_box_reg: 0.1717 loss_reid: 2.8184 loss_objectness: 0.0061 loss_rpn_box_reg: 0.0098
epoch 8 [ 2800/2852] lr: 1.50e-03 loss: 3.0915 loss_classifier: 0.0883 loss_box_reg: 0.1714 loss_reid: 2.8159 loss_objectness: 0.0061 loss_rpn_box_reg: 0.0098
epoch 8 done in 52.7 min
epoch 9 [    0/2852] lr: 1.50e-03 loss: 3.7463 loss_classifier: 0.0788 loss_box_reg: 0.1489 loss_reid: 3.5121 loss_objectness: 0.0020 loss_rpn_box_reg: 0.0045
epoch 9 [  100/2852] lr: 1.50e-03 loss: 2.6822 loss_classifier: 0.0831 loss_box_reg: 0.1586 loss_reid: 2.4265 loss_objectness: 0.0052 loss_rpn_box_reg: 0.0087
epoch 9 [  200/2852] lr: 1.50e-03 loss: 2.7101 loss_classifier: 0.0860 loss_box_reg: 0.1654 loss_reid: 2.4439 loss_objectness: 0.0055 loss_rpn_box_reg: 0.0093
epoch 9 [  300/2852] lr: 1.50e-03 loss: 2.7416 loss_classifier: 0.0870 loss_box_reg: 0.1680 loss_reid: 2.4717 loss_objectness: 0.0055 loss_rpn_box_reg: 0.0094
epoch 9 [  400/2852] lr: 1.50e-03 loss: 2.8086 loss_classifier: 0.0872 loss_box_reg: 0.1681 loss_reid: 2.5377 loss_objectness: 0.0061 loss_rpn_box_reg: 0.0095
epoch 9 [  500/2852] lr: 1.50e-03 loss: 2.7630 loss_classifier: 0.0871 loss_box_reg: 0.1684 loss_reid: 2.4918 loss_objectness: 0.0060 loss_rpn_box_reg: 0.0096
epoch 9 [  600/2852] lr: 1.50e-03 loss: 2.8095 loss_classifier: 0.0860 loss_box_reg: 0.1672 loss_reid: 2.5410 loss_objectness: 0.0058 loss_rpn_box_reg: 0.0096
epoch 9 [  700/2852] lr: 1.50e-03 loss: 2.8669 loss_classifier: 0.0853 loss_box_reg: 0.1647 loss_reid: 2.6018 loss_objectness: 0.0057 loss_rpn_box_reg: 0.0094
epoch 9 [  800/2852] lr: 1.50e-03 loss: 2.8705 loss_classifier: 0.0849 loss_box_reg: 0.1628 loss_reid: 2.6079 loss_objectness: 0.0056 loss_rpn_box_reg: 0.0093
epoch 9 [  900/2852] lr: 1.50e-03 loss: 2.8612 loss_classifier: 0.0849 loss_box_reg: 0.1631 loss_reid: 2.5981 loss_objectness: 0.0057 loss_rpn_box_reg: 0.0094
epoch 9 [ 1000/2852] lr: 1.50e-03 loss: 2.8286 loss_classifier: 0.0859 loss_box_reg: 0.1656 loss_reid: 2.5618 loss_objectness: 0.0058 loss_rpn_box_reg: 0.0095
epoch 9 [ 1100/2852] lr: 1.50e-03 loss: 2.8253 loss_classifier: 0.0854 loss_box_reg: 0.1654 loss_reid: 2.5593 loss_objectness: 0.0057 loss_rpn_box_reg: 0.0095
epoch 9 [ 1200/2852] lr: 1.50e-03 loss: 2.8241 loss_classifier: 0.0853 loss_box_reg: 0.1649 loss_reid: 2.5587 loss_objectness: 0.0056 loss_rpn_box_reg: 0.0096
epoch 9 [ 1300/2852] lr: 1.50e-03 loss: 2.8230 loss_classifier: 0.0853 loss_box_reg: 0.1644 loss_reid: 2.5582 loss_objectness: 0.0055 loss_rpn_box_reg: 0.0095
epoch 9 [ 1400/2852] lr: 1.50e-03 loss: 2.8189 loss_classifier: 0.0854 loss_box_reg: 0.1647 loss_reid: 2.5538 loss_objectness: 0.0055 loss_rpn_box_reg: 0.0094
epoch 9 [ 1500/2852] lr: 1.50e-03 loss: 2.8399 loss_classifier: 0.0851 loss_box_reg: 0.1642 loss_reid: 2.5758 loss_objectness: 0.0054 loss_rpn_box_reg: 0.0094
epoch 9 [ 1600/2852] lr: 1.50e-03 loss: 2.8402 loss_classifier: 0.0856 loss_box_reg: 0.1654 loss_reid: 2.5742 loss_objectness: 0.0056 loss_rpn_box_reg: 0.0095
epoch 9 [ 1700/2852] lr: 1.50e-03 loss: 2.8338 loss_classifier: 0.0856 loss_box_reg: 0.1656 loss_reid: 2.5676 loss_objectness: 0.0056 loss_rpn_box_reg: 0.0095
epoch 9 [ 1800/2852] lr: 1.50e-03 loss: 2.8352 loss_classifier: 0.0857 loss_box_reg: 0.1659 loss_reid: 2.5684 loss_objectness: 0.0056 loss_rpn_box_reg: 0.0095
epoch 9 [ 1900/2852] lr: 1.50e-03 loss: 2.8557 loss_classifier: 0.0858 loss_box_reg: 0.1661 loss_reid: 2.5888 loss_objectness: 0.0056 loss_rpn_box_reg: 0.0095
epoch 9 [ 2000/2852] lr: 1.50e-03 loss: 2.8644 loss_classifier: 0.0858 loss_box_reg: 0.1666 loss_reid: 2.5967 loss_objectness: 0.0057 loss_rpn_box_reg: 0.0095
epoch 9 [ 2100/2852] lr: 1.50e-03 loss: 2.8628 loss_classifier: 0.0858 loss_box_reg: 0.1665 loss_reid: 2.5954 loss_objectness: 0.0057 loss_rpn_box_reg: 0.0095
epoch 9 [ 2200/2852] lr: 1.50e-03 loss: 2.8575 loss_classifier: 0.0858 loss_box_reg: 0.1668 loss_reid: 2.5898 loss_objectness: 0.0056 loss_rpn_box_reg: 0.0095
epoch 9 [ 2300/2852] lr: 1.50e-03 loss: 2.8640 loss_classifier: 0.0862 loss_box_reg: 0.1676 loss_reid: 2.5951 loss_objectness: 0.0057 loss_rpn_box_reg: 0.0095
epoch 9 [ 2400/2852] lr: 1.50e-03 loss: 2.8618 loss_classifier: 0.0865 loss_box_reg: 0.1682 loss_reid: 2.5919 loss_objectness: 0.0057 loss_rpn_box_reg: 0.0095
epoch 9 [ 2500/2852] lr: 1.50e-03 loss: 2.8736 loss_classifier: 0.0866 loss_box_reg: 0.1682 loss_reid: 2.6035 loss_objectness: 0.0057 loss_rpn_box_reg: 0.0095
epoch 9 [ 2600/2852] lr: 1.50e-03 loss: 2.8775 loss_classifier: 0.0867 loss_box_reg: 0.1684 loss_reid: 2.6072 loss_objectness: 0.0057 loss_rpn_box_reg: 0.0095
epoch 9 [ 2700/2852] lr: 1.50e-03 loss: 2.8712 loss_classifier: 0.0871 loss_box_reg: 0.1691 loss_reid: 2.5996 loss_objectness: 0.0058 loss_rpn_box_reg: 0.0095
epoch 9 [ 2800/2852] lr: 1.50e-03 loss: 2.8621 loss_classifier: 0.0870 loss_box_reg: 0.1687 loss_reid: 2.5911 loss_objectness: 0.0058 loss_rpn_box_reg: 0.0095
epoch 9 done in 51.9 min
epoch 10 [    0/2852] lr: 1.50e-04 loss: 5.0513 loss_classifier: 0.0579 loss_box_reg: 0.1718 loss_reid: 4.8169 loss_objectness: 0.0003 loss_rpn_box_reg: 0.0044
epoch 10 [  100/2852] lr: 1.50e-04 loss: 2.3696 loss_classifier: 0.0865 loss_box_reg: 0.1672 loss_reid: 2.1005 loss_objectness: 0.0062 loss_rpn_box_reg: 0.0092
epoch 10 [  200/2852] lr: 1.50e-04 loss: 2.3259 loss_classifier: 0.0838 loss_box_reg: 0.1689 loss_reid: 2.0584 loss_objectness: 0.0057 loss_rpn_box_reg: 0.0092
epoch 10 [  300/2852] lr: 1.50e-04 loss: 2.3030 loss_classifier: 0.0861 loss_box_reg: 0.1703 loss_reid: 2.0314 loss_objectness: 0.0061 loss_rpn_box_reg: 0.0090
epoch 10 [  400/2852] lr: 1.50e-04 loss: 2.1580 loss_classifier: 0.0837 loss_box_reg: 0.1646 loss_reid: 1.8951 loss_objectness: 0.0059 loss_rpn_box_reg: 0.0087
epoch 10 [  500/2852] lr: 1.50e-04 loss: 2.1044 loss_classifier: 0.0833 loss_box_reg: 0.1634 loss_reid: 1.8435 loss_objectness: 0.0058 loss_rpn_box_reg: 0.0084
epoch 10 [  600/2852] lr: 1.50e-04 loss: 2.0524 loss_classifier: 0.0821 loss_box_reg: 0.1628 loss_reid: 1.7935 loss_objectness: 0.0056 loss_rpn_box_reg: 0.0084
epoch 10 [  700/2852] lr: 1.50e-04 loss: 2.0365 loss_classifier: 0.0822 loss_box_reg: 0.1620 loss_reid: 1.7785 loss_objectness: 0.0055 loss_rpn_box_reg: 0.0083
epoch 10 [  800/2852] lr: 1.50e-04 loss: 2.0150 loss_classifier: 0.0819 loss_box_reg: 0.1610 loss_reid: 1.7584 loss_objectness: 0.0054 loss_rpn_box_reg: 0.0083
epoch 10 [  900/2852] lr: 1.50e-04 loss: 2.0065 loss_classifier: 0.0817 loss_box_reg: 0.1603 loss_reid: 1.7509 loss_objectness: 0.0053 loss_rpn_box_reg: 0.0082
epoch 10 [ 1000/2852] lr: 1.50e-04 loss: 2.0080 loss_classifier: 0.0815 loss_box_reg: 0.1590 loss_reid: 1.7541 loss_objectness: 0.0054 loss_rpn_box_reg: 0.0081
epoch 10 [ 1100/2852] lr: 1.50e-04 loss: 2.0050 loss_classifier: 0.0816 loss_box_reg: 0.1590 loss_reid: 1.7511 loss_objectness: 0.0053 loss_rpn_box_reg: 0.0081
epoch 10 [ 1200/2852] lr: 1.50e-04 loss: 2.0007 loss_classifier: 0.0815 loss_box_reg: 0.1592 loss_reid: 1.7467 loss_objectness: 0.0052 loss_rpn_box_reg: 0.0081
epoch 10 [ 1300/2852] lr: 1.50e-04 loss: 1.9779 loss_classifier: 0.0810 loss_box_reg: 0.1584 loss_reid: 1.7253 loss_objectness: 0.0052 loss_rpn_box_reg: 0.0080
epoch 10 [ 1400/2852] lr: 1.50e-04 loss: 1.9846 loss_classifier: 0.0812 loss_box_reg: 0.1581 loss_reid: 1.7322 loss_objectness: 0.0051 loss_rpn_box_reg: 0.0080
epoch 10 [ 1500/2852] lr: 1.50e-04 loss: 1.9762 loss_classifier: 0.0811 loss_box_reg: 0.1577 loss_reid: 1.7243 loss_objectness: 0.0050 loss_rpn_box_reg: 0.0080
epoch 10 [ 1600/2852] lr: 1.50e-04 loss: 1.9589 loss_classifier: 0.0814 loss_box_reg: 0.1584 loss_reid: 1.7059 loss_objectness: 0.0051 loss_rpn_box_reg: 0.0080
epoch 10 [ 1700/2852] lr: 1.50e-04 loss: 1.9618 loss_classifier: 0.0812 loss_box_reg: 0.1576 loss_reid: 1.7100 loss_objectness: 0.0051 loss_rpn_box_reg: 0.0080
epoch 10 [ 1800/2852] lr: 1.50e-04 loss: 1.9478 loss_classifier: 0.0812 loss_box_reg: 0.1578 loss_reid: 1.6957 loss_objectness: 0.0050 loss_rpn_box_reg: 0.0080
epoch 10 [ 1900/2852] lr: 1.50e-04 loss: 1.9282 loss_classifier: 0.0809 loss_box_reg: 0.1574 loss_reid: 1.6769 loss_objectness: 0.0050 loss_rpn_box_reg: 0.0080
epoch 10 [ 2000/2852] lr: 1.50e-04 loss: 1.9266 loss_classifier: 0.0809 loss_box_reg: 0.1577 loss_reid: 1.6750 loss_objectness: 0.0050 loss_rpn_box_reg: 0.0080
epoch 10 [ 2100/2852] lr: 1.50e-04 loss: 1.9158 loss_classifier: 0.0808 loss_box_reg: 0.1578 loss_reid: 1.6643 loss_objectness: 0.0049 loss_rpn_box_reg: 0.0080
epoch 10 [ 2200/2852] lr: 1.50e-04 loss: 1.9273 loss_classifier: 0.0807 loss_box_reg: 0.1577 loss_reid: 1.6761 loss_objectness: 0.0049 loss_rpn_box_reg: 0.0080
epoch 10 [ 2300/2852] lr: 1.50e-04 loss: 1.9218 loss_classifier: 0.0806 loss_box_reg: 0.1576 loss_reid: 1.6708 loss_objectness: 0.0049 loss_rpn_box_reg: 0.0080
epoch 10 [ 2400/2852] lr: 1.50e-04 loss: 1.9074 loss_classifier: 0.0807 loss_box_reg: 0.1575 loss_reid: 1.6565 loss_objectness: 0.0048 loss_rpn_box_reg: 0.0079
epoch 10 [ 2500/2852] lr: 1.50e-04 loss: 1.9001 loss_classifier: 0.0807 loss_box_reg: 0.1571 loss_reid: 1.6495 loss_objectness: 0.0048 loss_rpn_box_reg: 0.0079
epoch 10 [ 2600/2852] lr: 1.50e-04 loss: 1.8924 loss_classifier: 0.0804 loss_box_reg: 0.1567 loss_reid: 1.6425 loss_objectness: 0.0048 loss_rpn_box_reg: 0.0079
epoch 10 [ 2700/2852] lr: 1.50e-04 loss: 1.8818 loss_classifier: 0.0805 loss_box_reg: 0.1572 loss_reid: 1.6313 loss_objectness: 0.0048 loss_rpn_box_reg: 0.0079
epoch 10 [ 2800/2852] lr: 1.50e-04 loss: 1.8794 loss_classifier: 0.0804 loss_box_reg: 0.1571 loss_reid: 1.6292 loss_objectness: 0.0049 loss_rpn_box_reg: 0.0079
epoch 10 done in 52.8 min
epoch 11 [    0/2852] lr: 1.50e-04 loss: 2.4867 loss_classifier: 0.0425 loss_box_reg: 0.0894 loss_reid: 2.3376 loss_objectness: 0.0107 loss_rpn_box_reg: 0.0065
epoch 11 [  100/2852] lr: 1.50e-04 loss: 1.6364 loss_classifier: 0.0781 loss_box_reg: 0.1543 loss_reid: 1.3924 loss_objectness: 0.0039 loss_rpn_box_reg: 0.0077
epoch 11 [  200/2852] lr: 1.50e-04 loss: 1.6877 loss_classifier: 0.0784 loss_box_reg: 0.1527 loss_reid: 1.4443 loss_objectness: 0.0047 loss_rpn_box_reg: 0.0077
epoch 11 [  300/2852] lr: 1.50e-04 loss: 1.6708 loss_classifier: 0.0802 loss_box_reg: 0.1585 loss_reid: 1.4190 loss_objectness: 0.0050 loss_rpn_box_reg: 0.0080
epoch 11 [  400/2852] lr: 1.50e-04 loss: 1.6281 loss_classifier: 0.0799 loss_box_reg: 0.1572 loss_reid: 1.3783 loss_objectness: 0.0047 loss_rpn_box_reg: 0.0080
epoch 11 [  500/2852] lr: 1.50e-04 loss: 1.6343 loss_classifier: 0.0796 loss_box_reg: 0.1559 loss_reid: 1.3865 loss_objectness: 0.0044 loss_rpn_box_reg: 0.0078
epoch 11 [  600/2852] lr: 1.50e-04 loss: 1.6012 loss_classifier: 0.0797 loss_box_reg: 0.1570 loss_reid: 1.3521 loss_objectness: 0.0046 loss_rpn_box_reg: 0.0078
epoch 11 [  700/2852] lr: 1.50e-04 loss: 1.5636 loss_classifier: 0.0795 loss_box_reg: 0.1555 loss_reid: 1.3162 loss_objectness: 0.0047 loss_rpn_box_reg: 0.0077
epoch 11 [  800/2852] lr: 1.50e-04 loss: 1.5725 loss_classifier: 0.0793 loss_box_reg: 0.1542 loss_reid: 1.3267 loss_objectness: 0.0047 loss_rpn_box_reg: 0.0077
epoch 11 [  900/2852] lr: 1.50e-04 loss: 1.5515 loss_classifier: 0.0787 loss_box_reg: 0.1540 loss_reid: 1.3064 loss_objectness: 0.0047 loss_rpn_box_reg: 0.0076
epoch 11 [ 1000/2852] lr: 1.50e-04 loss: 1.5699 loss_classifier: 0.0783 loss_box_reg: 0.1535 loss_reid: 1.3258 loss_objectness: 0.0046 loss_rpn_box_reg: 0.0077
epoch 11 [ 1100/2852] lr: 1.50e-04 loss: 1.5655 loss_classifier: 0.0786 loss_box_reg: 0.1543 loss_reid: 1.3204 loss_objectness: 0.0046 loss_rpn_box_reg: 0.0077
epoch 11 [ 1200/2852] lr: 1.50e-04 loss: 1.5796 loss_classifier: 0.0783 loss_box_reg: 0.1534 loss_reid: 1.3356 loss_objectness: 0.0046 loss_rpn_box_reg: 0.0076
epoch 11 [ 1300/2852] lr: 1.50e-04 loss: 1.5747 loss_classifier: 0.0778 loss_box_reg: 0.1522 loss_reid: 1.3325 loss_objectness: 0.0046 loss_rpn_box_reg: 0.0076
epoch 11 [ 1400/2852] lr: 1.50e-04 loss: 1.5601 loss_classifier: 0.0776 loss_box_reg: 0.1517 loss_reid: 1.3187 loss_objectness: 0.0046 loss_rpn_box_reg: 0.0075
epoch 11 [ 1500/2852] lr: 1.50e-04 loss: 1.5663 loss_classifier: 0.0778 loss_box_reg: 0.1520 loss_reid: 1.3244 loss_objectness: 0.0045 loss_rpn_box_reg: 0.0076
epoch 11 [ 1600/2852] lr: 1.50e-04 loss: 1.5617 loss_classifier: 0.0776 loss_box_reg: 0.1517 loss_reid: 1.3203 loss_objectness: 0.0045 loss_rpn_box_reg: 0.0076
epoch 11 [ 1700/2852] lr: 1.50e-04 loss: 1.5675 loss_classifier: 0.0775 loss_box_reg: 0.1511 loss_reid: 1.3268 loss_objectness: 0.0045 loss_rpn_box_reg: 0.0076
epoch 11 [ 1800/2852] lr: 1.50e-04 loss: 1.5758 loss_classifier: 0.0776 loss_box_reg: 0.1513 loss_reid: 1.3348 loss_objectness: 0.0045 loss_rpn_box_reg: 0.0076
epoch 11 [ 1900/2852] lr: 1.50e-04 loss: 1.5802 loss_classifier: 0.0772 loss_box_reg: 0.1505 loss_reid: 1.3404 loss_objectness: 0.0045 loss_rpn_box_reg: 0.0076
epoch 11 [ 2000/2852] lr: 1.50e-04 loss: 1.5834 loss_classifier: 0.0775 loss_box_reg: 0.1510 loss_reid: 1.3427 loss_objectness: 0.0046 loss_rpn_box_reg: 0.0076
epoch 11 [ 2100/2852] lr: 1.50e-04 loss: 1.5855 loss_classifier: 0.0777 loss_box_reg: 0.1514 loss_reid: 1.3441 loss_objectness: 0.0046 loss_rpn_box_reg: 0.0076
epoch 11 [ 2200/2852] lr: 1.50e-04 loss: 1.5841 loss_classifier: 0.0780 loss_box_reg: 0.1518 loss_reid: 1.3420 loss_objectness: 0.0046 loss_rpn_box_reg: 0.0076
epoch 11 [ 2300/2852] lr: 1.50e-04 loss: 1.5787 loss_classifier: 0.0781 loss_box_reg: 0.1521 loss_reid: 1.3362 loss_objectness: 0.0046 loss_rpn_box_reg: 0.0077
epoch 11 [ 2400/2852] lr: 1.50e-04 loss: 1.5817 loss_classifier: 0.0782 loss_box_reg: 0.1521 loss_reid: 1.3390 loss_objectness: 0.0047 loss_rpn_box_reg: 0.0077
epoch 11 [ 2500/2852] lr: 1.50e-04 loss: 1.5878 loss_classifier: 0.0782 loss_box_reg: 0.1520 loss_reid: 1.3452 loss_objectness: 0.0046 loss_rpn_box_reg: 0.0077
epoch 11 [ 2600/2852] lr: 1.50e-04 loss: 1.5905 loss_classifier: 0.0781 loss_box_reg: 0.1519 loss_reid: 1.3481 loss_objectness: 0.0046 loss_rpn_box_reg: 0.0077
epoch 11 [ 2700/2852] lr: 1.50e-04 loss: 1.5911 loss_classifier: 0.0782 loss_box_reg: 0.1522 loss_reid: 1.3484 loss_objectness: 0.0046 loss_rpn_box_reg: 0.0077
epoch 11 [ 2800/2852] lr: 1.50e-04 loss: 1.5951 loss_classifier: 0.0782 loss_box_reg: 0.1524 loss_reid: 1.3522 loss_objectness: 0.0046 loss_rpn_box_reg: 0.0077
epoch 11 done in 51.3 min
epoch 12 [    0/2852] lr: 1.50e-04 loss: 1.1561 loss_classifier: 0.0724 loss_box_reg: 0.0967 loss_reid: 0.9783 loss_objectness: 0.0017 loss_rpn_box_reg: 0.0072
epoch 12 [  100/2852] lr: 1.50e-04 loss: 1.4806 loss_classifier: 0.0839 loss_box_reg: 0.1646 loss_reid: 1.2187 loss_objectness: 0.0053 loss_rpn_box_reg: 0.0082
epoch 12 [  200/2852] lr: 1.50e-04 loss: 1.5955 loss_classifier: 0.0785 loss_box_reg: 0.1544 loss_reid: 1.3498 loss_objectness: 0.0051 loss_rpn_box_reg: 0.0077
epoch 12 [  300/2852] lr: 1.50e-04 loss: 1.6029 loss_classifier: 0.0795 loss_box_reg: 0.1558 loss_reid: 1.3549 loss_objectness: 0.0049 loss_rpn_box_reg: 0.0078
epoch 12 [  400/2852] lr: 1.50e-04 loss: 1.5784 loss_classifier: 0.0785 loss_box_reg: 0.1549 loss_reid: 1.3326 loss_objectness: 0.0047 loss_rpn_box_reg: 0.0077
epoch 12 [  500/2852] lr: 1.50e-04 loss: 1.5464 loss_classifier: 0.0785 loss_box_reg: 0.1546 loss_reid: 1.3013 loss_objectness: 0.0045 loss_rpn_box_reg: 0.0075
epoch 12 [  600/2852] lr: 1.50e-04 loss: 1.5451 loss_classifier: 0.0776 loss_box_reg: 0.1533 loss_reid: 1.3023 loss_objectness: 0.0045 loss_rpn_box_reg: 0.0074
epoch 12 [  700/2852] lr: 1.50e-04 loss: 1.5460 loss_classifier: 0.0774 loss_box_reg: 0.1522 loss_reid: 1.3044 loss_objectness: 0.0046 loss_rpn_box_reg: 0.0074
epoch 12 [  800/2852] lr: 1.50e-04 loss: 1.5375 loss_classifier: 0.0775 loss_box_reg: 0.1526 loss_reid: 1.2955 loss_objectness: 0.0046 loss_rpn_box_reg: 0.0074
epoch 12 [  900/2852] lr: 1.50e-04 loss: 1.5271 loss_classifier: 0.0770 loss_box_reg: 0.1517 loss_reid: 1.2866 loss_objectness: 0.0046 loss_rpn_box_reg: 0.0073
epoch 12 [ 1000/2852] lr: 1.50e-04 loss: 1.5185 loss_classifier: 0.0771 loss_box_reg: 0.1517 loss_reid: 1.2777 loss_objectness: 0.0047 loss_rpn_box_reg: 0.0074
epoch 12 [ 1100/2852] lr: 1.50e-04 loss: 1.5318 loss_classifier: 0.0765 loss_box_reg: 0.1506 loss_reid: 1.2928 loss_objectness: 0.0046 loss_rpn_box_reg: 0.0073
epoch 12 [ 1200/2852] lr: 1.50e-04 loss: 1.5318 loss_classifier: 0.0766 loss_box_reg: 0.1510 loss_reid: 1.2923 loss_objectness: 0.0046 loss_rpn_box_reg: 0.0073
epoch 12 [ 1300/2852] lr: 1.50e-04 loss: 1.5143 loss_classifier: 0.0765 loss_box_reg: 0.1502 loss_reid: 1.2757 loss_objectness: 0.0045 loss_rpn_box_reg: 0.0073
epoch 12 [ 1400/2852] lr: 1.50e-04 loss: 1.5030 loss_classifier: 0.0768 loss_box_reg: 0.1512 loss_reid: 1.2631 loss_objectness: 0.0045 loss_rpn_box_reg: 0.0073
epoch 12 [ 1500/2852] lr: 1.50e-04 loss: 1.4996 loss_classifier: 0.0769 loss_box_reg: 0.1509 loss_reid: 1.2599 loss_objectness: 0.0045 loss_rpn_box_reg: 0.0073
epoch 12 [ 1600/2852] lr: 1.50e-04 loss: 1.5011 loss_classifier: 0.0771 loss_box_reg: 0.1511 loss_reid: 1.2610 loss_objectness: 0.0045 loss_rpn_box_reg: 0.0074
epoch 12 [ 1700/2852] lr: 1.50e-04 loss: 1.5129 loss_classifier: 0.0773 loss_box_reg: 0.1515 loss_reid: 1.2721 loss_objectness: 0.0045 loss_rpn_box_reg: 0.0074
epoch 12 [ 1800/2852] lr: 1.50e-04 loss: 1.5155 loss_classifier: 0.0776 loss_box_reg: 0.1519 loss_reid: 1.2740 loss_objectness: 0.0045 loss_rpn_box_reg: 0.0074
epoch 12 [ 1900/2852] lr: 1.50e-04 loss: 1.5098 loss_classifier: 0.0776 loss_box_reg: 0.1517 loss_reid: 1.2687 loss_objectness: 0.0045 loss_rpn_box_reg: 0.0074
epoch 12 [ 2000/2852] lr: 1.50e-04 loss: 1.5197 loss_classifier: 0.0780 loss_box_reg: 0.1523 loss_reid: 1.2774 loss_objectness: 0.0045 loss_rpn_box_reg: 0.0074
epoch 12 [ 2100/2852] lr: 1.50e-04 loss: 1.5103 loss_classifier: 0.0780 loss_box_reg: 0.1523 loss_reid: 1.2681 loss_objectness: 0.0045 loss_rpn_box_reg: 0.0075
epoch 12 [ 2200/2852] lr: 1.50e-04 loss: 1.5019 loss_classifier: 0.0776 loss_box_reg: 0.1518 loss_reid: 1.2606 loss_objectness: 0.0045 loss_rpn_box_reg: 0.0074
epoch 12 [ 2300/2852] lr: 1.50e-04 loss: 1.4951 loss_classifier: 0.0778 loss_box_reg: 0.1522 loss_reid: 1.2532 loss_objectness: 0.0045 loss_rpn_box_reg: 0.0075
epoch 12 [ 2400/2852] lr: 1.50e-04 loss: 1.4858 loss_classifier: 0.0782 loss_box_reg: 0.1529 loss_reid: 1.2428 loss_objectness: 0.0045 loss_rpn_box_reg: 0.0075
epoch 12 [ 2500/2852] lr: 1.50e-04 loss: 1.4867 loss_classifier: 0.0782 loss_box_reg: 0.1529 loss_reid: 1.2437 loss_objectness: 0.0045 loss_rpn_box_reg: 0.0075
epoch 12 [ 2600/2852] lr: 1.50e-04 loss: 1.4918 loss_classifier: 0.0781 loss_box_reg: 0.1525 loss_reid: 1.2493 loss_objectness: 0.0045 loss_rpn_box_reg: 0.0075
epoch 12 [ 2700/2852] lr: 1.50e-04 loss: 1.5022 loss_classifier: 0.0781 loss_box_reg: 0.1525 loss_reid: 1.2597 loss_objectness: 0.0045 loss_rpn_box_reg: 0.0075
epoch 12 [ 2800/2852] lr: 1.50e-04 loss: 1.5086 loss_classifier: 0.0784 loss_box_reg: 0.1528 loss_reid: 1.2654 loss_objectness: 0.0045 loss_rpn_box_reg: 0.0075
epoch 12 done in 51.3 min
epoch 13 [    0/2852] lr: 1.50e-04 loss: 3.6145 loss_classifier: 0.0470 loss_box_reg: 0.0880 loss_reid: 3.4760 loss_objectness: 0.0005 loss_rpn_box_reg: 0.0030
epoch 13 [  100/2852] lr: 1.50e-04 loss: 1.5398 loss_classifier: 0.0785 loss_box_reg: 0.1534 loss_reid: 1.2964 loss_objectness: 0.0037 loss_rpn_box_reg: 0.0078
epoch 13 [  200/2852] lr: 1.50e-04 loss: 1.4155 loss_classifier: 0.0795 loss_box_reg: 0.1524 loss_reid: 1.1721 loss_objectness: 0.0038 loss_rpn_box_reg: 0.0077
epoch 13 [  300/2852] lr: 1.50e-04 loss: 1.4405 loss_classifier: 0.0785 loss_box_reg: 0.1546 loss_reid: 1.1955 loss_objectness: 0.0040 loss_rpn_box_reg: 0.0079
epoch 13 [  400/2852] lr: 1.50e-04 loss: 1.4162 loss_classifier: 0.0787 loss_box_reg: 0.1556 loss_reid: 1.1698 loss_objectness: 0.0041 loss_rpn_box_reg: 0.0080
epoch 13 [  500/2852] lr: 1.50e-04 loss: 1.4015 loss_classifier: 0.0778 loss_box_reg: 0.1525 loss_reid: 1.1593 loss_objectness: 0.0041 loss_rpn_box_reg: 0.0078
epoch 13 [  600/2852] lr: 1.50e-04 loss: 1.3693 loss_classifier: 0.0782 loss_box_reg: 0.1536 loss_reid: 1.1255 loss_objectness: 0.0041 loss_rpn_box_reg: 0.0078
epoch 13 [  700/2852] lr: 1.50e-04 loss: 1.3622 loss_classifier: 0.0779 loss_box_reg: 0.1530 loss_reid: 1.1192 loss_objectness: 0.0043 loss_rpn_box_reg: 0.0078
epoch 13 [  800/2852] lr: 1.50e-04 loss: 1.3767 loss_classifier: 0.0774 loss_box_reg: 0.1516 loss_reid: 1.1356 loss_objectness: 0.0043 loss_rpn_box_reg: 0.0077
epoch 13 [  900/2852] lr: 1.50e-04 loss: 1.3788 loss_classifier: 0.0781 loss_box_reg: 0.1520 loss_reid: 1.1368 loss_objectness: 0.0043 loss_rpn_box_reg: 0.0076
epoch 13 [ 1000/2852] lr: 1.50e-04 loss: 1.3980 loss_classifier: 0.0777 loss_box_reg: 0.1514 loss_reid: 1.1571 loss_objectness: 0.0043 loss_rpn_box_reg: 0.0076
epoch 13 [ 1100/2852] lr: 1.50e-04 loss: 1.3853 loss_classifier: 0.0775 loss_box_reg: 0.1505 loss_reid: 1.1455 loss_objectness: 0.0042 loss_rpn_box_reg: 0.0075
epoch 13 [ 1200/2852] lr: 1.50e-04 loss: 1.4031 loss_classifier: 0.0778 loss_box_reg: 0.1514 loss_reid: 1.1620 loss_objectness: 0.0043 loss_rpn_box_reg: 0.0076
epoch 13 [ 1300/2852] lr: 1.50e-04 loss: 1.4018 loss_classifier: 0.0780 loss_box_reg: 0.1519 loss_reid: 1.1600 loss_objectness: 0.0043 loss_rpn_box_reg: 0.0076
epoch 13 [ 1400/2852] lr: 1.50e-04 loss: 1.4031 loss_classifier: 0.0777 loss_box_reg: 0.1513 loss_reid: 1.1620 loss_objectness: 0.0045 loss_rpn_box_reg: 0.0076
epoch 13 [ 1500/2852] lr: 1.50e-04 loss: 1.4046 loss_classifier: 0.0781 loss_box_reg: 0.1525 loss_reid: 1.1618 loss_objectness: 0.0046 loss_rpn_box_reg: 0.0076
epoch 13 [ 1600/2852] lr: 1.50e-04 loss: 1.3965 loss_classifier: 0.0779 loss_box_reg: 0.1520 loss_reid: 1.1545 loss_objectness: 0.0045 loss_rpn_box_reg: 0.0076
epoch 13 [ 1700/2852] lr: 1.50e-04 loss: 1.3997 loss_classifier: 0.0782 loss_box_reg: 0.1525 loss_reid: 1.1568 loss_objectness: 0.0046 loss_rpn_box_reg: 0.0076
epoch 13 [ 1800/2852] lr: 1.50e-04 loss: 1.3890 loss_classifier: 0.0783 loss_box_reg: 0.1526 loss_reid: 1.1460 loss_objectness: 0.0045 loss_rpn_box_reg: 0.0075
epoch 13 [ 1900/2852] lr: 1.50e-04 loss: 1.3841 loss_classifier: 0.0781 loss_box_reg: 0.1522 loss_reid: 1.1418 loss_objectness: 0.0046 loss_rpn_box_reg: 0.0075
epoch 13 [ 2000/2852] lr: 1.50e-04 loss: 1.3777 loss_classifier: 0.0780 loss_box_reg: 0.1521 loss_reid: 1.1355 loss_objectness: 0.0046 loss_rpn_box_reg: 0.0075
epoch 13 [ 2100/2852] lr: 1.50e-04 loss: 1.3750 loss_classifier: 0.0778 loss_box_reg: 0.1520 loss_reid: 1.1331 loss_objectness: 0.0045 loss_rpn_box_reg: 0.0075
epoch 13 [ 2200/2852] lr: 1.50e-04 loss: 1.3846 loss_classifier: 0.0777 loss_box_reg: 0.1518 loss_reid: 1.1431 loss_objectness: 0.0045 loss_rpn_box_reg: 0.0075
epoch 13 [ 2300/2852] lr: 1.50e-04 loss: 1.3901 loss_classifier: 0.0775 loss_box_reg: 0.1515 loss_reid: 1.1490 loss_objectness: 0.0045 loss_rpn_box_reg: 0.0075
epoch 13 [ 2400/2852] lr: 1.50e-04 loss: 1.3887 loss_classifier: 0.0777 loss_box_reg: 0.1519 loss_reid: 1.1472 loss_objectness: 0.0045 loss_rpn_box_reg: 0.0075
epoch 13 [ 2500/2852] lr: 1.50e-04 loss: 1.3907 loss_classifier: 0.0775 loss_box_reg: 0.1517 loss_reid: 1.1495 loss_objectness: 0.0045 loss_rpn_box_reg: 0.0075
epoch 13 [ 2600/2852] lr: 1.50e-04 loss: 1.3982 loss_classifier: 0.0774 loss_box_reg: 0.1515 loss_reid: 1.1573 loss_objectness: 0.0045 loss_rpn_box_reg: 0.0075
epoch 13 [ 2700/2852] lr: 1.50e-04 loss: 1.4043 loss_classifier: 0.0774 loss_box_reg: 0.1515 loss_reid: 1.1634 loss_objectness: 0.0045 loss_rpn_box_reg: 0.0075
epoch 13 [ 2800/2852] lr: 1.50e-04 loss: 1.4050 loss_classifier: 0.0774 loss_box_reg: 0.1511 loss_reid: 1.1645 loss_objectness: 0.0045 loss_rpn_box_reg: 0.0075
epoch 13 done in 51.2 min
epoch 14 [    0/2852] lr: 1.50e-05 loss: 1.4891 loss_classifier: 0.0878 loss_box_reg: 0.1308 loss_reid: 1.2526 loss_objectness: 0.0131 loss_rpn_box_reg: 0.0047
epoch 14 [  100/2852] lr: 1.50e-05 loss: 1.1160 loss_classifier: 0.0798 loss_box_reg: 0.1546 loss_reid: 0.8709 loss_objectness: 0.0039 loss_rpn_box_reg: 0.0067
epoch 14 [  200/2852] lr: 1.50e-05 loss: 1.1963 loss_classifier: 0.0791 loss_box_reg: 0.1521 loss_reid: 0.9541 loss_objectness: 0.0043 loss_rpn_box_reg: 0.0068
epoch 14 [  300/2852] lr: 1.50e-05 loss: 1.2256 loss_classifier: 0.0800 loss_box_reg: 0.1521 loss_reid: 0.9818 loss_objectness: 0.0047 loss_rpn_box_reg: 0.0070
epoch 14 [  400/2852] lr: 1.50e-05 loss: 1.2342 loss_classifier: 0.0785 loss_box_reg: 0.1524 loss_reid: 0.9920 loss_objectness: 0.0044 loss_rpn_box_reg: 0.0070
epoch 14 [  500/2852] lr: 1.50e-05 loss: 1.1993 loss_classifier: 0.0776 loss_box_reg: 0.1507 loss_reid: 0.9598 loss_objectness: 0.0042 loss_rpn_box_reg: 0.0071
epoch 14 [  600/2852] lr: 1.50e-05 loss: 1.1998 loss_classifier: 0.0783 loss_box_reg: 0.1524 loss_reid: 0.9575 loss_objectness: 0.0043 loss_rpn_box_reg: 0.0072
epoch 14 [  700/2852] lr: 1.50e-05 loss: 1.2281 loss_classifier: 0.0779 loss_box_reg: 0.1516 loss_reid: 0.9870 loss_objectness: 0.0044 loss_rpn_box_reg: 0.0073
epoch 14 [  800/2852] lr: 1.50e-05 loss: 1.2326 loss_classifier: 0.0783 loss_box_reg: 0.1521 loss_reid: 0.9905 loss_objectness: 0.0044 loss_rpn_box_reg: 0.0073
epoch 14 [  900/2852] lr: 1.50e-05 loss: 1.2296 loss_classifier: 0.0786 loss_box_reg: 0.1531 loss_reid: 0.9861 loss_objectness: 0.0044 loss_rpn_box_reg: 0.0074
epoch 14 [ 1000/2852] lr: 1.50e-05 loss: 1.2406 loss_classifier: 0.0783 loss_box_reg: 0.1530 loss_reid: 0.9975 loss_objectness: 0.0043 loss_rpn_box_reg: 0.0074
epoch 14 [ 1100/2852] lr: 1.50e-05 loss: 1.2387 loss_classifier: 0.0782 loss_box_reg: 0.1529 loss_reid: 0.9959 loss_objectness: 0.0043 loss_rpn_box_reg: 0.0074
epoch 14 [ 1200/2852] lr: 1.50e-05 loss: 1.2412 loss_classifier: 0.0781 loss_box_reg: 0.1527 loss_reid: 0.9986 loss_objectness: 0.0043 loss_rpn_box_reg: 0.0074
epoch 14 [ 1300/2852] lr: 1.50e-05 loss: 1.2695 loss_classifier: 0.0783 loss_box_reg: 0.1532 loss_reid: 1.0263 loss_objectness: 0.0043 loss_rpn_box_reg: 0.0074
epoch 14 [ 1400/2852] lr: 1.50e-05 loss: 1.2733 loss_classifier: 0.0783 loss_box_reg: 0.1533 loss_reid: 1.0300 loss_objectness: 0.0043 loss_rpn_box_reg: 0.0074
epoch 14 [ 1500/2852] lr: 1.50e-05 loss: 1.2815 loss_classifier: 0.0778 loss_box_reg: 0.1526 loss_reid: 1.0394 loss_objectness: 0.0043 loss_rpn_box_reg: 0.0074
epoch 14 [ 1600/2852] lr: 1.50e-05 loss: 1.2885 loss_classifier: 0.0775 loss_box_reg: 0.1518 loss_reid: 1.0475 loss_objectness: 0.0043 loss_rpn_box_reg: 0.0074
epoch 14 [ 1700/2852] lr: 1.50e-05 loss: 1.2847 loss_classifier: 0.0775 loss_box_reg: 0.1520 loss_reid: 1.0435 loss_objectness: 0.0043 loss_rpn_box_reg: 0.0074
epoch 14 [ 1800/2852] lr: 1.50e-05 loss: 1.2780 loss_classifier: 0.0772 loss_box_reg: 0.1515 loss_reid: 1.0376 loss_objectness: 0.0043 loss_rpn_box_reg: 0.0073
epoch 14 [ 1900/2852] lr: 1.50e-05 loss: 1.2714 loss_classifier: 0.0772 loss_box_reg: 0.1513 loss_reid: 1.0312 loss_objectness: 0.0044 loss_rpn_box_reg: 0.0073
epoch 14 [ 2000/2852] lr: 1.50e-05 loss: 1.2557 loss_classifier: 0.0772 loss_box_reg: 0.1515 loss_reid: 1.0152 loss_objectness: 0.0044 loss_rpn_box_reg: 0.0073
epoch 14 [ 2100/2852] lr: 1.50e-05 loss: 1.2701 loss_classifier: 0.0768 loss_box_reg: 0.1506 loss_reid: 1.0310 loss_objectness: 0.0044 loss_rpn_box_reg: 0.0073
epoch 14 [ 2200/2852] lr: 1.50e-05 loss: 1.2829 loss_classifier: 0.0767 loss_box_reg: 0.1507 loss_reid: 1.0439 loss_objectness: 0.0044 loss_rpn_box_reg: 0.0073
epoch 14 [ 2300/2852] lr: 1.50e-05 loss: 1.2842 loss_classifier: 0.0768 loss_box_reg: 0.1507 loss_reid: 1.0450 loss_objectness: 0.0044 loss_rpn_box_reg: 0.0073
epoch 14 [ 2400/2852] lr: 1.50e-05 loss: 1.2845 loss_classifier: 0.0766 loss_box_reg: 0.1501 loss_reid: 1.0463 loss_objectness: 0.0043 loss_rpn_box_reg: 0.0073
epoch 14 [ 2500/2852] lr: 1.50e-05 loss: 1.2899 loss_classifier: 0.0765 loss_box_reg: 0.1498 loss_reid: 1.0520 loss_objectness: 0.0043 loss_rpn_box_reg: 0.0073
epoch 14 [ 2600/2852] lr: 1.50e-05 loss: 1.2888 loss_classifier: 0.0763 loss_box_reg: 0.1496 loss_reid: 1.0513 loss_objectness: 0.0043 loss_rpn_box_reg: 0.0073
epoch 14 [ 2700/2852] lr: 1.50e-05 loss: 1.2850 loss_classifier: 0.0762 loss_box_reg: 0.1492 loss_reid: 1.0481 loss_objectness: 0.0043 loss_rpn_box_reg: 0.0072
epoch 14 [ 2800/2852] lr: 1.50e-05 loss: 1.2861 loss_classifier: 0.0762 loss_box_reg: 0.1494 loss_reid: 1.0489 loss_objectness: 0.0043 loss_rpn_box_reg: 0.0073
epoch 14 done in 51.4 min
epoch 15 [    0/2852] lr: 1.50e-05 loss: 2.1032 loss_classifier: 0.0446 loss_box_reg: 0.0500 loss_reid: 2.0069 loss_objectness: 0.0001 loss_rpn_box_reg: 0.0016
epoch 15 [  100/2852] lr: 1.50e-05 loss: 1.3616 loss_classifier: 0.0723 loss_box_reg: 0.1404 loss_reid: 1.1377 loss_objectness: 0.0037 loss_rpn_box_reg: 0.0074
epoch 15 [  200/2852] lr: 1.50e-05 loss: 1.3168 loss_classifier: 0.0758 loss_box_reg: 0.1434 loss_reid: 1.0863 loss_objectness: 0.0040 loss_rpn_box_reg: 0.0073
epoch 15 [  300/2852] lr: 1.50e-05 loss: 1.2825 loss_classifier: 0.0760 loss_box_reg: 0.1461 loss_reid: 1.0488 loss_objectness: 0.0041 loss_rpn_box_reg: 0.0075
epoch 15 [  400/2852] lr: 1.50e-05 loss: 1.3361 loss_classifier: 0.0752 loss_box_reg: 0.1444 loss_reid: 1.1049 loss_objectness: 0.0043 loss_rpn_box_reg: 0.0073
epoch 15 [  500/2852] lr: 1.50e-05 loss: 1.3228 loss_classifier: 0.0749 loss_box_reg: 0.1453 loss_reid: 1.0911 loss_objectness: 0.0042 loss_rpn_box_reg: 0.0073
epoch 15 [  600/2852] lr: 1.50e-05 loss: 1.3093 loss_classifier: 0.0744 loss_box_reg: 0.1452 loss_reid: 1.0783 loss_objectness: 0.0042 loss_rpn_box_reg: 0.0072
epoch 15 [  700/2852] lr: 1.50e-05 loss: 1.3139 loss_classifier: 0.0747 loss_box_reg: 0.1460 loss_reid: 1.0818 loss_objectness: 0.0043 loss_rpn_box_reg: 0.0072
epoch 15 [  800/2852] lr: 1.50e-05 loss: 1.3283 loss_classifier: 0.0742 loss_box_reg: 0.1458 loss_reid: 1.0971 loss_objectness: 0.0041 loss_rpn_box_reg: 0.0071
epoch 15 [  900/2852] lr: 1.50e-05 loss: 1.3418 loss_classifier: 0.0746 loss_box_reg: 0.1465 loss_reid: 1.1094 loss_objectness: 0.0043 loss_rpn_box_reg: 0.0071
epoch 15 [ 1000/2852] lr: 1.50e-05 loss: 1.3625 loss_classifier: 0.0749 loss_box_reg: 0.1465 loss_reid: 1.1297 loss_objectness: 0.0042 loss_rpn_box_reg: 0.0072
epoch 15 [ 1100/2852] lr: 1.50e-05 loss: 1.3855 loss_classifier: 0.0752 loss_box_reg: 0.1470 loss_reid: 1.1519 loss_objectness: 0.0043 loss_rpn_box_reg: 0.0071
epoch 15 [ 1200/2852] lr: 1.50e-05 loss: 1.3648 loss_classifier: 0.0755 loss_box_reg: 0.1470 loss_reid: 1.1310 loss_objectness: 0.0043 loss_rpn_box_reg: 0.0072
epoch 15 [ 1300/2852] lr: 1.50e-05 loss: 1.3714 loss_classifier: 0.0760 loss_box_reg: 0.1475 loss_reid: 1.1363 loss_objectness: 0.0044 loss_rpn_box_reg: 0.0072
epoch 15 [ 1400/2852] lr: 1.50e-05 loss: 1.3667 loss_classifier: 0.0759 loss_box_reg: 0.1476 loss_reid: 1.1317 loss_objectness: 0.0044 loss_rpn_box_reg: 0.0072
epoch 15 [ 1500/2852] lr: 1.50e-05 loss: 1.3626 loss_classifier: 0.0760 loss_box_reg: 0.1474 loss_reid: 1.1277 loss_objectness: 0.0043 loss_rpn_box_reg: 0.0072
epoch 15 [ 1600/2852] lr: 1.50e-05 loss: 1.3538 loss_classifier: 0.0761 loss_box_reg: 0.1477 loss_reid: 1.1185 loss_objectness: 0.0044 loss_rpn_box_reg: 0.0072
epoch 15 [ 1700/2852] lr: 1.50e-05 loss: 1.3335 loss_classifier: 0.0760 loss_box_reg: 0.1478 loss_reid: 1.0982 loss_objectness: 0.0043 loss_rpn_box_reg: 0.0072
epoch 15 [ 1800/2852] lr: 1.50e-05 loss: 1.3373 loss_classifier: 0.0759 loss_box_reg: 0.1475 loss_reid: 1.1025 loss_objectness: 0.0043 loss_rpn_box_reg: 0.0072
epoch 15 [ 1900/2852] lr: 1.50e-05 loss: 1.3348 loss_classifier: 0.0760 loss_box_reg: 0.1480 loss_reid: 1.0994 loss_objectness: 0.0043 loss_rpn_box_reg: 0.0072
epoch 15 [ 2000/2852] lr: 1.50e-05 loss: 1.3296 loss_classifier: 0.0760 loss_box_reg: 0.1483 loss_reid: 1.0938 loss_objectness: 0.0043 loss_rpn_box_reg: 0.0072
epoch 15 [ 2100/2852] lr: 1.50e-05 loss: 1.3296 loss_classifier: 0.0761 loss_box_reg: 0.1484 loss_reid: 1.0937 loss_objectness: 0.0043 loss_rpn_box_reg: 0.0072
epoch 15 [ 2200/2852] lr: 1.50e-05 loss: 1.3198 loss_classifier: 0.0763 loss_box_reg: 0.1485 loss_reid: 1.0834 loss_objectness: 0.0043 loss_rpn_box_reg: 0.0072
epoch 15 [ 2300/2852] lr: 1.50e-05 loss: 1.3130 loss_classifier: 0.0762 loss_box_reg: 0.1489 loss_reid: 1.0764 loss_objectness: 0.0044 loss_rpn_box_reg: 0.0072
epoch 15 [ 2400/2852] lr: 1.50e-05 loss: 1.3173 loss_classifier: 0.0760 loss_box_reg: 0.1486 loss_reid: 1.0812 loss_objectness: 0.0043 loss_rpn_box_reg: 0.0072
epoch 15 [ 2500/2852] lr: 1.50e-05 loss: 1.3131 loss_classifier: 0.0761 loss_box_reg: 0.1486 loss_reid: 1.0769 loss_objectness: 0.0043 loss_rpn_box_reg: 0.0072
epoch 15 [ 2600/2852] lr: 1.50e-05 loss: 1.3075 loss_classifier: 0.0760 loss_box_reg: 0.1484 loss_reid: 1.0717 loss_objectness: 0.0043 loss_rpn_box_reg: 0.0072
epoch 15 [ 2700/2852] lr: 1.50e-05 loss: 1.3074 loss_classifier: 0.0760 loss_box_reg: 0.1487 loss_reid: 1.0712 loss_objectness: 0.0043 loss_rpn_box_reg: 0.0072
epoch 15 [ 2800/2852] lr: 1.50e-05 loss: 1.3119 loss_classifier: 0.0757 loss_box_reg: 0.1481 loss_reid: 1.0766 loss_objectness: 0.0042 loss_rpn_box_reg: 0.0072
epoch 15 done in 51.3 min
search ranking:
  mAP = 41.72%
  top- 1 = 79.78%
