train: 5704 images, 483 identities
epoch 0 [    0/2852] lr: 3.00e-06 loss: 8.4054 loss_classifier: 0.7964 loss_box_reg: 0.0136 loss_reid: 6.8906 loss_objectness: 0.6938 loss_rpn_box_reg: 0.0108
epoch 0 [  100/2852] lr: 1.53e-04 loss: 19.9536 loss_classifier: 0.3524 loss_box_reg: 0.0393 loss_reid: 18.8737 loss_objectness: 0.6630 loss_rpn_box_reg: 0.0252
epoch 0 [  200/2852] lr: 3.03e-04 loss: 17.9351 loss_classifier: 0.2921 loss_box_reg: 0.0460 loss_reid: 16.9624 loss_objectness: 0.6076 loss_rpn_box_reg: 0.0269
epoch 0 [  300/2852] lr: 4.53e-04 loss: 16.3225 loss_classifier: 0.2464 loss_box_reg: 0.0435 loss_reid: 15.4503 loss_objectness: 0.5532 loss_rpn_box_reg: 0.0290
epoch 0 [  400/2852] lr: 6.02e-04 loss: 15.3204 loss_classifier: 0.2097 loss_box_reg: 0.0389 loss_reid: 14.5457 loss_objectness: 0.4974 loss_rpn_box_reg: 0.0286
epoch 0 [  500/2852] lr: 7.52e-04 loss: 14.5448 loss_classifier: 0.1857 loss_box_reg: 0.0365 loss_reid: 13.8471 loss_objectness: 0.4467 loss_rpn_box_reg: 0.0288
epoch 0 [  600/2852] lr: 9.02e-04 loss: 13.9653 loss_classifier: 0.1690 loss_box_reg: 0.0380 loss_reid: 13.3263 loss_objectness: 0.4028 loss_rpn_box_reg: 0.0293
epoch 0 [  700/2852] lr: 1.05e-03 loss: 13.5812 loss_classifier: 0.1591 loss_box_reg: 0.0419 loss_reid: 12.9846 loss_objectness: 0.3663 loss_rpn_box_reg: 0.0294
epoch 0 [  800/2852] lr: 1.20e-03 loss: 13.3651 loss_classifier: 0.1537 loss_box_reg: 0.0484 loss_reid: 12.7947 loss_objectness: 0.3385 loss_rpn_box_reg: 0.0298
epoch 0 [  900/2852] lr: 1.35e-03 loss: 13.1704 loss_classifier: 0.1518 loss_box_reg: 0.0575 loss_reid: 12.6168 loss_objectness: 0.3142 loss_rpn_box_reg: 0.0300
epoch 0 [ 1000/2852] lr: 1.50e-03 loss: 13.0034 loss_classifier: 0.1502 loss_box_reg: 0.0672 loss_reid: 12.4629 loss_objectness: 0.2928 loss_rpn_box_reg: 0.0302
epoch 0 [ 1100/2852] lr: 1.50e-03 loss: 12.9121 loss_classifier: 0.1483 loss_box_reg: 0.0754 loss_reid: 12.3837 loss_objectness: 0.2742 loss_rpn_box_reg: 0.0305
epoch 0 [ 1200/2852] lr: 1.50e-03 loss: 12.7992 loss_classifier: 0.1470 loss_box_reg: 0.0845 loss_reid: 12.2798 loss_objectness: 0.2575 loss_rpn_box_reg: 0.0305
epoch 0 [ 1300/2852] lr: 1.50e-03 loss: 12.7164 loss_classifier: 0.1449 loss_box_reg: 0.0913 loss_reid: 12.2071 loss_objectness: 0.2427 loss_rpn_box_reg: 0.0304
epoch 0 [ 1400/2852] lr: 1.50e-03 loss: 12.6349 loss_classifier: 0.1433 loss_box_reg: 0.0965 loss_reid: 12.1353 loss_objectness: 0.2298 loss_rpn_box_reg: 0.0301
epoch 0 [ 1500/2852] lr: 1.50e-03 loss: 12.5932 loss_classifier: 0.1415 loss_box_reg: 0.1016 loss_reid: 12.1021 loss_objectness: 0.2181 loss_rpn_box_reg: 0.0299
epoch 0 [ 1600/2852] lr: 1.50e-03 loss: 12.5227 loss_classifier: 0.1394 loss_box_reg: 0.1059 loss_reid: 12.0402 loss_objectness: 0.2077 loss_rpn_box_reg: 0.0296
epoch 0 [ 1700/2852] lr: 1.50e-03 loss: 12.4555 loss_classifier: 0.1378 loss_box_reg: 0.1099 loss_reid: 11.9800 loss_objectness: 0.1985 loss_rpn_box_reg: 0.0293
epoch 0 [ 1800/2852] lr: 1.50e-03 loss: 12.3749 loss_classifier: 0.1361 loss_box_reg: 0.1137 loss_reid: 11.9062 loss_objectness: 0.1897 loss_rpn_box_reg: 0.0291
epoch 0 [ 1900/2852] lr: 1.50e-03 loss: 12.2860 loss_classifier: 0.1347 loss_box_reg: 0.1169 loss_reid: 11.8236 loss_objectness: 0.1819 loss_rpn_box_reg: 0.0288
epoch 0 [ 2000/2852] lr: 1.50e-03 loss: 12.1563 loss_classifier: 0.1333 loss_box_reg: 0.1197 loss_reid: 11.7001 loss_objectness: 0.1747 loss_rpn_box_reg: 0.0285
epoch 0 [ 2100/2852] lr: 1.50e-03 loss: 12.0370 loss_classifier: 0.1317 loss_box_reg: 0.1219 loss_reid: 11.5870 loss_objectness: 0.1681 loss_rpn_box_reg: 0.0282
epoch 0 [ 2200/2852] lr: 1.50e-03 loss: 11.9178 loss_classifier: 0.1304 loss_box_reg: 0.1244 loss_reid: 11.4728 loss_objectness: 0.1622 loss_rpn_box_reg: 0.0280
epoch 0 [ 2300/2852] lr: 1.50e-03 loss: 11.8144 loss_classifier: 0.1289 loss_box_reg: 0.1262 loss_reid: 11.3750 loss_objectness: 0.1566 loss_rpn_box_reg: 0.0276
epoch 0 [ 2400/2852] lr: 1.50e-03 loss: 11.7225 loss_classifier: 0.1278 loss_box_reg: 0.1284 loss_reid: 11.2876 loss_objectness: 0.1515 loss_rpn_box_reg: 0.0273
epoch 0 [ 2500/2852] lr: 1.50e-03 loss: 11.6100 loss_classifier: 0.1262 loss_box_reg: 0.1297 loss_reid: 11.1807 loss_objectness: 0.1465 loss_rpn_box_reg: 0.0270
epoch 0 [ 2600/2852] lr: 1.50e-03 loss: 11.5286 loss_classifier: 0.1251 loss_box_reg: 0.1311 loss_reid: 11.1037 loss_objectness: 0.1420 loss_rpn_box_reg: 0.0267
epoch 0 [ 2700/2852] lr: 1.50e-03 loss: 11.4451 loss_classifier: 0.1241 loss_box_reg: 0.1321 loss_reid: 11.0247 loss_objectness: 0.1378 loss_rpn_box_reg: 0.0264
epoch 0 [ 2800/2852] lr: 1.50e-03 loss: 11.3545 loss_classifier: 0.1232 loss_box_reg: 0.1336 loss_reid: 10.9376 loss_objectness: 0.1340 loss_rpn_box_reg: 0.0261
epoch 0 done in 22.1 min
epoch 1 [    0/2852] lr: 1.50e-03 loss: 10.3096 loss_classifier: 0.1185 loss_box_reg: 0.2392 loss_reid: 9.9191 loss_objectness: 0.0183 loss_rpn_box_reg: 0.0145
epoch 1 [  100/2852] lr: 1.50e-03 loss: 8.7367 loss_classifier: 0.0958 loss_box_reg: 0.1705 loss_reid: 8.4262 loss_objectness: 0.0263 loss_rpn_box_reg: 0.0180
epoch 1 [  200/2852] lr: 1.50e-03 loss: 8.4752 loss_classifier: 0.0964 loss_box_reg: 0.1725 loss_reid: 8.1617 loss_objectness: 0.0262 loss_rpn_box_reg: 0.0184
epoch 1 [  300/2852] lr: 1.50e-03 loss: 8.3463 loss_classifier: 0.0961 loss_box_reg: 0.1694 loss_reid: 8.0385 loss_objectness: 0.0245 loss_rpn_box_reg: 0.0177
epoch 1 [  400/2852] lr: 1.50e-03 loss: 8.3356 loss_classifier: 0.0955 loss_box_reg: 0.1687 loss_reid: 8.0296 loss_objectness: 0.0242 loss_rpn_box_reg: 0.0176
epoch 1 [  500/2852] lr: 1.50e-03 loss: 8.2928 loss_classifier: 0.0968 loss_box_reg: 0.1740 loss_reid: 7.9806 loss_objectness: 0.0236 loss_rpn_box_reg: 0.0178
epoch 1 [  600/2852] lr: 1.50e-03 loss: 8.2444 loss_classifier: 0.0961 loss_box_reg: 0.1725 loss_reid: 7.9351 loss_objectness: 0.0232 loss_rpn_box_reg: 0.0174
epoch 1 [  700/2852] lr: 1.50e-03 loss: 8.2360 loss_classifier: 0.0969 loss_box_reg: 0.1734 loss_reid: 7.9256 loss_objectness: 0.0229 loss_rpn_box_reg: 0.0172
epoch 1 [  800/2852] lr: 1.50e-03 loss: 8.2102 loss_classifier: 0.0963 loss_box_reg: 0.1728 loss_reid: 7.9013 loss_objectness: 0.0229 loss_rpn_box_reg: 0.0169
epoch 1 [  900/2852] lr: 1.50e-03 loss: 8.2342 loss_classifier: 0.0962 loss_box_reg: 0.1721 loss_reid: 7.9264 loss_objectness: 0.0227 loss_rpn_box_reg: 0.0168
epoch 1 [ 1000/2852] lr: 1.50e-03 loss: 8.2498 loss_classifier: 0.0967 loss_box_reg: 0.1729 loss_reid: 7.9411 loss_objectness: 0.0224 loss_rpn_box_reg: 0.0167
epoch 1 [ 1100/2852] lr: 1.50e-03 loss: 8.1822 loss_classifier: 0.0961 loss_box_reg: 0.1723 loss_reid: 7.8754 loss_objectness: 0.0219 loss_rpn_box_reg: 0.0165
epoch 1 [ 1200/2852] lr: 1.50e-03 loss: 8.0989 loss_classifier: 0.0959 loss_box_reg: 0.1723 loss_reid: 7.7927 loss_objectness: 0.0217 loss_rpn_box_reg: 0.0164
epoch 1 [ 1300/2852] lr: 1.50e-03 loss: 8.0175 loss_classifier: 0.0959 loss_box_reg: 0.1725 loss_reid: 7.7110 loss_objectness: 0.0217 loss_rpn_box_reg: 0.0163
epoch 1 [ 1400/2852] lr: 1.50e-03 loss: 7.9650 loss_classifier: 0.0959 loss_box_reg: 0.1727 loss_reid: 7.6587 loss_objectness: 0.0214 loss_rpn_box_reg: 0.0162
epoch 1 [ 1500/2852] lr: 1.50e-03 loss: 7.8975 loss_classifier: 0.0954 loss_box_reg: 0.1718 loss_reid: 7.5931 loss_objectness: 0.0211 loss_rpn_box_reg: 0.0161
epoch 1 [ 1600/2852] lr: 1.50e-03 loss: 7.8740 loss_classifier: 0.0952 loss_box_reg: 0.1714 loss_reid: 7.5707 loss_objectness: 0.0208 loss_rpn_box_reg: 0.0159
epoch 1 [ 1700/2852] lr: 1.50e-03 loss: 7.8562 loss_classifier: 0.0957 loss_box_reg: 0.1725 loss_reid: 7.5515 loss_objectness: 0.0206 loss_rpn_box_reg: 0.0159
epoch 1 [ 1800/2852] lr: 1.50e-03 loss: 7.8185 loss_classifier: 0.0956 loss_box_reg: 0.1726 loss_reid: 7.5142 loss_objectness: 0.0203 loss_rpn_box_reg: 0.0158
epoch 1 [ 1900/2852] lr: 1.50e-03 loss: 7.7799 loss_classifier: 0.0957 loss_box_reg: 0.1727 loss_reid: 7.4757 loss_objectness: 0.0201 loss_rpn_box_reg: 0.0157
epoch 1 [ 2000/2852] lr: 1.50e-03 loss: 7.7528 loss_classifier: 0.0955 loss_box_reg: 0.1727 loss_reid: 7.4491 loss_objectness: 0.0200 loss_rpn_box_reg: 0.0155
epoch 1 [ 2100/2852] lr: 1.50e-03 loss: 7.7362 loss_classifier: 0.0955 loss_box_reg: 0.1729 loss_reid: 7.4326 loss_objectness: 0.0197 loss_rpn_box_reg: 0.0154
epoch 1 [ 2200/2852] lr: 1.50e-03 loss: 7.7238 loss_classifier: 0.0954 loss_box_reg: 0.1729 loss_reid: 7.4208 loss_objectness: 0.0194 loss_rpn_box_reg: 0.0153
epoch 1 [ 2300/2852] lr: 1.50e-03 loss: 7.6703 loss_classifier: 0.0955 loss_box_reg: 0.1735 loss_reid: 7.3668 loss_objectness: 0.0193 loss_rpn_box_reg: 0.0152
epoch 1 [ 2400/2852] lr: 1.50e-03 loss: 7.6571 loss_classifier: 0.0954 loss_box_reg: 0.1737 loss_reid: 7.3537 loss_objectness: 0.0192 loss_rpn_box_reg: 0.0151
epoch 1 [ 2500/2852] lr: 1.50e-03 loss: 7.6323 loss_classifier: 0.0952 loss_box_reg: 0.1734 loss_reid: 7.3296 loss_objectness: 0.0190 loss_rpn_box_reg: 0.0151
epoch 1 [ 2600/2852] lr: 1.50e-03 loss: 7.6037 loss_classifier: 0.0954 loss_box_reg: 0.1739 loss_reid: 7.3005 loss_objectness: 0.0190 loss_rpn_box_reg: 0.0150
epoch 1 [ 2700/2852] lr: 1.50e-03 loss: 7.5796 loss_classifier: 0.0956 loss_box_reg: 0.1743 loss_reid: 7.2759 loss_objectness: 0.0189 loss_rpn_box_reg: 0.0149
epoch 1 [ 2800/2852] lr: 1.50e-03 loss: 7.5641 loss_classifier: 0.0957 loss_box_reg: 0.1746 loss_reid: 7.2602 loss_objectness: 0.0187 loss_rpn_box_reg: 0.0149
epoch 1 done in 22.8 min
epoch 2 [    0/2852] lr: 1.50e-03 loss: 3.1992 loss_classifier: 0.0748 loss_box_reg: 0.1601 loss_reid: 2.9490 loss_objectness: 0.0070 loss_rpn_box_reg: 0.0083
epoch 2 [  100/2852] lr: 1.50e-03 loss: 6.6375 loss_classifier: 0.0965 loss_box_reg: 0.1767 loss_reid: 6.3368 loss_objectness: 0.0149 loss_rpn_box_reg: 0.0125
epoch 2 [  200/2852] lr: 1.50e-03 loss: 6.5946 loss_classifier: 0.0938 loss_box_reg: 0.1696 loss_reid: 6.3036 loss_objectness: 0.0152 loss_rpn_box_reg: 0.0125
epoch 2 [  300/2852] lr: 1.50e-03 loss: 6.3841 loss_classifier: 0.0958 loss_box_reg: 0.1750 loss_reid: 6.0848 loss_objectness: 0.0151 loss_rpn_box_reg: 0.0133
epoch 2 [  400/2852] lr: 1.50e-03 loss: 6.3178 loss_classifier: 0.0956 loss_box_reg: 0.1770 loss_reid: 6.0173 loss_objectness: 0.0147 loss_rpn_box_reg: 0.0132
epoch 2 [  500/2852] lr: 1.50e-03 loss: 6.1972 loss_classifier: 0.0951 loss_box_reg: 0.1760 loss_reid: 5.8988 loss_objectness: 0.0141 loss_rpn_box_reg: 0.0132
epoch 2 [  600/2852] lr: 1.50e-03 loss: 6.1917 loss_classifier: 0.0952 loss_box_reg: 0.1770 loss_reid: 5.8918 loss_objectness: 0.0141 loss_rpn_box_reg: 0.0135
epoch 2 [  700/2852] lr: 1.50e-03 loss: 6.1198 loss_classifier: 0.0942 loss_box_reg: 0.1747 loss_reid: 5.8239 loss_objectness: 0.0137 loss_rpn_box_reg: 0.0132
epoch 2 [  800/2852] lr: 1.50e-03 loss: 6.1155 loss_classifier: 0.0935 loss_box_reg: 0.1740 loss_reid: 5.8214 loss_objectness: 0.0134 loss_rpn_box_reg: 0.0132
epoch 2 [  900/2852] lr: 1.50e-03 loss: 6.1251 loss_classifier: 0.0932 loss_box_reg: 0.1732 loss_reid: 5.8324 loss_objectness: 0.0132 loss_rpn_box_reg: 0.0130
epoch 2 [ 1000/2852] lr: 1.50e-03 loss: 6.1560 loss_classifier: 0.0936 loss_box_reg: 0.1747 loss_reid: 5.8617 loss_objectness: 0.0130 loss_rpn_box_reg: 0.0130
epoch 2 [ 1100/2852] lr: 1.50e-03 loss: 6.1814 loss_classifier: 0.0934 loss_box_reg: 0.1742 loss_reid: 5.8876 loss_objectness: 0.0131 loss_rpn_box_reg: 0.0131
epoch 2 [ 1200/2852] lr: 1.50e-03 loss: 6.1995 loss_classifier: 0.0940 loss_box_reg: 0.1746 loss_reid: 5.9046 loss_objectness: 0.0133 loss_rpn_box_reg: 0.0131
epoch 2 [ 1300/2852] lr: 1.50e-03 loss: 6.1899 loss_classifier: 0.0943 loss_box_reg: 0.1750 loss_reid: 5.8944 loss_objectness: 0.0131 loss_rpn_box_reg: 0.0131
epoch 2 [ 1400/2852] lr: 1.50e-03 loss: 6.1742 loss_classifier: 0.0944 loss_box_reg: 0.1758 loss_reid: 5.8778 loss_objectness: 0.0131 loss_rpn_box_reg: 0.0131
epoch 2 [ 1500/2852] lr: 1.50e-03 loss: 6.1446 loss_classifier: 0.0942 loss_box_reg: 0.1750 loss_reid: 5.8493 loss_objectness: 0.0130 loss_rpn_box_reg: 0.0130
epoch 2 [ 1600/2852] lr: 1.50e-03 loss: 6.1363 loss_classifier: 0.0943 loss_box_reg: 0.1755 loss_reid: 5.8404 loss_objectness: 0.0131 loss_rpn_box_reg: 0.0130
epoch 2 [ 1700/2852] lr: 1.50e-03 loss: 6.1452 loss_classifier: 0.0941 loss_box_reg: 0.1748 loss_reid: 5.8506 loss_objectness: 0.0129 loss_rpn_box_reg: 0.0129
epoch 2 [ 1800/2852] lr: 1.50e-03 loss: 6.1260 loss_classifier: 0.0940 loss_box_reg: 0.1750 loss_reid: 5.8313 loss_objectness: 0.0128 loss_rpn_box_reg: 0.0129
epoch 2 [ 1900/2852] lr: 1.50e-03 loss: 6.1101 loss_classifier: 0.0943 loss_box_reg: 0.1760 loss_reid: 5.8141 loss_objectness: 0.0128 loss_rpn_box_reg: 0.0129
epoch 2 [ 2000/2852] lr: 1.50e-03 loss: 6.0992 loss_classifier: 0.0946 loss_box_reg: 0.1766 loss_reid: 5.8024 loss_objectness: 0.0128 loss_rpn_box_reg: 0.0128
epoch 2 [ 2100/2852] lr: 1.50e-03 loss: 6.0843 loss_classifier: 0.0948 loss_box_reg: 0.1770 loss_reid: 5.7869 loss_objectness: 0.0128 loss_rpn_box_reg: 0.0128
epoch 2 [ 2200/2852] lr: 1.50e-03 loss: 6.0794 loss_classifier: 0.0947 loss_box_reg: 0.1771 loss_reid: 5.7823 loss_objectness: 0.0126 loss_rpn_box_reg: 0.0127
epoch 2 [ 2300/2852] lr: 1.50e-03 loss: 6.0913 loss_classifier: 0.0946 loss_box_reg: 0.1772 loss_reid: 5.7942 loss_objectness: 0.0125 loss_rpn_box_reg: 0.0127
epoch 2 [ 2400/2852] lr: 1.50e-03 loss: 6.0905 loss_classifier: 0.0947 loss_box_reg: 0.1774 loss_reid: 5.7932 loss_objectness: 0.0125 loss_rpn_box_reg: 0.0127
epoch 2 [ 2500/2852] lr: 1.50e-03 loss: 6.0816 loss_classifier: 0.0947 loss_box_reg: 0.1772 loss_reid: 5.7846 loss_objectness: 0.0124 loss_rpn_box_reg: 0.0127
epoch 2 [ 2600/2852] lr: 1.50e-03 loss: 6.0701 loss_classifier: 0.0947 loss_box_reg: 0.1770 loss_reid: 5.7733 loss_objectness: 0.0124 loss_rpn_box_reg: 0.0126
epoch 2 [ 2700/2852] lr: 1.50e-03 loss: 6.0520 loss_classifier: 0.0947 loss_box_reg: 0.1770 loss_reid: 5.7553 loss_objectness: 0.0124 loss_rpn_box_reg: 0.0126
epoch 2 [ 2800/2852] lr: 1.50e-03 loss: 6.0599 loss_classifier: 0.0944 loss_box_reg: 0.1766 loss_reid: 5.7640 loss_objectness: 0.0123 loss_rpn_box_reg: 0.0126
epoch 2 done in 22.9 min
epoch 3 [    0/2852] lr: 1.50e-03 loss: 8.2097 loss_classifier: 0.1044 loss_box_reg: 0.1476 loss_reid: 7.9294 loss_objectness: 0.0200 loss_rpn_box_reg: 0.0083
epoch 3 [  100/2852] lr: 1.50e-03 loss: 5.6306 loss_classifier: 0.0936 loss_box_reg: 0.1764 loss_reid: 5.3388 loss_objectness: 0.0101 loss_rpn_box_reg: 0.0116
epoch 3 [  200/2852] lr: 1.50e-03 loss: 5.4434 loss_classifier: 0.0900 loss_box_reg: 0.1743 loss_reid: 5.1583 loss_objectness: 0.0095 loss_rpn_box_reg: 0.0113
epoch 3 [  300/2852] lr: 1.50e-03 loss: 5.5236 loss_classifier: 0.0911 loss_box_reg: 0.1763 loss_reid: 5.2349 loss_objectness: 0.0099 loss_rpn_box_reg: 0.0114
epoch 3 [  400/2852] lr: 1.50e-03 loss: 5.4064 loss_classifier: 0.0915 loss_box_reg: 0.1783 loss_reid: 5.1148 loss_objectness: 0.0102 loss_rpn_box_reg: 0.0116
epoch 3 [  500/2852] lr: 1.50e-03 loss: 5.4053 loss_classifier: 0.0901 loss_box_reg: 0.1745 loss_reid: 5.1190 loss_objectness: 0.0102 loss_rpn_box_reg: 0.0114
epoch 3 [  600/2852] lr: 1.50e-03 loss: 5.4445 loss_classifier: 0.0903 loss_box_reg: 0.1759 loss_reid: 5.1566 loss_objectness: 0.0103 loss_rpn_box_reg: 0.0115
epoch 3 [  700/2852] lr: 1.50e-03 loss: 5.4080 loss_classifier: 0.0894 loss_box_reg: 0.1745 loss_reid: 5.1223 loss_objectness: 0.0102 loss_rpn_box_reg: 0.0116
epoch 3 [  800/2852] lr: 1.50e-03 loss: 5.3428 loss_classifier: 0.0903 loss_box_reg: 0.1763 loss_reid: 5.0540 loss_objectness: 0.0104 loss_rpn_box_reg: 0.0118
epoch 3 [  900/2852] lr: 1.50e-03 loss: 5.3153 loss_classifier: 0.0913 loss_box_reg: 0.1779 loss_reid: 5.0238 loss_objectness: 0.0104 loss_rpn_box_reg: 0.0119
epoch 3 [ 1000/2852] lr: 1.50e-03 loss: 5.2897 loss_classifier: 0.0922 loss_box_reg: 0.1797 loss_reid: 4.9955 loss_objectness: 0.0103 loss_rpn_box_reg: 0.0120
epoch 3 [ 1100/2852] lr: 1.50e-03 loss: 5.2543 loss_classifier: 0.0922 loss_box_reg: 0.1794 loss_reid: 4.9603 loss_objectness: 0.0105 loss_rpn_box_reg: 0.0120
epoch 3 [ 1200/2852] lr: 1.50e-03 loss: 5.2597 loss_classifier: 0.0919 loss_box_reg: 0.1778 loss_reid: 4.9678 loss_objectness: 0.0103 loss_rpn_box_reg: 0.0120
epoch 3 [ 1300/2852] lr: 1.50e-03 loss: 5.2427 loss_classifier: 0.0919 loss_box_reg: 0.1774 loss_reid: 4.9512 loss_objectness: 0.0104 loss_rpn_box_reg: 0.0119
epoch 3 [ 1400/2852] lr: 1.50e-03 loss: 5.2378 loss_classifier: 0.0916 loss_box_reg: 0.1763 loss_reid: 4.9477 loss_objectness: 0.0104 loss_rpn_box_reg: 0.0119
epoch 3 [ 1500/2852] lr: 1.50e-03 loss: 5.2402 loss_classifier: 0.0916 loss_box_reg: 0.1764 loss_reid: 4.9500 loss_objectness: 0.0104 loss_rpn_box_reg: 0.0118
epoch 3 [ 1600/2852] lr: 1.50e-03 loss: 5.2339 loss_classifier: 0.0913 loss_box_reg: 0.1757 loss_reid: 4.9447 loss_objectness: 0.0105 loss_rpn_box_reg: 0.0118
epoch 3 [ 1700/2852] lr: 1.50e-03 loss: 5.2405 loss_classifier: 0.0913 loss_box_reg: 0.1755 loss_reid: 4.9513 loss_objectness: 0.0105 loss_rpn_box_reg: 0.0118
epoch 3 [ 1800/2852] lr: 1.50e-03 loss: 5.2468 loss_classifier: 0.0912 loss_box_reg: 0.1760 loss_reid: 4.9573 loss_objectness: 0.0105 loss_rpn_box_reg: 0.0118
epoch 3 [ 1900/2852] lr: 1.50e-03 loss: 5.2321 loss_classifier: 0.0910 loss_box_reg: 0.1758 loss_reid: 4.9431 loss_objectness: 0.0104 loss_rpn_box_reg: 0.0118
epoch 3 [ 2000/2852] lr: 1.50e-03 loss: 5.2140 loss_classifier: 0.0913 loss_box_reg: 0.1764 loss_reid: 4.9239 loss_objectness: 0.0104 loss_rpn_box_reg: 0.0119
epoch 3 [ 2100/2852] lr: 1.50e-03 loss: 5.2164 loss_classifier: 0.0913 loss_box_reg: 0.1765 loss_reid: 4.9262 loss_objectness: 0.0104 loss_rpn_box_reg: 0.0120
epoch 3 [ 2200/2852] lr: 1.50e-03 loss: 5.2061 loss_classifier: 0.0912 loss_box_reg: 0.1766 loss_reid: 4.9158 loss_objectness: 0.0105 loss_rpn_box_reg: 0.0120
epoch 3 [ 2300/2852] lr: 1.50e-03 loss: 5.1969 loss_classifier: 0.0906 loss_box_reg: 0.1753 loss_reid: 4.9085 loss_objectness: 0.0104 loss_rpn_box_reg: 0.0119
epoch 3 [ 2400/2852] lr: 1.50e-03 loss: 5.2035 loss_classifier: 0.0909 loss_box_reg: 0.1758 loss_reid: 4.9144 loss_objectness: 0.0104 loss_rpn_box_reg: 0.0119
epoch 3 [ 2500/2852] lr: 1.50e-03 loss: 5.1870 loss_classifier: 0.0909 loss_box_reg: 0.1759 loss_reid: 4.8980 loss_objectness: 0.0104 loss_rpn_box_reg: 0.0119
epoch 3 [ 2600/2852] lr: 1.50e-03 loss: 5.1879 loss_classifier: 0.0906 loss_box_reg: 0.1755 loss_reid: 4.8996 loss_objectness: 0.0103 loss_rpn_box_reg: 0.0119
epoch 3 [ 2700/2852] lr: 1.50e-03 loss: 5.1933 loss_classifier: 0.0909 loss_box_reg: 0.1753 loss_reid: 4.9049 loss_objectness: 0.0103 loss_rpn_box_reg: 0.0119
epoch 3 [ 2800/2852] lr: 1.50e-03 loss: 5.1931 loss_classifier: 0.0908 loss_box_reg: 0.1750 loss_reid: 4.9052 loss_objectness: 0.0103 loss_rpn_box_reg: 0.0119
epoch 3 done in 23.2 min
epoch 4 [    0/2852] lr: 1.50e-03 loss: 3.8379 loss_classifier: 0.0858 loss_box_reg: 0.2477 loss_reid: 3.4768 loss_objectness: 0.0159 loss_rpn_box_reg: 0.0118
epoch 4 [  100/2852] lr: 1.50e-03 loss: 4.8689 loss_classifier: 0.0861 loss_box_reg: 0.1745 loss_reid: 4.5873 loss_objectness: 0.0092 loss_rpn_box_reg: 0.0118
epoch 4 [  200/2852] lr: 1.50e-03 loss: 4.4487 loss_classifier: 0.0892 loss_box_reg: 0.1776 loss_reid: 4.1607 loss_objectness: 0.0092 loss_rpn_box_reg: 0.0120
epoch 4 [  300/2852] lr: 1.50e-03 loss: 4.3827 loss_classifier: 0.0915 loss_box_reg: 0.1821 loss_reid: 4.0875 loss_objectness: 0.0096 loss_rpn_box_reg: 0.0120
epoch 4 [  400/2852] lr: 1.50e-03 loss: 4.3499 loss_classifier: 0.0923 loss_box_reg: 0.1850 loss_reid: 4.0510 loss_objectness: 0.0093 loss_rpn_box_reg: 0.0122
epoch 4 [  500/2852] lr: 1.50e-03 loss: 4.3980 loss_classifier: 0.0922 loss_box_reg: 0.1836 loss_reid: 4.1013 loss_objectness: 0.0091 loss_rpn_box_reg: 0.0120
epoch 4 [  600/2852] lr: 1.50e-03 loss: 4.5053 loss_classifier: 0.0925 loss_box_reg: 0.1826 loss_reid: 4.2092 loss_objectness: 0.0090 loss_rpn_box_reg: 0.0121
epoch 4 [  700/2852] lr: 1.50e-03 loss: 4.4994 loss_classifier: 0.0920 loss_box_reg: 0.1807 loss_reid: 4.2059 loss_objectness: 0.0088 loss_rpn_box_reg: 0.0120
epoch 4 [  800/2852] lr: 1.50e-03 loss: 4.5120 loss_classifier: 0.0926 loss_box_reg: 0.1812 loss_reid: 4.2173 loss_objectness: 0.0090 loss_rpn_box_reg: 0.0119
epoch 4 [  900/2852] lr: 1.50e-03 loss: 4.4957 loss_classifier: 0.0925 loss_box_reg: 0.1810 loss_reid: 4.2016 loss_objectness: 0.0089 loss_rpn_box_reg: 0.0118
epoch 4 [ 1000/2852] lr: 1.50e-03 loss: 4.5379 loss_classifier: 0.0924 loss_box_reg: 0.1810 loss_reid: 4.2439 loss_objectness: 0.0088 loss_rpn_box_reg: 0.0119
epoch 4 [ 1100/2852] lr: 1.50e-03 loss: 4.5347 loss_classifier: 0.0918 loss_box_reg: 0.1792 loss_reid: 4.2431 loss_objectness: 0.0088 loss_rpn_box_reg: 0.0118
epoch 4 [ 1200/2852] lr: 1.50e-03 loss: 4.5521 loss_classifier: 0.0926 loss_box_reg: 0.1797 loss_reid: 4.2593 loss_objectness: 0.0088 loss_rpn_box_reg: 0.0117
epoch 4 [ 1300/2852] lr: 1.50e-03 loss: 4.5661 loss_classifier: 0.0921 loss_box_reg: 0.1785 loss_reid: 4.2752 loss_objectness: 0.0088 loss_rpn_box_reg: 0.0116
epoch 4 [ 1400/2852] lr: 1.50e-03 loss: 4.5830 loss_classifier: 0.0918 loss_box_reg: 0.1779 loss_reid: 4.2930 loss_objectness: 0.0087 loss_rpn_box_reg: 0.0116
epoch 4 [ 1500/2852] lr: 1.50e-03 loss: 4.5647 loss_classifier: 0.0915 loss_box_reg: 0.1773 loss_reid: 4.2755 loss_objectness: 0.0087 loss_rpn_box_reg: 0.0116
epoch 4 [ 1600/2852] lr: 1.50e-03 loss: 4.5789 loss_classifier: 0.0911 loss_box_reg: 0.1761 loss_reid: 4.2915 loss_objectness: 0.0087 loss_rpn_box_reg: 0.0116
epoch 4 [ 1700/2852] lr: 1.50e-03 loss: 4.5928 loss_classifier: 0.0913 loss_box_reg: 0.1762 loss_reid: 4.3050 loss_objectness: 0.0087 loss_rpn_box_reg: 0.0116
epoch 4 [ 1800/2852] lr: 1.50e-03 loss: 4.5911 loss_classifier: 0.0909 loss_box_reg: 0.1755 loss_reid: 4.3044 loss_objectness: 0.0087 loss_rpn_box_reg: 0.0115
epoch 4 [ 1900/2852] lr: 1.50e-03 loss: 4.5848 loss_classifier: 0.0908 loss_box_reg: 0.1750 loss_reid: 4.2989 loss_objectness: 0.0087 loss_rpn_box_reg: 0.0114
epoch 4 [ 2000/2852] lr: 1.50e-03 loss: 4.5975 loss_classifier: 0.0907 loss_box_reg: 0.1745 loss_reid: 4.3124 loss_objectness: 0.0086 loss_rpn_box_reg: 0.0113
epoch 4 [ 2100/2852] lr: 1.50e-03 loss: 4.6132 loss_classifier: 0.0907 loss_box_reg: 0.1742 loss_reid: 4.3284 loss_objectness: 0.0085 loss_rpn_box_reg: 0.0113
epoch 4 [ 2200/2852] lr: 1.50e-03 loss: 4.6133 loss_classifier: 0.0910 loss_box_reg: 0.1746 loss_reid: 4.3280 loss_objectness: 0.0085 loss_rpn_box_reg: 0.0113
epoch 4 [ 2300/2852] lr: 1.50e-03 loss: 4.6122 loss_classifier: 0.0910 loss_box_reg: 0.1750 loss_reid: 4.3265 loss_objectness: 0.0084 loss_rpn_box_reg: 0.0113
epoch 4 [ 2400/2852] lr: 1.50e-03 loss: 4.6028 loss_classifier: 0.0907 loss_box_reg: 0.1742 loss_reid: 4.3183 loss_objectness: 0.0084 loss_rpn_box_reg: 0.0112
epoch 4 [ 2500/2852] lr: 1.50e-03 loss: 4.5958 loss_classifier: 0.0906 loss_box_reg: 0.1740 loss_reid: 4.3115 loss_objectness: 0.0084 loss_rpn_box_reg: 0.0112
epoch 4 [ 2600/2852] lr: 1.50e-03 loss: 4.5888 loss_classifier: 0.0907 loss_box_reg: 0.1743 loss_reid: 4.3042 loss_objectness: 0.0084 loss_rpn_box_reg: 0.0112
epoch 4 [ 2700/2852] lr: 1.50e-03 loss: 4.5775 loss_classifier: 0.0909 loss_box_reg: 0.1752 loss_reid: 4.2918 loss_objectness: 0.0083 loss_rpn_box_reg: 0.0112
epoch 4 [ 2800/2852] lr: 1.50e-03 loss: 4.5839 loss_classifier: 0.0907 loss_box_reg: 0.1748 loss_reid: 4.2989 loss_objectness: 0.0083 loss_rpn_box_reg: 0.0112
epoch 4 done in 23.3 min
epoch 5 [    0/2852] lr: 1.50e-03 loss: 5.2977 loss_classifier: 0.0358 loss_box_reg: 0.0916 loss_reid: 5.1647 loss_objectness: 0.0006 loss_rpn_box_reg: 0.0050
epoch 5 [  100/2852] lr: 1.50e-03 loss: 4.2139 loss_classifier: 0.0796 loss_box_reg: 0.1489 loss_reid: 3.9689 loss_objectness: 0.0066 loss_rpn_box_reg: 0.0098
epoch 5 [  200/2852] lr: 1.50e-03 loss: 4.1991 loss_classifier: 0.0828 loss_box_reg: 0.1602 loss_reid: 3.9384 loss_objectness: 0.0072 loss_rpn_box_reg: 0.0106
epoch 5 [  300/2852] lr: 1.50e-03 loss: 4.1741 loss_classifier: 0.0854 loss_box_reg: 0.1640 loss_reid: 3.9056 loss_objectness: 0.0082 loss_rpn_box_reg: 0.0110
epoch 5 [  400/2852] lr: 1.50e-03 loss: 4.1768 loss_classifier: 0.0859 loss_box_reg: 0.1626 loss_reid: 3.9091 loss_objectness: 0.0083 loss_rpn_box_reg: 0.0109
epoch 5 [  500/2852] lr: 1.50e-03 loss: 4.2950 loss_classifier: 0.0867 loss_box_reg: 0.1652 loss_reid: 4.0239 loss_objectness: 0.0082 loss_rpn_box_reg: 0.0109
epoch 5 [  600/2852] lr: 1.50e-03 loss: 4.2866 loss_classifier: 0.0862 loss_box_reg: 0.1652 loss_reid: 4.0163 loss_objectness: 0.0080 loss_rpn_box_reg: 0.0109
epoch 5 [  700/2852] lr: 1.50e-03 loss: 4.2633 loss_classifier: 0.0856 loss_box_reg: 0.1646 loss_reid: 3.9944 loss_objectness: 0.0078 loss_rpn_box_reg: 0.0108
epoch 5 [  800/2852] lr: 1.50e-03 loss: 4.2454 loss_classifier: 0.0864 loss_box_reg: 0.1654 loss_reid: 3.9750 loss_objectness: 0.0078 loss_rpn_box_reg: 0.0108
epoch 5 [  900/2852] lr: 1.50e-03 loss: 4.2312 loss_classifier: 0.0869 loss_box_reg: 0.1665 loss_reid: 3.9593 loss_objectness: 0.0077 loss_rpn_box_reg: 0.0108
epoch 5 [ 1000/2852] lr: 1.50e-03 loss: 4.2305 loss_classifier: 0.0871 loss_box_reg: 0.1671 loss_reid: 3.9579 loss_objectness: 0.0076 loss_rpn_box_reg: 0.0107
epoch 5 [ 1100/2852] lr: 1.50e-03 loss: 4.2196 loss_classifier: 0.0872 loss_box_reg: 0.1680 loss_reid: 3.9462 loss_objectness: 0.0075 loss_rpn_box_reg: 0.0108
epoch 5 [ 1200/2852] lr: 1.50e-03 loss: 4.1709 loss_classifier: 0.0879 loss_box_reg: 0.1698 loss_reid: 3.8948 loss_objectness: 0.0075 loss_rpn_box_reg: 0.0110
epoch 5 [ 1300/2852] lr: 1.50e-03 loss: 4.1440 loss_classifier: 0.0881 loss_box_reg: 0.1706 loss_reid: 3.8668 loss_objectness: 0.0075 loss_rpn_box_reg: 0.0110
epoch 5 [ 1400/2852] lr: 1.50e-03 loss: 4.1489 loss_classifier: 0.0888 loss_box_reg: 0.1726 loss_reid: 3.8688 loss_objectness: 0.0076 loss_rpn_box_reg: 0.0111
epoch 5 [ 1500/2852] lr: 1.50e-03 loss: 4.1677 loss_classifier: 0.0888 loss_box_reg: 0.1719 loss_reid: 3.8884 loss_objectness: 0.0076 loss_rpn_box_reg: 0.0110
epoch 5 [ 1600/2852] lr: 1.50e-03 loss: 4.1881 loss_classifier: 0.0886 loss_box_reg: 0.1716 loss_reid: 3.9093 loss_objectness: 0.0075 loss_rpn_box_reg: 0.0110
epoch 5 [ 1700/2852] lr: 1.50e-03 loss: 4.2015 loss_classifier: 0.0888 loss_box_reg: 0.1716 loss_reid: 3.9226 loss_objectness: 0.0075 loss_rpn_box_reg: 0.0110
epoch 5 [ 1800/2852] lr: 1.50e-03 loss: 4.1854 loss_classifier: 0.0886 loss_box_reg: 0.1714 loss_reid: 3.9070 loss_objectness: 0.0075 loss_rpn_box_reg: 0.0109
epoch 5 [ 1900/2852] lr: 1.50e-03 loss: 4.1790 loss_classifier: 0.0888 loss_box_reg: 0.1720 loss_reid: 3.8998 loss_objectness: 0.0075 loss_rpn_box_reg: 0.0110
epoch 5 [ 2000/2852] lr: 1.50e-03 loss: 4.1696 loss_classifier: 0.0887 loss_box_reg: 0.1716 loss_reid: 3.8909 loss_objectness: 0.0075 loss_rpn_box_reg: 0.0110
epoch 5 [ 2100/2852] lr: 1.50e-03 loss: 4.1628 loss_classifier: 0.0890 loss_box_reg: 0.1723 loss_reid: 3.8828 loss_objectness: 0.0076 loss_rpn_box_reg: 0.0110
epoch 5 [ 2200/2852] lr: 1.50e-03 loss: 4.1460 loss_classifier: 0.0891 loss_box_reg: 0.1720 loss_reid: 3.8664 loss_objectness: 0.0076 loss_rpn_box_reg: 0.0110
epoch 5 [ 2300/2852] lr: 1.50e-03 loss: 4.1460 loss_classifier: 0.0893 loss_box_reg: 0.1722 loss_reid: 3.8661 loss_objectness: 0.0076 loss_rpn_box_reg: 0.0109
epoch 5 [ 2400/2852] lr: 1.50e-03 loss: 4.1437 loss_classifier: 0.0893 loss_box_reg: 0.1721 loss_reid: 3.8638 loss_objectness: 0.0076 loss_rpn_box_reg: 0.0109
epoch 5 [ 2500/2852] lr: 1.50e-03 loss: 4.1356 loss_classifier: 0.0896 loss_box_reg: 0.1724 loss_reid: 3.8550 loss_objectness: 0.0076 loss_rpn_box_reg: 0.0109
epoch 5 [ 2600/2852] lr: 1.50e-03 loss: 4.1215 loss_classifier: 0.0893 loss_box_reg: 0.1719 loss_reid: 3.8419 loss_objectness: 0.0075 loss_rpn_box_reg: 0.0109
epoch 5 [ 2700/2852] lr: 1.50e-03 loss: 4.1244 loss_classifier: 0.0892 loss_box_reg: 0.1717 loss_reid: 3.8452 loss_objectness: 0.0075 loss_rpn_box_reg: 0.0108
epoch 5 [ 2800/2852] lr: 1.50e-03 loss: 4.1214 loss_classifier: 0.0893 loss_box_reg: 0.1721 loss_reid: 3.8418 loss_objectness: 0.0074 loss_rpn_box_reg: 0.0108
epoch 5 done in 23.4 min
epoch 6 [    0/2852] lr: 1.50e-03 loss: 3.7696 loss_classifier: 0.1416 loss_box_reg: 0.3335 loss_reid: 3.2751 loss_objectness: 0.0089 loss_rpn_box_reg: 0.0105
epoch 6 [  100/2852] lr: 1.50e-03 loss: 3.5968 loss_classifier: 0.0937 loss_box_reg: 0.1789 loss_reid: 3.3073 loss_objectness: 0.0065 loss_rpn_box_reg: 0.0104
epoch 6 [  200/2852] lr: 1.50e-03 loss: 3.7209 loss_classifier: 0.0899 loss_box_reg: 0.1750 loss_reid: 3.4384 loss_objectness: 0.0072 loss_rpn_box_reg: 0.0104
epoch 6 [  300/2852] lr: 1.50e-03 loss: 3.7481 loss_classifier: 0.0907 loss_box_reg: 0.1764 loss_reid: 3.4631 loss_objectness: 0.0073 loss_rpn_box_reg: 0.0105
epoch 6 [  400/2852] lr: 1.50e-03 loss: 3.7964 loss_classifier: 0.0902 loss_box_reg: 0.1746 loss_reid: 3.5137 loss_objectness: 0.0075 loss_rpn_box_reg: 0.0103
epoch 6 [  500/2852] lr: 1.50e-03 loss: 3.7708 loss_classifier: 0.0914 loss_box_reg: 0.1756 loss_reid: 3.4862 loss_objectness: 0.0073 loss_rpn_box_reg: 0.0103
epoch 6 [  600/2852] lr: 1.50e-03 loss: 3.7646 loss_classifier: 0.0915 loss_box_reg: 0.1758 loss_reid: 3.4800 loss_objectness: 0.0071 loss_rpn_box_reg: 0.0102
epoch 6 [  700/2852] lr: 1.50e-03 loss: 3.7467 loss_classifier: 0.0926 loss_box_reg: 0.1774 loss_reid: 3.4593 loss_objectness: 0.0070 loss_rpn_box_reg: 0.0103
epoch 6 [  800/2852] lr: 1.50e-03 loss: 3.7290 loss_classifier: 0.0915 loss_box_reg: 0.1754 loss_reid: 3.4450 loss_objectness: 0.0069 loss_rpn_box_reg: 0.0102
epoch 6 [  900/2852] lr: 1.50e-03 loss: 3.7330 loss_classifier: 0.0907 loss_box_reg: 0.1740 loss_reid: 3.4511 loss_objectness: 0.0069 loss_rpn_box_reg: 0.0103
epoch 6 [ 1000/2852] lr: 1.50e-03 loss: 3.7399 loss_classifier: 0.0908 loss_box_reg: 0.1746 loss_reid: 3.4570 loss_objectness: 0.0071 loss_rpn_box_reg: 0.0104
epoch 6 [ 1100/2852] lr: 1.50e-03 loss: 3.7414 loss_classifier: 0.0909 loss_box_reg: 0.1743 loss_reid: 3.4587 loss_objectness: 0.0072 loss_rpn_box_reg: 0.0104
epoch 6 [ 1200/2852] lr: 1.50e-03 loss: 3.7639 loss_classifier: 0.0906 loss_box_reg: 0.1735 loss_reid: 3.4823 loss_objectness: 0.0071 loss_rpn_box_reg: 0.0104
epoch 6 [ 1300/2852] lr: 1.50e-03 loss: 3.7648 loss_classifier: 0.0908 loss_box_reg: 0.1741 loss_reid: 3.4822 loss_objectness: 0.0071 loss_rpn_box_reg: 0.0105
epoch 6 [ 1400/2852] lr: 1.50e-03 loss: 3.8203 loss_classifier: 0.0910 loss_box_reg: 0.1751 loss_reid: 3.5364 loss_objectness: 0.0071 loss_rpn_box_reg: 0.0106
epoch 6 [ 1500/2852] lr: 1.50e-03 loss: 3.8374 loss_classifier: 0.0906 loss_box_reg: 0.1740 loss_reid: 3.5552 loss_objectness: 0.0071 loss_rpn_box_reg: 0.0104
epoch 6 [ 1600/2852] lr: 1.50e-03 loss: 3.8321 loss_classifier: 0.0912 loss_box_reg: 0.1748 loss_reid: 3.5485 loss_objectness: 0.0071 loss_rpn_box_reg: 0.0104
epoch 6 [ 1700/2852] lr: 1.50e-03 loss: 3.8031 loss_classifier: 0.0909 loss_box_reg: 0.1742 loss_reid: 3.5205 loss_objectness: 0.0071 loss_rpn_box_reg: 0.0104
epoch 6 [ 1800/2852] lr: 1.50e-03 loss: 3.7851 loss_classifier: 0.0911 loss_box_reg: 0.1746 loss_reid: 3.5021 loss_objectness: 0.0071 loss_rpn_box_reg: 0.0103
epoch 6 [ 1900/2852] lr: 1.50e-03 loss: 3.8042 loss_classifier: 0.0912 loss_box_reg: 0.1749 loss_reid: 3.5208 loss_objectness: 0.0071 loss_rpn_box_reg: 0.0104
epoch 6 [ 2000/2852] lr: 1.50e-03 loss: 3.8115 loss_classifier: 0.0909 loss_box_reg: 0.1747 loss_reid: 3.5285 loss_objectness: 0.0070 loss_rpn_box_reg: 0.0104
epoch 6 [ 2100/2852] lr: 1.50e-03 loss: 3.7877 loss_classifier: 0.0909 loss_box_reg: 0.1747 loss_reid: 3.5048 loss_objectness: 0.0070 loss_rpn_box_reg: 0.0104
epoch 6 [ 2200/2852] lr: 1.50e-03 loss: 3.7769 loss_classifier: 0.0909 loss_box_reg: 0.1744 loss_reid: 3.4943 loss_objectness: 0.0070 loss_rpn_box_reg: 0.0104
epoch 6 [ 2300/2852] lr: 1.50e-03 loss: 3.7827 loss_classifier: 0.0906 loss_box_reg: 0.1739 loss_reid: 3.5008 loss_objectness: 0.0070 loss_rpn_box_reg: 0.0104
epoch 6 [ 2400/2852] lr: 1.50e-03 loss: 3.7646 loss_classifier: 0.0906 loss_box_reg: 0.1739 loss_reid: 3.4827 loss_objectness: 0.0070 loss_rpn_box_reg: 0.0104
epoch 6 [ 2500/2852] lr: 1.50e-03 loss: 3.7553 loss_classifier: 0.0905 loss_box_reg: 0.1736 loss_reid: 3.4737 loss_objectness: 0.0070 loss_rpn_box_reg: 0.0104
epoch 6 [ 2600/2852] lr: 1.50e-03 loss: 3.7561 loss_classifier: 0.0905 loss_box_reg: 0.1730 loss_reid: 3.4753 loss_objectness: 0.0070 loss_rpn_box_reg: 0.0103
epoch 6 [ 2700/2852] lr: 1.50e-03 loss: 3.7534 loss_classifier: 0.0908 loss_box_reg: 0.1736 loss_reid: 3.4716 loss_objectness: 0.0071 loss_rpn_box_reg: 0.0104
epoch 6 [ 2800/2852] lr: 1.50e-03 loss: 3.7391 loss_classifier: 0.0909 loss_box_reg: 0.1735 loss_reid: 3.4574 loss_objectness: 0.0070 loss_rpn_box_reg: 0.0104
epoch 6 done in 23.6 min
epoch 7 [    0/2852] lr: 1.50e-03 loss: 4.9696 loss_classifier: 0.0821 loss_box_reg: 0.1593 loss_reid: 4.7229 loss_objectness: 0.0007 loss_rpn_box_reg: 0.0046
epoch 7 [  100/2852] lr: 1.50e-03 loss: 3.3389 loss_classifier: 0.0872 loss_box_reg: 0.1666 loss_reid: 3.0703 loss_objectness: 0.0060 loss_rpn_box_reg: 0.0088
epoch 7 [  200/2852] lr: 1.50e-03 loss: 3.4402 loss_classifier: 0.0892 loss_box_reg: 0.1708 loss_reid: 3.1645 loss_objectness: 0.0066 loss_rpn_box_reg: 0.0091
epoch 7 [  300/2852] lr: 1.50e-03 loss: 3.4435 loss_classifier: 0.0897 loss_box_reg: 0.1742 loss_reid: 3.1631 loss_objectness: 0.0069 loss_rpn_box_reg: 0.0095
epoch 7 [  400/2852] lr: 1.50e-03 loss: 3.4512 loss_classifier: 0.0910 loss_box_reg: 0.1736 loss_reid: 3.1696 loss_objectness: 0.0073 loss_rpn_box_reg: 0.0096
epoch 7 [  500/2852] lr: 1.50e-03 loss: 3.4225 loss_classifier: 0.0898 loss_box_reg: 0.1729 loss_reid: 3.1432 loss_objectness: 0.0068 loss_rpn_box_reg: 0.0097
epoch 7 [  600/2852] lr: 1.50e-03 loss: 3.4359 loss_classifier: 0.0879 loss_box_reg: 0.1705 loss_reid: 3.1612 loss_objectness: 0.0065 loss_rpn_box_reg: 0.0097
epoch 7 [  700/2852] lr: 1.50e-03 loss: 3.4670 loss_classifier: 0.0873 loss_box_reg: 0.1682 loss_reid: 3.1954 loss_objectness: 0.0065 loss_rpn_box_reg: 0.0096
epoch 7 [  800/2852] lr: 1.50e-03 loss: 3.5255 loss_classifier: 0.0870 loss_box_reg: 0.1670 loss_reid: 3.2557 loss_objectness: 0.0063 loss_rpn_box_reg: 0.0095
epoch 7 [  900/2852] lr: 1.50e-03 loss: 3.5302 loss_classifier: 0.0872 loss_box_reg: 0.1674 loss_reid: 3.2596 loss_objectness: 0.0064 loss_rpn_box_reg: 0.0096
epoch 7 [ 1000/2852] lr: 1.50e-03 loss: 3.4972 loss_classifier: 0.0877 loss_box_reg: 0.1686 loss_reid: 3.2246 loss_objectness: 0.0066 loss_rpn_box_reg: 0.0097
epoch 7 [ 1100/2852] lr: 1.50e-03 loss: 3.4868 loss_classifier: 0.0872 loss_box_reg: 0.1682 loss_reid: 3.2150 loss_objectness: 0.0066 loss_rpn_box_reg: 0.0097
epoch 7 [ 1200/2852] lr: 1.50e-03 loss: 3.4752 loss_classifier: 0.0875 loss_box_reg: 0.1684 loss_reid: 3.2030 loss_objectness: 0.0065 loss_rpn_box_reg: 0.0098
epoch 7 [ 1300/2852] lr: 1.50e-03 loss: 3.4703 loss_classifier: 0.0878 loss_box_reg: 0.1685 loss_reid: 3.1977 loss_objectness: 0.0065 loss_rpn_box_reg: 0.0098
epoch 7 [ 1400/2852] lr: 1.50e-03 loss: 3.4666 loss_classifier: 0.0878 loss_box_reg: 0.1686 loss_reid: 3.1940 loss_objectness: 0.0064 loss_rpn_box_reg: 0.0097
epoch 7 [ 1500/2852] lr: 1.50e-03 loss: 3.4899 loss_classifier: 0.0877 loss_box_reg: 0.1683 loss_reid: 3.2178 loss_objectness: 0.0064 loss_rpn_box_reg: 0.0097
epoch 7 [ 1600/2852] lr: 1.50e-03 loss: 3.4903 loss_classifier: 0.0885 loss_box_reg: 0.1700 loss_reid: 3.2156 loss_objectness: 0.0064 loss_rpn_box_reg: 0.0098
epoch 7 [ 1700/2852] lr: 1.50e-03 loss: 3.4743 loss_classifier: 0.0885 loss_box_reg: 0.1703 loss_reid: 3.1992 loss_objectness: 0.0065 loss_rpn_box_reg: 0.0098
epoch 7 [ 1800/2852] lr: 1.50e-03 loss: 3.4601 loss_classifier: 0.0884 loss_box_reg: 0.1697 loss_reid: 3.1858 loss_objectness: 0.0065 loss_rpn_box_reg: 0.0098
epoch 7 [ 1900/2852] lr: 1.50e-03 loss: 3.4828 loss_classifier: 0.0882 loss_box_reg: 0.1693 loss_reid: 3.2090 loss_objectness: 0.0065 loss_rpn_box_reg: 0.0098
epoch 7 [ 2000/2852] lr: 1.50e-03 loss: 3.4908 loss_classifier: 0.0883 loss_box_reg: 0.1696 loss_reid: 3.2164 loss_objectness: 0.0066 loss_rpn_box_reg: 0.0099
epoch 7 [ 2100/2852] lr: 1.50e-03 loss: 3.4770 loss_classifier: 0.0884 loss_box_reg: 0.1696 loss_reid: 3.2026 loss_objectness: 0.0066 loss_rpn_box_reg: 0.0099
epoch 7 [ 2200/2852] lr: 1.50e-03 loss: 3.4579 loss_classifier: 0.0883 loss_box_reg: 0.1698 loss_reid: 3.1832 loss_objectness: 0.0066 loss_rpn_box_reg: 0.0099
epoch 7 [ 2300/2852] lr: 1.50e-03 loss: 3.4640 loss_classifier: 0.0884 loss_box_reg: 0.1702 loss_reid: 3.1887 loss_objectness: 0.0067 loss_rpn_box_reg: 0.0099
epoch 7 [ 2400/2852] lr: 1.50e-03 loss: 3.4685 loss_classifier: 0.0887 loss_box_reg: 0.1708 loss_reid: 3.1921 loss_objectness: 0.0068 loss_rpn_box_reg: 0.0100
epoch 7 [ 2500/2852] lr: 1.50e-03 loss: 3.4810 loss_classifier: 0.0887 loss_box_reg: 0.1708 loss_reid: 3.2046 loss_objectness: 0.0069 loss_rpn_box_reg: 0.0100
epoch 7 [ 2600/2852] lr: 1.50e-03 loss: 3.4768 loss_classifier: 0.0888 loss_box_reg: 0.1708 loss_reid: 3.2004 loss_objectness: 0.0069 loss_rpn_box_reg: 0.0099
epoch 7 [ 2700/2852] lr: 1.50e-03 loss: 3.4654 loss_classifier: 0.0891 loss_box_reg: 0.1715 loss_reid: 3.1879 loss_objectness: 0.0069 loss_rpn_box_reg: 0.0100
epoch 7 [ 2800/2852] lr: 1.50e-03 loss: 3.4602 loss_classifier: 0.0890 loss_box_reg: 0.1713 loss_reid: 3.1831 loss_objectness: 0.0069 loss_rpn_box_reg: 0.0100
epoch 7 done in 23.8 min
epoch 8 [    0/2852] lr: 1.50e-03 loss: 5.6525 loss_classifier: 0.0789 loss_box_reg: 0.1901 loss_reid: 5.3777 loss_objectness: 0.0012 loss_rpn_box_reg: 0.0046
epoch 8 [  100/2852] lr: 1.50e-03 loss: 3.1398 loss_classifier: 0.0932 loss_box_reg: 0.1796 loss_reid: 2.8498 loss_objectness: 0.0070 loss_rpn_box_reg: 0.0101
epoch 8 [  200/2852] lr: 1.50e-03 loss: 3.1277 loss_classifier: 0.0926 loss_box_reg: 0.1854 loss_reid: 2.8327 loss_objectness: 0.0065 loss_rpn_box_reg: 0.0105
epoch 8 [  300/2852] lr: 1.50e-03 loss: 3.1835 loss_classifier: 0.0944 loss_box_reg: 0.1868 loss_reid: 2.8848 loss_objectness: 0.0069 loss_rpn_box_reg: 0.0105
epoch 8 [  400/2852] lr: 1.50e-03 loss: 3.1182 loss_classifier: 0.0928 loss_box_reg: 0.1806 loss_reid: 2.8280 loss_objectness: 0.0066 loss_rpn_box_reg: 0.0102
epoch 8 [  500/2852] lr: 1.50e-03 loss: 3.1618 loss_classifier: 0.0924 loss_box_reg: 0.1798 loss_reid: 2.8733 loss_objectness: 0.0064 loss_rpn_box_reg: 0.0099
epoch 8 [  600/2852] lr: 1.50e-03 loss: 3.1161 loss_classifier: 0.0917 loss_box_reg: 0.1793 loss_reid: 2.8286 loss_objectness: 0.0065 loss_rpn_box_reg: 0.0100
epoch 8 [  700/2852] lr: 1.50e-03 loss: 3.1301 loss_classifier: 0.0915 loss_box_reg: 0.1789 loss_reid: 2.8436 loss_objectness: 0.0063 loss_rpn_box_reg: 0.0099
epoch 8 [  800/2852] lr: 1.50e-03 loss: 3.1201 loss_classifier: 0.0915 loss_box_reg: 0.1782 loss_reid: 2.8343 loss_objectness: 0.0063 loss_rpn_box_reg: 0.0098
epoch 8 [  900/2852] lr: 1.50e-03 loss: 3.1401 loss_classifier: 0.0912 loss_box_reg: 0.1770 loss_reid: 2.8560 loss_objectness: 0.0062 loss_rpn_box_reg: 0.0097
epoch 8 [ 1000/2852] lr: 1.50e-03 loss: 3.1303 loss_classifier: 0.0906 loss_box_reg: 0.1752 loss_reid: 2.8484 loss_objectness: 0.0063 loss_rpn_box_reg: 0.0097
epoch 8 [ 1100/2852] lr: 1.50e-03 loss: 3.1439 loss_classifier: 0.0907 loss_box_reg: 0.1751 loss_reid: 2.8623 loss_objectness: 0.0062 loss_rpn_box_reg: 0.0096
epoch 8 [ 1200/2852] lr: 1.50e-03 loss: 3.1536 loss_classifier: 0.0905 loss_box_reg: 0.1754 loss_reid: 2.8718 loss_objectness: 0.0061 loss_rpn_box_reg: 0.0096
epoch 8 [ 1300/2852] lr: 1.50e-03 loss: 3.1310 loss_classifier: 0.0903 loss_box_reg: 0.1750 loss_reid: 2.8500 loss_objectness: 0.0061 loss_rpn_box_reg: 0.0097
epoch 8 [ 1400/2852] lr: 1.50e-03 loss: 3.1426 loss_classifier: 0.0902 loss_box_reg: 0.1743 loss_reid: 2.8624 loss_objectness: 0.0060 loss_rpn_box_reg: 0.0096
epoch 8 [ 1500/2852] lr: 1.50e-03 loss: 3.1436 loss_classifier: 0.0902 loss_box_reg: 0.1736 loss_reid: 2.8641 loss_objectness: 0.0061 loss_rpn_box_reg: 0.0097
epoch 8 [ 1600/2852] lr: 1.50e-03 loss: 3.1486 loss_classifier: 0.0906 loss_box_reg: 0.1743 loss_reid: 2.8679 loss_objectness: 0.0061 loss_rpn_box_reg: 0.0098
epoch 8 [ 1700/2852] lr: 1.50e-03 loss: 3.1653 loss_classifier: 0.0906 loss_box_reg: 0.1739 loss_reid: 2.8851 loss_objectness: 0.0060 loss_rpn_box_reg: 0.0097
epoch 8 [ 1800/2852] lr: 1.50e-03 loss: 3.1646 loss_classifier: 0.0907 loss_box_reg: 0.1741 loss_reid: 2.8841 loss_objectness: 0.0060 loss_rpn_box_reg: 0.0097
epoch 8 [ 1900/2852] lr: 1.50e-03 loss: 3.1532 loss_classifier: 0.0904 loss_box_reg: 0.1737 loss_reid: 2.8733 loss_objectness: 0.0060 loss_rpn_box_reg: 0.0097
epoch 8 [ 2000/2852] lr: 1.50e-03 loss: 3.1626 loss_classifier: 0.0902 loss_box_reg: 0.1739 loss_reid: 2.8827 loss_objectness: 0.0060 loss_rpn_box_reg: 0.0097
epoch 8 [ 2100/2852] lr: 1.50e-03 loss: 3.1498 loss_classifier: 0.0901 loss_box_reg: 0.1743 loss_reid: 2.8697 loss_objectness: 0.0060 loss_rpn_box_reg: 0.0097
epoch 8 [ 2200/2852] lr: 1.50e-03 loss: 3.1630 loss_classifier: 0.0903 loss_box_reg: 0.1744 loss_reid: 2.8826 loss_objectness: 0.0060 loss_rpn_box_reg: 0.0097
epoch 8 [ 2300/2852] lr: 1.50e-03 loss: 3.1657 loss_classifier: 0.0904 loss_box_reg: 0.1745 loss_reid: 2.8851 loss_objectness: 0.0060 loss_rpn_box_reg: 0.0097
epoch 8 [ 2400/2852] lr: 1.50e-03 loss: 3.1631 loss_classifier: 0.0907 loss_box_reg: 0.1745 loss_reid: 2.8822 loss_objectness: 0.0060 loss_rpn_box_reg: 0.0096
epoch 8 [ 2500/2852] lr: 1.50e-03 loss: 3.1655 loss_classifier: 0.0906 loss_box_reg: 0.1741 loss_reid: 2.8851 loss_objectness: 0.0061 loss_rpn_box_reg: 0.0096
epoch 8 [ 2600/2852] lr: 1.50e-03 loss: 3.1580 loss_classifier: 0.0904 loss_box_reg: 0.1736 loss_reid: 2.8784 loss_objectness: 0.0060 loss_rpn_box_reg: 0.0096
epoch 8 [ 2700/2852] lr: 1.50e-03 loss: 3.1604 loss_classifier: 0.0906 loss_box_reg: 0.1741 loss_reid: 2.8800 loss_objectness: 0.0060 loss_rpn_box_reg: 0.0097
epoch 8 [ 2800/2852] lr: 1.50e-03 loss: 3.1649 loss_classifier: 0.0906 loss_box_reg: 0.1742 loss_reid: 2.8844 loss_objectness: 0.0061 loss_rpn_box_reg: 0.0096
epoch 8 done in 23.2 min
epoch 9 [    0/2852] lr: 1.50e-03 loss: 5.0422 loss_classifier: 0.0653 loss_box_reg: 0.0948 loss_reid: 4.8747 loss_objectness: 0.0022 loss_rpn_box_reg: 0.0052
epoch 9 [  100/2852] lr: 1.50e-03 loss: 3.2608 loss_classifier: 0.0897 loss_box_reg: 0.1729 loss_reid: 2.9823 loss_objectness: 0.0063 loss_rpn_box_reg: 0.0095
epoch 9 [  200/2852] lr: 1.50e-03 loss: 3.1784 loss_classifier: 0.0903 loss_box_reg: 0.1712 loss_reid: 2.9015 loss_objectness: 0.0062 loss_rpn_box_reg: 0.0091
epoch 9 [  300/2852] lr: 1.50e-03 loss: 3.1473 loss_classifier: 0.0904 loss_box_reg: 0.1755 loss_reid: 2.8654 loss_objectness: 0.0065 loss_rpn_box_reg: 0.0095
epoch 9 [  400/2852] lr: 1.50e-03 loss: 3.1283 loss_classifier: 0.0906 loss_box_reg: 0.1734 loss_reid: 2.8487 loss_objectness: 0.0063 loss_rpn_box_reg: 0.0094
epoch 9 [  500/2852] lr: 1.50e-03 loss: 3.0781 loss_classifier: 0.0898 loss_box_reg: 0.1711 loss_reid: 2.8018 loss_objectness: 0.0061 loss_rpn_box_reg: 0.0093
epoch 9 [  600/2852] lr: 1.50e-03 loss: 3.0516 loss_classifier: 0.0898 loss_box_reg: 0.1728 loss_reid: 2.7738 loss_objectness: 0.0059 loss_rpn_box_reg: 0.0093
epoch 9 [  700/2852] lr: 1.50e-03 loss: 3.0283 loss_classifier: 0.0893 loss_box_reg: 0.1711 loss_reid: 2.7528 loss_objectness: 0.0059 loss_rpn_box_reg: 0.0092
epoch 9 [  800/2852] lr: 1.50e-03 loss: 2.9960 loss_classifier: 0.0883 loss_box_reg: 0.1687 loss_reid: 2.7240 loss_objectness: 0.0058 loss_rpn_box_reg: 0.0091
epoch 9 [  900/2852] lr: 1.50e-03 loss: 2.9555 loss_classifier: 0.0875 loss_box_reg: 0.1684 loss_reid: 2.6846 loss_objectness: 0.0058 loss_rpn_box_reg: 0.0092
epoch 9 [ 1000/2852] lr: 1.50e-03 loss: 2.9817 loss_classifier: 0.0873 loss_box_reg: 0.1686 loss_reid: 2.7109 loss_objectness: 0.0056 loss_rpn_box_reg: 0.0092
epoch 9 [ 1100/2852] lr: 1.50e-03 loss: 2.9567 loss_classifier: 0.0875 loss_box_reg: 0.1695 loss_reid: 2.6847 loss_objectness: 0.0057 loss_rpn_box_reg: 0.0092
epoch 9 [ 1200/2852] lr: 1.50e-03 loss: 2.9685 loss_classifier: 0.0872 loss_box_reg: 0.1685 loss_reid: 2.6977 loss_objectness: 0.0058 loss_rpn_box_reg: 0.0092
epoch 9 [ 1300/2852] lr: 1.50e-03 loss: 2.9516 loss_classifier: 0.0868 loss_box_reg: 0.1673 loss_reid: 2.6826 loss_objectness: 0.0058 loss_rpn_box_reg: 0.0092
epoch 9 [ 1400/2852] lr: 1.50e-03 loss: 2.9279 loss_classifier: 0.0866 loss_box_reg: 0.1669 loss_reid: 2.6595 loss_objectness: 0.0057 loss_rpn_box_reg: 0.0091
epoch 9 [ 1500/2852] lr: 1.50e-03 loss: 2.9191 loss_classifier: 0.0868 loss_box_reg: 0.1671 loss_reid: 2.6503 loss_objectness: 0.0057 loss_rpn_box_reg: 0.0092
epoch 9 [ 1600/2852] lr: 1.50e-03 loss: 2.9021 loss_classifier: 0.0867 loss_box_reg: 0.1673 loss_reid: 2.6333 loss_objectness: 0.0057 loss_rpn_box_reg: 0.0092
epoch 9 [ 1700/2852] lr: 1.50e-03 loss: 2.9074 loss_classifier: 0.0868 loss_box_reg: 0.1673 loss_reid: 2.6384 loss_objectness: 0.0057 loss_rpn_box_reg: 0.0092
epoch 9 [ 1800/2852] lr: 1.50e-03 loss: 2.9222 loss_classifier: 0.0868 loss_box_reg: 0.1676 loss_reid: 2.6529 loss_objectness: 0.0057 loss_rpn_box_reg: 0.0092
epoch 9 [ 1900/2852] lr: 1.50e-03 loss: 2.9247 loss_classifier: 0.0865 loss_box_reg: 0.1670 loss_reid: 2.6564 loss_objectness: 0.0057 loss_rpn_box_reg: 0.0092
epoch 9 [ 2000/2852] lr: 1.50e-03 loss: 2.9432 loss_classifier: 0.0870 loss_box_reg: 0.1676 loss_reid: 2.6737 loss_objectness: 0.0057 loss_rpn_box_reg: 0.0092
epoch 9 [ 2100/2852] lr: 1.50e-03 loss: 2.9380 loss_classifier: 0.0874 loss_box_reg: 0.1685 loss_reid: 2.6672 loss_objectness: 0.0057 loss_rpn_box_reg: 0.0093
epoch 9 [ 2200/2852] lr: 1.50e-03 loss: 2.9378 loss_classifier: 0.0879 loss_box_reg: 0.1695 loss_reid: 2.6655 loss_objectness: 0.0057 loss_rpn_box_reg: 0.0093
epoch 9 [ 2300/2852] lr: 1.50e-03 loss: 2.9315 loss_classifier: 0.0880 loss_box_reg: 0.1698 loss_reid: 2.6586 loss_objectness: 0.0058 loss_rpn_box_reg: 0.0093
epoch 9 [ 2400/2852] lr: 1.50e-03 loss: 2.9338 loss_classifier: 0.0881 loss_box_reg: 0.1699 loss_reid: 2.6607 loss_objectness: 0.0058 loss_rpn_box_reg: 0.0094
epoch 9 [ 2500/2852] lr: 1.50e-03 loss: 2.9372 loss_classifier: 0.0882 loss_box_reg: 0.1697 loss_reid: 2.6642 loss_objectness: 0.0057 loss_rpn_box_reg: 0.0093
epoch 9 [ 2600/2852] lr: 1.50e-03 loss: 2.9460 loss_classifier: 0.0881 loss_box_reg: 0.1696 loss_reid: 2.6732 loss_objectness: 0.0058 loss_rpn_box_reg: 0.0093
epoch 9 [ 2700/2852] lr: 1.50e-03 loss: 2.9479 loss_classifier: 0.0881 loss_box_reg: 0.1698 loss_reid: 2.6749 loss_objectness: 0.0058 loss_rpn_box_reg: 0.0093
epoch 9 [ 2800/2852] lr: 1.50e-03 loss: 2.9622 loss_classifier: 0.0880 loss_box_reg: 0.1698 loss_reid: 2.6894 loss_objectness: 0.0057 loss_rpn_box_reg: 0.0093
epoch 9 done in 23.1 min
epoch 10 [    0/2852] lr: 1.50e-04 loss: 3.8236 loss_classifier: 0.0678 loss_box_reg: 0.0982 loss_reid: 3.6407 loss_objectness: 0.0064 loss_rpn_box_reg: 0.0105
epoch 10 [  100/2852] lr: 1.50e-04 loss: 2.4783 loss_classifier: 0.0909 loss_box_reg: 0.1736 loss_reid: 2.1996 loss_objectness: 0.0054 loss_rpn_box_reg: 0.0088
epoch 10 [  200/2852] lr: 1.50e-04 loss: 2.5919 loss_classifier: 0.0834 loss_box_reg: 0.1622 loss_reid: 2.3329 loss_objectness: 0.0052 loss_rpn_box_reg: 0.0083
epoch 10 [  300/2852] lr: 1.50e-04 loss: 2.4794 loss_classifier: 0.0843 loss_box_reg: 0.1636 loss_reid: 2.2177 loss_objectness: 0.0053 loss_rpn_box_reg: 0.0084
epoch 10 [  400/2852] lr: 1.50e-04 loss: 2.4409 loss_classifier: 0.0838 loss_box_reg: 0.1633 loss_reid: 2.1803 loss_objectness: 0.0053 loss_rpn_box_reg: 0.0083
epoch 10 [  500/2852] lr: 1.50e-04 loss: 2.3400 loss_classifier: 0.0837 loss_box_reg: 0.1620 loss_reid: 2.0810 loss_objectness: 0.0052 loss_rpn_box_reg: 0.0081
epoch 10 [  600/2852] lr: 1.50e-04 loss: 2.3096 loss_classifier: 0.0833 loss_box_reg: 0.1603 loss_reid: 2.0529 loss_objectness: 0.0051 loss_rpn_box_reg: 0.0080
epoch 10 [  700/2852] lr: 1.50e-04 loss: 2.2787 loss_classifier: 0.0828 loss_box_reg: 0.1590 loss_reid: 2.0240 loss_objectness: 0.0051 loss_rpn_box_reg: 0.0079
epoch 10 [  800/2852] lr: 1.50e-04 loss: 2.2372 loss_classifier: 0.0830 loss_box_reg: 0.1596 loss_reid: 1.9817 loss_objectness: 0.0051 loss_rpn_box_reg: 0.0079
epoch 10 [  900/2852] lr: 1.50e-04 loss: 2.2062 loss_classifier: 0.0827 loss_box_reg: 0.1592 loss_reid: 1.9513 loss_objectness: 0.0051 loss_rpn_box_reg: 0.0079
epoch 10 [ 1000/2852] lr: 1.50e-04 loss: 2.1767 loss_classifier: 0.0828 loss_box_reg: 0.1590 loss_reid: 1.9220 loss_objectness: 0.0051 loss_rpn_box_reg: 0.0078
epoch 10 [ 1100/2852] lr: 1.50e-04 loss: 2.1612 loss_classifier: 0.0823 loss_box_reg: 0.1582 loss_reid: 1.9079 loss_objectness: 0.0050 loss_rpn_box_reg: 0.0078
epoch 10 [ 1200/2852] lr: 1.50e-04 loss: 2.1404 loss_classifier: 0.0824 loss_box_reg: 0.1584 loss_reid: 1.8869 loss_objectness: 0.0050 loss_rpn_box_reg: 0.0077
epoch 10 [ 1300/2852] lr: 1.50e-04 loss: 2.1064 loss_classifier: 0.0823 loss_box_reg: 0.1579 loss_reid: 1.8534 loss_objectness: 0.0051 loss_rpn_box_reg: 0.0076
epoch 10 [ 1400/2852] lr: 1.50e-04 loss: 2.0913 loss_classifier: 0.0827 loss_box_reg: 0.1589 loss_reid: 1.8369 loss_objectness: 0.0051 loss_rpn_box_reg: 0.0077
epoch 10 [ 1500/2852] lr: 1.50e-04 loss: 2.0691 loss_classifier: 0.0826 loss_box_reg: 0.1583 loss_reid: 1.8155 loss_objectness: 0.0051 loss_rpn_box_reg: 0.0077
epoch 10 [ 1600/2852] lr: 1.50e-04 loss: 2.0607 loss_classifier: 0.0826 loss_box_reg: 0.1584 loss_reid: 1.8069 loss_objectness: 0.0050 loss_rpn_box_reg: 0.0077
epoch 10 [ 1700/2852] lr: 1.50e-04 loss: 2.0542 loss_classifier: 0.0828 loss_box_reg: 0.1587 loss_reid: 1.7999 loss_objectness: 0.0051 loss_rpn_box_reg: 0.0077
epoch 10 [ 1800/2852] lr: 1.50e-04 loss: 2.0450 loss_classifier: 0.0829 loss_box_reg: 0.1590 loss_reid: 1.7902 loss_objectness: 0.0051 loss_rpn_box_reg: 0.0077
epoch 10 [ 1900/2852] lr: 1.50e-04 loss: 2.0319 loss_classifier: 0.0829 loss_box_reg: 0.1589 loss_reid: 1.7773 loss_objectness: 0.0051 loss_rpn_box_reg: 0.0077
epoch 10 [ 2000/2852] lr: 1.50e-04 loss: 2.0338 loss_classifier: 0.0833 loss_box_reg: 0.1597 loss_reid: 1.7781 loss_objectness: 0.0050 loss_rpn_box_reg: 0.0077
epoch 10 [ 2100/2852] lr: 1.50e-04 loss: 2.0190 loss_classifier: 0.0833 loss_box_reg: 0.1595 loss_reid: 1.7635 loss_objectness: 0.0050 loss_rpn_box_reg: 0.0077
epoch 10 [ 2200/2852] lr: 1.50e-04 loss: 2.0070 loss_classifier: 0.0829 loss_box_reg: 0.1588 loss_reid: 1.7527 loss_objectness: 0.0050 loss_rpn_box_reg: 0.0077
epoch 10 [ 2300/2852] lr: 1.50e-04 loss: 2.0005 loss_classifier: 0.0830 loss_box_reg: 0.1593 loss_reid: 1.7455 loss_objectness: 0.0050 loss_rpn_box_reg: 0.0077
epoch 10 [ 2400/2852] lr: 1.50e-04 loss: 1.9935 loss_classifier: 0.0832 loss_box_reg: 0.1597 loss_reid: 1.7379 loss_objectness: 0.0050 loss_rpn_box_reg: 0.0077
epoch 10 [ 2500/2852] lr: 1.50e-04 loss: 1.9807 loss_classifier: 0.0831 loss_box_reg: 0.1593 loss_reid: 1.7257 loss_objectness: 0.0050 loss_rpn_box_reg: 0.0077
epoch 10 [ 2600/2852] lr: 1.50e-04 loss: 1.9812 loss_classifier: 0.0828 loss_box_reg: 0.1586 loss_reid: 1.7271 loss_objectness: 0.0050 loss_rpn_box_reg: 0.0077
epoch 10 [ 2700/2852] lr: 1.50e-04 loss: 1.9943 loss_classifier: 0.0828 loss_box_reg: 0.1586 loss_reid: 1.7403 loss_objectness: 0.0050 loss_rpn_box_reg: 0.0077
epoch 10 [ 2800/2852] lr: 1.50e-04 loss: 1.9896 loss_classifier: 0.0830 loss_box_reg: 0.1588 loss_reid: 1.7351 loss_objectness: 0.0050 loss_rpn_box_reg: 0.0077
epoch 10 done in 23.1 min
epoch 11 [    0/2852] lr: 1.50e-04 loss: 1.6486 loss_classifier: 0.0346 loss_box_reg: 0.1078 loss_reid: 1.5023 loss_objectness: 0.0003 loss_rpn_box_reg: 0.0036
epoch 11 [  100/2852] lr: 1.50e-04 loss: 1.9030 loss_classifier: 0.0818 loss_box_reg: 0.1573 loss_reid: 1.6516 loss_objectness: 0.0047 loss_rpn_box_reg: 0.0077
epoch 11 [  200/2852] lr: 1.50e-04 loss: 1.7524 loss_classifier: 0.0816 loss_box_reg: 0.1555 loss_reid: 1.5031 loss_objectness: 0.0046 loss_rpn_box_reg: 0.0076
epoch 11 [  300/2852] lr: 1.50e-04 loss: 1.7167 loss_classifier: 0.0822 loss_box_reg: 0.1573 loss_reid: 1.4649 loss_objectness: 0.0045 loss_rpn_box_reg: 0.0078
epoch 11 [  400/2852] lr: 1.50e-04 loss: 1.7266 loss_classifier: 0.0824 loss_box_reg: 0.1585 loss_reid: 1.4733 loss_objectness: 0.0047 loss_rpn_box_reg: 0.0078
epoch 11 [  500/2852] lr: 1.50e-04 loss: 1.6806 loss_classifier: 0.0807 loss_box_reg: 0.1549 loss_reid: 1.4327 loss_objectness: 0.0046 loss_rpn_box_reg: 0.0077
epoch 11 [  600/2852] lr: 1.50e-04 loss: 1.6277 loss_classifier: 0.0815 loss_box_reg: 0.1564 loss_reid: 1.3773 loss_objectness: 0.0048 loss_rpn_box_reg: 0.0077
epoch 11 [  700/2852] lr: 1.50e-04 loss: 1.6369 loss_classifier: 0.0811 loss_box_reg: 0.1560 loss_reid: 1.3874 loss_objectness: 0.0048 loss_rpn_box_reg: 0.0077
epoch 11 [  800/2852] lr: 1.50e-04 loss: 1.6452 loss_classifier: 0.0808 loss_box_reg: 0.1550 loss_reid: 1.3970 loss_objectness: 0.0049 loss_rpn_box_reg: 0.0076
epoch 11 [  900/2852] lr: 1.50e-04 loss: 1.6551 loss_classifier: 0.0814 loss_box_reg: 0.1556 loss_reid: 1.4058 loss_objectness: 0.0048 loss_rpn_box_reg: 0.0076
epoch 11 [ 1000/2852] lr: 1.50e-04 loss: 1.6637 loss_classifier: 0.0812 loss_box_reg: 0.1551 loss_reid: 1.4152 loss_objectness: 0.0048 loss_rpn_box_reg: 0.0075
epoch 11 [ 1100/2852] lr: 1.50e-04 loss: 1.6698 loss_classifier: 0.0809 loss_box_reg: 0.1542 loss_reid: 1.4225 loss_objectness: 0.0048 loss_rpn_box_reg: 0.0075
epoch 11 [ 1200/2852] lr: 1.50e-04 loss: 1.6873 loss_classifier: 0.0812 loss_box_reg: 0.1552 loss_reid: 1.4387 loss_objectness: 0.0048 loss_rpn_box_reg: 0.0075
epoch 11 [ 1300/2852] lr: 1.50e-04 loss: 1.6947 loss_classifier: 0.0816 loss_box_reg: 0.1561 loss_reid: 1.4447 loss_objectness: 0.0048 loss_rpn_box_reg: 0.0075
epoch 11 [ 1400/2852] lr: 1.50e-04 loss: 1.6899 loss_classifier: 0.0815 loss_box_reg: 0.1556 loss_reid: 1.4405 loss_objectness: 0.0048 loss_rpn_box_reg: 0.0075
epoch 11 [ 1500/2852] lr: 1.50e-04 loss: 1.6860 loss_classifier: 0.0820 loss_box_reg: 0.1569 loss_reid: 1.4347 loss_objectness: 0.0049 loss_rpn_box_reg: 0.0076
epoch 11 [ 1600/2852] lr: 1.50e-04 loss: 1.6728 loss_classifier: 0.0817 loss_box_reg: 0.1563 loss_reid: 1.4224 loss_objectness: 0.0048 loss_rpn_box_reg: 0.0075
epoch 11 [ 1700/2852] lr: 1.50e-04 loss: 1.6669 loss_classifier: 0.0819 loss_box_reg: 0.1567 loss_reid: 1.4159 loss_objectness: 0.0048 loss_rpn_box_reg: 0.0076
epoch 11 [ 1800/2852] lr: 1.50e-04 loss: 1.6584 loss_classifier: 0.0819 loss_box_reg: 0.1568 loss_reid: 1.4074 loss_objectness: 0.0048 loss_rpn_box_reg: 0.0075
epoch 11 [ 1900/2852] lr: 1.50e-04 loss: 1.6503 loss_classifier: 0.0818 loss_box_reg: 0.1564 loss_reid: 1.3998 loss_objectness: 0.0048 loss_rpn_box_reg: 0.0075
epoch 11 [ 2000/2852] lr: 1.50e-04 loss: 1.6416 loss_classifier: 0.0817 loss_box_reg: 0.1565 loss_reid: 1.3911 loss_objectness: 0.0048 loss_rpn_box_reg: 0.0075
epoch 11 [ 2100/2852] lr: 1.50e-04 loss: 1.6418 loss_classifier: 0.0814 loss_box_reg: 0.1564 loss_reid: 1.3917 loss_objectness: 0.0048 loss_rpn_box_reg: 0.0075
epoch 11 [ 2200/2852] lr: 1.50e-04 loss: 1.6506 loss_classifier: 0.0813 loss_box_reg: 0.1562 loss_reid: 1.4009 loss_objectness: 0.0047 loss_rpn_box_reg: 0.0075
epoch 11 [ 2300/2852] lr: 1.50e-04 loss: 1.6472 loss_classifier: 0.0811 loss_box_reg: 0.1560 loss_reid: 1.3980 loss_objectness: 0.0047 loss_rpn_box_reg: 0.0075
epoch 11 [ 2400/2852] lr: 1.50e-04 loss: 1.6413 loss_classifier: 0.0813 loss_box_reg: 0.1563 loss_reid: 1.3915 loss_objectness: 0.0047 loss_rpn_box_reg: 0.0075
epoch 11 [ 2500/2852] lr: 1.50e-04 loss: 1.6409 loss_classifier: 0.0812 loss_box_reg: 0.1561 loss_reid: 1.3914 loss_objectness: 0.0047 loss_rpn_box_reg: 0.0075
epoch 11 [ 2600/2852] lr: 1.50e-04 loss: 1.6515 loss_classifier: 0.0810 loss_box_reg: 0.1559 loss_reid: 1.4024 loss_objectness: 0.0047 loss_rpn_box_reg: 0.0075
epoch 11 [ 2700/2852] lr: 1.50e-04 loss: 1.6581 loss_classifier: 0.0811 loss_box_reg: 0.1559 loss_reid: 1.4089 loss_objectness: 0.0047 loss_rpn_box_reg: 0.0075
epoch 11 [ 2800/2852] lr: 1.50e-04 loss: 1.6657 loss_classifier: 0.0810 loss_box_reg: 0.1555 loss_reid: 1.4171 loss_objectness: 0.0047 loss_rpn_box_reg: 0.0075
epoch 11 done in 23.1 min
epoch 12 [    0/2852] lr: 1.50e-04 loss: 0.5815 loss_classifier: 0.1093 loss_box_reg: 0.1099 loss_reid: 0.3582 loss_objectness: 0.0015 loss_rpn_box_reg: 0.0026
epoch 12 [  100/2852] lr: 1.50e-04 loss: 1.4205 loss_classifier: 0.0826 loss_box_reg: 0.1577 loss_reid: 1.1688 loss_objectness: 0.0044 loss_rpn_box_reg: 0.0070
epoch 12 [  200/2852] lr: 1.50e-04 loss: 1.4464 loss_classifier: 0.0818 loss_box_reg: 0.1541 loss_reid: 1.1989 loss_objectness: 0.0045 loss_rpn_box_reg: 0.0071
epoch 12 [  300/2852] lr: 1.50e-04 loss: 1.5014 loss_classifier: 0.0836 loss_box_reg: 0.1553 loss_reid: 1.2504 loss_objectness: 0.0050 loss_rpn_box_reg: 0.0072
epoch 12 [  400/2852] lr: 1.50e-04 loss: 1.5036 loss_classifier: 0.0827 loss_box_reg: 0.1554 loss_reid: 1.2536 loss_objectness: 0.0047 loss_rpn_box_reg: 0.0072
epoch 12 [  500/2852] lr: 1.50e-04 loss: 1.4418 loss_classifier: 0.0816 loss_box_reg: 0.1534 loss_reid: 1.1951 loss_objectness: 0.0046 loss_rpn_box_reg: 0.0073
epoch 12 [  600/2852] lr: 1.50e-04 loss: 1.4554 loss_classifier: 0.0823 loss_box_reg: 0.1556 loss_reid: 1.2055 loss_objectness: 0.0046 loss_rpn_box_reg: 0.0074
epoch 12 [  700/2852] lr: 1.50e-04 loss: 1.4684 loss_classifier: 0.0816 loss_box_reg: 0.1543 loss_reid: 1.2202 loss_objectness: 0.0047 loss_rpn_box_reg: 0.0075
epoch 12 [  800/2852] lr: 1.50e-04 loss: 1.4767 loss_classifier: 0.0820 loss_box_reg: 0.1551 loss_reid: 1.2275 loss_objectness: 0.0046 loss_rpn_box_reg: 0.0075
epoch 12 [  900/2852] lr: 1.50e-04 loss: 1.4712 loss_classifier: 0.0823 loss_box_reg: 0.1560 loss_reid: 1.2208 loss_objectness: 0.0046 loss_rpn_box_reg: 0.0076
epoch 12 [ 1000/2852] lr: 1.50e-04 loss: 1.4925 loss_classifier: 0.0820 loss_box_reg: 0.1560 loss_reid: 1.2424 loss_objectness: 0.0045 loss_rpn_box_reg: 0.0076
epoch 12 [ 1100/2852] lr: 1.50e-04 loss: 1.4974 loss_classifier: 0.0817 loss_box_reg: 0.1559 loss_reid: 1.2476 loss_objectness: 0.0045 loss_rpn_box_reg: 0.0076
epoch 12 [ 1200/2852] lr: 1.50e-04 loss: 1.5081 loss_classifier: 0.0815 loss_box_reg: 0.1559 loss_reid: 1.2585 loss_objectness: 0.0045 loss_rpn_box_reg: 0.0076
epoch 12 [ 1300/2852] lr: 1.50e-04 loss: 1.5413 loss_classifier: 0.0817 loss_box_reg: 0.1561 loss_reid: 1.2912 loss_objectness: 0.0046 loss_rpn_box_reg: 0.0076
epoch 12 [ 1400/2852] lr: 1.50e-04 loss: 1.5419 loss_classifier: 0.0818 loss_box_reg: 0.1564 loss_reid: 1.2914 loss_objectness: 0.0047 loss_rpn_box_reg: 0.0076
epoch 12 [ 1500/2852] lr: 1.50e-04 loss: 1.5455 loss_classifier: 0.0815 loss_box_reg: 0.1560 loss_reid: 1.2957 loss_objectness: 0.0047 loss_rpn_box_reg: 0.0076
epoch 12 [ 1600/2852] lr: 1.50e-04 loss: 1.5539 loss_classifier: 0.0812 loss_box_reg: 0.1555 loss_reid: 1.3051 loss_objectness: 0.0047 loss_rpn_box_reg: 0.0075
epoch 12 [ 1700/2852] lr: 1.50e-04 loss: 1.5539 loss_classifier: 0.0811 loss_box_reg: 0.1558 loss_reid: 1.3047 loss_objectness: 0.0047 loss_rpn_box_reg: 0.0076
epoch 12 [ 1800/2852] lr: 1.50e-04 loss: 1.5416 loss_classifier: 0.0808 loss_box_reg: 0.1556 loss_reid: 1.2929 loss_objectness: 0.0047 loss_rpn_box_reg: 0.0076
epoch 12 [ 1900/2852] lr: 1.50e-04 loss: 1.5361 loss_classifier: 0.0808 loss_box_reg: 0.1555 loss_reid: 1.2875 loss_objectness: 0.0047 loss_rpn_box_reg: 0.0075
epoch 12 [ 2000/2852] lr: 1.50e-04 loss: 1.5175 loss_classifier: 0.0810 loss_box_reg: 0.1560 loss_reid: 1.2682 loss_objectness: 0.0048 loss_rpn_box_reg: 0.0075
epoch 12 [ 2100/2852] lr: 1.50e-04 loss: 1.5214 loss_classifier: 0.0806 loss_box_reg: 0.1550 loss_reid: 1.2735 loss_objectness: 0.0048 loss_rpn_box_reg: 0.0075
epoch 12 [ 2200/2852] lr: 1.50e-04 loss: 1.5307 loss_classifier: 0.0807 loss_box_reg: 0.1552 loss_reid: 1.2827 loss_objectness: 0.0047 loss_rpn_box_reg: 0.0075
epoch 12 [ 2300/2852] lr: 1.50e-04 loss: 1.5317 loss_classifier: 0.0807 loss_box_reg: 0.1552 loss_reid: 1.2835 loss_objectness: 0.0048 loss_rpn_box_reg: 0.0075
epoch 12 [ 2400/2852] lr: 1.50e-04 loss: 1.5285 loss_classifier: 0.0804 loss_box_reg: 0.1544 loss_reid: 1.2816 loss_objectness: 0.0047 loss_rpn_box_reg: 0.0075
epoch 12 [ 2500/2852] lr: 1.50e-04 loss: 1.5353 loss_classifier: 0.0802 loss_box_reg: 0.1543 loss_reid: 1.2887 loss_objectness: 0.0047 loss_rpn_box_reg: 0.0075
epoch 12 [ 2600/2852] lr: 1.50e-04 loss: 1.5320 loss_classifier: 0.0800 loss_box_reg: 0.1541 loss_reid: 1.2858 loss_objectness: 0.0047 loss_rpn_box_reg: 0.0074
epoch 12 [ 2700/2852] lr: 1.50e-04 loss: 1.5285 loss_classifier: 0.0800 loss_box_reg: 0.1537 loss_reid: 1.2828 loss_objectness: 0.0047 loss_rpn_box_reg: 0.0074
epoch 12 [ 2800/2852] lr: 1.50e-04 loss: 1.5250 loss_classifier: 0.0800 loss_box_reg: 0.1540 loss_reid: 1.2789 loss_objectness: 0.0047 loss_rpn_box_reg: 0.0074
epoch 12 done in 23.5 min
epoch 13 [    0/2852] lr: 1.50e-04 loss: 0.9762 loss_classifier: 0.0486 loss_box_reg: 0.0470 loss_reid: 0.8789 loss_objectness: 0.0001 loss_rpn_box_reg: 0.0016
epoch 13 [  100/2852] lr: 1.50e-04 loss: 1.6278 loss_classifier: 0.0753 loss_box_reg: 0.1411 loss_reid: 1.3998 loss_objectness: 0.0041 loss_rpn_box_reg: 0.0075
epoch 13 [  200/2852] lr: 1.50e-04 loss: 1.5813 loss_classifier: 0.0799 loss_box_reg: 0.1463 loss_reid: 1.3435 loss_objectness: 0.0042 loss_rpn_box_reg: 0.0075
epoch 13 [  300/2852] lr: 1.50e-04 loss: 1.5563 loss_classifier: 0.0795 loss_box_reg: 0.1485 loss_reid: 1.3163 loss_objectness: 0.0044 loss_rpn_box_reg: 0.0076
epoch 13 [  400/2852] lr: 1.50e-04 loss: 1.5763 loss_classifier: 0.0789 loss_box_reg: 0.1481 loss_reid: 1.3374 loss_objectness: 0.0044 loss_rpn_box_reg: 0.0074
epoch 13 [  500/2852] lr: 1.50e-04 loss: 1.5588 loss_classifier: 0.0786 loss_box_reg: 0.1488 loss_reid: 1.3194 loss_objectness: 0.0045 loss_rpn_box_reg: 0.0074
epoch 13 [  600/2852] lr: 1.50e-04 loss: 1.5239 loss_classifier: 0.0780 loss_box_reg: 0.1487 loss_reid: 1.2855 loss_objectness: 0.0044 loss_rpn_box_reg: 0.0072
epoch 13 [  700/2852] lr: 1.50e-04 loss: 1.5080 loss_classifier: 0.0787 loss_box_reg: 0.1491 loss_reid: 1.2686 loss_objectness: 0.0044 loss_rpn_box_reg: 0.0072
epoch 13 [  800/2852] lr: 1.50e-04 loss: 1.4989 loss_classifier: 0.0780 loss_box_reg: 0.1489 loss_reid: 1.2605 loss_objectness: 0.0043 loss_rpn_box_reg: 0.0072
epoch 13 [  900/2852] lr: 1.50e-04 loss: 1.4995 loss_classifier: 0.0782 loss_box_reg: 0.1496 loss_reid: 1.2601 loss_objectness: 0.0043 loss_rpn_box_reg: 0.0073
epoch 13 [ 1000/2852] lr: 1.50e-04 loss: 1.5211 loss_classifier: 0.0782 loss_box_reg: 0.1497 loss_reid: 1.2816 loss_objectness: 0.0043 loss_rpn_box_reg: 0.0073
epoch 13 [ 1100/2852] lr: 1.50e-04 loss: 1.5423 loss_classifier: 0.0784 loss_box_reg: 0.1496 loss_reid: 1.3027 loss_objectness: 0.0044 loss_rpn_box_reg: 0.0073
epoch 13 [ 1200/2852] lr: 1.50e-04 loss: 1.5142 loss_classifier: 0.0786 loss_box_reg: 0.1498 loss_reid: 1.2742 loss_objectness: 0.0044 loss_rpn_box_reg: 0.0073
epoch 13 [ 1300/2852] lr: 1.50e-04 loss: 1.5237 loss_classifier: 0.0789 loss_box_reg: 0.1503 loss_reid: 1.2827 loss_objectness: 0.0045 loss_rpn_box_reg: 0.0074
epoch 13 [ 1400/2852] lr: 1.50e-04 loss: 1.5241 loss_classifier: 0.0789 loss_box_reg: 0.1504 loss_reid: 1.2830 loss_objectness: 0.0045 loss_rpn_box_reg: 0.0073
epoch 13 [ 1500/2852] lr: 1.50e-04 loss: 1.5288 loss_classifier: 0.0788 loss_box_reg: 0.1504 loss_reid: 1.2878 loss_objectness: 0.0044 loss_rpn_box_reg: 0.0073
epoch 13 [ 1600/2852] lr: 1.50e-04 loss: 1.5277 loss_classifier: 0.0788 loss_box_reg: 0.1507 loss_reid: 1.2864 loss_objectness: 0.0045 loss_rpn_box_reg: 0.0073
epoch 13 [ 1700/2852] lr: 1.50e-04 loss: 1.5182 loss_classifier: 0.0788 loss_box_reg: 0.1507 loss_reid: 1.2770 loss_objectness: 0.0044 loss_rpn_box_reg: 0.0073
epoch 13 [ 1800/2852] lr: 1.50e-04 loss: 1.5175 loss_classifier: 0.0788 loss_box_reg: 0.1505 loss_reid: 1.2765 loss_objectness: 0.0044 loss_rpn_box_reg: 0.0073
epoch 13 [ 1900/2852] lr: 1.50e-04 loss: 1.5155 loss_classifier: 0.0788 loss_box_reg: 0.1511 loss_reid: 1.2738 loss_objectness: 0.0044 loss_rpn_box_reg: 0.0073
epoch 13 [ 2000/2852] lr: 1.50e-04 loss: 1.5145 loss_classifier: 0.0789 loss_box_reg: 0.1514 loss_reid: 1.2725 loss_objectness: 0.0044 loss_rpn_box_reg: 0.0073
epoch 13 [ 2100/2852] lr: 1.50e-04 loss: 1.5266 loss_classifier: 0.0789 loss_box_reg: 0.1516 loss_reid: 1.2844 loss_objectness: 0.0045 loss_rpn_box_reg: 0.0073
epoch 13 [ 2200/2852] lr: 1.50e-04 loss: 1.5128 loss_classifier: 0.0791 loss_box_reg: 0.1518 loss_reid: 1.2700 loss_objectness: 0.0045 loss_rpn_box_reg: 0.0073
epoch 13 [ 2300/2852] lr: 1.50e-04 loss: 1.5062 loss_classifier: 0.0791 loss_box_reg: 0.1522 loss_reid: 1.2629 loss_objectness: 0.0046 loss_rpn_box_reg: 0.0073
epoch 13 [ 2400/2852] lr: 1.50e-04 loss: 1.5075 loss_classifier: 0.0791 loss_box_reg: 0.1521 loss_reid: 1.2644 loss_objectness: 0.0045 loss_rpn_box_reg: 0.0073
epoch 13 [ 2500/2852] lr: 1.50e-04 loss: 1.5025 loss_classifier: 0.0792 loss_box_reg: 0.1523 loss_reid: 1.2591 loss_objectness: 0.0045 loss_rpn_box_reg: 0.0073
epoch 13 [ 2600/2852] lr: 1.50e-04 loss: 1.4960 loss_classifier: 0.0791 loss_box_reg: 0.1521 loss_reid: 1.2529 loss_objectness: 0.0045 loss_rpn_box_reg: 0.0073
epoch 13 [ 2700/2852] lr: 1.50e-04 loss: 1.4899 loss_classifier: 0.0792 loss_box_reg: 0.1523 loss_reid: 1.2465 loss_objectness: 0.0045 loss_rpn_box_reg: 0.0073
epoch 13 [ 2800/2852] lr: 1.50e-04 loss: 1.4967 loss_classifier: 0.0790 loss_box_reg: 0.1518 loss_reid: 1.2541 loss_objectness: 0.0045 loss_rpn_box_reg: 0.0073
epoch 13 done in 23.6 min
epoch 14 [    0/2852] lr: 1.50e-05 loss: 0.8925 loss_classifier: 0.0378 loss_box_reg: 0.0821 loss_reid: 0.7698 loss_objectness: 0.0003 loss_rpn_box_reg: 0.0025
epoch 14 [  100/2852] lr: 1.50e-05 loss: 1.3046 loss_classifier: 0.0756 loss_box_reg: 0.1503 loss_reid: 1.0690 loss_objectness: 0.0030 loss_rpn_box_reg: 0.0066
epoch 14 [  200/2852] lr: 1.50e-05 loss: 1.4305 loss_classifier: 0.0758 loss_box_reg: 0.1467 loss_reid: 1.1981 loss_objectness: 0.0032 loss_rpn_box_reg: 0.0067
epoch 14 [  300/2852] lr: 1.50e-05 loss: 1.4304 loss_classifier: 0.0751 loss_box_reg: 0.1457 loss_reid: 1.1994 loss_objectness: 0.0035 loss_rpn_box_reg: 0.0068
epoch 14 [  400/2852] lr: 1.50e-05 loss: 1.4189 loss_classifier: 0.0753 loss_box_reg: 0.1465 loss_reid: 1.1867 loss_objectness: 0.0036 loss_rpn_box_reg: 0.0069
epoch 14 [  500/2852] lr: 1.50e-05 loss: 1.4456 loss_classifier: 0.0779 loss_box_reg: 0.1523 loss_reid: 1.2043 loss_objectness: 0.0039 loss_rpn_box_reg: 0.0071
epoch 14 [  600/2852] lr: 1.50e-05 loss: 1.4467 loss_classifier: 0.0778 loss_box_reg: 0.1521 loss_reid: 1.2057 loss_objectness: 0.0041 loss_rpn_box_reg: 0.0070
epoch 14 [  700/2852] lr: 1.50e-05 loss: 1.4609 loss_classifier: 0.0774 loss_box_reg: 0.1512 loss_reid: 1.2212 loss_objectness: 0.0041 loss_rpn_box_reg: 0.0070
epoch 14 [  800/2852] lr: 1.50e-05 loss: 1.4168 loss_classifier: 0.0774 loss_box_reg: 0.1499 loss_reid: 1.1784 loss_objectness: 0.0041 loss_rpn_box_reg: 0.0070
epoch 14 [  900/2852] lr: 1.50e-05 loss: 1.4153 loss_classifier: 0.0776 loss_box_reg: 0.1504 loss_reid: 1.1762 loss_objectness: 0.0041 loss_rpn_box_reg: 0.0070
epoch 14 [ 1000/2852] lr: 1.50e-05 loss: 1.4150 loss_classifier: 0.0780 loss_box_reg: 0.1512 loss_reid: 1.1747 loss_objectness: 0.0041 loss_rpn_box_reg: 0.0070
epoch 14 [ 1100/2852] lr: 1.50e-05 loss: 1.4137 loss_classifier: 0.0785 loss_box_reg: 0.1519 loss_reid: 1.1722 loss_objectness: 0.0042 loss_rpn_box_reg: 0.0070
epoch 14 [ 1200/2852] lr: 1.50e-05 loss: 1.4259 loss_classifier: 0.0787 loss_box_reg: 0.1517 loss_reid: 1.1840 loss_objectness: 0.0044 loss_rpn_box_reg: 0.0070
epoch 14 [ 1300/2852] lr: 1.50e-05 loss: 1.4204 loss_classifier: 0.0789 loss_box_reg: 0.1520 loss_reid: 1.1780 loss_objectness: 0.0044 loss_rpn_box_reg: 0.0070
epoch 14 [ 1400/2852] lr: 1.50e-05 loss: 1.4256 loss_classifier: 0.0788 loss_box_reg: 0.1512 loss_reid: 1.1843 loss_objectness: 0.0043 loss_rpn_box_reg: 0.0070
epoch 14 [ 1500/2852] lr: 1.50e-05 loss: 1.4227 loss_classifier: 0.0788 loss_box_reg: 0.1511 loss_reid: 1.1815 loss_objectness: 0.0044 loss_rpn_box_reg: 0.0070
epoch 14 [ 1600/2852] lr: 1.50e-05 loss: 1.4249 loss_classifier: 0.0784 loss_box_reg: 0.1509 loss_reid: 1.1842 loss_objectness: 0.0043 loss_rpn_box_reg: 0.0070
epoch 14 [ 1700/2852] lr: 1.50e-05 loss: 1.4260 loss_classifier: 0.0781 loss_box_reg: 0.1506 loss_reid: 1.1860 loss_objectness: 0.0043 loss_rpn_box_reg: 0.0070
epoch 14 [ 1800/2852] lr: 1.50e-05 loss: 1.4259 loss_classifier: 0.0779 loss_box_reg: 0.1502 loss_reid: 1.1865 loss_objectness: 0.0043 loss_rpn_box_reg: 0.0070
epoch 14 [ 1900/2852] lr: 1.50e-05 loss: 1.4232 loss_classifier: 0.0775 loss_box_reg: 0.1498 loss_reid: 1.1846 loss_objectness: 0.0043 loss_rpn_box_reg: 0.0070
epoch 14 [ 2000/2852] lr: 1.50e-05 loss: 1.4142 loss_classifier: 0.0777 loss_box_reg: 0.1501 loss_reid: 1.1750 loss_objectness: 0.0043 loss_rpn_box_reg: 0.0070
epoch 14 [ 2100/2852] lr: 1.50e-05 loss: 1.4255 loss_classifier: 0.0774 loss_box_reg: 0.1494 loss_reid: 1.1874 loss_objectness: 0.0043 loss_rpn_box_reg: 0.0070
epoch 14 [ 2200/2852] lr: 1.50e-05 loss: 1.4225 loss_classifier: 0.0774 loss_box_reg: 0.1494 loss_reid: 1.1842 loss_objectness: 0.0044 loss_rpn_box_reg: 0.0070
epoch 14 [ 2300/2852] lr: 1.50e-05 loss: 1.4219 loss_classifier: 0.0774 loss_box_reg: 0.1495 loss_reid: 1.1836 loss_objectness: 0.0044 loss_rpn_box_reg: 0.0070
epoch 14 [ 2400/2852] lr: 1.50e-05 loss: 1.4169 loss_classifier: 0.0778 loss_box_reg: 0.1498 loss_reid: 1.1780 loss_objectness: 0.0043 loss_rpn_box_reg: 0.0070
epoch 14 [ 2500/2852] lr: 1.50e-05 loss: 1.4127 loss_classifier: 0.0778 loss_box_reg: 0.1496 loss_reid: 1.1739 loss_objectness: 0.0043 loss_rpn_box_reg: 0.0070
epoch 14 [ 2600/2852] lr: 1.50e-05 loss: 1.4125 loss_classifier: 0.0779 loss_box_reg: 0.1496 loss_reid: 1.1736 loss_objectness: 0.0043 loss_rpn_box_reg: 0.0070
epoch 14 [ 2700/2852] lr: 1.50e-05 loss: 1.4103 loss_classifier: 0.0781 loss_box_reg: 0.1499 loss_reid: 1.1709 loss_objectness: 0.0043 loss_rpn_box_reg: 0.0071
epoch 14 [ 2800/2852] lr: 1.50e-05 loss: 1.4136 loss_classifier: 0.0782 loss_box_reg: 0.1499 loss_reid: 1.1741 loss_objectness: 0.0043 loss_rpn_box_reg: 0.0071
epoch 14 done in 23.7 min
epoch 15 [    0/2852] lr: 1.50e-05 loss: 1.5164 loss_classifier: 0.0465 loss_box_reg: 0.1351 loss_reid: 1.3269 loss_objectness: 0.0015 loss_rpn_box_reg: 0.0062
epoch 15 [  100/2852] lr: 1.50e-05 loss: 1.1455 loss_classifier: 0.0782 loss_box_reg: 0.1555 loss_reid: 0.9003 loss_objectness: 0.0045 loss_rpn_box_reg: 0.0070
epoch 15 [  200/2852] lr: 1.50e-05 loss: 1.2425 loss_classifier: 0.0775 loss_box_reg: 0.1478 loss_reid: 1.0059 loss_objectness: 0.0044 loss_rpn_box_reg: 0.0069
epoch 15 [  300/2852] lr: 1.50e-05 loss: 1.3025 loss_classifier: 0.0775 loss_box_reg: 0.1486 loss_reid: 1.0651 loss_objectness: 0.0044 loss_rpn_box_reg: 0.0069
epoch 15 [  400/2852] lr: 1.50e-05 loss: 1.3483 loss_classifier: 0.0788 loss_box_reg: 0.1518 loss_reid: 1.1062 loss_objectness: 0.0044 loss_rpn_box_reg: 0.0071
epoch 15 [  500/2852] lr: 1.50e-05 loss: 1.3304 loss_classifier: 0.0789 loss_box_reg: 0.1513 loss_reid: 1.0888 loss_objectness: 0.0045 loss_rpn_box_reg: 0.0069
epoch 15 [  600/2852] lr: 1.50e-05 loss: 1.3657 loss_classifier: 0.0796 loss_box_reg: 0.1523 loss_reid: 1.1221 loss_objectness: 0.0046 loss_rpn_box_reg: 0.0071
epoch 15 [  700/2852] lr: 1.50e-05 loss: 1.3463 loss_classifier: 0.0791 loss_box_reg: 0.1522 loss_reid: 1.1034 loss_objectness: 0.0046 loss_rpn_box_reg: 0.0071
epoch 15 [  800/2852] lr: 1.50e-05 loss: 1.3662 loss_classifier: 0.0783 loss_box_reg: 0.1506 loss_reid: 1.1258 loss_objectness: 0.0045 loss_rpn_box_reg: 0.0070
epoch 15 [  900/2852] lr: 1.50e-05 loss: 1.3545 loss_classifier: 0.0784 loss_box_reg: 0.1508 loss_reid: 1.1137 loss_objectness: 0.0045 loss_rpn_box_reg: 0.0070
epoch 15 [ 1000/2852] lr: 1.50e-05 loss: 1.3595 loss_classifier: 0.0785 loss_box_reg: 0.1510 loss_reid: 1.1185 loss_objectness: 0.0044 loss_rpn_box_reg: 0.0071
epoch 15 [ 1100/2852] lr: 1.50e-05 loss: 1.3691 loss_classifier: 0.0777 loss_box_reg: 0.1497 loss_reid: 1.1302 loss_objectness: 0.0044 loss_rpn_box_reg: 0.0070
epoch 15 [ 1200/2852] lr: 1.50e-05 loss: 1.3704 loss_classifier: 0.0779 loss_box_reg: 0.1497 loss_reid: 1.1313 loss_objectness: 0.0044 loss_rpn_box_reg: 0.0070
epoch 15 [ 1300/2852] lr: 1.50e-05 loss: 1.3696 loss_classifier: 0.0780 loss_box_reg: 0.1495 loss_reid: 1.1307 loss_objectness: 0.0044 loss_rpn_box_reg: 0.0070
epoch 15 [ 1400/2852] lr: 1.50e-05 loss: 1.3692 loss_classifier: 0.0780 loss_box_reg: 0.1493 loss_reid: 1.1305 loss_objectness: 0.0044 loss_rpn_box_reg: 0.0070
epoch 15 [ 1500/2852] lr: 1.50e-05 loss: 1.3709 loss_classifier: 0.0778 loss_box_reg: 0.1490 loss_reid: 1.1326 loss_objectness: 0.0045 loss_rpn_box_reg: 0.0070
epoch 15 [ 1600/2852] lr: 1.50e-05 loss: 1.3822 loss_classifier: 0.0774 loss_box_reg: 0.1482 loss_reid: 1.1452 loss_objectness: 0.0045 loss_rpn_box_reg: 0.0069
epoch 15 [ 1700/2852] lr: 1.50e-05 loss: 1.3836 loss_classifier: 0.0771 loss_box_reg: 0.1482 loss_reid: 1.1469 loss_objectness: 0.0045 loss_rpn_box_reg: 0.0069
epoch 15 [ 1800/2852] lr: 1.50e-05 loss: 1.3860 loss_classifier: 0.0774 loss_box_reg: 0.1482 loss_reid: 1.1490 loss_objectness: 0.0045 loss_rpn_box_reg: 0.0070
epoch 15 [ 1900/2852] lr: 1.50e-05 loss: 1.3804 loss_classifier: 0.0775 loss_box_reg: 0.1482 loss_reid: 1.1432 loss_objectness: 0.0045 loss_rpn_box_reg: 0.0069
epoch 15 [ 2000/2852] lr: 1.50e-05 loss: 1.3860 loss_classifier: 0.0776 loss_box_reg: 0.1484 loss_reid: 1.1485 loss_objectness: 0.0045 loss_rpn_box_reg: 0.0070
epoch 15 [ 2100/2852] lr: 1.50e-05 loss: 1.3793 loss_classifier: 0.0779 loss_box_reg: 0.1492 loss_reid: 1.1407 loss_objectness: 0.0045 loss_rpn_box_reg: 0.0070
epoch 15 [ 2200/2852] lr: 1.50e-05 loss: 1.3670 loss_classifier: 0.0778 loss_box_reg: 0.1490 loss_reid: 1.1287 loss_objectness: 0.0045 loss_rpn_box_reg: 0.0070
epoch 15 [ 2300/2852] lr: 1.50e-05 loss: 1.3617 loss_classifier: 0.0778 loss_box_reg: 0.1494 loss_reid: 1.1229 loss_objectness: 0.0046 loss_rpn_box_reg: 0.0070
epoch 15 [ 2400/2852] lr: 1.50e-05 loss: 1.3724 loss_classifier: 0.0778 loss_box_reg: 0.1494 loss_reid: 1.1335 loss_objectness: 0.0046 loss_rpn_box_reg: 0.0070
epoch 15 [ 2500/2852] lr: 1.50e-05 loss: 1.3770 loss_classifier: 0.0778 loss_box_reg: 0.1495 loss_reid: 1.1381 loss_objectness: 0.0045 loss_rpn_box_reg: 0.0070
epoch 15 [ 2600/2852] lr: 1.50e-05 loss: 1.3834 loss_classifier: 0.0778 loss_box_reg: 0.1493 loss_reid: 1.1446 loss_objectness: 0.0045 loss_rpn_box_reg: 0.0070
epoch 15 [ 2700/2852] lr: 1.50e-05 loss: 1.3806 loss_classifier: 0.0778 loss_box_reg: 0.1494 loss_reid: 1.1419 loss_objectness: 0.0045 loss_rpn_box_reg: 0.0070
epoch 15 [ 2800/2852] lr: 1.50e-05 loss: 1.3872 loss_classifier: 0.0778 loss_box_reg: 0.1495 loss_reid: 1.1483 loss_objectness: 0.0045 loss_rpn_box_reg: 0.0070
epoch 15 done in 23.7 min
search ranking:
  mAP = 41.86%
  top- 1 = 78.71%
